Time resolution is 1 ps
Block Memory Generator module picture_tb.awb.signal_delay_d.your_instance_name.inst.\native_mem_module.blk_mem_gen_v8_4_4_inst  is using a behavioral model for simulation which will not precisely model memory collision behavior.
>> Input file opened successfully.
>> Image data read successfully.
>> Initialization complete.
blk_mem_gen_v8_4_4 collision detected at time: 69000, Instance: picture_tb.awb.signal_delay_d.your_instance_name.inst.\native_mem_module.blk_mem_gen_v8_4_4_inst , A write address: 0, B read address: 0
blk_mem_gen_v8_4_4 collision detected at time: 329000, Instance: picture_tb.awb.signal_delay_d.your_instance_name.inst.\native_mem_module.blk_mem_gen_v8_4_4_inst , A write address: 0, B read address: 0
blk_mem_gen_v8_4_4 collision detected at time: 589000, Instance: picture_tb.awb.signal_delay_d.your_instance_name.inst.\native_mem_module.blk_mem_gen_v8_4_4_inst , A write address: 0, B read address: 0
blk_mem_gen_v8_4_4 collision detected at time: 849000, Instance: picture_tb.awb.signal_delay_d.your_instance_name.inst.\native_mem_module.blk_mem_gen_v8_4_4_inst , A write address: 0, B read address: 0
blk_mem_gen_v8_4_4 collision detected at time: 1109000, Instance: picture_tb.awb.signal_delay_d.your_instance_name.inst.\native_mem_module.blk_mem_gen_v8_4_4_inst , A write address: 0, B read address: 0
blk_mem_gen_v8_4_4 collision detected at time: 1369000, Instance: picture_tb.awb.signal_delay_d.your_instance_name.inst.\native_mem_module.blk_mem_gen_v8_4_4_inst , A write address: 0, B read address: 0
blk_mem_gen_v8_4_4 collision detected at time: 1629000, Instance: picture_tb.awb.signal_delay_d.your_instance_name.inst.\native_mem_module.blk_mem_gen_v8_4_4_inst , A write address: 0, B read address: 0
blk_mem_gen_v8_4_4 collision detected at time: 1889000, Instance: picture_tb.awb.signal_delay_d.your_instance_name.inst.\native_mem_module.blk_mem_gen_v8_4_4_inst , A write address: 0, B read address: 0
blk_mem_gen_v8_4_4 collision detected at time: 2149000, Instance: picture_tb.awb.signal_delay_d.your_instance_name.inst.\native_mem_module.blk_mem_gen_v8_4_4_inst , A write address: 0, B read address: 0
blk_mem_gen_v8_4_4 collision detected at time: 2409000, Instance: picture_tb.awb.signal_delay_d.your_instance_name.inst.\native_mem_module.blk_mem_gen_v8_4_4_inst , A write address: 0, B read address: 0
blk_mem_gen_v8_4_4 collision detected at time: 2669000, Instance: picture_tb.awb.signal_delay_d.your_instance_name.inst.\native_mem_module.blk_mem_gen_v8_4_4_inst , A write address: 0, B read address: 0
blk_mem_gen_v8_4_4 collision detected at time: 2929000, Instance: picture_tb.awb.signal_delay_d.your_instance_name.inst.\native_mem_module.blk_mem_gen_v8_4_4_inst , A write address: 0, B read address: 0
blk_mem_gen_v8_4_4 collision detected at time: 3189000, Instance: picture_tb.awb.signal_delay_d.your_instance_name.inst.\native_mem_module.blk_mem_gen_v8_4_4_inst , A write address: 0, B read address: 0
blk_mem_gen_v8_4_4 collision detected at time: 3449000, Instance: picture_tb.awb.signal_delay_d.your_instance_name.inst.\native_mem_module.blk_mem_gen_v8_4_4_inst , A write address: 0, B read address: 0
blk_mem_gen_v8_4_4 collision detected at time: 3709000, Instance: picture_tb.awb.signal_delay_d.your_instance_name.inst.\native_mem_module.blk_mem_gen_v8_4_4_inst , A write address: 0, B read address: 0
blk_mem_gen_v8_4_4 collision detected at time: 3969000, Instance: picture_tb.awb.signal_delay_d.your_instance_name.inst.\native_mem_module.blk_mem_gen_v8_4_4_inst , A write address: 0, B read address: 0
blk_mem_gen_v8_4_4 collision detected at time: 4229000, Instance: picture_tb.awb.signal_delay_d.your_instance_name.inst.\native_mem_module.blk_mem_gen_v8_4_4_inst , A write address: 0, B read address: 0
blk_mem_gen_v8_4_4 collision detected at time: 4489000, Instance: picture_tb.awb.signal_delay_d.your_instance_name.inst.\native_mem_module.blk_mem_gen_v8_4_4_inst , A write address: 0, B read address: 0
blk_mem_gen_v8_4_4 collision detected at time: 4749000, Instance: picture_tb.awb.signal_delay_d.your_instance_name.inst.\native_mem_module.blk_mem_gen_v8_4_4_inst , A write address: 0, B read address: 0
blk_mem_gen_v8_4_4 collision detected at time: 5009000, Instance: picture_tb.awb.signal_delay_d.your_instance_name.inst.\native_mem_module.blk_mem_gen_v8_4_4_inst , A write address: 0, B read address: 0
blk_mem_gen_v8_4_4 collision detected at time: 5269000, Instance: picture_tb.awb.signal_delay_d.your_instance_name.inst.\native_mem_module.blk_mem_gen_v8_4_4_inst , A write address: 0, B read address: 0
blk_mem_gen_v8_4_4 collision detected at time: 5529000, Instance: picture_tb.awb.signal_delay_d.your_instance_name.inst.\native_mem_module.blk_mem_gen_v8_4_4_inst , A write address: 0, B read address: 0
blk_mem_gen_v8_4_4 collision detected at time: 5789000, Instance: picture_tb.awb.signal_delay_d.your_instance_name.inst.\native_mem_module.blk_mem_gen_v8_4_4_inst , A write address: 0, B read address: 0
blk_mem_gen_v8_4_4 collision detected at time: 6049000, Instance: picture_tb.awb.signal_delay_d.your_instance_name.inst.\native_mem_module.blk_mem_gen_v8_4_4_inst , A write address: 0, B read address: 0
blk_mem_gen_v8_4_4 collision detected at time: 6309000, Instance: picture_tb.awb.signal_delay_d.your_instance_name.inst.\native_mem_module.blk_mem_gen_v8_4_4_inst , A write address: 0, B read address: 0
blk_mem_gen_v8_4_4 collision detected at time: 6569000, Instance: picture_tb.awb.signal_delay_d.your_instance_name.inst.\native_mem_module.blk_mem_gen_v8_4_4_inst , A write address: 0, B read address: 0
blk_mem_gen_v8_4_4 collision detected at time: 6829000, Instance: picture_tb.awb.signal_delay_d.your_instance_name.inst.\native_mem_module.blk_mem_gen_v8_4_4_inst , A write address: 0, B read address: 0
blk_mem_gen_v8_4_4 collision detected at time: 7089000, Instance: picture_tb.awb.signal_delay_d.your_instance_name.inst.\native_mem_module.blk_mem_gen_v8_4_4_inst , A write address: 0, B read address: 0
blk_mem_gen_v8_4_4 collision detected at time: 7349000, Instance: picture_tb.awb.signal_delay_d.your_instance_name.inst.\native_mem_module.blk_mem_gen_v8_4_4_inst , A write address: 0, B read address: 0
blk_mem_gen_v8_4_4 collision detected at time: 7609000, Instance: picture_tb.awb.signal_delay_d.your_instance_name.inst.\native_mem_module.blk_mem_gen_v8_4_4_inst , A write address: 0, B read address: 0
blk_mem_gen_v8_4_4 collision detected at time: 7869000, Instance: picture_tb.awb.signal_delay_d.your_instance_name.inst.\native_mem_module.blk_mem_gen_v8_4_4_inst , A write address: 0, B read address: 0
blk_mem_gen_v8_4_4 collision detected at time: 8129000, Instance: picture_tb.awb.signal_delay_d.your_instance_name.inst.\native_mem_module.blk_mem_gen_v8_4_4_inst , A write address: 0, B read address: 0
blk_mem_gen_v8_4_4 collision detected at time: 8389000, Instance: picture_tb.awb.signal_delay_d.your_instance_name.inst.\native_mem_module.blk_mem_gen_v8_4_4_inst , A write address: 0, B read address: 0
blk_mem_gen_v8_4_4 collision detected at time: 8649000, Instance: picture_tb.awb.signal_delay_d.your_instance_name.inst.\native_mem_module.blk_mem_gen_v8_4_4_inst , A write address: 0, B read address: 0
blk_mem_gen_v8_4_4 collision detected at time: 8909000, Instance: picture_tb.awb.signal_delay_d.your_instance_name.inst.\native_mem_module.blk_mem_gen_v8_4_4_inst , A write address: 0, B read address: 0
blk_mem_gen_v8_4_4 collision detected at time: 9169000, Instance: picture_tb.awb.signal_delay_d.your_instance_name.inst.\native_mem_module.blk_mem_gen_v8_4_4_inst , A write address: 0, B read address: 0
blk_mem_gen_v8_4_4 collision detected at time: 9429000, Instance: picture_tb.awb.signal_delay_d.your_instance_name.inst.\native_mem_module.blk_mem_gen_v8_4_4_inst , A write address: 0, B read address: 0
blk_mem_gen_v8_4_4 collision detected at time: 9689000, Instance: picture_tb.awb.signal_delay_d.your_instance_name.inst.\native_mem_module.blk_mem_gen_v8_4_4_inst , A write address: 0, B read address: 0
blk_mem_gen_v8_4_4 collision detected at time: 9949000, Instance: picture_tb.awb.signal_delay_d.your_instance_name.inst.\native_mem_module.blk_mem_gen_v8_4_4_inst , A write address: 0, B read address: 0
blk_mem_gen_v8_4_4 collision detected at time: 10209000, Instance: picture_tb.awb.signal_delay_d.your_instance_name.inst.\native_mem_module.blk_mem_gen_v8_4_4_inst , A write address: 0, B read address: 0
blk_mem_gen_v8_4_4 collision detected at time: 10469000, Instance: picture_tb.awb.signal_delay_d.your_instance_name.inst.\native_mem_module.blk_mem_gen_v8_4_4_inst , A write address: 0, B read address: 0
blk_mem_gen_v8_4_4 collision detected at time: 10729000, Instance: picture_tb.awb.signal_delay_d.your_instance_name.inst.\native_mem_module.blk_mem_gen_v8_4_4_inst , A write address: 0, B read address: 0
blk_mem_gen_v8_4_4 collision detected at time: 10989000, Instance: picture_tb.awb.signal_delay_d.your_instance_name.inst.\native_mem_module.blk_mem_gen_v8_4_4_inst , A write address: 0, B read address: 0
blk_mem_gen_v8_4_4 collision detected at time: 11249000, Instance: picture_tb.awb.signal_delay_d.your_instance_name.inst.\native_mem_module.blk_mem_gen_v8_4_4_inst , A write address: 0, B read address: 0
blk_mem_gen_v8_4_4 collision detected at time: 11509000, Instance: picture_tb.awb.signal_delay_d.your_instance_name.inst.\native_mem_module.blk_mem_gen_v8_4_4_inst , A write address: 0, B read address: 0
blk_mem_gen_v8_4_4 collision detected at time: 11769000, Instance: picture_tb.awb.signal_delay_d.your_instance_name.inst.\native_mem_module.blk_mem_gen_v8_4_4_inst , A write address: 0, B read address: 0
blk_mem_gen_v8_4_4 collision detected at time: 12029000, Instance: picture_tb.awb.signal_delay_d.your_instance_name.inst.\native_mem_module.blk_mem_gen_v8_4_4_inst , A write address: 0, B read address: 0
blk_mem_gen_v8_4_4 collision detected at time: 12289000, Instance: picture_tb.awb.signal_delay_d.your_instance_name.inst.\native_mem_module.blk_mem_gen_v8_4_4_inst , A write address: 0, B read address: 0
blk_mem_gen_v8_4_4 collision detected at time: 12549000, Instance: picture_tb.awb.signal_delay_d.your_instance_name.inst.\native_mem_module.blk_mem_gen_v8_4_4_inst , A write address: 0, B read address: 0
blk_mem_gen_v8_4_4 collision detected at time: 12809000, Instance: picture_tb.awb.signal_delay_d.your_instance_name.inst.\native_mem_module.blk_mem_gen_v8_4_4_inst , A write address: 0, B read address: 0
blk_mem_gen_v8_4_4 collision detected at time: 13069000, Instance: picture_tb.awb.signal_delay_d.your_instance_name.inst.\native_mem_module.blk_mem_gen_v8_4_4_inst , A write address: 0, B read address: 0
blk_mem_gen_v8_4_4 collision detected at time: 13329000, Instance: picture_tb.awb.signal_delay_d.your_instance_name.inst.\native_mem_module.blk_mem_gen_v8_4_4_inst , A write address: 0, B read address: 0
blk_mem_gen_v8_4_4 collision detected at time: 13589000, Instance: picture_tb.awb.signal_delay_d.your_instance_name.inst.\native_mem_module.blk_mem_gen_v8_4_4_inst , A write address: 0, B read address: 0
blk_mem_gen_v8_4_4 collision detected at time: 13849000, Instance: picture_tb.awb.signal_delay_d.your_instance_name.inst.\native_mem_module.blk_mem_gen_v8_4_4_inst , A write address: 0, B read address: 0
blk_mem_gen_v8_4_4 collision detected at time: 14109000, Instance: picture_tb.awb.signal_delay_d.your_instance_name.inst.\native_mem_module.blk_mem_gen_v8_4_4_inst , A write address: 0, B read address: 0
blk_mem_gen_v8_4_4 collision detected at time: 14369000, Instance: picture_tb.awb.signal_delay_d.your_instance_name.inst.\native_mem_module.blk_mem_gen_v8_4_4_inst , A write address: 0, B read address: 0
blk_mem_gen_v8_4_4 collision detected at time: 14629000, Instance: picture_tb.awb.signal_delay_d.your_instance_name.inst.\native_mem_module.blk_mem_gen_v8_4_4_inst , A write address: 0, B read address: 0
blk_mem_gen_v8_4_4 collision detected at time: 14889000, Instance: picture_tb.awb.signal_delay_d.your_instance_name.inst.\native_mem_module.blk_mem_gen_v8_4_4_inst , A write address: 0, B read address: 0
blk_mem_gen_v8_4_4 collision detected at time: 15149000, Instance: picture_tb.awb.signal_delay_d.your_instance_name.inst.\native_mem_module.blk_mem_gen_v8_4_4_inst , A write address: 0, B read address: 0
blk_mem_gen_v8_4_4 collision detected at time: 15409000, Instance: picture_tb.awb.signal_delay_d.your_instance_name.inst.\native_mem_module.blk_mem_gen_v8_4_4_inst , A write address: 0, B read address: 0
blk_mem_gen_v8_4_4 collision detected at time: 15669000, Instance: picture_tb.awb.signal_delay_d.your_instance_name.inst.\native_mem_module.blk_mem_gen_v8_4_4_inst , A write address: 0, B read address: 0
blk_mem_gen_v8_4_4 collision detected at time: 15929000, Instance: picture_tb.awb.signal_delay_d.your_instance_name.inst.\native_mem_module.blk_mem_gen_v8_4_4_inst , A write address: 0, B read address: 0
blk_mem_gen_v8_4_4 collision detected at time: 16189000, Instance: picture_tb.awb.signal_delay_d.your_instance_name.inst.\native_mem_module.blk_mem_gen_v8_4_4_inst , A write address: 0, B read address: 0
blk_mem_gen_v8_4_4 collision detected at time: 16449000, Instance: picture_tb.awb.signal_delay_d.your_instance_name.inst.\native_mem_module.blk_mem_gen_v8_4_4_inst , A write address: 0, B read address: 0
blk_mem_gen_v8_4_4 collision detected at time: 16709000, Instance: picture_tb.awb.signal_delay_d.your_instance_name.inst.\native_mem_module.blk_mem_gen_v8_4_4_inst , A write address: 0, B read address: 0
blk_mem_gen_v8_4_4 collision detected at time: 16969000, Instance: picture_tb.awb.signal_delay_d.your_instance_name.inst.\native_mem_module.blk_mem_gen_v8_4_4_inst , A write address: 0, B read address: 0
blk_mem_gen_v8_4_4 collision detected at time: 17229000, Instance: picture_tb.awb.signal_delay_d.your_instance_name.inst.\native_mem_module.blk_mem_gen_v8_4_4_inst , A write address: 0, B read address: 0
blk_mem_gen_v8_4_4 collision detected at time: 17489000, Instance: picture_tb.awb.signal_delay_d.your_instance_name.inst.\native_mem_module.blk_mem_gen_v8_4_4_inst , A write address: 0, B read address: 0
blk_mem_gen_v8_4_4 collision detected at time: 17749000, Instance: picture_tb.awb.signal_delay_d.your_instance_name.inst.\native_mem_module.blk_mem_gen_v8_4_4_inst , A write address: 0, B read address: 0
blk_mem_gen_v8_4_4 collision detected at time: 18009000, Instance: picture_tb.awb.signal_delay_d.your_instance_name.inst.\native_mem_module.blk_mem_gen_v8_4_4_inst , A write address: 0, B read address: 0
blk_mem_gen_v8_4_4 collision detected at time: 18269000, Instance: picture_tb.awb.signal_delay_d.your_instance_name.inst.\native_mem_module.blk_mem_gen_v8_4_4_inst , A write address: 0, B read address: 0
blk_mem_gen_v8_4_4 collision detected at time: 18529000, Instance: picture_tb.awb.signal_delay_d.your_instance_name.inst.\native_mem_module.blk_mem_gen_v8_4_4_inst , A write address: 0, B read address: 0
blk_mem_gen_v8_4_4 collision detected at time: 18789000, Instance: picture_tb.awb.signal_delay_d.your_instance_name.inst.\native_mem_module.blk_mem_gen_v8_4_4_inst , A write address: 0, B read address: 0
blk_mem_gen_v8_4_4 collision detected at time: 19049000, Instance: picture_tb.awb.signal_delay_d.your_instance_name.inst.\native_mem_module.blk_mem_gen_v8_4_4_inst , A write address: 0, B read address: 0
blk_mem_gen_v8_4_4 collision detected at time: 19309000, Instance: picture_tb.awb.signal_delay_d.your_instance_name.inst.\native_mem_module.blk_mem_gen_v8_4_4_inst , A write address: 0, B read address: 0
blk_mem_gen_v8_4_4 collision detected at time: 19569000, Instance: picture_tb.awb.signal_delay_d.your_instance_name.inst.\native_mem_module.blk_mem_gen_v8_4_4_inst , A write address: 0, B read address: 0
blk_mem_gen_v8_4_4 collision detected at time: 19829000, Instance: picture_tb.awb.signal_delay_d.your_instance_name.inst.\native_mem_module.blk_mem_gen_v8_4_4_inst , A write address: 0, B read address: 0
blk_mem_gen_v8_4_4 collision detected at time: 20089000, Instance: picture_tb.awb.signal_delay_d.your_instance_name.inst.\native_mem_module.blk_mem_gen_v8_4_4_inst , A write address: 0, B read address: 0
blk_mem_gen_v8_4_4 collision detected at time: 20349000, Instance: picture_tb.awb.signal_delay_d.your_instance_name.inst.\native_mem_module.blk_mem_gen_v8_4_4_inst , A write address: 0, B read address: 0
blk_mem_gen_v8_4_4 collision detected at time: 20609000, Instance: picture_tb.awb.signal_delay_d.your_instance_name.inst.\native_mem_module.blk_mem_gen_v8_4_4_inst , A write address: 0, B read address: 0
blk_mem_gen_v8_4_4 collision detected at time: 20869000, Instance: picture_tb.awb.signal_delay_d.your_instance_name.inst.\native_mem_module.blk_mem_gen_v8_4_4_inst , A write address: 0, B read address: 0
blk_mem_gen_v8_4_4 collision detected at time: 21129000, Instance: picture_tb.awb.signal_delay_d.your_instance_name.inst.\native_mem_module.blk_mem_gen_v8_4_4_inst , A write address: 0, B read address: 0
blk_mem_gen_v8_4_4 collision detected at time: 21389000, Instance: picture_tb.awb.signal_delay_d.your_instance_name.inst.\native_mem_module.blk_mem_gen_v8_4_4_inst , A write address: 0, B read address: 0
blk_mem_gen_v8_4_4 collision detected at time: 21649000, Instance: picture_tb.awb.signal_delay_d.your_instance_name.inst.\native_mem_module.blk_mem_gen_v8_4_4_inst , A write address: 0, B read address: 0
blk_mem_gen_v8_4_4 collision detected at time: 21909000, Instance: picture_tb.awb.signal_delay_d.your_instance_name.inst.\native_mem_module.blk_mem_gen_v8_4_4_inst , A write address: 0, B read address: 0
blk_mem_gen_v8_4_4 collision detected at time: 22169000, Instance: picture_tb.awb.signal_delay_d.your_instance_name.inst.\native_mem_module.blk_mem_gen_v8_4_4_inst , A write address: 0, B read address: 0
blk_mem_gen_v8_4_4 collision detected at time: 22429000, Instance: picture_tb.awb.signal_delay_d.your_instance_name.inst.\native_mem_module.blk_mem_gen_v8_4_4_inst , A write address: 0, B read address: 0
blk_mem_gen_v8_4_4 collision detected at time: 22689000, Instance: picture_tb.awb.signal_delay_d.your_instance_name.inst.\native_mem_module.blk_mem_gen_v8_4_4_inst , A write address: 0, B read address: 0
blk_mem_gen_v8_4_4 collision detected at time: 22949000, Instance: picture_tb.awb.signal_delay_d.your_instance_name.inst.\native_mem_module.blk_mem_gen_v8_4_4_inst , A write address: 0, B read address: 0
blk_mem_gen_v8_4_4 collision detected at time: 23209000, Instance: picture_tb.awb.signal_delay_d.your_instance_name.inst.\native_mem_module.blk_mem_gen_v8_4_4_inst , A write address: 0, B read address: 0
blk_mem_gen_v8_4_4 collision detected at time: 23469000, Instance: picture_tb.awb.signal_delay_d.your_instance_name.inst.\native_mem_module.blk_mem_gen_v8_4_4_inst , A write address: 0, B read address: 0
blk_mem_gen_v8_4_4 collision detected at time: 23729000, Instance: picture_tb.awb.signal_delay_d.your_instance_name.inst.\native_mem_module.blk_mem_gen_v8_4_4_inst , A write address: 0, B read address: 0
blk_mem_gen_v8_4_4 collision detected at time: 23989000, Instance: picture_tb.awb.signal_delay_d.your_instance_name.inst.\native_mem_module.blk_mem_gen_v8_4_4_inst , A write address: 0, B read address: 0
blk_mem_gen_v8_4_4 collision detected at time: 24249000, Instance: picture_tb.awb.signal_delay_d.your_instance_name.inst.\native_mem_module.blk_mem_gen_v8_4_4_inst , A write address: 0, B read address: 0
blk_mem_gen_v8_4_4 collision detected at time: 24509000, Instance: picture_tb.awb.signal_delay_d.your_instance_name.inst.\native_mem_module.blk_mem_gen_v8_4_4_inst , A write address: 0, B read address: 0
blk_mem_gen_v8_4_4 collision detected at time: 24769000, Instance: picture_tb.awb.signal_delay_d.your_instance_name.inst.\native_mem_module.blk_mem_gen_v8_4_4_inst , A write address: 0, B read address: 0
blk_mem_gen_v8_4_4 collision detected at time: 25029000, Instance: picture_tb.awb.signal_delay_d.your_instance_name.inst.\native_mem_module.blk_mem_gen_v8_4_4_inst , A write address: 0, B read address: 0
blk_mem_gen_v8_4_4 collision detected at time: 25289000, Instance: picture_tb.awb.signal_delay_d.your_instance_name.inst.\native_mem_module.blk_mem_gen_v8_4_4_inst , A write address: 0, B read address: 0
blk_mem_gen_v8_4_4 collision detected at time: 25549000, Instance: picture_tb.awb.signal_delay_d.your_instance_name.inst.\native_mem_module.blk_mem_gen_v8_4_4_inst , A write address: 0, B read address: 0
blk_mem_gen_v8_4_4 collision detected at time: 25809000, Instance: picture_tb.awb.signal_delay_d.your_instance_name.inst.\native_mem_module.blk_mem_gen_v8_4_4_inst , A write address: 0, B read address: 0
blk_mem_gen_v8_4_4 collision detected at time: 26069000, Instance: picture_tb.awb.signal_delay_d.your_instance_name.inst.\native_mem_module.blk_mem_gen_v8_4_4_inst , A write address: 0, B read address: 0
blk_mem_gen_v8_4_4 collision detected at time: 26329000, Instance: picture_tb.awb.signal_delay_d.your_instance_name.inst.\native_mem_module.blk_mem_gen_v8_4_4_inst , A write address: 0, B read address: 0
blk_mem_gen_v8_4_4 collision detected at time: 26589000, Instance: picture_tb.awb.signal_delay_d.your_instance_name.inst.\native_mem_module.blk_mem_gen_v8_4_4_inst , A write address: 0, B read address: 0
blk_mem_gen_v8_4_4 collision detected at time: 26849000, Instance: picture_tb.awb.signal_delay_d.your_instance_name.inst.\native_mem_module.blk_mem_gen_v8_4_4_inst , A write address: 0, B read address: 0
blk_mem_gen_v8_4_4 collision detected at time: 27109000, Instance: picture_tb.awb.signal_delay_d.your_instance_name.inst.\native_mem_module.blk_mem_gen_v8_4_4_inst , A write address: 0, B read address: 0
blk_mem_gen_v8_4_4 collision detected at time: 27369000, Instance: picture_tb.awb.signal_delay_d.your_instance_name.inst.\native_mem_module.blk_mem_gen_v8_4_4_inst , A write address: 0, B read address: 0
blk_mem_gen_v8_4_4 collision detected at time: 27629000, Instance: picture_tb.awb.signal_delay_d.your_instance_name.inst.\native_mem_module.blk_mem_gen_v8_4_4_inst , A write address: 0, B read address: 0
blk_mem_gen_v8_4_4 collision detected at time: 27889000, Instance: picture_tb.awb.signal_delay_d.your_instance_name.inst.\native_mem_module.blk_mem_gen_v8_4_4_inst , A write address: 0, B read address: 0
blk_mem_gen_v8_4_4 collision detected at time: 28149000, Instance: picture_tb.awb.signal_delay_d.your_instance_name.inst.\native_mem_module.blk_mem_gen_v8_4_4_inst , A write address: 0, B read address: 0
blk_mem_gen_v8_4_4 collision detected at time: 28409000, Instance: picture_tb.awb.signal_delay_d.your_instance_name.inst.\native_mem_module.blk_mem_gen_v8_4_4_inst , A write address: 0, B read address: 0
blk_mem_gen_v8_4_4 collision detected at time: 28669000, Instance: picture_tb.awb.signal_delay_d.your_instance_name.inst.\native_mem_module.blk_mem_gen_v8_4_4_inst , A write address: 0, B read address: 0
blk_mem_gen_v8_4_4 collision detected at time: 28929000, Instance: picture_tb.awb.signal_delay_d.your_instance_name.inst.\native_mem_module.blk_mem_gen_v8_4_4_inst , A write address: 0, B read address: 0
blk_mem_gen_v8_4_4 collision detected at time: 29189000, Instance: picture_tb.awb.signal_delay_d.your_instance_name.inst.\native_mem_module.blk_mem_gen_v8_4_4_inst , A write address: 0, B read address: 0
blk_mem_gen_v8_4_4 collision detected at time: 29449000, Instance: picture_tb.awb.signal_delay_d.your_instance_name.inst.\native_mem_module.blk_mem_gen_v8_4_4_inst , A write address: 0, B read address: 0
blk_mem_gen_v8_4_4 collision detected at time: 29709000, Instance: picture_tb.awb.signal_delay_d.your_instance_name.inst.\native_mem_module.blk_mem_gen_v8_4_4_inst , A write address: 0, B read address: 0
blk_mem_gen_v8_4_4 collision detected at time: 29969000, Instance: picture_tb.awb.signal_delay_d.your_instance_name.inst.\native_mem_module.blk_mem_gen_v8_4_4_inst , A write address: 0, B read address: 0
blk_mem_gen_v8_4_4 collision detected at time: 30229000, Instance: picture_tb.awb.signal_delay_d.your_instance_name.inst.\native_mem_module.blk_mem_gen_v8_4_4_inst , A write address: 0, B read address: 0
blk_mem_gen_v8_4_4 collision detected at time: 30489000, Instance: picture_tb.awb.signal_delay_d.your_instance_name.inst.\native_mem_module.blk_mem_gen_v8_4_4_inst , A write address: 0, B read address: 0
blk_mem_gen_v8_4_4 collision detected at time: 30749000, Instance: picture_tb.awb.signal_delay_d.your_instance_name.inst.\native_mem_module.blk_mem_gen_v8_4_4_inst , A write address: 0, B read address: 0
blk_mem_gen_v8_4_4 collision detected at time: 31009000, Instance: picture_tb.awb.signal_delay_d.your_instance_name.inst.\native_mem_module.blk_mem_gen_v8_4_4_inst , A write address: 0, B read address: 0
blk_mem_gen_v8_4_4 collision detected at time: 31269000, Instance: picture_tb.awb.signal_delay_d.your_instance_name.inst.\native_mem_module.blk_mem_gen_v8_4_4_inst , A write address: 0, B read address: 0
blk_mem_gen_v8_4_4 collision detected at time: 31529000, Instance: picture_tb.awb.signal_delay_d.your_instance_name.inst.\native_mem_module.blk_mem_gen_v8_4_4_inst , A write address: 0, B read address: 0
blk_mem_gen_v8_4_4 collision detected at time: 31789000, Instance: picture_tb.awb.signal_delay_d.your_instance_name.inst.\native_mem_module.blk_mem_gen_v8_4_4_inst , A write address: 0, B read address: 0
blk_mem_gen_v8_4_4 collision detected at time: 32049000, Instance: picture_tb.awb.signal_delay_d.your_instance_name.inst.\native_mem_module.blk_mem_gen_v8_4_4_inst , A write address: 0, B read address: 0
blk_mem_gen_v8_4_4 collision detected at time: 32309000, Instance: picture_tb.awb.signal_delay_d.your_instance_name.inst.\native_mem_module.blk_mem_gen_v8_4_4_inst , A write address: 0, B read address: 0
blk_mem_gen_v8_4_4 collision detected at time: 32569000, Instance: picture_tb.awb.signal_delay_d.your_instance_name.inst.\native_mem_module.blk_mem_gen_v8_4_4_inst , A write address: 0, B read address: 0
blk_mem_gen_v8_4_4 collision detected at time: 32829000, Instance: picture_tb.awb.signal_delay_d.your_instance_name.inst.\native_mem_module.blk_mem_gen_v8_4_4_inst , A write address: 0, B read address: 0
blk_mem_gen_v8_4_4 collision detected at time: 33089000, Instance: picture_tb.awb.signal_delay_d.your_instance_name.inst.\native_mem_module.blk_mem_gen_v8_4_4_inst , A write address: 0, B read address: 0
blk_mem_gen_v8_4_4 collision detected at time: 33349000, Instance: picture_tb.awb.signal_delay_d.your_instance_name.inst.\native_mem_module.blk_mem_gen_v8_4_4_inst , A write address: 0, B read address: 0
blk_mem_gen_v8_4_4 collision detected at time: 33609000, Instance: picture_tb.awb.signal_delay_d.your_instance_name.inst.\native_mem_module.blk_mem_gen_v8_4_4_inst , A write address: 0, B read address: 0
blk_mem_gen_v8_4_4 collision detected at time: 33869000, Instance: picture_tb.awb.signal_delay_d.your_instance_name.inst.\native_mem_module.blk_mem_gen_v8_4_4_inst , A write address: 0, B read address: 0
blk_mem_gen_v8_4_4 collision detected at time: 34129000, Instance: picture_tb.awb.signal_delay_d.your_instance_name.inst.\native_mem_module.blk_mem_gen_v8_4_4_inst , A write address: 0, B read address: 0
blk_mem_gen_v8_4_4 collision detected at time: 34389000, Instance: picture_tb.awb.signal_delay_d.your_instance_name.inst.\native_mem_module.blk_mem_gen_v8_4_4_inst , A write address: 0, B read address: 0
blk_mem_gen_v8_4_4 collision detected at time: 34649000, Instance: picture_tb.awb.signal_delay_d.your_instance_name.inst.\native_mem_module.blk_mem_gen_v8_4_4_inst , A write address: 0, B read address: 0
blk_mem_gen_v8_4_4 collision detected at time: 34909000, Instance: picture_tb.awb.signal_delay_d.your_instance_name.inst.\native_mem_module.blk_mem_gen_v8_4_4_inst , A write address: 0, B read address: 0
blk_mem_gen_v8_4_4 collision detected at time: 35169000, Instance: picture_tb.awb.signal_delay_d.your_instance_name.inst.\native_mem_module.blk_mem_gen_v8_4_4_inst , A write address: 0, B read address: 0
blk_mem_gen_v8_4_4 collision detected at time: 35429000, Instance: picture_tb.awb.signal_delay_d.your_instance_name.inst.\native_mem_module.blk_mem_gen_v8_4_4_inst , A write address: 0, B read address: 0
blk_mem_gen_v8_4_4 collision detected at time: 35689000, Instance: picture_tb.awb.signal_delay_d.your_instance_name.inst.\native_mem_module.blk_mem_gen_v8_4_4_inst , A write address: 0, B read address: 0
blk_mem_gen_v8_4_4 collision detected at time: 35949000, Instance: picture_tb.awb.signal_delay_d.your_instance_name.inst.\native_mem_module.blk_mem_gen_v8_4_4_inst , A write address: 0, B read address: 0
blk_mem_gen_v8_4_4 collision detected at time: 36209000, Instance: picture_tb.awb.signal_delay_d.your_instance_name.inst.\native_mem_module.blk_mem_gen_v8_4_4_inst , A write address: 0, B read address: 0
blk_mem_gen_v8_4_4 collision detected at time: 36469000, Instance: picture_tb.awb.signal_delay_d.your_instance_name.inst.\native_mem_module.blk_mem_gen_v8_4_4_inst , A write address: 0, B read address: 0
blk_mem_gen_v8_4_4 collision detected at time: 36729000, Instance: picture_tb.awb.signal_delay_d.your_instance_name.inst.\native_mem_module.blk_mem_gen_v8_4_4_inst , A write address: 0, B read address: 0
blk_mem_gen_v8_4_4 collision detected at time: 36989000, Instance: picture_tb.awb.signal_delay_d.your_instance_name.inst.\native_mem_module.blk_mem_gen_v8_4_4_inst , A write address: 0, B read address: 0
blk_mem_gen_v8_4_4 collision detected at time: 37249000, Instance: picture_tb.awb.signal_delay_d.your_instance_name.inst.\native_mem_module.blk_mem_gen_v8_4_4_inst , A write address: 0, B read address: 0
blk_mem_gen_v8_4_4 collision detected at time: 37509000, Instance: picture_tb.awb.signal_delay_d.your_instance_name.inst.\native_mem_module.blk_mem_gen_v8_4_4_inst , A write address: 0, B read address: 0
blk_mem_gen_v8_4_4 collision detected at time: 37769000, Instance: picture_tb.awb.signal_delay_d.your_instance_name.inst.\native_mem_module.blk_mem_gen_v8_4_4_inst , A write address: 0, B read address: 0
blk_mem_gen_v8_4_4 collision detected at time: 38029000, Instance: picture_tb.awb.signal_delay_d.your_instance_name.inst.\native_mem_module.blk_mem_gen_v8_4_4_inst , A write address: 0, B read address: 0
blk_mem_gen_v8_4_4 collision detected at time: 38289000, Instance: picture_tb.awb.signal_delay_d.your_instance_name.inst.\native_mem_module.blk_mem_gen_v8_4_4_inst , A write address: 0, B read address: 0
blk_mem_gen_v8_4_4 collision detected at time: 38549000, Instance: picture_tb.awb.signal_delay_d.your_instance_name.inst.\native_mem_module.blk_mem_gen_v8_4_4_inst , A write address: 0, B read address: 0
blk_mem_gen_v8_4_4 collision detected at time: 38809000, Instance: picture_tb.awb.signal_delay_d.your_instance_name.inst.\native_mem_module.blk_mem_gen_v8_4_4_inst , A write address: 0, B read address: 0
blk_mem_gen_v8_4_4 collision detected at time: 39069000, Instance: picture_tb.awb.signal_delay_d.your_instance_name.inst.\native_mem_module.blk_mem_gen_v8_4_4_inst , A write address: 0, B read address: 0
blk_mem_gen_v8_4_4 collision detected at time: 39329000, Instance: picture_tb.awb.signal_delay_d.your_instance_name.inst.\native_mem_module.blk_mem_gen_v8_4_4_inst , A write address: 0, B read address: 0
blk_mem_gen_v8_4_4 collision detected at time: 39589000, Instance: picture_tb.awb.signal_delay_d.your_instance_name.inst.\native_mem_module.blk_mem_gen_v8_4_4_inst , A write address: 0, B read address: 0
blk_mem_gen_v8_4_4 collision detected at time: 39849000, Instance: picture_tb.awb.signal_delay_d.your_instance_name.inst.\native_mem_module.blk_mem_gen_v8_4_4_inst , A write address: 0, B read address: 0
blk_mem_gen_v8_4_4 collision detected at time: 40109000, Instance: picture_tb.awb.signal_delay_d.your_instance_name.inst.\native_mem_module.blk_mem_gen_v8_4_4_inst , A write address: 0, B read address: 0
blk_mem_gen_v8_4_4 collision detected at time: 40369000, Instance: picture_tb.awb.signal_delay_d.your_instance_name.inst.\native_mem_module.blk_mem_gen_v8_4_4_inst , A write address: 0, B read address: 0
blk_mem_gen_v8_4_4 collision detected at time: 40629000, Instance: picture_tb.awb.signal_delay_d.your_instance_name.inst.\native_mem_module.blk_mem_gen_v8_4_4_inst , A write address: 0, B read address: 0
blk_mem_gen_v8_4_4 collision detected at time: 40889000, Instance: picture_tb.awb.signal_delay_d.your_instance_name.inst.\native_mem_module.blk_mem_gen_v8_4_4_inst , A write address: 0, B read address: 0
blk_mem_gen_v8_4_4 collision detected at time: 41149000, Instance: picture_tb.awb.signal_delay_d.your_instance_name.inst.\native_mem_module.blk_mem_gen_v8_4_4_inst , A write address: 0, B read address: 0
blk_mem_gen_v8_4_4 collision detected at time: 41409000, Instance: picture_tb.awb.signal_delay_d.your_instance_name.inst.\native_mem_module.blk_mem_gen_v8_4_4_inst , A write address: 0, B read address: 0
blk_mem_gen_v8_4_4 collision detected at time: 41669000, Instance: picture_tb.awb.signal_delay_d.your_instance_name.inst.\native_mem_module.blk_mem_gen_v8_4_4_inst , A write address: 0, B read address: 0
blk_mem_gen_v8_4_4 collision detected at time: 41929000, Instance: picture_tb.awb.signal_delay_d.your_instance_name.inst.\native_mem_module.blk_mem_gen_v8_4_4_inst , A write address: 0, B read address: 0
blk_mem_gen_v8_4_4 collision detected at time: 42189000, Instance: picture_tb.awb.signal_delay_d.your_instance_name.inst.\native_mem_module.blk_mem_gen_v8_4_4_inst , A write address: 0, B read address: 0
blk_mem_gen_v8_4_4 collision detected at time: 42449000, Instance: picture_tb.awb.signal_delay_d.your_instance_name.inst.\native_mem_module.blk_mem_gen_v8_4_4_inst , A write address: 0, B read address: 0
blk_mem_gen_v8_4_4 collision detected at time: 42709000, Instance: picture_tb.awb.signal_delay_d.your_instance_name.inst.\native_mem_module.blk_mem_gen_v8_4_4_inst , A write address: 0, B read address: 0
blk_mem_gen_v8_4_4 collision detected at time: 42969000, Instance: picture_tb.awb.signal_delay_d.your_instance_name.inst.\native_mem_module.blk_mem_gen_v8_4_4_inst , A write address: 0, B read address: 0
blk_mem_gen_v8_4_4 collision detected at time: 43229000, Instance: picture_tb.awb.signal_delay_d.your_instance_name.inst.\native_mem_module.blk_mem_gen_v8_4_4_inst , A write address: 0, B read address: 0
blk_mem_gen_v8_4_4 collision detected at time: 43489000, Instance: picture_tb.awb.signal_delay_d.your_instance_name.inst.\native_mem_module.blk_mem_gen_v8_4_4_inst , A write address: 0, B read address: 0
blk_mem_gen_v8_4_4 collision detected at time: 43749000, Instance: picture_tb.awb.signal_delay_d.your_instance_name.inst.\native_mem_module.blk_mem_gen_v8_4_4_inst , A write address: 0, B read address: 0
blk_mem_gen_v8_4_4 collision detected at time: 44009000, Instance: picture_tb.awb.signal_delay_d.your_instance_name.inst.\native_mem_module.blk_mem_gen_v8_4_4_inst , A write address: 0, B read address: 0
blk_mem_gen_v8_4_4 collision detected at time: 44269000, Instance: picture_tb.awb.signal_delay_d.your_instance_name.inst.\native_mem_module.blk_mem_gen_v8_4_4_inst , A write address: 0, B read address: 0
blk_mem_gen_v8_4_4 collision detected at time: 44529000, Instance: picture_tb.awb.signal_delay_d.your_instance_name.inst.\native_mem_module.blk_mem_gen_v8_4_4_inst , A write address: 0, B read address: 0
blk_mem_gen_v8_4_4 collision detected at time: 44789000, Instance: picture_tb.awb.signal_delay_d.your_instance_name.inst.\native_mem_module.blk_mem_gen_v8_4_4_inst , A write address: 0, B read address: 0
blk_mem_gen_v8_4_4 collision detected at time: 45049000, Instance: picture_tb.awb.signal_delay_d.your_instance_name.inst.\native_mem_module.blk_mem_gen_v8_4_4_inst , A write address: 0, B read address: 0
blk_mem_gen_v8_4_4 collision detected at time: 45309000, Instance: picture_tb.awb.signal_delay_d.your_instance_name.inst.\native_mem_module.blk_mem_gen_v8_4_4_inst , A write address: 0, B read address: 0
blk_mem_gen_v8_4_4 collision detected at time: 45569000, Instance: picture_tb.awb.signal_delay_d.your_instance_name.inst.\native_mem_module.blk_mem_gen_v8_4_4_inst , A write address: 0, B read address: 0
blk_mem_gen_v8_4_4 collision detected at time: 45829000, Instance: picture_tb.awb.signal_delay_d.your_instance_name.inst.\native_mem_module.blk_mem_gen_v8_4_4_inst , A write address: 0, B read address: 0
blk_mem_gen_v8_4_4 collision detected at time: 46089000, Instance: picture_tb.awb.signal_delay_d.your_instance_name.inst.\native_mem_module.blk_mem_gen_v8_4_4_inst , A write address: 0, B read address: 0
blk_mem_gen_v8_4_4 collision detected at time: 46349000, Instance: picture_tb.awb.signal_delay_d.your_instance_name.inst.\native_mem_module.blk_mem_gen_v8_4_4_inst , A write address: 0, B read address: 0
blk_mem_gen_v8_4_4 collision detected at time: 46609000, Instance: picture_tb.awb.signal_delay_d.your_instance_name.inst.\native_mem_module.blk_mem_gen_v8_4_4_inst , A write address: 0, B read address: 0
blk_mem_gen_v8_4_4 collision detected at time: 46869000, Instance: picture_tb.awb.signal_delay_d.your_instance_name.inst.\native_mem_module.blk_mem_gen_v8_4_4_inst , A write address: 0, B read address: 0
blk_mem_gen_v8_4_4 collision detected at time: 47129000, Instance: picture_tb.awb.signal_delay_d.your_instance_name.inst.\native_mem_module.blk_mem_gen_v8_4_4_inst , A write address: 0, B read address: 0
blk_mem_gen_v8_4_4 collision detected at time: 47389000, Instance: picture_tb.awb.signal_delay_d.your_instance_name.inst.\native_mem_module.blk_mem_gen_v8_4_4_inst , A write address: 0, B read address: 0
blk_mem_gen_v8_4_4 collision detected at time: 47649000, Instance: picture_tb.awb.signal_delay_d.your_instance_name.inst.\native_mem_module.blk_mem_gen_v8_4_4_inst , A write address: 0, B read address: 0
blk_mem_gen_v8_4_4 collision detected at time: 47909000, Instance: picture_tb.awb.signal_delay_d.your_instance_name.inst.\native_mem_module.blk_mem_gen_v8_4_4_inst , A write address: 0, B read address: 0
blk_mem_gen_v8_4_4 collision detected at time: 48169000, Instance: picture_tb.awb.signal_delay_d.your_instance_name.inst.\native_mem_module.blk_mem_gen_v8_4_4_inst , A write address: 0, B read address: 0
blk_mem_gen_v8_4_4 collision detected at time: 48429000, Instance: picture_tb.awb.signal_delay_d.your_instance_name.inst.\native_mem_module.blk_mem_gen_v8_4_4_inst , A write address: 0, B read address: 0
blk_mem_gen_v8_4_4 collision detected at time: 48689000, Instance: picture_tb.awb.signal_delay_d.your_instance_name.inst.\native_mem_module.blk_mem_gen_v8_4_4_inst , A write address: 0, B read address: 0
blk_mem_gen_v8_4_4 collision detected at time: 48949000, Instance: picture_tb.awb.signal_delay_d.your_instance_name.inst.\native_mem_module.blk_mem_gen_v8_4_4_inst , A write address: 0, B read address: 0
blk_mem_gen_v8_4_4 collision detected at time: 49209000, Instance: picture_tb.awb.signal_delay_d.your_instance_name.inst.\native_mem_module.blk_mem_gen_v8_4_4_inst , A write address: 0, B read address: 0
blk_mem_gen_v8_4_4 collision detected at time: 49469000, Instance: picture_tb.awb.signal_delay_d.your_instance_name.inst.\native_mem_module.blk_mem_gen_v8_4_4_inst , A write address: 0, B read address: 0
blk_mem_gen_v8_4_4 collision detected at time: 49729000, Instance: picture_tb.awb.signal_delay_d.your_instance_name.inst.\native_mem_module.blk_mem_gen_v8_4_4_inst , A write address: 0, B read address: 0
blk_mem_gen_v8_4_4 collision detected at time: 49989000, Instance: picture_tb.awb.signal_delay_d.your_instance_name.inst.\native_mem_module.blk_mem_gen_v8_4_4_inst , A write address: 0, B read address: 0
blk_mem_gen_v8_4_4 collision detected at time: 50249000, Instance: picture_tb.awb.signal_delay_d.your_instance_name.inst.\native_mem_module.blk_mem_gen_v8_4_4_inst , A write address: 0, B read address: 0
blk_mem_gen_v8_4_4 collision detected at time: 50509000, Instance: picture_tb.awb.signal_delay_d.your_instance_name.inst.\native_mem_module.blk_mem_gen_v8_4_4_inst , A write address: 0, B read address: 0
blk_mem_gen_v8_4_4 collision detected at time: 50769000, Instance: picture_tb.awb.signal_delay_d.your_instance_name.inst.\native_mem_module.blk_mem_gen_v8_4_4_inst , A write address: 0, B read address: 0
blk_mem_gen_v8_4_4 collision detected at time: 51029000, Instance: picture_tb.awb.signal_delay_d.your_instance_name.inst.\native_mem_module.blk_mem_gen_v8_4_4_inst , A write address: 0, B read address: 0
blk_mem_gen_v8_4_4 collision detected at time: 51289000, Instance: picture_tb.awb.signal_delay_d.your_instance_name.inst.\native_mem_module.blk_mem_gen_v8_4_4_inst , A write address: 0, B read address: 0
blk_mem_gen_v8_4_4 collision detected at time: 51549000, Instance: picture_tb.awb.signal_delay_d.your_instance_name.inst.\native_mem_module.blk_mem_gen_v8_4_4_inst , A write address: 0, B read address: 0
blk_mem_gen_v8_4_4 collision detected at time: 51809000, Instance: picture_tb.awb.signal_delay_d.your_instance_name.inst.\native_mem_module.blk_mem_gen_v8_4_4_inst , A write address: 0, B read address: 0
blk_mem_gen_v8_4_4 collision detected at time: 52069000, Instance: picture_tb.awb.signal_delay_d.your_instance_name.inst.\native_mem_module.blk_mem_gen_v8_4_4_inst , A write address: 0, B read address: 0
blk_mem_gen_v8_4_4 collision detected at time: 52329000, Instance: picture_tb.awb.signal_delay_d.your_instance_name.inst.\native_mem_module.blk_mem_gen_v8_4_4_inst , A write address: 0, B read address: 0
blk_mem_gen_v8_4_4 collision detected at time: 52589000, Instance: picture_tb.awb.signal_delay_d.your_instance_name.inst.\native_mem_module.blk_mem_gen_v8_4_4_inst , A write address: 0, B read address: 0
blk_mem_gen_v8_4_4 collision detected at time: 52849000, Instance: picture_tb.awb.signal_delay_d.your_instance_name.inst.\native_mem_module.blk_mem_gen_v8_4_4_inst , A write address: 0, B read address: 0
blk_mem_gen_v8_4_4 collision detected at time: 53109000, Instance: picture_tb.awb.signal_delay_d.your_instance_name.inst.\native_mem_module.blk_mem_gen_v8_4_4_inst , A write address: 0, B read address: 0
blk_mem_gen_v8_4_4 collision detected at time: 53369000, Instance: picture_tb.awb.signal_delay_d.your_instance_name.inst.\native_mem_module.blk_mem_gen_v8_4_4_inst , A write address: 0, B read address: 0
blk_mem_gen_v8_4_4 collision detected at time: 53629000, Instance: picture_tb.awb.signal_delay_d.your_instance_name.inst.\native_mem_module.blk_mem_gen_v8_4_4_inst , A write address: 0, B read address: 0
blk_mem_gen_v8_4_4 collision detected at time: 53889000, Instance: picture_tb.awb.signal_delay_d.your_instance_name.inst.\native_mem_module.blk_mem_gen_v8_4_4_inst , A write address: 0, B read address: 0
blk_mem_gen_v8_4_4 collision detected at time: 54149000, Instance: picture_tb.awb.signal_delay_d.your_instance_name.inst.\native_mem_module.blk_mem_gen_v8_4_4_inst , A write address: 0, B read address: 0
blk_mem_gen_v8_4_4 collision detected at time: 54409000, Instance: picture_tb.awb.signal_delay_d.your_instance_name.inst.\native_mem_module.blk_mem_gen_v8_4_4_inst , A write address: 0, B read address: 0
blk_mem_gen_v8_4_4 collision detected at time: 54669000, Instance: picture_tb.awb.signal_delay_d.your_instance_name.inst.\native_mem_module.blk_mem_gen_v8_4_4_inst , A write address: 0, B read address: 0
blk_mem_gen_v8_4_4 collision detected at time: 54929000, Instance: picture_tb.awb.signal_delay_d.your_instance_name.inst.\native_mem_module.blk_mem_gen_v8_4_4_inst , A write address: 0, B read address: 0
blk_mem_gen_v8_4_4 collision detected at time: 55189000, Instance: picture_tb.awb.signal_delay_d.your_instance_name.inst.\native_mem_module.blk_mem_gen_v8_4_4_inst , A write address: 0, B read address: 0
blk_mem_gen_v8_4_4 collision detected at time: 55449000, Instance: picture_tb.awb.signal_delay_d.your_instance_name.inst.\native_mem_module.blk_mem_gen_v8_4_4_inst , A write address: 0, B read address: 0
blk_mem_gen_v8_4_4 collision detected at time: 55709000, Instance: picture_tb.awb.signal_delay_d.your_instance_name.inst.\native_mem_module.blk_mem_gen_v8_4_4_inst , A write address: 0, B read address: 0
blk_mem_gen_v8_4_4 collision detected at time: 55969000, Instance: picture_tb.awb.signal_delay_d.your_instance_name.inst.\native_mem_module.blk_mem_gen_v8_4_4_inst , A write address: 0, B read address: 0
blk_mem_gen_v8_4_4 collision detected at time: 56229000, Instance: picture_tb.awb.signal_delay_d.your_instance_name.inst.\native_mem_module.blk_mem_gen_v8_4_4_inst , A write address: 0, B read address: 0
blk_mem_gen_v8_4_4 collision detected at time: 56489000, Instance: picture_tb.awb.signal_delay_d.your_instance_name.inst.\native_mem_module.blk_mem_gen_v8_4_4_inst , A write address: 0, B read address: 0
blk_mem_gen_v8_4_4 collision detected at time: 56749000, Instance: picture_tb.awb.signal_delay_d.your_instance_name.inst.\native_mem_module.blk_mem_gen_v8_4_4_inst , A write address: 0, B read address: 0
blk_mem_gen_v8_4_4 collision detected at time: 57009000, Instance: picture_tb.awb.signal_delay_d.your_instance_name.inst.\native_mem_module.blk_mem_gen_v8_4_4_inst , A write address: 0, B read address: 0
>> Simulation complete.
$stop called at time : 57261 ns : File "I:/ISP_1x/awb_1_3/uisrc/02_sim/picture_tb.v" Line 165
