#-----------------------------------------------------------
# Vivado v2020.2 (64-bit)
# SW Build 3064766 on Wed Nov 18 09:12:45 MST 2020
# IP Build 3064653 on Wed Nov 18 14:17:31 MST 2020
# Start of session at: Wed Mar 17 14:54:07 2021
# Process ID: 23708
# Current directory: G:/ZU07A-4GB/01_soc_base_7eg/30_vdma_hdmi_out/01_tpg_vdma_dp_720p/zu_prj/uisrc/03_ip/uihdmitx/project_1
# Command line: vivado.exe -gui_launcher_event rodinguilauncherevent24628 G:\ZU07A-4GB\01_soc_base_7eg\30_vdma_hdmi_out\01_tpg_vdma_dp_720p\zu_prj\uisrc\03_ip\uihdmitx\project_1\project_1.xpr
# Log file: G:/ZU07A-4GB/01_soc_base_7eg/30_vdma_hdmi_out/01_tpg_vdma_dp_720p/zu_prj/uisrc/03_ip/uihdmitx/project_1/vivado.log
# Journal file: G:/ZU07A-4GB/01_soc_base_7eg/30_vdma_hdmi_out/01_tpg_vdma_dp_720p/zu_prj/uisrc/03_ip/uihdmitx/project_1\vivado.jou
#-----------------------------------------------------------
start_gui
open_project G:/ZU07A-4GB/01_soc_base_7eg/30_vdma_hdmi_out/01_tpg_vdma_dp_720p/zu_prj/uisrc/03_ip/uihdmitx/project_1/project_1.xpr
INFO: [ProjectBase 1-489] The host OS only allows 260 characters in a normal path. The project is stored in a path with more than 80 characters. If you experience issues with IP, Block Designs, or files not being found, please consider moving the project to a location with a shorter path. Alternately consider using the OS subst command to map part of the path to a drive letter.
Current project path is 'G:/ZU07A-4GB/01_soc_base_7eg/30_vdma_hdmi_out/01_tpg_vdma_dp_720p/zu_prj/uisrc/03_ip/uihdmitx/project_1'
WARNING: [filemgmt 56-3] IP Repository Path: Could not find the directory 'G:/ZU07A-4GB/01_soc_base_7eg/30_vdma_hdmi_out/01_tpg_vdma_dp_720p/zu_prj/uisrc/03_ip/uiadv7611cfg'.
WARNING: [filemgmt 56-3] IP Repository Path: Could not find the directory 'G:/ZU07A-4GB/01_soc_base_7eg/30_vdma_hdmi_out/01_tpg_vdma_dp_720p/zu_prj/uisrc/03_ip/uihdmitx/project_1/boards/ku040/ch26/fpga_prj/uisrc/03_ip/uihdmitx'.
WARNING: [filemgmt 56-3] IP Repository Path: Could not find the directory 'G:/ZU07A-4GB/v2020/s01/ch26/fpga_prj/uisrc/03_ip/uihdmitx'.
Scanning sources...
Finished scanning sources
INFO: [IP_Flow 19-234] Refreshing IP repositories
WARNING: [IP_Flow 19-2248] Failed to load user IP repository 'g:/ZU07A-4GB/01_soc_base_7eg/30_vdma_hdmi_out/01_tpg_vdma_dp_720p/zu_prj/uisrc/03_ip/uiadv7611cfg'; Can't find the specified path.
If this directory should no longer be in your list of user repositories, go to the IP Settings dialog and remove it.
WARNING: [IP_Flow 19-3685] Ignored loading user repository 'g:/ZU07A-4GB/01_soc_base_7eg/30_vdma_hdmi_out/01_tpg_vdma_dp_720p/zu_prj/uisrc/03_ip/uihdmitx/project_1/boards/ku040/ch26/fpga_prj/uisrc/03_ip/uihdmitx'. The path is contained within another repository.
INFO: [IP_Flow 19-1700] Loaded user IP repository 'g:/ZU07A-4GB/01_soc_base_7eg/30_vdma_hdmi_out/01_tpg_vdma_dp_720p/zu_prj/uisrc/03_ip/uihdmitx'.
WARNING: [IP_Flow 19-3656] If you move the project, the path for repository 'g:/ZU07A-4GB/01_soc_base_7eg/30_vdma_hdmi_out/01_tpg_vdma_dp_720p/zu_prj/uisrc/03_ip/uihdmitx' may become invalid. A better location for the repository would be in a path adjacent to the project. (Current project location is 'g:/ZU07A-4GB/01_soc_base_7eg/30_vdma_hdmi_out/01_tpg_vdma_dp_720p/zu_prj/uisrc/03_ip/uihdmitx/project_1'.)
WARNING: [IP_Flow 19-2248] Failed to load user IP repository 'g:/ZU07A-4GB/v2020/s01/ch26/fpga_prj/uisrc/03_ip/uihdmitx'; Can't find the specified path.
If this directory should no longer be in your list of user repositories, go to the IP Settings dialog and remove it.
INFO: [IP_Flow 19-2313] Loaded Vivado IP repository 'D:/Xilinx/Vivado/2020.2/data/ip'.
open_project: Time (s): cpu = 00:00:10 ; elapsed = 00:00:05 . Memory (MB): peak = 1100.602 ; gain = 0.000
update_compile_order -fileset sources_1
ERROR: [Common 17-180] Spawn failed: No error
update_compile_order -fileset sources_1
ipx::open_ipxact_file {G:\ZU07A-4GB\01_soc_base_7eg\30_vdma_hdmi_out\01_tpg_vdma_dp_720p\zu_prj\uisrc\03_ip\uihdmitx\component.xml}
set_property core_revision 6 [ipx::current_core]
ipx::create_xgui_files [ipx::current_core]
ipx::update_checksums [ipx::current_core]
ipx::check_integrity [ipx::current_core]
WARNING: [IP_Flow 19-5661] Bus Interface 'TMDS_TX_CLK_N' does not have any bus interfaces associated with it.
WARNING: [IP_Flow 19-4751] Bus Interface 'TMDS_TX_CLK_N': FREQ_HZ bus parameter is missing for output clock interface.
WARNING: [IP_Flow 19-5661] Bus Interface 'TMDS_TX_CLK_P' does not have any bus interfaces associated with it.
WARNING: [IP_Flow 19-4751] Bus Interface 'TMDS_TX_CLK_P': FREQ_HZ bus parameter is missing for output clock interface.
INFO: [IP_Flow 19-2181] Payment Required is not set for this core.
INFO: [IP_Flow 19-2187] The Product Guide file is missing.
INFO: [Ipptcl 7-1486] check_integrity: Integrity check passed.
ipx::save_core [ipx::current_core]
update_ip_catalog -rebuild -repo_path g:/ZU07A-4GB/01_soc_base_7eg/30_vdma_hdmi_out/01_tpg_vdma_dp_720p/zu_prj/uisrc/03_ip/uihdmitx
INFO: [IP_Flow 19-725] Reloaded user IP repository 'g:/ZU07A-4GB/01_soc_base_7eg/30_vdma_hdmi_out/01_tpg_vdma_dp_720p/zu_prj/uisrc/03_ip/uihdmitx'
exit
INFO: [Common 17-206] Exiting Vivado at Wed Mar 17 15:22:17 2021...
