
*** Running vivado
    with args -log uiFDMA.vds -m64 -product Vivado -mode batch -messageDb vivado.pb -notrace -source uiFDMA.tcl



****** Vivado v2021.1 (64-bit)
  **** SW Build 3247384 on Thu Jun 10 19:36:33 MDT 2021
  **** IP Build 3246043 on Fri Jun 11 00:30:35 MDT 2021
    ** Copyright 1986-2021 Xilinx, Inc. All Rights Reserved.

source uiFDMA.tcl -notrace
INFO: [IP_Flow 19-234] Refreshing IP repositories
WARNING: [IP_Flow 19-1694] Ignoring duplicate Bus Definition IP file 'xilinx.com:user:FDMA:1.0' found within IP repository 'g:/02_board/01_xilinx/H3P/02_fpga_cs500/02_fpga_cs500/soc_prj/uisrc/03_ip'.
File in use: g:/02_board/01_xilinx/H3P/02_fpga_cs500/02_fpga_cs500/soc_prj/uisrc/03_ip/uifdma/milianke_ip_uifdma/FDMA.xml
File ignored: g:/02_board/01_xilinx/H3P/02_fpga_cs500/02_fpga_cs500/soc_prj/uisrc/03_ip/uifdmadbuf/FDMA.xml
WARNING: [IP_Flow 19-1694] Ignoring duplicate Bus Abstraction IP file 'xilinx.com:user:FDMA_rtl:1.0' found within IP repository 'g:/02_board/01_xilinx/H3P/02_fpga_cs500/02_fpga_cs500/soc_prj/uisrc/03_ip'.
File in use: g:/02_board/01_xilinx/H3P/02_fpga_cs500/02_fpga_cs500/soc_prj/uisrc/03_ip/uifdma/milianke_ip_uifdma/FDMA_rtl.xml
File ignored: g:/02_board/01_xilinx/H3P/02_fpga_cs500/02_fpga_cs500/soc_prj/uisrc/03_ip/uifdmadbuf/FDMA_rtl.xml
INFO: [IP_Flow 19-1700] Loaded user IP repository 'g:/02_board/01_xilinx/H3P/02_fpga_cs500/02_fpga_cs500/soc_prj/uisrc/03_ip'.
WARNING: [IP_Flow 19-3656] If you move the project, the path for repository 'g:/02_board/01_xilinx/H3P/02_fpga_cs500/02_fpga_cs500/soc_prj/uisrc/03_ip' may become invalid. A better location for the repository would be in a path adjacent to the project. (Current project location is 'g:/02_board/01_xilinx/H3P/02_fpga_cs500/02_fpga_cs500/soc_prj/uisrc/03_ip/uifdma/milianke_ip_uifdma/uifdma_v4_0_project/uiFDMA_v4_0_project.runs/synth_1'.)
INFO: [IP_Flow 19-2313] Loaded Vivado IP repository 'D:/Xilinx/Vivado/2021.1/data/ip'.
WARNING: [IP_Flow 19-1663] Duplicate IP found for 'xilinx.com:user:uispi:1.0'. The one found in IP location 'g:/02_board/01_xilinx/H3P/02_fpga_cs500/02_fpga_cs500/soc_prj/uisrc/03_ip/uiisp' will take precedence over the same IP in location g:/02_board/01_xilinx/H3P/02_fpga_cs500/02_fpga_cs500/soc_prj/uisrc/03_ip/uiturn
WARNING: [IP_Flow 19-4995] The host OS only allows 260 characters in a normal path. The IP cache path is more than 80 characters. If you experience issues with IP caching, please consider changing the IP cache to a location with a shorter path. Alternately consider using the OS subst command to map part of the path to a drive letter. 
Current IP cache path is g:/02_board/01_xilinx/H3P/02_fpga_cs500/02_fpga_cs500/soc_prj/uisrc/03_ip/uifdma/milianke_ip_uifdma/uifdma_v4_0_project/uiFDMA_v4_0_project.cache/ip 
Command: synth_design -top uiFDMA -part xc7z020clg400-2
Starting synth_design
Attempting to get a license for feature 'Synthesis' and/or device 'xc7z020'
INFO: [Common 17-349] Got license for feature 'Synthesis' and/or device 'xc7z020'
INFO: [Synth 8-7079] Multithreading enabled for synth_design using a maximum of 2 processes.
INFO: [Synth 8-7078] Launching helper process for spawning children vivado processes
INFO: [Synth 8-7075] Helper process launched with PID 14452
---------------------------------------------------------------------------------
Starting Synthesize : Time (s): cpu = 00:00:02 ; elapsed = 00:00:02 . Memory (MB): peak = 1244.926 ; gain = 0.000
---------------------------------------------------------------------------------
INFO: [Synth 8-6157] synthesizing module 'uiFDMA' [G:/02_board/01_xilinx/H3P/02_fpga_cs500/02_fpga_cs500/soc_prj/uisrc/03_ip/uifdma/milianke_ip_uifdma/uiFDMA.v:44]
WARNING: [Synth 8-6104] Input port 'bit_depth' has an internal driver [G:/02_board/01_xilinx/H3P/02_fpga_cs500/02_fpga_cs500/soc_prj/uisrc/03_ip/uifdma/milianke_ip_uifdma/uiFDMA.v:120]
WARNING: [Synth 8-6104] Input port 'bit_depth' has an internal driver [G:/02_board/01_xilinx/H3P/02_fpga_cs500/02_fpga_cs500/soc_prj/uisrc/03_ip/uifdma/milianke_ip_uifdma/uiFDMA.v:120]
WARNING: [Synth 8-6104] Input port 'bit_depth' has an internal driver [G:/02_board/01_xilinx/H3P/02_fpga_cs500/02_fpga_cs500/soc_prj/uisrc/03_ip/uifdma/milianke_ip_uifdma/uiFDMA.v:120]
INFO: [Synth 8-6155] done synthesizing module 'uiFDMA' (1#1) [G:/02_board/01_xilinx/H3P/02_fpga_cs500/02_fpga_cs500/soc_prj/uisrc/03_ip/uifdma/milianke_ip_uifdma/uiFDMA.v:44]
---------------------------------------------------------------------------------
Finished Synthesize : Time (s): cpu = 00:00:03 ; elapsed = 00:00:03 . Memory (MB): peak = 1244.926 ; gain = 0.000
---------------------------------------------------------------------------------
---------------------------------------------------------------------------------
Finished Constraint Validation : Time (s): cpu = 00:00:03 ; elapsed = 00:00:03 . Memory (MB): peak = 1244.926 ; gain = 0.000
---------------------------------------------------------------------------------
---------------------------------------------------------------------------------
Start Loading Part and Timing Information
---------------------------------------------------------------------------------
Loading part: xc7z020clg400-2
---------------------------------------------------------------------------------
Finished Loading Part and Timing Information : Time (s): cpu = 00:00:03 ; elapsed = 00:00:03 . Memory (MB): peak = 1244.926 ; gain = 0.000
---------------------------------------------------------------------------------
INFO: [Device 21-403] Loading part xc7z020clg400-2
---------------------------------------------------------------------------------
Finished RTL Optimization Phase 2 : Time (s): cpu = 00:00:03 ; elapsed = 00:00:03 . Memory (MB): peak = 1244.926 ; gain = 0.000
---------------------------------------------------------------------------------
No constraint files found.
---------------------------------------------------------------------------------
Start RTL Component Statistics 
---------------------------------------------------------------------------------
Detailed RTL Component Info : 
+---Adders : 
	   2 Input   32 Bit       Adders := 2     
	   3 Input   16 Bit       Adders := 2     
	   2 Input   16 Bit       Adders := 2     
	   2 Input    9 Bit       Adders := 2     
	   2 Input    8 Bit       Adders := 2     
	   2 Input    4 Bit       Adders := 1     
+---Registers : 
	               32 Bit    Registers := 2     
	               16 Bit    Registers := 4     
	                9 Bit    Registers := 5     
	                4 Bit    Registers := 1     
	                1 Bit    Registers := 11    
+---Muxes : 
	   2 Input   32 Bit        Muxes := 1     
	   2 Input   16 Bit        Muxes := 4     
	   2 Input    9 Bit        Muxes := 5     
	   2 Input    5 Bit        Muxes := 4     
	   4 Input    4 Bit        Muxes := 1     
	   2 Input    1 Bit        Muxes := 12    
---------------------------------------------------------------------------------
Finished RTL Component Statistics 
---------------------------------------------------------------------------------
---------------------------------------------------------------------------------
Start Part Resource Summary
---------------------------------------------------------------------------------
Part Resources:
DSPs: 220 (col length:60)
BRAMs: 280 (col length: RAMB18 60 RAMB36 30)
---------------------------------------------------------------------------------
Finished Part Resource Summary
---------------------------------------------------------------------------------
No constraint files found.
---------------------------------------------------------------------------------
Start Cross Boundary and Area Optimization
---------------------------------------------------------------------------------
---------------------------------------------------------------------------------
Finished Cross Boundary and Area Optimization : Time (s): cpu = 00:00:05 ; elapsed = 00:00:06 . Memory (MB): peak = 1244.926 ; gain = 0.000
---------------------------------------------------------------------------------
No constraint files found.
---------------------------------------------------------------------------------
Start Timing Optimization
---------------------------------------------------------------------------------
---------------------------------------------------------------------------------
Finished Timing Optimization : Time (s): cpu = 00:00:05 ; elapsed = 00:00:06 . Memory (MB): peak = 1244.926 ; gain = 0.000
---------------------------------------------------------------------------------
---------------------------------------------------------------------------------
Start Technology Mapping
---------------------------------------------------------------------------------
---------------------------------------------------------------------------------
Finished Technology Mapping : Time (s): cpu = 00:00:05 ; elapsed = 00:00:06 . Memory (MB): peak = 1244.926 ; gain = 0.000
---------------------------------------------------------------------------------
---------------------------------------------------------------------------------
Start IO Insertion
---------------------------------------------------------------------------------
---------------------------------------------------------------------------------
Start Flattening Before IO Insertion
---------------------------------------------------------------------------------
---------------------------------------------------------------------------------
Finished Flattening Before IO Insertion
---------------------------------------------------------------------------------
---------------------------------------------------------------------------------
Start Final Netlist Cleanup
---------------------------------------------------------------------------------
---------------------------------------------------------------------------------
Finished Final Netlist Cleanup
---------------------------------------------------------------------------------
---------------------------------------------------------------------------------
Finished IO Insertion : Time (s): cpu = 00:00:08 ; elapsed = 00:00:08 . Memory (MB): peak = 1244.926 ; gain = 0.000
---------------------------------------------------------------------------------
---------------------------------------------------------------------------------
Start Renaming Generated Instances
---------------------------------------------------------------------------------
---------------------------------------------------------------------------------
Finished Renaming Generated Instances : Time (s): cpu = 00:00:08 ; elapsed = 00:00:08 . Memory (MB): peak = 1244.926 ; gain = 0.000
---------------------------------------------------------------------------------
---------------------------------------------------------------------------------
Start Rebuilding User Hierarchy
---------------------------------------------------------------------------------
---------------------------------------------------------------------------------
Finished Rebuilding User Hierarchy : Time (s): cpu = 00:00:08 ; elapsed = 00:00:08 . Memory (MB): peak = 1244.926 ; gain = 0.000
---------------------------------------------------------------------------------
---------------------------------------------------------------------------------
Start Renaming Generated Ports
---------------------------------------------------------------------------------
---------------------------------------------------------------------------------
Finished Renaming Generated Ports : Time (s): cpu = 00:00:08 ; elapsed = 00:00:08 . Memory (MB): peak = 1244.926 ; gain = 0.000
---------------------------------------------------------------------------------
---------------------------------------------------------------------------------
Start Handling Custom Attributes
---------------------------------------------------------------------------------
---------------------------------------------------------------------------------
Finished Handling Custom Attributes : Time (s): cpu = 00:00:08 ; elapsed = 00:00:08 . Memory (MB): peak = 1244.926 ; gain = 0.000
---------------------------------------------------------------------------------
---------------------------------------------------------------------------------
Start Renaming Generated Nets
---------------------------------------------------------------------------------
---------------------------------------------------------------------------------
Finished Renaming Generated Nets : Time (s): cpu = 00:00:08 ; elapsed = 00:00:08 . Memory (MB): peak = 1244.926 ; gain = 0.000
---------------------------------------------------------------------------------
---------------------------------------------------------------------------------
Start Writing Synthesis Report
---------------------------------------------------------------------------------

Report BlackBoxes: 
+-+--------------+----------+
| |BlackBox name |Instances |
+-+--------------+----------+
+-+--------------+----------+

Report Cell Usage: 
+------+-------+------+
|      |Cell   |Count |
+------+-------+------+
|1     |BUFG   |     1|
|2     |CARRY4 |    47|
|3     |LUT1   |    56|
|4     |LUT2   |    41|
|5     |LUT3   |    58|
|6     |LUT4   |   101|
|7     |LUT5   |    21|
|8     |LUT6   |    30|
|9     |FDCE   |    26|
|10    |FDRE   |   168|
|11    |FDSE   |     2|
|12    |IBUF   |   234|
|13    |OBUF   |   292|
|14    |OBUFT  |    16|
+------+-------+------+

Report Instance Areas: 
+------+---------+-------+------+
|      |Instance |Module |Cells |
+------+---------+-------+------+
|1     |top      |       |  1093|
+------+---------+-------+------+
---------------------------------------------------------------------------------
Finished Writing Synthesis Report : Time (s): cpu = 00:00:08 ; elapsed = 00:00:08 . Memory (MB): peak = 1244.926 ; gain = 0.000
---------------------------------------------------------------------------------
Synthesis finished with 0 errors, 0 critical warnings and 3 warnings.
Synthesis Optimization Runtime : Time (s): cpu = 00:00:08 ; elapsed = 00:00:08 . Memory (MB): peak = 1244.926 ; gain = 0.000
Synthesis Optimization Complete : Time (s): cpu = 00:00:08 ; elapsed = 00:00:08 . Memory (MB): peak = 1244.926 ; gain = 0.000
INFO: [Project 1-571] Translating synthesized netlist
Netlist sorting complete. Time (s): cpu = 00:00:00 ; elapsed = 00:00:00.007 . Memory (MB): peak = 1244.926 ; gain = 0.000
INFO: [Netlist 29-17] Analyzing 47 Unisim elements for replacement
INFO: [Netlist 29-28] Unisim Transformation completed in 0 CPU seconds
WARNING: [Netlist 29-101] Netlist 'uiFDMA' is not ideal for floorplanning, since the cellview 'uiFDMA' contains a large number of primitives.  Please consider enabling hierarchy in synthesis if you want to do floorplanning.
INFO: [Project 1-570] Preparing netlist for logic optimization
INFO: [Opt 31-138] Pushed 0 inverter(s) to 0 load pin(s).
Netlist sorting complete. Time (s): cpu = 00:00:00 ; elapsed = 00:00:00.001 . Memory (MB): peak = 1244.926 ; gain = 0.000
INFO: [Project 1-111] Unisim Transformation Summary:
No Unisim elements were transformed.

Synth Design complete, checksum: 2b7f0e89
INFO: [Common 17-83] Releasing license: Synthesis
17 Infos, 9 Warnings, 0 Critical Warnings and 0 Errors encountered.
synth_design completed successfully
synth_design: Time (s): cpu = 00:00:09 ; elapsed = 00:00:10 . Memory (MB): peak = 1244.926 ; gain = 0.000
INFO: [Common 17-1381] The checkpoint 'G:/02_board/01_xilinx/H3P/02_fpga_cs500/02_fpga_cs500/soc_prj/uisrc/03_ip/uifdma/milianke_ip_uifdma/uifdma_v4_0_project/uiFDMA_v4_0_project.runs/synth_1/uiFDMA.dcp' has been generated.
INFO: [runtcl-4] Executing : report_utilization -file uiFDMA_utilization_synth.rpt -pb uiFDMA_utilization_synth.pb
INFO: [Common 17-206] Exiting Vivado at Mon Jun 16 20:42:02 2025...
