
*** Running vivado
    with args -log system_v_tc_0_0.vds -m64 -product Vivado -mode batch -messageDb vivado.pb -notrace -source system_v_tc_0_0.tcl



****** Vivado v2025.2 (64-bit)
  **** SW Build 6299465 on Fri Nov 14 19:35:11 GMT 2025
  **** IP Build 6300035 on Fri Nov 14 10:48:45 MST 2025
  **** SharedData Build 6298862 on Thu Nov 13 04:50:51 MST 2025
  **** Start of session at: Thu Feb 19 11:24:01 2026
    ** Copyright 1986-2022 Xilinx, Inc. All Rights Reserved.
    ** Copyright 2022-2025 Advanced Micro Devices, Inc. All Rights Reserved.

ERROR: [Common 17-1257] Failed to create directory 'C'.
source system_v_tc_0_0.tcl -notrace
create_project: Time (s): cpu = 00:00:09 ; elapsed = 00:00:06 . Memory (MB): peak = 663.168 ; gain = 220.215
INFO: [IP_Flow 19-234] Refreshing IP repositories
INFO: [IP_Flow 19-1700] Loaded user IP repository 'g:/proj/fpga/zynq7020_mlk2/proj/06_ex_linux_QT_Drive_L2_7020/QT_Drive_Appendix/project/soc_prj/uisrc/ip'.
INFO: [IP_Flow 19-2313] Loaded Vivado IP repository 'D:/Xilinx/2025.2/Vivado/data/ip'.
WARNING: [IP_Flow 19-4995] The host OS only allows 260 characters in a normal path. The IP cache path is more than 80 characters. If you experience issues with IP caching, please consider changing the IP cache to a location with a shorter path. Alternately consider using the OS subst command to map part of the path to a drive letter. 
Current IP cache path is g:/proj/fpga/zynq7020_mlk2/proj/06_ex_linux_QT_Drive_L2_7020/QT_Drive_Appendix/project/soc_prj/soc_prj.cache/ip 
Command: synth_design -top system_v_tc_0_0 -part xc7z020clg484-2 -incremental_mode off -mode out_of_context
Starting synth_design
Attempting to get a license for feature 'Synthesis' and/or device 'xc7z020'
INFO: [Common 17-349] Got license for feature 'Synthesis' and/or device 'xc7z020'
INFO: [Device 21-403] Loading part xc7z020clg484-2
INFO: [Synth 8-7079] Multithreading enabled for synth_design using a maximum of 2 processes.
INFO: [Synth 8-7078] Launching helper process for spawning children vivado processes
INFO: [Synth 8-7075] Helper process launched with PID 42820
---------------------------------------------------------------------------------
Starting RTL Elaboration : Time (s): cpu = 00:00:05 ; elapsed = 00:00:05 . Memory (MB): peak = 1447.371 ; gain = 539.477
---------------------------------------------------------------------------------
INFO: [Synth 8-638] synthesizing module 'system_v_tc_0_0' [g:/proj/fpga/zynq7020_mlk2/proj/06_ex_linux_QT_Drive_L2_7020/QT_Drive_Appendix/project/soc_prj/soc_prj.gen/sources_1/bd/system/ip/system_v_tc_0_0/synth/system_v_tc_0_0.vhd:75]
	Parameter C_HAS_AXI4_LITE bound to: 0 - type: integer 
	Parameter C_HAS_INTC_IF bound to: 0 - type: integer 
	Parameter C_ARBITRARY_RES_EN bound to: 0 - type: integer 
	Parameter C_VID_PPC bound to: 4 - type: integer 
	Parameter C_GEN_INTERLACED bound to: 0 - type: integer 
	Parameter C_GEN_HACTIVE_SIZE bound to: 1280 - type: integer 
	Parameter C_GEN_VACTIVE_SIZE bound to: 720 - type: integer 
	Parameter C_GEN_CPARITY bound to: 0 - type: integer 
	Parameter C_GEN_FIELDID_POLARITY bound to: 1 - type: integer 
	Parameter C_GEN_VBLANK_POLARITY bound to: 1 - type: integer 
	Parameter C_GEN_HBLANK_POLARITY bound to: 1 - type: integer 
	Parameter C_GEN_VSYNC_POLARITY bound to: 1 - type: integer 
	Parameter C_GEN_HSYNC_POLARITY bound to: 1 - type: integer 
	Parameter C_GEN_AVIDEO_POLARITY bound to: 1 - type: integer 
	Parameter C_GEN_ACHROMA_POLARITY bound to: 1 - type: integer 
	Parameter C_GEN_VIDEO_FORMAT bound to: 2 - type: integer 
	Parameter C_GEN_HFRAME_SIZE bound to: 1650 - type: integer 
	Parameter C_GEN_F0_VFRAME_SIZE bound to: 750 - type: integer 
	Parameter C_GEN_F1_VFRAME_SIZE bound to: 750 - type: integer 
	Parameter C_GEN_HSYNC_START bound to: 1390 - type: integer 
	Parameter C_GEN_HSYNC_END bound to: 1430 - type: integer 
	Parameter C_GEN_F0_VBLANK_HSTART bound to: 640 - type: integer 
	Parameter C_GEN_F0_VBLANK_HEND bound to: 640 - type: integer 
	Parameter C_GEN_F0_VSYNC_VSTART bound to: 724 - type: integer 
	Parameter C_GEN_F0_VSYNC_VEND bound to: 729 - type: integer 
	Parameter C_GEN_F0_VSYNC_HSTART bound to: 640 - type: integer 
	Parameter C_GEN_F0_VSYNC_HEND bound to: 695 - type: integer 
	Parameter C_GEN_F1_VBLANK_HSTART bound to: 640 - type: integer 
	Parameter C_GEN_F1_VBLANK_HEND bound to: 640 - type: integer 
	Parameter C_GEN_F1_VSYNC_VSTART bound to: 724 - type: integer 
	Parameter C_GEN_F1_VSYNC_VEND bound to: 729 - type: integer 
	Parameter C_GEN_F1_VSYNC_HSTART bound to: 695 - type: integer 
	Parameter C_GEN_F1_VSYNC_HEND bound to: 695 - type: integer 
	Parameter C_FSYNC_HSTART0 bound to: 0 - type: integer 
	Parameter C_FSYNC_VSTART0 bound to: 0 - type: integer 
	Parameter C_FSYNC_HSTART1 bound to: 0 - type: integer 
	Parameter C_FSYNC_VSTART1 bound to: 0 - type: integer 
	Parameter C_FSYNC_HSTART2 bound to: 0 - type: integer 
	Parameter C_FSYNC_VSTART2 bound to: 0 - type: integer 
	Parameter C_FSYNC_HSTART3 bound to: 0 - type: integer 
	Parameter C_FSYNC_VSTART3 bound to: 0 - type: integer 
	Parameter C_FSYNC_HSTART4 bound to: 0 - type: integer 
	Parameter C_FSYNC_VSTART4 bound to: 0 - type: integer 
	Parameter C_FSYNC_HSTART5 bound to: 0 - type: integer 
	Parameter C_FSYNC_VSTART5 bound to: 0 - type: integer 
	Parameter C_FSYNC_HSTART6 bound to: 0 - type: integer 
	Parameter C_FSYNC_VSTART6 bound to: 0 - type: integer 
	Parameter C_FSYNC_HSTART7 bound to: 0 - type: integer 
	Parameter C_FSYNC_VSTART7 bound to: 0 - type: integer 
	Parameter C_FSYNC_HSTART8 bound to: 0 - type: integer 
	Parameter C_FSYNC_VSTART8 bound to: 0 - type: integer 
	Parameter C_FSYNC_HSTART9 bound to: 0 - type: integer 
	Parameter C_FSYNC_VSTART9 bound to: 0 - type: integer 
	Parameter C_FSYNC_HSTART10 bound to: 0 - type: integer 
	Parameter C_FSYNC_VSTART10 bound to: 0 - type: integer 
	Parameter C_FSYNC_HSTART11 bound to: 0 - type: integer 
	Parameter C_FSYNC_VSTART11 bound to: 0 - type: integer 
	Parameter C_FSYNC_HSTART12 bound to: 0 - type: integer 
	Parameter C_FSYNC_VSTART12 bound to: 0 - type: integer 
	Parameter C_FSYNC_HSTART13 bound to: 0 - type: integer 
	Parameter C_FSYNC_VSTART13 bound to: 0 - type: integer 
	Parameter C_FSYNC_HSTART14 bound to: 0 - type: integer 
	Parameter C_FSYNC_VSTART14 bound to: 0 - type: integer 
	Parameter C_FSYNC_HSTART15 bound to: 0 - type: integer 
	Parameter C_FSYNC_VSTART15 bound to: 0 - type: integer 
	Parameter C_MAX_PIXELS bound to: 4096 - type: integer 
	Parameter C_MAX_LINES bound to: 4096 - type: integer 
	Parameter C_NUM_FSYNCS bound to: 1 - type: integer 
	Parameter C_INTERLACE_EN bound to: 0 - type: integer 
	Parameter C_GEN_AUTO_SWITCH bound to: 0 - type: integer 
	Parameter C_DETECT_EN bound to: 0 - type: integer 
	Parameter C_SYNC_EN bound to: 0 - type: integer 
	Parameter C_GENERATE_EN bound to: 1 - type: integer 
	Parameter C_DET_HSYNC_EN bound to: 1 - type: integer 
	Parameter C_DET_VSYNC_EN bound to: 1 - type: integer 
	Parameter C_DET_HBLANK_EN bound to: 1 - type: integer 
	Parameter C_DET_VBLANK_EN bound to: 1 - type: integer 
	Parameter C_DET_AVIDEO_EN bound to: 1 - type: integer 
	Parameter C_DET_ACHROMA_EN bound to: 0 - type: integer 
	Parameter C_GEN_HSYNC_EN bound to: 1 - type: integer 
	Parameter C_GEN_VSYNC_EN bound to: 1 - type: integer 
	Parameter C_GEN_HBLANK_EN bound to: 1 - type: integer 
	Parameter C_GEN_VBLANK_EN bound to: 1 - type: integer 
	Parameter C_GEN_AVIDEO_EN bound to: 1 - type: integer 
	Parameter C_GEN_ACHROMA_EN bound to: 0 - type: integer 
	Parameter C_GEN_FIELDID_EN bound to: 0 - type: integer 
	Parameter C_DET_FIELDID_EN bound to: 0 - type: integer 
INFO: [Synth 8-3491] module 'v_tc' declared at 'g:/proj/fpga/zynq7020_mlk2/proj/06_ex_linux_QT_Drive_L2_7020/QT_Drive_Appendix/project/soc_prj/soc_prj.gen/sources_1/bd/system/ipshared/c219/hdl/v_tc_v6_2_vh_rfs.vhd:9571' bound to instance 'U0' of component 'v_tc' [g:/proj/fpga/zynq7020_mlk2/proj/06_ex_linux_QT_Drive_L2_7020/QT_Drive_Appendix/project/soc_prj/soc_prj.gen/sources_1/bd/system/ip/system_v_tc_0_0/synth/system_v_tc_0_0.vhd:249]
INFO: [Synth 8-6157] synthesizing module 'xpm_cdc_single' [D:/Xilinx/2025.2/Vivado/data/ip/xpm/xpm_cdc/hdl/xpm_cdc.sv:152]
INFO: [Synth 8-6155] done synthesizing module 'xpm_cdc_single' (0#1) [D:/Xilinx/2025.2/Vivado/data/ip/xpm/xpm_cdc/hdl/xpm_cdc.sv:152]
INFO: [Synth 8-256] done synthesizing module 'system_v_tc_0_0' (0#1) [g:/proj/fpga/zynq7020_mlk2/proj/06_ex_linux_QT_Drive_L2_7020/QT_Drive_Appendix/project/soc_prj/soc_prj.gen/sources_1/bd/system/ip/system_v_tc_0_0/synth/system_v_tc_0_0.vhd:75]
INFO: [Synth 8-7129] Port gen_v0chroma_start[11] in module tc_generator is either unconnected or has no load
INFO: [Synth 8-7129] Port gen_v0chroma_start[10] in module tc_generator is either unconnected or has no load
INFO: [Synth 8-7129] Port gen_v0chroma_start[9] in module tc_generator is either unconnected or has no load
INFO: [Synth 8-7129] Port gen_v0chroma_start[8] in module tc_generator is either unconnected or has no load
INFO: [Synth 8-7129] Port gen_v0chroma_start[7] in module tc_generator is either unconnected or has no load
INFO: [Synth 8-7129] Port gen_v0chroma_start[6] in module tc_generator is either unconnected or has no load
INFO: [Synth 8-7129] Port gen_v0chroma_start[5] in module tc_generator is either unconnected or has no load
INFO: [Synth 8-7129] Port gen_v0chroma_start[4] in module tc_generator is either unconnected or has no load
INFO: [Synth 8-7129] Port gen_v0chroma_start[3] in module tc_generator is either unconnected or has no load
INFO: [Synth 8-7129] Port gen_v0chroma_start[2] in module tc_generator is either unconnected or has no load
INFO: [Synth 8-7129] Port gen_v0chroma_start[1] in module tc_generator is either unconnected or has no load
INFO: [Synth 8-7129] Port gen_v0chroma_start[0] in module tc_generator is either unconnected or has no load
INFO: [Synth 8-7129] Port gen_v1total[11] in module tc_generator is either unconnected or has no load
INFO: [Synth 8-7129] Port gen_v1total[10] in module tc_generator is either unconnected or has no load
INFO: [Synth 8-7129] Port gen_v1total[9] in module tc_generator is either unconnected or has no load
INFO: [Synth 8-7129] Port gen_v1total[8] in module tc_generator is either unconnected or has no load
INFO: [Synth 8-7129] Port gen_v1total[7] in module tc_generator is either unconnected or has no load
INFO: [Synth 8-7129] Port gen_v1total[6] in module tc_generator is either unconnected or has no load
INFO: [Synth 8-7129] Port gen_v1total[5] in module tc_generator is either unconnected or has no load
INFO: [Synth 8-7129] Port gen_v1total[4] in module tc_generator is either unconnected or has no load
INFO: [Synth 8-7129] Port gen_v1total[3] in module tc_generator is either unconnected or has no load
INFO: [Synth 8-7129] Port gen_v1total[2] in module tc_generator is either unconnected or has no load
INFO: [Synth 8-7129] Port gen_v1total[1] in module tc_generator is either unconnected or has no load
INFO: [Synth 8-7129] Port gen_v1total[0] in module tc_generator is either unconnected or has no load
INFO: [Synth 8-7129] Port gen_v1fp_start[11] in module tc_generator is either unconnected or has no load
INFO: [Synth 8-7129] Port gen_v1fp_start[10] in module tc_generator is either unconnected or has no load
INFO: [Synth 8-7129] Port gen_v1fp_start[9] in module tc_generator is either unconnected or has no load
INFO: [Synth 8-7129] Port gen_v1fp_start[8] in module tc_generator is either unconnected or has no load
INFO: [Synth 8-7129] Port gen_v1fp_start[7] in module tc_generator is either unconnected or has no load
INFO: [Synth 8-7129] Port gen_v1fp_start[6] in module tc_generator is either unconnected or has no load
INFO: [Synth 8-7129] Port gen_v1fp_start[5] in module tc_generator is either unconnected or has no load
INFO: [Synth 8-7129] Port gen_v1fp_start[4] in module tc_generator is either unconnected or has no load
INFO: [Synth 8-7129] Port gen_v1fp_start[3] in module tc_generator is either unconnected or has no load
INFO: [Synth 8-7129] Port gen_v1fp_start[2] in module tc_generator is either unconnected or has no load
INFO: [Synth 8-7129] Port gen_v1fp_start[1] in module tc_generator is either unconnected or has no load
INFO: [Synth 8-7129] Port gen_v1fp_start[0] in module tc_generator is either unconnected or has no load
INFO: [Synth 8-7129] Port gen_v1sync_start[11] in module tc_generator is either unconnected or has no load
INFO: [Synth 8-7129] Port gen_v1sync_start[10] in module tc_generator is either unconnected or has no load
INFO: [Synth 8-7129] Port gen_v1sync_start[9] in module tc_generator is either unconnected or has no load
INFO: [Synth 8-7129] Port gen_v1sync_start[8] in module tc_generator is either unconnected or has no load
INFO: [Synth 8-7129] Port gen_v1sync_start[7] in module tc_generator is either unconnected or has no load
INFO: [Synth 8-7129] Port gen_v1sync_start[6] in module tc_generator is either unconnected or has no load
INFO: [Synth 8-7129] Port gen_v1sync_start[5] in module tc_generator is either unconnected or has no load
INFO: [Synth 8-7129] Port gen_v1sync_start[4] in module tc_generator is either unconnected or has no load
INFO: [Synth 8-7129] Port gen_v1sync_start[3] in module tc_generator is either unconnected or has no load
INFO: [Synth 8-7129] Port gen_v1sync_start[2] in module tc_generator is either unconnected or has no load
INFO: [Synth 8-7129] Port gen_v1sync_start[1] in module tc_generator is either unconnected or has no load
INFO: [Synth 8-7129] Port gen_v1sync_start[0] in module tc_generator is either unconnected or has no load
INFO: [Synth 8-7129] Port gen_v1bp_start[11] in module tc_generator is either unconnected or has no load
INFO: [Synth 8-7129] Port gen_v1bp_start[10] in module tc_generator is either unconnected or has no load
INFO: [Synth 8-7129] Port gen_v1bp_start[9] in module tc_generator is either unconnected or has no load
INFO: [Synth 8-7129] Port gen_v1bp_start[8] in module tc_generator is either unconnected or has no load
INFO: [Synth 8-7129] Port gen_v1bp_start[7] in module tc_generator is either unconnected or has no load
INFO: [Synth 8-7129] Port gen_v1bp_start[6] in module tc_generator is either unconnected or has no load
INFO: [Synth 8-7129] Port gen_v1bp_start[5] in module tc_generator is either unconnected or has no load
INFO: [Synth 8-7129] Port gen_v1bp_start[4] in module tc_generator is either unconnected or has no load
INFO: [Synth 8-7129] Port gen_v1bp_start[3] in module tc_generator is either unconnected or has no load
INFO: [Synth 8-7129] Port gen_v1bp_start[2] in module tc_generator is either unconnected or has no load
INFO: [Synth 8-7129] Port gen_v1bp_start[1] in module tc_generator is either unconnected or has no load
INFO: [Synth 8-7129] Port gen_v1bp_start[0] in module tc_generator is either unconnected or has no load
INFO: [Synth 8-7129] Port gen_v1active_start[11] in module tc_generator is either unconnected or has no load
INFO: [Synth 8-7129] Port gen_v1active_start[10] in module tc_generator is either unconnected or has no load
INFO: [Synth 8-7129] Port gen_v1active_start[9] in module tc_generator is either unconnected or has no load
INFO: [Synth 8-7129] Port gen_v1active_start[8] in module tc_generator is either unconnected or has no load
INFO: [Synth 8-7129] Port gen_v1active_start[7] in module tc_generator is either unconnected or has no load
INFO: [Synth 8-7129] Port gen_v1active_start[6] in module tc_generator is either unconnected or has no load
INFO: [Synth 8-7129] Port gen_v1active_start[5] in module tc_generator is either unconnected or has no load
INFO: [Synth 8-7129] Port gen_v1active_start[4] in module tc_generator is either unconnected or has no load
INFO: [Synth 8-7129] Port gen_v1active_start[3] in module tc_generator is either unconnected or has no load
INFO: [Synth 8-7129] Port gen_v1active_start[2] in module tc_generator is either unconnected or has no load
INFO: [Synth 8-7129] Port gen_v1active_start[1] in module tc_generator is either unconnected or has no load
INFO: [Synth 8-7129] Port gen_v1active_start[0] in module tc_generator is either unconnected or has no load
INFO: [Synth 8-7129] Port gen_v1chroma_start[11] in module tc_generator is either unconnected or has no load
INFO: [Synth 8-7129] Port gen_v1chroma_start[10] in module tc_generator is either unconnected or has no load
INFO: [Synth 8-7129] Port gen_v1chroma_start[9] in module tc_generator is either unconnected or has no load
INFO: [Synth 8-7129] Port gen_v1chroma_start[8] in module tc_generator is either unconnected or has no load
INFO: [Synth 8-7129] Port gen_v1chroma_start[7] in module tc_generator is either unconnected or has no load
INFO: [Synth 8-7129] Port gen_v1chroma_start[6] in module tc_generator is either unconnected or has no load
INFO: [Synth 8-7129] Port gen_v1chroma_start[5] in module tc_generator is either unconnected or has no load
INFO: [Synth 8-7129] Port gen_v1chroma_start[4] in module tc_generator is either unconnected or has no load
INFO: [Synth 8-7129] Port gen_v1chroma_start[3] in module tc_generator is either unconnected or has no load
INFO: [Synth 8-7129] Port gen_v1chroma_start[2] in module tc_generator is either unconnected or has no load
INFO: [Synth 8-7129] Port gen_v1chroma_start[1] in module tc_generator is either unconnected or has no load
INFO: [Synth 8-7129] Port gen_v1chroma_start[0] in module tc_generator is either unconnected or has no load
INFO: [Synth 8-7129] Port gen_v1fp_start_hori[11] in module tc_generator is either unconnected or has no load
INFO: [Synth 8-7129] Port gen_v1fp_start_hori[10] in module tc_generator is either unconnected or has no load
INFO: [Synth 8-7129] Port gen_v1fp_start_hori[9] in module tc_generator is either unconnected or has no load
INFO: [Synth 8-7129] Port gen_v1fp_start_hori[8] in module tc_generator is either unconnected or has no load
INFO: [Synth 8-7129] Port gen_v1fp_start_hori[7] in module tc_generator is either unconnected or has no load
INFO: [Synth 8-7129] Port gen_v1fp_start_hori[6] in module tc_generator is either unconnected or has no load
INFO: [Synth 8-7129] Port gen_v1fp_start_hori[5] in module tc_generator is either unconnected or has no load
INFO: [Synth 8-7129] Port gen_v1fp_start_hori[4] in module tc_generator is either unconnected or has no load
INFO: [Synth 8-7129] Port gen_v1fp_start_hori[3] in module tc_generator is either unconnected or has no load
INFO: [Synth 8-7129] Port gen_v1fp_start_hori[2] in module tc_generator is either unconnected or has no load
INFO: [Synth 8-7129] Port gen_v1fp_start_hori[1] in module tc_generator is either unconnected or has no load
INFO: [Synth 8-7129] Port gen_v1fp_start_hori[0] in module tc_generator is either unconnected or has no load
INFO: [Synth 8-7129] Port gen_v1sync_start_hori[11] in module tc_generator is either unconnected or has no load
INFO: [Synth 8-7129] Port gen_v1sync_start_hori[10] in module tc_generator is either unconnected or has no load
INFO: [Synth 8-7129] Port gen_v1sync_start_hori[9] in module tc_generator is either unconnected or has no load
INFO: [Synth 8-7129] Port gen_v1sync_start_hori[8] in module tc_generator is either unconnected or has no load
INFO: [Common 17-14] Message 'Synth 8-7129' appears 100 times and further instances of the messages will be disabled. Use the Tcl command set_msg_config to change the current settings.
---------------------------------------------------------------------------------
Finished RTL Elaboration : Time (s): cpu = 00:00:08 ; elapsed = 00:00:08 . Memory (MB): peak = 1587.086 ; gain = 679.191
---------------------------------------------------------------------------------
---------------------------------------------------------------------------------
Start Handling Custom Attributes
---------------------------------------------------------------------------------
---------------------------------------------------------------------------------
Finished Handling Custom Attributes : Time (s): cpu = 00:00:08 ; elapsed = 00:00:08 . Memory (MB): peak = 1587.086 ; gain = 679.191
---------------------------------------------------------------------------------
---------------------------------------------------------------------------------
Finished RTL Optimization Phase 1 : Time (s): cpu = 00:00:08 ; elapsed = 00:00:08 . Memory (MB): peak = 1587.086 ; gain = 679.191
---------------------------------------------------------------------------------
Netlist sorting complete. Time (s): cpu = 00:00:00 ; elapsed = 00:00:00.022 . Memory (MB): peak = 1587.086 ; gain = 0.000
INFO: [Project 1-570] Preparing netlist for logic optimization

Processing XDC Constraints
Initializing timing engine
Parsing XDC File [g:/proj/fpga/zynq7020_mlk2/proj/06_ex_linux_QT_Drive_L2_7020/QT_Drive_Appendix/project/soc_prj/soc_prj.gen/sources_1/bd/system/ip/system_v_tc_0_0/system_v_tc_0_0_ooc.xdc] for cell 'U0'
Finished Parsing XDC File [g:/proj/fpga/zynq7020_mlk2/proj/06_ex_linux_QT_Drive_L2_7020/QT_Drive_Appendix/project/soc_prj/soc_prj.gen/sources_1/bd/system/ip/system_v_tc_0_0/system_v_tc_0_0_ooc.xdc] for cell 'U0'
Parsing XDC File [G:/proj/fpga/zynq7020_mlk2/proj/06_ex_linux_QT_Drive_L2_7020/QT_Drive_Appendix/project/soc_prj/soc_prj.runs/system_v_tc_0_0_synth_1/dont_touch.xdc]
Finished Parsing XDC File [G:/proj/fpga/zynq7020_mlk2/proj/06_ex_linux_QT_Drive_L2_7020/QT_Drive_Appendix/project/soc_prj/soc_prj.runs/system_v_tc_0_0_synth_1/dont_touch.xdc]
Parsing XDC File [g:/proj/fpga/zynq7020_mlk2/proj/06_ex_linux_QT_Drive_L2_7020/QT_Drive_Appendix/project/soc_prj/soc_prj.gen/sources_1/bd/system/ip/system_v_tc_0_0/system_v_tc_0_0_clocks.xdc] for cell 'U0'
Finished Parsing XDC File [g:/proj/fpga/zynq7020_mlk2/proj/06_ex_linux_QT_Drive_L2_7020/QT_Drive_Appendix/project/soc_prj/soc_prj.gen/sources_1/bd/system/ip/system_v_tc_0_0/system_v_tc_0_0_clocks.xdc] for cell 'U0'
INFO: [Project 1-236] Implementation specific constraints were found while reading constraint file [D:/Xilinx/2025.2/Vivado/data/ip/xpm/xpm_cdc/tcl/xpm_cdc_single.tcl]. These constraints will be ignored for synthesis but will be used in implementation. Impacted constraints are listed in the file [.Xil/system_v_tc_0_0_propImpl.xdc].
Resolution: To avoid this warning, move constraints listed in [.Xil/system_v_tc_0_0_propImpl.xdc] to another XDC file and exclude this new file from synthesis with the used_in_synthesis property (File Properties dialog in GUI) and re-run elaboration/synthesis.
INFO: [Project 1-1714] 1 XPM XDC files have been applied to the design.
Completed Processing XDC Constraints

Netlist sorting complete. Time (s): cpu = 00:00:00 ; elapsed = 00:00:00.001 . Memory (MB): peak = 1620.164 ; gain = 0.000
INFO: [Project 1-111] Unisim Transformation Summary:
No Unisim elements were transformed.

Constraint Validation Runtime : Time (s): cpu = 00:00:00 ; elapsed = 00:00:00.032 . Memory (MB): peak = 1623.547 ; gain = 3.383
INFO: [Designutils 20-5008] Incremental synthesis strategy off
---------------------------------------------------------------------------------
Finished Constraint Validation : Time (s): cpu = 00:00:17 ; elapsed = 00:00:18 . Memory (MB): peak = 1623.547 ; gain = 715.652
---------------------------------------------------------------------------------
---------------------------------------------------------------------------------
Start Loading Part and Timing Information
---------------------------------------------------------------------------------
Loading part: xc7z020clg484-2
---------------------------------------------------------------------------------
Finished Loading Part and Timing Information : Time (s): cpu = 00:00:17 ; elapsed = 00:00:18 . Memory (MB): peak = 1623.547 ; gain = 715.652
---------------------------------------------------------------------------------
---------------------------------------------------------------------------------
Start Applying 'set_property' XDC Constraints
---------------------------------------------------------------------------------
---------------------------------------------------------------------------------
Finished applying 'set_property' XDC Constraints : Time (s): cpu = 00:00:17 ; elapsed = 00:00:18 . Memory (MB): peak = 1623.547 ; gain = 715.652
---------------------------------------------------------------------------------
---------------------------------------------------------------------------------
Finished RTL Optimization Phase 2 : Time (s): cpu = 00:00:17 ; elapsed = 00:00:18 . Memory (MB): peak = 1623.547 ; gain = 715.652
---------------------------------------------------------------------------------
---------------------------------------------------------------------------------
Start RTL Component Statistics 
---------------------------------------------------------------------------------
Detailed RTL Component Info : 
+---Adders : 
	   2 Input   12 Bit       Adders := 3     
	   3 Input   12 Bit       Adders := 1     
	   2 Input    1 Bit       Adders := 1     
+---XORs : 
	   2 Input      1 Bit         XORs := 7     
+---Registers : 
	               32 Bit    Registers := 1     
	               17 Bit    Registers := 1     
	               12 Bit    Registers := 18    
	                7 Bit    Registers := 1     
	                4 Bit    Registers := 2     
	                3 Bit    Registers := 1     
	                2 Bit    Registers := 2     
	                1 Bit    Registers := 36    
+---Muxes : 
	   2 Input   32 Bit        Muxes := 7     
	   2 Input   17 Bit        Muxes := 1     
	   2 Input   12 Bit        Muxes := 15    
	   3 Input   12 Bit        Muxes := 1     
	   2 Input    2 Bit        Muxes := 1     
	   2 Input    1 Bit        Muxes := 56    
	   5 Input    1 Bit        Muxes := 1     
---------------------------------------------------------------------------------
Finished RTL Component Statistics 
---------------------------------------------------------------------------------
---------------------------------------------------------------------------------
Start Part Resource Summary
---------------------------------------------------------------------------------
Part Resources:
DSPs: 220 (col length:60)
BRAMs: 280 (col length: RAMB18 60 RAMB36 30)
---------------------------------------------------------------------------------
Finished Part Resource Summary
---------------------------------------------------------------------------------
---------------------------------------------------------------------------------
Start Cross Boundary and Area Optimization
---------------------------------------------------------------------------------
---------------------------------------------------------------------------------
Finished Cross Boundary and Area Optimization : Time (s): cpu = 00:00:20 ; elapsed = 00:00:21 . Memory (MB): peak = 1641.758 ; gain = 733.863
---------------------------------------------------------------------------------
---------------------------------------------------------------------------------
Start Applying XDC Timing Constraints
---------------------------------------------------------------------------------
---------------------------------------------------------------------------------
Finished Applying XDC Timing Constraints : Time (s): cpu = 00:00:25 ; elapsed = 00:00:27 . Memory (MB): peak = 1777.398 ; gain = 869.504
---------------------------------------------------------------------------------
---------------------------------------------------------------------------------
Start Timing Optimization
---------------------------------------------------------------------------------
---------------------------------------------------------------------------------
Finished Timing Optimization : Time (s): cpu = 00:00:26 ; elapsed = 00:00:27 . Memory (MB): peak = 1818.082 ; gain = 910.188
---------------------------------------------------------------------------------
---------------------------------------------------------------------------------
Start Technology Mapping
---------------------------------------------------------------------------------
---------------------------------------------------------------------------------
Finished Technology Mapping : Time (s): cpu = 00:00:26 ; elapsed = 00:00:28 . Memory (MB): peak = 1818.602 ; gain = 910.707
---------------------------------------------------------------------------------
---------------------------------------------------------------------------------
Start IO Insertion
---------------------------------------------------------------------------------
---------------------------------------------------------------------------------
Start Flattening Before IO Insertion
---------------------------------------------------------------------------------
---------------------------------------------------------------------------------
Finished Flattening Before IO Insertion
---------------------------------------------------------------------------------
---------------------------------------------------------------------------------
Start Final Netlist Cleanup
---------------------------------------------------------------------------------
---------------------------------------------------------------------------------
Finished Final Netlist Cleanup
---------------------------------------------------------------------------------
---------------------------------------------------------------------------------
Finished IO Insertion : Time (s): cpu = 00:00:29 ; elapsed = 00:00:31 . Memory (MB): peak = 2044.121 ; gain = 1136.227
---------------------------------------------------------------------------------
---------------------------------------------------------------------------------
Start Renaming Generated Instances
---------------------------------------------------------------------------------
---------------------------------------------------------------------------------
Finished Renaming Generated Instances : Time (s): cpu = 00:00:29 ; elapsed = 00:00:31 . Memory (MB): peak = 2044.121 ; gain = 1136.227
---------------------------------------------------------------------------------
---------------------------------------------------------------------------------
Start Rebuilding User Hierarchy
---------------------------------------------------------------------------------
---------------------------------------------------------------------------------
Finished Rebuilding User Hierarchy : Time (s): cpu = 00:00:29 ; elapsed = 00:00:31 . Memory (MB): peak = 2044.121 ; gain = 1136.227
---------------------------------------------------------------------------------
---------------------------------------------------------------------------------
Start Renaming Generated Ports
---------------------------------------------------------------------------------
---------------------------------------------------------------------------------
Finished Renaming Generated Ports : Time (s): cpu = 00:00:29 ; elapsed = 00:00:31 . Memory (MB): peak = 2044.121 ; gain = 1136.227
---------------------------------------------------------------------------------
---------------------------------------------------------------------------------
Start Handling Custom Attributes
---------------------------------------------------------------------------------
---------------------------------------------------------------------------------
Finished Handling Custom Attributes : Time (s): cpu = 00:00:29 ; elapsed = 00:00:31 . Memory (MB): peak = 2044.121 ; gain = 1136.227
---------------------------------------------------------------------------------
---------------------------------------------------------------------------------
Start Renaming Generated Nets
---------------------------------------------------------------------------------
---------------------------------------------------------------------------------
Finished Renaming Generated Nets : Time (s): cpu = 00:00:29 ; elapsed = 00:00:31 . Memory (MB): peak = 2044.121 ; gain = 1136.227
---------------------------------------------------------------------------------
---------------------------------------------------------------------------------
Start ROM, RAM, DSP, Shift Register and Retiming Reporting
---------------------------------------------------------------------------------

Static Shift Register Report:
+------------+-------------------------------+--------+-------+--------------+--------------------+-------------------+--------+---------+
|Module Name | RTL Name                      | Length | Width | Reset Signal | Pull out first Reg | Pull out last Reg | SRL16E | SRLC32E | 
+------------+-------------------------------+--------+-------+--------------+--------------------+-------------------+--------+---------+
|v_tc        | U_TC_TOP/detect_en_d_reg[3]   | 4      | 1     | YES          | NO                 | YES               | 1      | 0       | 
|v_tc        | U_TC_TOP/generate_en_d_reg[3] | 4      | 1     | YES          | NO                 | YES               | 1      | 0       | 
+------------+-------------------------------+--------+-------+--------------+--------------------+-------------------+--------+---------+

---------------------------------------------------------------------------------
Finished ROM, RAM, DSP, Shift Register and Retiming Reporting
---------------------------------------------------------------------------------
---------------------------------------------------------------------------------
Start Writing Synthesis Report
---------------------------------------------------------------------------------

Report BlackBoxes: 
+-+--------------+----------+
| |BlackBox name |Instances |
+-+--------------+----------+
+-+--------------+----------+

Report Cell Usage: 
+------+-------+------+
|      |Cell   |Count |
+------+-------+------+
|1     |CARRY4 |    45|
|2     |LUT1   |    37|
|3     |LUT2   |    46|
|4     |LUT3   |    15|
|5     |LUT4   |    19|
|6     |LUT5   |     9|
|7     |LUT6   |    88|
|8     |SRL16E |     2|
|9     |FDRE   |   227|
|10    |FDSE   |    16|
+------+-------+------+
---------------------------------------------------------------------------------
Finished Writing Synthesis Report : Time (s): cpu = 00:00:29 ; elapsed = 00:00:31 . Memory (MB): peak = 2044.121 ; gain = 1136.227
---------------------------------------------------------------------------------
Synthesis finished with 0 errors, 0 critical warnings and 0 warnings.
Synthesis Optimization Runtime : Time (s): cpu = 00:00:19 ; elapsed = 00:00:29 . Memory (MB): peak = 2044.121 ; gain = 1099.766
Synthesis Optimization Complete : Time (s): cpu = 00:00:30 ; elapsed = 00:00:31 . Memory (MB): peak = 2044.121 ; gain = 1136.227
INFO: [Project 1-571] Translating synthesized netlist
Netlist sorting complete. Time (s): cpu = 00:00:00 ; elapsed = 00:00:00.020 . Memory (MB): peak = 2053.238 ; gain = 0.000
INFO: [Netlist 29-17] Analyzing 45 Unisim elements for replacement
INFO: [Netlist 29-28] Unisim Transformation completed in 0 CPU seconds
INFO: [Project 1-570] Preparing netlist for logic optimization
INFO: [Opt 31-138] Pushed 0 inverter(s) to 0 load pin(s).
Netlist sorting complete. Time (s): cpu = 00:00:00 ; elapsed = 00:00:00 . Memory (MB): peak = 2056.895 ; gain = 0.000
INFO: [Project 1-111] Unisim Transformation Summary:
No Unisim elements were transformed.

Synth Design complete | Checksum: 5a8257eb
INFO: [Common 17-83] Releasing license: Synthesis
126 Infos, 1 Warnings, 0 Critical Warnings and 0 Errors encountered.
synth_design completed successfully
synth_design: Time (s): cpu = 00:00:32 ; elapsed = 00:00:36 . Memory (MB): peak = 2056.895 ; gain = 1377.426
Write ShapeDB Complete: Time (s): cpu = 00:00:00 ; elapsed = 00:00:00.001 . Memory (MB): peak = 2056.895 ; gain = 0.000
INFO: [Common 17-1381] The checkpoint 'G:/proj/fpga/zynq7020_mlk2/proj/06_ex_linux_QT_Drive_L2_7020/QT_Drive_Appendix/project/soc_prj/soc_prj.runs/system_v_tc_0_0_synth_1/system_v_tc_0_0.dcp' has been generated.
INFO: [Coretcl 2-1648] Added synthesis output to IP cache for IP system_v_tc_0_0, cache-ID = 161e67db1e5e938e
INFO: [Coretcl 2-1174] Renamed 5 cell refs.
Write ShapeDB Complete: Time (s): cpu = 00:00:00 ; elapsed = 00:00:00.001 . Memory (MB): peak = 2056.895 ; gain = 0.000
INFO: [Common 17-1381] The checkpoint 'G:/proj/fpga/zynq7020_mlk2/proj/06_ex_linux_QT_Drive_L2_7020/QT_Drive_Appendix/project/soc_prj/soc_prj.runs/system_v_tc_0_0_synth_1/system_v_tc_0_0.dcp' has been generated.
INFO: [Vivado 12-24828] Executing command : report_utilization -file system_v_tc_0_0_utilization_synth.rpt -pb system_v_tc_0_0_utilization_synth.pb
INFO: [Common 17-206] Exiting Vivado at Thu Feb 19 11:24:49 2026...
