#-----------------------------------------------------------
# Vivado v2021.1 (64-bit)
# SW Build 3247384 on Thu Jun 10 19:36:33 MDT 2021
# IP Build 3246043 on Fri Jun 11 00:30:35 MDT 2021
# Start of session at: Thu Aug 28 17:52:18 2025
# Process ID: 1593228
# Current directory: I:/ISP_1x/ISP_4x/ui_image_correction
# Command line: vivado.exe -gui_launcher_event rodinguilauncherevent1593040 I:\ISP_1x\ISP_4x\ui_image_correction\ui_image_correction.xpr
# Log file: I:/ISP_1x/ISP_4x/ui_image_correction/vivado.log
# Journal file: I:/ISP_1x/ISP_4x/ui_image_correction\vivado.jou
#-----------------------------------------------------------
start_gui
open_project I:/ISP_1x/ISP_4x/ui_image_correction/ui_image_correction.xpr
WARNING: [filemgmt 56-3] IP Repository Path: Could not find the directory 'I:/ISP_1x/ISP_4x/ip_repo'.
WARNING: [filemgmt 56-3] Default IP Output Path : Could not find the directory 'I:/ISP_1x/ISP_4x/ui_image_correction/ui_image_correction.gen/sources_1'.
Scanning sources...
Finished scanning sources
INFO: [IP_Flow 19-234] Refreshing IP repositories
INFO: [IP_Flow 19-1700] Loaded user IP repository 'i:/ISP_1x/ISP_4x/ui_image_correction'.
INFO: [IP_Flow 19-1700] Loaded user IP repository 'i:/ISP_1x/ISP_4x/image correction'.
WARNING: [IP_Flow 19-2248] Failed to load user IP repository 'i:/ISP_1x/ISP_4x/ip_repo'; Can't find the specified path.
If this directory should no longer be in your list of user repositories, go to the IP Settings dialog and remove it.
INFO: [IP_Flow 19-2313] Loaded Vivado IP repository 'D:/xilinx/vivado/2021.1/data/ip'.
open_project: Time (s): cpu = 00:00:08 ; elapsed = 00:00:07 . Memory (MB): peak = 1281.035 ; gain = 0.000
update_compile_order -fileset sources_1
ipx::open_ipxact_file I:/ISP_1x/ISP_4x/ui_image_correction/component.xml
WARNING: [IP_Flow 19-5226] Project source file 'i:/ISP_1x/ISP_4x/ui_image_correction/component.xml' ignored by IP packager.
WARNING: [IP_Flow 19-3898] File Group 'xilinx_anylanguagesynthesis (Synthesis)': File 'i:/ISP_1x/ISP_4x/ui_image_correction/image_correction.v' is not found in the project sources. It will be removed from the packaged IP when the sources are merged. If still required, please add this file to the project and re-package.
WARNING: [IP_Flow 19-4308] Project file 'i:/ISP_1x/ISP_4x/ui_image_correction/src/image_correction.v' is not found in the component files. It will be added automatically when merging sources and repackaging. Please remove the file from the source project if this is not desired.
WARNING: [IP_Flow 19-3898] File Group 'xilinx_anylanguagebehavioralsimulation (Simulation)': File 'i:/ISP_1x/ISP_4x/ui_image_correction/image_correction.v' is not found in the project sources. It will be removed from the packaged IP when the sources are merged. If still required, please add this file to the project and re-package.
WARNING: [IP_Flow 19-4308] Project file 'i:/ISP_1x/ISP_4x/ui_image_correction/src/image_correction.v' is not found in the component files. It will be added automatically when merging sources and repackaging. Please remove the file from the source project if this is not desired.
WARNING: [IP_Flow 19-3898] File Group 'xilinx_testbench (Test Bench)': File 'i:/ISP_1x/ISP_4x/ui_image_correction/src/picture_tb.v' is not found in the project sources. It will be removed from the packaged IP when the sources are merged. If still required, please add this file to the project and re-package.
ipx::merge_project_changes hdl_parameters [ipx::current_core]
WARNING: [IP_Flow 19-5226] Project source file 'i:/ISP_1x/ISP_4x/ui_image_correction/component.xml' ignored by IP packager.
ipx::associate_bus_interfaces -busif M_AXI_Stream -clock I_clk [ipx::current_core]
INFO: [IP_Flow 19-4728] Bus Interface 'I_clk': Added interface parameter 'ASSOCIATED_BUSIF' with value 'M_AXI_Stream'.
ipx::associate_bus_interfaces -busif S_AXI_Stream -clock I_clk [ipx::current_core]
set_property core_revision 2 [ipx::current_core]
ipx::create_xgui_files [ipx::current_core]
ipx::update_checksums [ipx::current_core]
ipx::check_integrity [ipx::current_core]
WARNING: [IP_Flow 19-5905] All packaged files should be located below the IP definition file (xml)
WARNING: [IP_Flow 19-3157] Bus Interface 'I_rst_n': Bus parameter POLARITY is ACTIVE_LOW but port 'I_rst_n' is not *resetn - please double check the POLARITY setting.
INFO: [IP_Flow 19-2181] Payment Required is not set for this core.
INFO: [IP_Flow 19-2187] The Product Guide file is missing.
INFO: [Ipptcl 7-1486] check_integrity: Integrity check passed.
ipx::save_core [ipx::current_core]
update_ip_catalog -rebuild -repo_path i:/ISP_1x/ISP_4x/ui_image_correction
INFO: [IP_Flow 19-725] Reloaded user IP repository 'i:/ISP_1x/ISP_4x/ui_image_correction'
exit
INFO: [Common 17-206] Exiting Vivado at Thu Aug 28 18:00:05 2025...
