
*** Running vivado
    with args -log system_uifdma_dbuf_0_0.vds -m64 -product Vivado -mode batch -messageDb vivado.pb -notrace -source system_uifdma_dbuf_0_0.tcl



****** Vivado v2025.2 (64-bit)
  **** SW Build 6299465 on Fri Nov 14 19:35:11 GMT 2025
  **** IP Build 6300035 on Fri Nov 14 10:48:45 MST 2025
  **** SharedData Build 6298862 on Thu Nov 13 04:50:51 MST 2025
  **** Start of session at: Thu Feb 19 20:23:21 2026
    ** Copyright 1986-2022 Xilinx, Inc. All Rights Reserved.
    ** Copyright 2022-2025 Advanced Micro Devices, Inc. All Rights Reserved.

source system_uifdma_dbuf_0_0.tcl -notrace
INFO: [IP_Flow 19-234] Refreshing IP repositories
WARNING: [IP_Flow 19-1694] Ignoring duplicate Bus Definition IP file 'xilinx.com:user:FDMA:1.0' found within IP repository 'g:/proj/fpga/zynq7020_mlk2/proj/linux_QT/QT/project/soc_prj'.
File in use: g:/proj/fpga/zynq7020_mlk2/proj/linux_QT/QT/project/soc_prj/uisrc/ip/uifdma/milianke_ip_uifdma/FDMA.xml
File ignored: g:/proj/fpga/zynq7020_mlk2/proj/linux_QT/QT/project/soc_prj/uisrc/ip/uifdmadbuf/FDMA.xml
WARNING: [IP_Flow 19-1694] Ignoring duplicate Bus Abstraction IP file 'xilinx.com:user:FDMA_rtl:1.0' found within IP repository 'g:/proj/fpga/zynq7020_mlk2/proj/linux_QT/QT/project/soc_prj'.
File in use: g:/proj/fpga/zynq7020_mlk2/proj/linux_QT/QT/project/soc_prj/uisrc/ip/uifdma/milianke_ip_uifdma/FDMA_rtl.xml
File ignored: g:/proj/fpga/zynq7020_mlk2/proj/linux_QT/QT/project/soc_prj/uisrc/ip/uifdmadbuf/FDMA_rtl.xml
INFO: [IP_Flow 19-1700] Loaded user IP repository 'g:/proj/fpga/zynq7020_mlk2/proj/linux_QT/QT/project/soc_prj'.
WARNING: [IP_Flow 19-3656] If you move the project, the path for repository 'g:/proj/fpga/zynq7020_mlk2/proj/linux_QT/QT/project/soc_prj' may become invalid. A better location for the repository would be in a path adjacent to the project. (Current project location is 'g:/proj/fpga/zynq7020_mlk2/proj/linux_QT/QT/project/soc_prj/soc_prj.runs/system_uifdma_dbuf_0_0_synth_1'.)
INFO: [IP_Flow 19-2313] Loaded Vivado IP repository 'D:/Xilinx/2025.2/Vivado/data/ip'.
Command: synth_design -top system_uifdma_dbuf_0_0 -part xc7z020clg484-2 -incremental_mode off -mode out_of_context
Starting synth_design
Attempting to get a license for feature 'Synthesis' and/or device 'xc7z020'
INFO: [Common 17-349] Got license for feature 'Synthesis' and/or device 'xc7z020'
INFO: [Device 21-403] Loading part xc7z020clg484-2
INFO: [Synth 8-7079] Multithreading enabled for synth_design using a maximum of 2 processes.
INFO: [Synth 8-7078] Launching helper process for spawning children vivado processes
INFO: [Synth 8-7075] Helper process launched with PID 32580
---------------------------------------------------------------------------------
Starting RTL Elaboration : Time (s): cpu = 00:00:03 ; elapsed = 00:00:04 . Memory (MB): peak = 1449.418 ; gain = 540.070
---------------------------------------------------------------------------------
INFO: [Synth 8-11241] undeclared symbol 'W_rbusy', assumed default net type 'wire' [g:/proj/fpga/zynq7020_mlk2/proj/linux_QT/QT/project/soc_prj/soc_prj.gen/sources_1/bd/system/ipshared/0508/uidbuf.v:423]
INFO: [Synth 8-11241] undeclared symbol 'R_wbusy', assumed default net type 'wire' [g:/proj/fpga/zynq7020_mlk2/proj/linux_QT/QT/project/soc_prj/soc_prj.gen/sources_1/bd/system/ipshared/0508/uidbuf.v:633]
INFO: [Synth 8-6157] synthesizing module 'system_uifdma_dbuf_0_0' [g:/proj/fpga/zynq7020_mlk2/proj/linux_QT/QT/project/soc_prj/soc_prj.gen/sources_1/bd/system/ip/system_uifdma_dbuf_0_0/synth/system_uifdma_dbuf_0_0.v:53]
INFO: [Synth 8-6157] synthesizing module 'uifdma_dbuf' [g:/proj/fpga/zynq7020_mlk2/proj/linux_QT/QT/project/soc_prj/soc_prj.gen/sources_1/bd/system/ipshared/0508/uifdma_dbuf.v:40]
INFO: [Synth 8-6157] synthesizing module 'uidbuf' [g:/proj/fpga/zynq7020_mlk2/proj/linux_QT/QT/project/soc_prj/soc_prj.gen/sources_1/bd/system/ipshared/0508/uidbuf.v:47]
INFO: [Synth 8-226] default block is never used [g:/proj/fpga/zynq7020_mlk2/proj/linux_QT/QT/project/soc_prj/soc_prj.gen/sources_1/bd/system/ipshared/0508/uidbuf.v:246]
INFO: [Synth 8-6157] synthesizing module 'xpm_fifo_async' [D:/Xilinx/2025.2/Vivado/data/ip/xpm/xpm_fifo/hdl/xpm_fifo.sv:2173]
INFO: [Synth 8-6157] synthesizing module 'xpm_fifo_base' [D:/Xilinx/2025.2/Vivado/data/ip/xpm/xpm_fifo/hdl/xpm_fifo.sv:53]
INFO: [Synth 8-6157] synthesizing module 'xpm_memory_base' [D:/Xilinx/2025.2/Vivado/data/ip/xpm/xpm_memory/hdl/xpm_memory.sv:54]
INFO: [Synth 8-6059] Synth Info: [XPM_MEMORY 20-1] MEMORY_PRIMITIVE (0) instructs Vivado Synthesis to choose the memory primitive type. Depending on their values, other XPM_MEMORY parameters may preclude the choice of certain memory primitive types. Review XPM_MEMORY documentation and parameter values to understand any limitations, or set MEMORY_PRIMITIVE to a different value.   [D:/Xilinx/2025.2/Vivado/data/ip/xpm/xpm_memory/hdl/xpm_memory.sv:522]
INFO: [Synth 8-6155] done synthesizing module 'xpm_memory_base' (0#1) [D:/Xilinx/2025.2/Vivado/data/ip/xpm/xpm_memory/hdl/xpm_memory.sv:54]
INFO: [Synth 8-6157] synthesizing module 'xpm_cdc_gray' [D:/Xilinx/2025.2/Vivado/data/ip/xpm/xpm_cdc/hdl/xpm_cdc.sv:283]
INFO: [Synth 8-6155] done synthesizing module 'xpm_cdc_gray' (0#1) [D:/Xilinx/2025.2/Vivado/data/ip/xpm/xpm_cdc/hdl/xpm_cdc.sv:283]
INFO: [Synth 8-6157] synthesizing module 'xpm_fifo_reg_vec' [D:/Xilinx/2025.2/Vivado/data/ip/xpm/xpm_fifo/hdl/xpm_fifo.sv:1905]
INFO: [Synth 8-6155] done synthesizing module 'xpm_fifo_reg_vec' (0#1) [D:/Xilinx/2025.2/Vivado/data/ip/xpm/xpm_fifo/hdl/xpm_fifo.sv:1905]
INFO: [Synth 8-6157] synthesizing module 'xpm_cdc_gray__parameterized0' [D:/Xilinx/2025.2/Vivado/data/ip/xpm/xpm_cdc/hdl/xpm_cdc.sv:283]
INFO: [Synth 8-6155] done synthesizing module 'xpm_cdc_gray__parameterized0' (0#1) [D:/Xilinx/2025.2/Vivado/data/ip/xpm/xpm_cdc/hdl/xpm_cdc.sv:283]
INFO: [Synth 8-6157] synthesizing module 'xpm_fifo_reg_vec__parameterized0' [D:/Xilinx/2025.2/Vivado/data/ip/xpm/xpm_fifo/hdl/xpm_fifo.sv:1905]
INFO: [Synth 8-6155] done synthesizing module 'xpm_fifo_reg_vec__parameterized0' (0#1) [D:/Xilinx/2025.2/Vivado/data/ip/xpm/xpm_fifo/hdl/xpm_fifo.sv:1905]
INFO: [Synth 8-6157] synthesizing module 'xpm_cdc_gray__parameterized1' [D:/Xilinx/2025.2/Vivado/data/ip/xpm/xpm_cdc/hdl/xpm_cdc.sv:283]
INFO: [Synth 8-6155] done synthesizing module 'xpm_cdc_gray__parameterized1' (0#1) [D:/Xilinx/2025.2/Vivado/data/ip/xpm/xpm_cdc/hdl/xpm_cdc.sv:283]
INFO: [Synth 8-226] default block is never used [D:/Xilinx/2025.2/Vivado/data/ip/xpm/xpm_fifo/hdl/xpm_fifo.sv:1220]
INFO: [Synth 8-226] default block is never used [D:/Xilinx/2025.2/Vivado/data/ip/xpm/xpm_fifo/hdl/xpm_fifo.sv:1287]
INFO: [Synth 8-226] default block is never used [D:/Xilinx/2025.2/Vivado/data/ip/xpm/xpm_fifo/hdl/xpm_fifo.sv:1309]
INFO: [Synth 8-6157] synthesizing module 'xpm_fifo_reg_bit' [D:/Xilinx/2025.2/Vivado/data/ip/xpm/xpm_fifo/hdl/xpm_fifo.sv:1927]
INFO: [Synth 8-6155] done synthesizing module 'xpm_fifo_reg_bit' (0#1) [D:/Xilinx/2025.2/Vivado/data/ip/xpm/xpm_fifo/hdl/xpm_fifo.sv:1927]
INFO: [Synth 8-6157] synthesizing module 'xpm_counter_updn' [D:/Xilinx/2025.2/Vivado/data/ip/xpm/xpm_fifo/hdl/xpm_fifo.sv:1879]
INFO: [Synth 8-6155] done synthesizing module 'xpm_counter_updn' (0#1) [D:/Xilinx/2025.2/Vivado/data/ip/xpm/xpm_fifo/hdl/xpm_fifo.sv:1879]
INFO: [Synth 8-6157] synthesizing module 'xpm_fifo_rst' [D:/Xilinx/2025.2/Vivado/data/ip/xpm/xpm_fifo/hdl/xpm_fifo.sv:1639]
INFO: [Synth 8-6157] synthesizing module 'xpm_cdc_sync_rst' [D:/Xilinx/2025.2/Vivado/data/ip/xpm/xpm_cdc/hdl/xpm_cdc.sv:1059]
INFO: [Synth 8-6155] done synthesizing module 'xpm_cdc_sync_rst' (0#1) [D:/Xilinx/2025.2/Vivado/data/ip/xpm/xpm_cdc/hdl/xpm_cdc.sv:1059]
INFO: [Synth 8-6155] done synthesizing module 'xpm_fifo_rst' (0#1) [D:/Xilinx/2025.2/Vivado/data/ip/xpm/xpm_fifo/hdl/xpm_fifo.sv:1639]
INFO: [Synth 8-6157] synthesizing module 'xpm_counter_updn__parameterized0' [D:/Xilinx/2025.2/Vivado/data/ip/xpm/xpm_fifo/hdl/xpm_fifo.sv:1879]
INFO: [Synth 8-6155] done synthesizing module 'xpm_counter_updn__parameterized0' (0#1) [D:/Xilinx/2025.2/Vivado/data/ip/xpm/xpm_fifo/hdl/xpm_fifo.sv:1879]
INFO: [Synth 8-6157] synthesizing module 'xpm_counter_updn__parameterized1' [D:/Xilinx/2025.2/Vivado/data/ip/xpm/xpm_fifo/hdl/xpm_fifo.sv:1879]
INFO: [Synth 8-6155] done synthesizing module 'xpm_counter_updn__parameterized1' (0#1) [D:/Xilinx/2025.2/Vivado/data/ip/xpm/xpm_fifo/hdl/xpm_fifo.sv:1879]
INFO: [Synth 8-6157] synthesizing module 'xpm_counter_updn__parameterized2' [D:/Xilinx/2025.2/Vivado/data/ip/xpm/xpm_fifo/hdl/xpm_fifo.sv:1879]
INFO: [Synth 8-6155] done synthesizing module 'xpm_counter_updn__parameterized2' (0#1) [D:/Xilinx/2025.2/Vivado/data/ip/xpm/xpm_fifo/hdl/xpm_fifo.sv:1879]
INFO: [Synth 8-6155] done synthesizing module 'xpm_fifo_base' (0#1) [D:/Xilinx/2025.2/Vivado/data/ip/xpm/xpm_fifo/hdl/xpm_fifo.sv:53]
INFO: [Synth 8-6155] done synthesizing module 'xpm_fifo_async' (0#1) [D:/Xilinx/2025.2/Vivado/data/ip/xpm/xpm_fifo/hdl/xpm_fifo.sv:2173]
INFO: [Synth 8-226] default block is never used [g:/proj/fpga/zynq7020_mlk2/proj/linux_QT/QT/project/soc_prj/soc_prj.gen/sources_1/bd/system/ipshared/0508/uidbuf.v:494]
INFO: [Synth 8-6157] synthesizing module 'xpm_fifo_async__parameterized0' [D:/Xilinx/2025.2/Vivado/data/ip/xpm/xpm_fifo/hdl/xpm_fifo.sv:2173]
INFO: [Synth 8-6157] synthesizing module 'xpm_fifo_base__parameterized0' [D:/Xilinx/2025.2/Vivado/data/ip/xpm/xpm_fifo/hdl/xpm_fifo.sv:53]
INFO: [Synth 8-6157] synthesizing module 'xpm_memory_base__parameterized0' [D:/Xilinx/2025.2/Vivado/data/ip/xpm/xpm_memory/hdl/xpm_memory.sv:54]
INFO: [Synth 8-6059] Synth Info: [XPM_MEMORY 20-1] MEMORY_PRIMITIVE (0) instructs Vivado Synthesis to choose the memory primitive type. Depending on their values, other XPM_MEMORY parameters may preclude the choice of certain memory primitive types. Review XPM_MEMORY documentation and parameter values to understand any limitations, or set MEMORY_PRIMITIVE to a different value.   [D:/Xilinx/2025.2/Vivado/data/ip/xpm/xpm_memory/hdl/xpm_memory.sv:522]
INFO: [Synth 8-6155] done synthesizing module 'xpm_memory_base__parameterized0' (0#1) [D:/Xilinx/2025.2/Vivado/data/ip/xpm/xpm_memory/hdl/xpm_memory.sv:54]
INFO: [Synth 8-6157] synthesizing module 'xpm_cdc_gray__parameterized2' [D:/Xilinx/2025.2/Vivado/data/ip/xpm/xpm_cdc/hdl/xpm_cdc.sv:283]
INFO: [Synth 8-6155] done synthesizing module 'xpm_cdc_gray__parameterized2' (0#1) [D:/Xilinx/2025.2/Vivado/data/ip/xpm/xpm_cdc/hdl/xpm_cdc.sv:283]
INFO: [Synth 8-6157] synthesizing module 'xpm_fifo_reg_vec__parameterized1' [D:/Xilinx/2025.2/Vivado/data/ip/xpm/xpm_fifo/hdl/xpm_fifo.sv:1905]
INFO: [Synth 8-6155] done synthesizing module 'xpm_fifo_reg_vec__parameterized1' (0#1) [D:/Xilinx/2025.2/Vivado/data/ip/xpm/xpm_fifo/hdl/xpm_fifo.sv:1905]
INFO: [Synth 8-6157] synthesizing module 'xpm_cdc_gray__parameterized3' [D:/Xilinx/2025.2/Vivado/data/ip/xpm/xpm_cdc/hdl/xpm_cdc.sv:283]
INFO: [Synth 8-6155] done synthesizing module 'xpm_cdc_gray__parameterized3' (0#1) [D:/Xilinx/2025.2/Vivado/data/ip/xpm/xpm_cdc/hdl/xpm_cdc.sv:283]
INFO: [Synth 8-6157] synthesizing module 'xpm_fifo_reg_vec__parameterized2' [D:/Xilinx/2025.2/Vivado/data/ip/xpm/xpm_fifo/hdl/xpm_fifo.sv:1905]
INFO: [Synth 8-6155] done synthesizing module 'xpm_fifo_reg_vec__parameterized2' (0#1) [D:/Xilinx/2025.2/Vivado/data/ip/xpm/xpm_fifo/hdl/xpm_fifo.sv:1905]
INFO: [Synth 8-6157] synthesizing module 'xpm_cdc_gray__parameterized4' [D:/Xilinx/2025.2/Vivado/data/ip/xpm/xpm_cdc/hdl/xpm_cdc.sv:283]
INFO: [Synth 8-6155] done synthesizing module 'xpm_cdc_gray__parameterized4' (0#1) [D:/Xilinx/2025.2/Vivado/data/ip/xpm/xpm_cdc/hdl/xpm_cdc.sv:283]
INFO: [Synth 8-6157] synthesizing module 'xpm_fifo_reg_vec__parameterized3' [D:/Xilinx/2025.2/Vivado/data/ip/xpm/xpm_fifo/hdl/xpm_fifo.sv:1905]
INFO: [Synth 8-6155] done synthesizing module 'xpm_fifo_reg_vec__parameterized3' (0#1) [D:/Xilinx/2025.2/Vivado/data/ip/xpm/xpm_fifo/hdl/xpm_fifo.sv:1905]
INFO: [Synth 8-6157] synthesizing module 'xpm_cdc_gray__parameterized5' [D:/Xilinx/2025.2/Vivado/data/ip/xpm/xpm_cdc/hdl/xpm_cdc.sv:283]
INFO: [Synth 8-6155] done synthesizing module 'xpm_cdc_gray__parameterized5' (0#1) [D:/Xilinx/2025.2/Vivado/data/ip/xpm/xpm_cdc/hdl/xpm_cdc.sv:283]
INFO: [Synth 8-6157] synthesizing module 'xpm_fifo_reg_vec__parameterized4' [D:/Xilinx/2025.2/Vivado/data/ip/xpm/xpm_fifo/hdl/xpm_fifo.sv:1905]
INFO: [Synth 8-6155] done synthesizing module 'xpm_fifo_reg_vec__parameterized4' (0#1) [D:/Xilinx/2025.2/Vivado/data/ip/xpm/xpm_fifo/hdl/xpm_fifo.sv:1905]
INFO: [Synth 8-226] default block is never used [D:/Xilinx/2025.2/Vivado/data/ip/xpm/xpm_fifo/hdl/xpm_fifo.sv:1220]
INFO: [Synth 8-226] default block is never used [D:/Xilinx/2025.2/Vivado/data/ip/xpm/xpm_fifo/hdl/xpm_fifo.sv:1287]
INFO: [Synth 8-226] default block is never used [D:/Xilinx/2025.2/Vivado/data/ip/xpm/xpm_fifo/hdl/xpm_fifo.sv:1309]
INFO: [Synth 8-6157] synthesizing module 'xpm_counter_updn__parameterized3' [D:/Xilinx/2025.2/Vivado/data/ip/xpm/xpm_fifo/hdl/xpm_fifo.sv:1879]
INFO: [Synth 8-6155] done synthesizing module 'xpm_counter_updn__parameterized3' (0#1) [D:/Xilinx/2025.2/Vivado/data/ip/xpm/xpm_fifo/hdl/xpm_fifo.sv:1879]
INFO: [Synth 8-6157] synthesizing module 'xpm_counter_updn__parameterized4' [D:/Xilinx/2025.2/Vivado/data/ip/xpm/xpm_fifo/hdl/xpm_fifo.sv:1879]
INFO: [Synth 8-6155] done synthesizing module 'xpm_counter_updn__parameterized4' (0#1) [D:/Xilinx/2025.2/Vivado/data/ip/xpm/xpm_fifo/hdl/xpm_fifo.sv:1879]
INFO: [Synth 8-6157] synthesizing module 'xpm_counter_updn__parameterized5' [D:/Xilinx/2025.2/Vivado/data/ip/xpm/xpm_fifo/hdl/xpm_fifo.sv:1879]
INFO: [Synth 8-6155] done synthesizing module 'xpm_counter_updn__parameterized5' (0#1) [D:/Xilinx/2025.2/Vivado/data/ip/xpm/xpm_fifo/hdl/xpm_fifo.sv:1879]
INFO: [Synth 8-6157] synthesizing module 'xpm_counter_updn__parameterized6' [D:/Xilinx/2025.2/Vivado/data/ip/xpm/xpm_fifo/hdl/xpm_fifo.sv:1879]
INFO: [Synth 8-6155] done synthesizing module 'xpm_counter_updn__parameterized6' (0#1) [D:/Xilinx/2025.2/Vivado/data/ip/xpm/xpm_fifo/hdl/xpm_fifo.sv:1879]
INFO: [Synth 8-6157] synthesizing module 'xpm_counter_updn__parameterized7' [D:/Xilinx/2025.2/Vivado/data/ip/xpm/xpm_fifo/hdl/xpm_fifo.sv:1879]
INFO: [Synth 8-6155] done synthesizing module 'xpm_counter_updn__parameterized7' (0#1) [D:/Xilinx/2025.2/Vivado/data/ip/xpm/xpm_fifo/hdl/xpm_fifo.sv:1879]
INFO: [Synth 8-6155] done synthesizing module 'xpm_fifo_base__parameterized0' (0#1) [D:/Xilinx/2025.2/Vivado/data/ip/xpm/xpm_fifo/hdl/xpm_fifo.sv:53]
INFO: [Synth 8-6155] done synthesizing module 'xpm_fifo_async__parameterized0' (0#1) [D:/Xilinx/2025.2/Vivado/data/ip/xpm/xpm_fifo/hdl/xpm_fifo.sv:2173]
INFO: [Synth 8-226] default block is never used [g:/proj/fpga/zynq7020_mlk2/proj/linux_QT/QT/project/soc_prj/soc_prj.gen/sources_1/bd/system/ipshared/0508/uidbuf.v:687]
INFO: [Synth 8-6155] done synthesizing module 'uidbuf' (0#1) [g:/proj/fpga/zynq7020_mlk2/proj/linux_QT/QT/project/soc_prj/soc_prj.gen/sources_1/bd/system/ipshared/0508/uidbuf.v:47]
INFO: [Synth 8-6157] synthesizing module 'uidbufirq' [g:/proj/fpga/zynq7020_mlk2/proj/linux_QT/QT/project/soc_prj/soc_prj.gen/sources_1/bd/system/ipshared/0508/uidbufirq.v:29]
INFO: [Synth 8-6155] done synthesizing module 'uidbufirq' (0#1) [g:/proj/fpga/zynq7020_mlk2/proj/linux_QT/QT/project/soc_prj/soc_prj.gen/sources_1/bd/system/ipshared/0508/uidbufirq.v:29]
INFO: [Synth 8-6155] done synthesizing module 'uifdma_dbuf' (0#1) [g:/proj/fpga/zynq7020_mlk2/proj/linux_QT/QT/project/soc_prj/soc_prj.gen/sources_1/bd/system/ipshared/0508/uifdma_dbuf.v:40]
INFO: [Synth 8-6155] done synthesizing module 'system_uifdma_dbuf_0_0' (0#1) [g:/proj/fpga/zynq7020_mlk2/proj/linux_QT/QT/project/soc_prj/soc_prj.gen/sources_1/bd/system/ip/system_uifdma_dbuf_0_0/synth/system_uifdma_dbuf_0_0.v:53]
WARNING: [Synth 8-6014] Unused sequential element gen_rd_b.gen_doutb_pipe.enb_pipe_reg[0] was removed.  [D:/Xilinx/2025.2/Vivado/data/ip/xpm/xpm_memory/hdl/xpm_memory.sv:3087]
WARNING: [Synth 8-6014] Unused sequential element dest_out_bin_ff_reg was removed.  [D:/Xilinx/2025.2/Vivado/data/ip/xpm/xpm_cdc/hdl/xpm_cdc.sv:417]
WARNING: [Synth 8-6014] Unused sequential element dest_out_bin_ff_reg was removed.  [D:/Xilinx/2025.2/Vivado/data/ip/xpm/xpm_cdc/hdl/xpm_cdc.sv:417]
WARNING: [Synth 8-6014] Unused sequential element dest_out_bin_ff_reg was removed.  [D:/Xilinx/2025.2/Vivado/data/ip/xpm/xpm_cdc/hdl/xpm_cdc.sv:417]
WARNING: [Synth 8-6014] Unused sequential element gen_fwft.empty_fwft_fb_reg was removed.  [D:/Xilinx/2025.2/Vivado/data/ip/xpm/xpm_fifo/hdl/xpm_fifo.sv:1404]
WARNING: [Synth 8-6014] Unused sequential element gen_wr_a.gen_word_wide.wr_sync.addralsb_reg was removed.  [D:/Xilinx/2025.2/Vivado/data/ip/xpm/xpm_memory/hdl/xpm_memory.sv:1456]
WARNING: [Synth 8-6014] Unused sequential element gen_rd_b.gen_doutb_pipe.enb_pipe_reg[0] was removed.  [D:/Xilinx/2025.2/Vivado/data/ip/xpm/xpm_memory/hdl/xpm_memory.sv:3087]
Info : Asymmetric Ram write pattern identified
WARNING: [Synth 8-6014] Unused sequential element dest_out_bin_ff_reg was removed.  [D:/Xilinx/2025.2/Vivado/data/ip/xpm/xpm_cdc/hdl/xpm_cdc.sv:417]
WARNING: [Synth 8-6014] Unused sequential element dest_out_bin_ff_reg was removed.  [D:/Xilinx/2025.2/Vivado/data/ip/xpm/xpm_cdc/hdl/xpm_cdc.sv:417]
WARNING: [Synth 8-6014] Unused sequential element dest_out_bin_ff_reg was removed.  [D:/Xilinx/2025.2/Vivado/data/ip/xpm/xpm_cdc/hdl/xpm_cdc.sv:417]
WARNING: [Synth 8-6014] Unused sequential element dest_out_bin_ff_reg was removed.  [D:/Xilinx/2025.2/Vivado/data/ip/xpm/xpm_cdc/hdl/xpm_cdc.sv:417]
WARNING: [Synth 8-6014] Unused sequential element gen_fwft.empty_fwft_fb_reg was removed.  [D:/Xilinx/2025.2/Vivado/data/ip/xpm/xpm_fifo/hdl/xpm_fifo.sv:1404]
WARNING: [Synth 8-6014] Unused sequential element W_empty_r3_reg was removed.  [g:/proj/fpga/zynq7020_mlk2/proj/linux_QT/QT/project/soc_prj/soc_prj.gen/sources_1/bd/system/ipshared/0508/uidbuf.v:212]
WARNING: [Synth 8-6014] Unused sequential element W_FIFO_Rst_reg was removed.  [g:/proj/fpga/zynq7020_mlk2/proj/linux_QT/QT/project/soc_prj/soc_prj.gen/sources_1/bd/system/ipshared/0508/uidbuf.v:238]
WARNING: [Synth 8-6014] Unused sequential element W_tlast_r_reg was removed.  [g:/proj/fpga/zynq7020_mlk2/proj/linux_QT/QT/project/soc_prj/soc_prj.gen/sources_1/bd/system/ipshared/0508/uidbuf.v:317]
WARNING: [Synth 8-6014] Unused sequential element W_tuser_r_reg was removed.  [g:/proj/fpga/zynq7020_mlk2/proj/linux_QT/QT/project/soc_prj/soc_prj.gen/sources_1/bd/system/ipshared/0508/uidbuf.v:318]
WARNING: [Synth 8-6014] Unused sequential element w_xcnt_reg was removed.  [g:/proj/fpga/zynq7020_mlk2/proj/linux_QT/QT/project/soc_prj/soc_prj.gen/sources_1/bd/system/ipshared/0508/uidbuf.v:323]
WARNING: [Synth 8-6014] Unused sequential element w_ycnt_reg was removed.  [g:/proj/fpga/zynq7020_mlk2/proj/linux_QT/QT/project/soc_prj/soc_prj.gen/sources_1/bd/system/ipshared/0508/uidbuf.v:332]
WARNING: [Synth 8-6014] Unused sequential element rrst_cnt_reg was removed.  [g:/proj/fpga/zynq7020_mlk2/proj/linux_QT/QT/project/soc_prj/soc_prj.gen/sources_1/bd/system/ipshared/0508/uidbuf.v:489]
WARNING: [Synth 8-6014] Unused sequential element wdiv_cnt_reg was removed.  [g:/proj/fpga/zynq7020_mlk2/proj/linux_QT/QT/project/soc_prj/soc_prj.gen/sources_1/bd/system/ipshared/0508/uidbuf.v:242]
WARNING: [Synth 8-6014] Unused sequential element rdiv_cnt_reg was removed.  [g:/proj/fpga/zynq7020_mlk2/proj/linux_QT/QT/project/soc_prj/soc_prj.gen/sources_1/bd/system/ipshared/0508/uidbuf.v:490]
WARNING: [Synth 8-6014] Unused sequential element R_wcnt_r1_reg was removed.  [g:/proj/fpga/zynq7020_mlk2/proj/linux_QT/QT/project/soc_prj/soc_prj.gen/sources_1/bd/system/ipshared/0508/uidbuf.v:551]
WARNING: [Synth 8-6014] Unused sequential element R_wcnt_r2_reg was removed.  [g:/proj/fpga/zynq7020_mlk2/proj/linux_QT/QT/project/soc_prj/soc_prj.gen/sources_1/bd/system/ipshared/0508/uidbuf.v:552]
WARNING: [Synth 8-6014] Unused sequential element slv_reg0_reg was removed.  [g:/proj/fpga/zynq7020_mlk2/proj/linux_QT/QT/project/soc_prj/soc_prj.gen/sources_1/bd/system/ipshared/0508/uidbufirq.v:191]
WARNING: [Synth 8-6014] Unused sequential element slv_reg1_reg was removed.  [g:/proj/fpga/zynq7020_mlk2/proj/linux_QT/QT/project/soc_prj/soc_prj.gen/sources_1/bd/system/ipshared/0508/uidbufirq.v:197]
WARNING: [Synth 8-6014] Unused sequential element axi_araddr_reg was removed.  [g:/proj/fpga/zynq7020_mlk2/proj/linux_QT/QT/project/soc_prj/soc_prj.gen/sources_1/bd/system/ipshared/0508/uidbufirq.v:249]
INFO: [Synth 8-7129] Port S_AXI_AWPROT[2] in module uidbufirq is either unconnected or has no load
INFO: [Synth 8-7129] Port S_AXI_AWPROT[1] in module uidbufirq is either unconnected or has no load
INFO: [Synth 8-7129] Port S_AXI_AWPROT[0] in module uidbufirq is either unconnected or has no load
INFO: [Synth 8-7129] Port S_AXI_WDATA[31] in module uidbufirq is either unconnected or has no load
INFO: [Synth 8-7129] Port S_AXI_WDATA[30] in module uidbufirq is either unconnected or has no load
INFO: [Synth 8-7129] Port S_AXI_WDATA[29] in module uidbufirq is either unconnected or has no load
INFO: [Synth 8-7129] Port S_AXI_WDATA[28] in module uidbufirq is either unconnected or has no load
INFO: [Synth 8-7129] Port S_AXI_WDATA[27] in module uidbufirq is either unconnected or has no load
INFO: [Synth 8-7129] Port S_AXI_WDATA[26] in module uidbufirq is either unconnected or has no load
INFO: [Synth 8-7129] Port S_AXI_WDATA[25] in module uidbufirq is either unconnected or has no load
INFO: [Synth 8-7129] Port S_AXI_WDATA[24] in module uidbufirq is either unconnected or has no load
INFO: [Synth 8-7129] Port S_AXI_WDATA[23] in module uidbufirq is either unconnected or has no load
INFO: [Synth 8-7129] Port S_AXI_WDATA[22] in module uidbufirq is either unconnected or has no load
INFO: [Synth 8-7129] Port S_AXI_WDATA[21] in module uidbufirq is either unconnected or has no load
INFO: [Synth 8-7129] Port S_AXI_WDATA[20] in module uidbufirq is either unconnected or has no load
INFO: [Synth 8-7129] Port S_AXI_WDATA[19] in module uidbufirq is either unconnected or has no load
INFO: [Synth 8-7129] Port S_AXI_WDATA[18] in module uidbufirq is either unconnected or has no load
INFO: [Synth 8-7129] Port S_AXI_WDATA[17] in module uidbufirq is either unconnected or has no load
INFO: [Synth 8-7129] Port S_AXI_WDATA[16] in module uidbufirq is either unconnected or has no load
INFO: [Synth 8-7129] Port S_AXI_WDATA[15] in module uidbufirq is either unconnected or has no load
INFO: [Synth 8-7129] Port S_AXI_WDATA[14] in module uidbufirq is either unconnected or has no load
INFO: [Synth 8-7129] Port S_AXI_WDATA[13] in module uidbufirq is either unconnected or has no load
INFO: [Synth 8-7129] Port S_AXI_WDATA[12] in module uidbufirq is either unconnected or has no load
INFO: [Synth 8-7129] Port S_AXI_WDATA[11] in module uidbufirq is either unconnected or has no load
INFO: [Synth 8-7129] Port S_AXI_WDATA[10] in module uidbufirq is either unconnected or has no load
INFO: [Synth 8-7129] Port S_AXI_WDATA[9] in module uidbufirq is either unconnected or has no load
INFO: [Synth 8-7129] Port S_AXI_WDATA[8] in module uidbufirq is either unconnected or has no load
INFO: [Synth 8-7129] Port S_AXI_WDATA[7] in module uidbufirq is either unconnected or has no load
INFO: [Synth 8-7129] Port S_AXI_WDATA[6] in module uidbufirq is either unconnected or has no load
INFO: [Synth 8-7129] Port S_AXI_WDATA[5] in module uidbufirq is either unconnected or has no load
INFO: [Synth 8-7129] Port S_AXI_WDATA[4] in module uidbufirq is either unconnected or has no load
INFO: [Synth 8-7129] Port S_AXI_WDATA[3] in module uidbufirq is either unconnected or has no load
INFO: [Synth 8-7129] Port S_AXI_WDATA[2] in module uidbufirq is either unconnected or has no load
INFO: [Synth 8-7129] Port S_AXI_WDATA[1] in module uidbufirq is either unconnected or has no load
INFO: [Synth 8-7129] Port S_AXI_WDATA[0] in module uidbufirq is either unconnected or has no load
INFO: [Synth 8-7129] Port S_AXI_WSTRB[3] in module uidbufirq is either unconnected or has no load
INFO: [Synth 8-7129] Port S_AXI_WSTRB[2] in module uidbufirq is either unconnected or has no load
INFO: [Synth 8-7129] Port S_AXI_WSTRB[1] in module uidbufirq is either unconnected or has no load
INFO: [Synth 8-7129] Port S_AXI_WSTRB[0] in module uidbufirq is either unconnected or has no load
INFO: [Synth 8-7129] Port S_AXI_ARADDR[3] in module uidbufirq is either unconnected or has no load
INFO: [Synth 8-7129] Port S_AXI_ARADDR[2] in module uidbufirq is either unconnected or has no load
INFO: [Synth 8-7129] Port S_AXI_ARADDR[1] in module uidbufirq is either unconnected or has no load
INFO: [Synth 8-7129] Port S_AXI_ARADDR[0] in module uidbufirq is either unconnected or has no load
INFO: [Synth 8-7129] Port S_AXI_ARPROT[2] in module uidbufirq is either unconnected or has no load
INFO: [Synth 8-7129] Port S_AXI_ARPROT[1] in module uidbufirq is either unconnected or has no load
INFO: [Synth 8-7129] Port S_AXI_ARPROT[0] in module uidbufirq is either unconnected or has no load
INFO: [Synth 8-7129] Port sleep in module xpm_memory_base__parameterized0 is either unconnected or has no load
INFO: [Synth 8-7129] Port rsta in module xpm_memory_base__parameterized0 is either unconnected or has no load
INFO: [Synth 8-7129] Port regcea in module xpm_memory_base__parameterized0 is either unconnected or has no load
INFO: [Synth 8-7129] Port injectsbiterra in module xpm_memory_base__parameterized0 is either unconnected or has no load
INFO: [Synth 8-7129] Port injectdbiterra in module xpm_memory_base__parameterized0 is either unconnected or has no load
INFO: [Synth 8-7129] Port dinb[31] in module xpm_memory_base__parameterized0 is either unconnected or has no load
INFO: [Synth 8-7129] Port dinb[30] in module xpm_memory_base__parameterized0 is either unconnected or has no load
INFO: [Synth 8-7129] Port dinb[29] in module xpm_memory_base__parameterized0 is either unconnected or has no load
INFO: [Synth 8-7129] Port dinb[28] in module xpm_memory_base__parameterized0 is either unconnected or has no load
INFO: [Synth 8-7129] Port dinb[27] in module xpm_memory_base__parameterized0 is either unconnected or has no load
INFO: [Synth 8-7129] Port dinb[26] in module xpm_memory_base__parameterized0 is either unconnected or has no load
INFO: [Synth 8-7129] Port dinb[25] in module xpm_memory_base__parameterized0 is either unconnected or has no load
INFO: [Synth 8-7129] Port dinb[24] in module xpm_memory_base__parameterized0 is either unconnected or has no load
INFO: [Synth 8-7129] Port dinb[23] in module xpm_memory_base__parameterized0 is either unconnected or has no load
INFO: [Synth 8-7129] Port dinb[22] in module xpm_memory_base__parameterized0 is either unconnected or has no load
INFO: [Synth 8-7129] Port dinb[21] in module xpm_memory_base__parameterized0 is either unconnected or has no load
INFO: [Synth 8-7129] Port dinb[20] in module xpm_memory_base__parameterized0 is either unconnected or has no load
INFO: [Synth 8-7129] Port dinb[19] in module xpm_memory_base__parameterized0 is either unconnected or has no load
INFO: [Synth 8-7129] Port dinb[18] in module xpm_memory_base__parameterized0 is either unconnected or has no load
INFO: [Synth 8-7129] Port dinb[17] in module xpm_memory_base__parameterized0 is either unconnected or has no load
INFO: [Synth 8-7129] Port dinb[16] in module xpm_memory_base__parameterized0 is either unconnected or has no load
INFO: [Synth 8-7129] Port dinb[15] in module xpm_memory_base__parameterized0 is either unconnected or has no load
INFO: [Synth 8-7129] Port dinb[14] in module xpm_memory_base__parameterized0 is either unconnected or has no load
INFO: [Synth 8-7129] Port dinb[13] in module xpm_memory_base__parameterized0 is either unconnected or has no load
INFO: [Synth 8-7129] Port dinb[12] in module xpm_memory_base__parameterized0 is either unconnected or has no load
INFO: [Synth 8-7129] Port dinb[11] in module xpm_memory_base__parameterized0 is either unconnected or has no load
INFO: [Synth 8-7129] Port dinb[10] in module xpm_memory_base__parameterized0 is either unconnected or has no load
INFO: [Synth 8-7129] Port dinb[9] in module xpm_memory_base__parameterized0 is either unconnected or has no load
INFO: [Synth 8-7129] Port dinb[8] in module xpm_memory_base__parameterized0 is either unconnected or has no load
INFO: [Synth 8-7129] Port dinb[7] in module xpm_memory_base__parameterized0 is either unconnected or has no load
INFO: [Synth 8-7129] Port dinb[6] in module xpm_memory_base__parameterized0 is either unconnected or has no load
INFO: [Synth 8-7129] Port dinb[5] in module xpm_memory_base__parameterized0 is either unconnected or has no load
INFO: [Synth 8-7129] Port dinb[4] in module xpm_memory_base__parameterized0 is either unconnected or has no load
INFO: [Synth 8-7129] Port dinb[3] in module xpm_memory_base__parameterized0 is either unconnected or has no load
INFO: [Synth 8-7129] Port dinb[2] in module xpm_memory_base__parameterized0 is either unconnected or has no load
INFO: [Synth 8-7129] Port dinb[1] in module xpm_memory_base__parameterized0 is either unconnected or has no load
INFO: [Synth 8-7129] Port dinb[0] in module xpm_memory_base__parameterized0 is either unconnected or has no load
INFO: [Synth 8-7129] Port injectsbiterrb in module xpm_memory_base__parameterized0 is either unconnected or has no load
INFO: [Synth 8-7129] Port injectdbiterrb in module xpm_memory_base__parameterized0 is either unconnected or has no load
INFO: [Synth 8-7129] Port sleep in module xpm_memory_base is either unconnected or has no load
INFO: [Synth 8-7129] Port rsta in module xpm_memory_base is either unconnected or has no load
INFO: [Synth 8-7129] Port regcea in module xpm_memory_base is either unconnected or has no load
INFO: [Synth 8-7129] Port injectsbiterra in module xpm_memory_base is either unconnected or has no load
INFO: [Synth 8-7129] Port injectdbiterra in module xpm_memory_base is either unconnected or has no load
INFO: [Synth 8-7129] Port dinb[127] in module xpm_memory_base is either unconnected or has no load
INFO: [Synth 8-7129] Port dinb[126] in module xpm_memory_base is either unconnected or has no load
INFO: [Synth 8-7129] Port dinb[125] in module xpm_memory_base is either unconnected or has no load
INFO: [Synth 8-7129] Port dinb[124] in module xpm_memory_base is either unconnected or has no load
INFO: [Synth 8-7129] Port dinb[123] in module xpm_memory_base is either unconnected or has no load
INFO: [Synth 8-7129] Port dinb[122] in module xpm_memory_base is either unconnected or has no load
INFO: [Synth 8-7129] Port dinb[121] in module xpm_memory_base is either unconnected or has no load
INFO: [Synth 8-7129] Port dinb[120] in module xpm_memory_base is either unconnected or has no load
INFO: [Synth 8-7129] Port dinb[119] in module xpm_memory_base is either unconnected or has no load
INFO: [Synth 8-7129] Port dinb[118] in module xpm_memory_base is either unconnected or has no load
INFO: [Common 17-14] Message 'Synth 8-7129' appears 100 times and further instances of the messages will be disabled. Use the Tcl command set_msg_config to change the current settings.
---------------------------------------------------------------------------------
Finished RTL Elaboration : Time (s): cpu = 00:00:05 ; elapsed = 00:00:05 . Memory (MB): peak = 1589.254 ; gain = 679.906
---------------------------------------------------------------------------------
---------------------------------------------------------------------------------
Start Handling Custom Attributes
---------------------------------------------------------------------------------
---------------------------------------------------------------------------------
Finished Handling Custom Attributes : Time (s): cpu = 00:00:05 ; elapsed = 00:00:05 . Memory (MB): peak = 1589.254 ; gain = 679.906
---------------------------------------------------------------------------------
---------------------------------------------------------------------------------
Finished RTL Optimization Phase 1 : Time (s): cpu = 00:00:05 ; elapsed = 00:00:05 . Memory (MB): peak = 1589.254 ; gain = 679.906
---------------------------------------------------------------------------------
Netlist sorting complete. Time (s): cpu = 00:00:00 ; elapsed = 00:00:00.027 . Memory (MB): peak = 1589.254 ; gain = 0.000
INFO: [Project 1-570] Preparing netlist for logic optimization

Processing XDC Constraints
Initializing timing engine
INFO: [Project 1-236] Implementation specific constraints were found while reading constraint file [D:/Xilinx/2025.2/Vivado/data/ip/xpm/xpm_cdc/tcl/xpm_cdc_gray.tcl]. These constraints will be ignored for synthesis but will be used in implementation. Impacted constraints are listed in the file [.Xil/system_uifdma_dbuf_0_0_propImpl.xdc].
Resolution: To avoid this warning, move constraints listed in [.Xil/system_uifdma_dbuf_0_0_propImpl.xdc] to another XDC file and exclude this new file from synthesis with the used_in_synthesis property (File Properties dialog in GUI) and re-run elaboration/synthesis.
INFO: [Project 1-236] Implementation specific constraints were found while reading constraint file [D:/Xilinx/2025.2/Vivado/data/ip/xpm/xpm_fifo/tcl/xpm_fifo_rst.tcl]. These constraints will be ignored for synthesis but will be used in implementation. Impacted constraints are listed in the file [.Xil/system_uifdma_dbuf_0_0_propImpl.xdc].
Resolution: To avoid this warning, move constraints listed in [.Xil/system_uifdma_dbuf_0_0_propImpl.xdc] to another XDC file and exclude this new file from synthesis with the used_in_synthesis property (File Properties dialog in GUI) and re-run elaboration/synthesis.
INFO: [Project 1-1714] 14 XPM XDC files have been applied to the design.
Completed Processing XDC Constraints

Netlist sorting complete. Time (s): cpu = 00:00:00 ; elapsed = 00:00:00.001 . Memory (MB): peak = 1604.844 ; gain = 0.000
INFO: [Project 1-111] Unisim Transformation Summary:
No Unisim elements were transformed.

Constraint Validation Runtime : Time (s): cpu = 00:00:00 ; elapsed = 00:00:00.039 . Memory (MB): peak = 1607.145 ; gain = 2.301
INFO: [Designutils 20-5008] Incremental synthesis strategy off
---------------------------------------------------------------------------------
Finished Constraint Validation : Time (s): cpu = 00:00:10 ; elapsed = 00:00:11 . Memory (MB): peak = 1607.145 ; gain = 697.797
---------------------------------------------------------------------------------
---------------------------------------------------------------------------------
Start Loading Part and Timing Information
---------------------------------------------------------------------------------
Loading part: xc7z020clg484-2
---------------------------------------------------------------------------------
Finished Loading Part and Timing Information : Time (s): cpu = 00:00:10 ; elapsed = 00:00:11 . Memory (MB): peak = 1607.145 ; gain = 697.797
---------------------------------------------------------------------------------
---------------------------------------------------------------------------------
Start Applying 'set_property' XDC Constraints
---------------------------------------------------------------------------------
---------------------------------------------------------------------------------
Finished applying 'set_property' XDC Constraints : Time (s): cpu = 00:00:10 ; elapsed = 00:00:11 . Memory (MB): peak = 1607.145 ; gain = 697.797
---------------------------------------------------------------------------------
INFO: [Synth 8-802] inferred FSM for state register 'gen_rst_ic.curr_wrst_state_reg' in module 'xpm_fifo_rst'
INFO: [Synth 8-802] inferred FSM for state register 'gen_rst_ic.curr_rrst_state_reg' in module 'xpm_fifo_rst'
INFO: [Synth 8-802] inferred FSM for state register 'gen_fwft.curr_fwft_state_reg' in module 'xpm_fifo_base'
INFO: [Synth 8-802] inferred FSM for state register 'gen_fwft.curr_fwft_state_reg' in module 'xpm_fifo_base__parameterized0'
INFO: [Synth 8-802] inferred FSM for state register 'W_MS_reg' in module 'uidbuf'
INFO: [Synth 8-802] inferred FSM for state register 'R_MS_reg' in module 'uidbuf'
INFO: [Synth 8-802] inferred FSM for state register 'WR_S_reg' in module 'uidbuf'
INFO: [Synth 8-5552] Implemented safe state 'default_state' for state register 'gen_rst_ic.curr_wrst_state_reg' in module 'xpm_fifo_rst'
---------------------------------------------------------------------------------------------------
                   State |                     New Encoding |                Previous Encoding 
---------------------------------------------------------------------------------------------------
*
               WRST_IDLE |                            00001 |                              000
                 WRST_IN |                            00010 |                              010
                WRST_OUT |                            00100 |                              111
               WRST_EXIT |                            01000 |                              110
            WRST_GO2IDLE |                            10000 |                              100
---------------------------------------------------------------------------------------------------
INFO: [Synth 8-3354] encoded FSM with state register 'gen_rst_ic.curr_wrst_state_reg' using encoding 'one-hot' in module 'xpm_fifo_rst'
INFO: [Synth 8-5552] Implemented safe state 'default_state' for state register 'gen_rst_ic.curr_rrst_state_reg' in module 'xpm_fifo_rst'
---------------------------------------------------------------------------------------------------
                   State |                     New Encoding |                Previous Encoding 
---------------------------------------------------------------------------------------------------
*
               RRST_IDLE |                               00 |                               00
                 RRST_IN |                               01 |                               10
                RRST_OUT |                               10 |                               11
               RRST_EXIT |                               11 |                               01
---------------------------------------------------------------------------------------------------
INFO: [Synth 8-3354] encoded FSM with state register 'gen_rst_ic.curr_rrst_state_reg' using encoding 'sequential' in module 'xpm_fifo_rst'
---------------------------------------------------------------------------------------------------
                   State |                     New Encoding |                Previous Encoding 
---------------------------------------------------------------------------------------------------
                 invalid |                               00 |                               00
            stage1_valid |                               01 |                               10
       both_stages_valid |                               10 |                               11
            stage2_valid |                               11 |                               01
---------------------------------------------------------------------------------------------------
INFO: [Synth 8-3354] encoded FSM with state register 'gen_fwft.curr_fwft_state_reg' using encoding 'sequential' in module 'xpm_fifo_base'
---------------------------------------------------------------------------------------------------
                   State |                     New Encoding |                Previous Encoding 
---------------------------------------------------------------------------------------------------
                 invalid |                               00 |                               00
            stage1_valid |                               01 |                               10
       both_stages_valid |                               10 |                               11
            stage2_valid |                               11 |                               01
---------------------------------------------------------------------------------------------------
INFO: [Synth 8-3354] encoded FSM with state register 'gen_fwft.curr_fwft_state_reg' using encoding 'sequential' in module 'xpm_fifo_base__parameterized0'
---------------------------------------------------------------------------------------------------
                   State |                     New Encoding |                Previous Encoding 
---------------------------------------------------------------------------------------------------
                  S_IDLE |                               00 |                               00
                   S_RST |                               01 |                               01
                 S_DATA1 |                               10 |                               10
                 S_DATA2 |                               11 |                               11
---------------------------------------------------------------------------------------------------
INFO: [Synth 8-3354] encoded FSM with state register 'W_MS_reg' using encoding 'sequential' in module 'uidbuf'
---------------------------------------------------------------------------------------------------
                   State |                     New Encoding |                Previous Encoding 
---------------------------------------------------------------------------------------------------
                  S_IDLE |                               00 |                               00
                   S_RST |                               01 |                               01
                 S_DATA1 |                               10 |                               10
                 S_DATA2 |                               11 |                               11
---------------------------------------------------------------------------------------------------
INFO: [Synth 8-3354] encoded FSM with state register 'R_MS_reg' using encoding 'sequential' in module 'uidbuf'
---------------------------------------------------------------------------------------------------
                   State |                     New Encoding |                Previous Encoding 
---------------------------------------------------------------------------------------------------
                  iSTATE |                               00 |                               00
                 iSTATE1 |                               01 |                               01
                 iSTATE0 |                               10 |                               10
                 iSTATE2 |                               11 |                               11
---------------------------------------------------------------------------------------------------
INFO: [Synth 8-3354] encoded FSM with state register 'WR_S_reg' using encoding 'sequential' in module 'uidbuf'
WARNING: [Synth 8-327] inferring latch for variable 'reg_data_out_reg' [g:/proj/fpga/zynq7020_mlk2/proj/linux_QT/QT/project/soc_prj/soc_prj.gen/sources_1/bd/system/ipshared/0508/uidbufirq.v:311]
---------------------------------------------------------------------------------
Finished RTL Optimization Phase 2 : Time (s): cpu = 00:00:11 ; elapsed = 00:00:11 . Memory (MB): peak = 1607.145 ; gain = 697.797
---------------------------------------------------------------------------------
---------------------------------------------------------------------------------
Start RTL Component Statistics 
---------------------------------------------------------------------------------
Detailed RTL Component Info : 
+---Adders : 
	   2 Input   32 Bit       Adders := 2     
	   2 Input   23 Bit       Adders := 2     
	   2 Input   16 Bit       Adders := 4     
	   4 Input   12 Bit       Adders := 3     
	   2 Input   12 Bit       Adders := 1     
	   3 Input   12 Bit       Adders := 2     
	   4 Input   11 Bit       Adders := 3     
	   3 Input   11 Bit       Adders := 1     
	   2 Input    9 Bit       Adders := 1     
	   4 Input    7 Bit       Adders := 2     
	   3 Input    7 Bit       Adders := 1     
	   4 Input    6 Bit       Adders := 1     
	   3 Input    6 Bit       Adders := 1     
	   2 Input    6 Bit       Adders := 2     
	   4 Input    5 Bit       Adders := 1     
	   2 Input    5 Bit       Adders := 1     
	   3 Input    5 Bit       Adders := 1     
	   4 Input    4 Bit       Adders := 2     
	   4 Input    2 Bit       Adders := 2     
	   2 Input    2 Bit       Adders := 2     
+---XORs : 
	   2 Input     12 Bit         XORs := 2     
	   2 Input     11 Bit         XORs := 2     
	   2 Input      7 Bit         XORs := 1     
	   2 Input      6 Bit         XORs := 1     
	   2 Input      5 Bit         XORs := 1     
	   2 Input      4 Bit         XORs := 1     
	   2 Input      1 Bit         XORs := 60    
+---Registers : 
	              128 Bit    Registers := 2     
	               32 Bit    Registers := 3     
	               23 Bit    Registers := 2     
	               16 Bit    Registers := 4     
	               12 Bit    Registers := 17    
	               11 Bit    Registers := 12    
	                9 Bit    Registers := 1     
	                8 Bit    Registers := 6     
	                7 Bit    Registers := 6     
	                6 Bit    Registers := 8     
	                5 Bit    Registers := 9     
	                4 Bit    Registers := 7     
	                2 Bit    Registers := 14    
	                1 Bit    Registers := 62    
+---RAMs : 
	             256K Bit	(2048 X 128 bit)          RAMs := 1     
	               2K Bit	(64 X 32 bit)          RAMs := 1     
+---Muxes : 
	   4 Input   23 Bit        Muxes := 2     
	   4 Input   16 Bit        Muxes := 2     
	   2 Input    9 Bit        Muxes := 2     
	   2 Input    6 Bit        Muxes := 2     
	   6 Input    5 Bit        Muxes := 2     
	   2 Input    5 Bit        Muxes := 16    
	   5 Input    2 Bit        Muxes := 2     
	   2 Input    2 Bit        Muxes := 78    
	   4 Input    2 Bit        Muxes := 17    
	   2 Input    1 Bit        Muxes := 30    
	   6 Input    1 Bit        Muxes := 4     
	   5 Input    1 Bit        Muxes := 6     
	   4 Input    1 Bit        Muxes := 17    
---------------------------------------------------------------------------------
Finished RTL Component Statistics 
---------------------------------------------------------------------------------
---------------------------------------------------------------------------------
Start Part Resource Summary
---------------------------------------------------------------------------------
Part Resources:
DSPs: 220 (col length:60)
BRAMs: 280 (col length: RAMB18 60 RAMB36 30)
---------------------------------------------------------------------------------
Finished Part Resource Summary
---------------------------------------------------------------------------------
---------------------------------------------------------------------------------
Start Cross Boundary and Area Optimization
---------------------------------------------------------------------------------
INFO: [Synth 8-3917] design system_uifdma_dbuf_0_0 has port O_W_tready driven by constant 1
INFO: [Synth 8-3917] design system_uifdma_dbuf_0_0 has port O_W_sync_cnt[7] driven by constant 0
INFO: [Synth 8-3917] design system_uifdma_dbuf_0_0 has port O_W_sync_cnt[6] driven by constant 0
INFO: [Synth 8-3917] design system_uifdma_dbuf_0_0 has port O_W_sync_cnt[5] driven by constant 0
INFO: [Synth 8-3917] design system_uifdma_dbuf_0_0 has port O_W_sync_cnt[4] driven by constant 0
INFO: [Synth 8-3917] design system_uifdma_dbuf_0_0 has port O_W_sync_cnt[3] driven by constant 0
INFO: [Synth 8-3917] design system_uifdma_dbuf_0_0 has port O_W_sync_cnt[2] driven by constant 0
INFO: [Synth 8-3917] design system_uifdma_dbuf_0_0 has port O_R_sync_cnt[7] driven by constant 0
INFO: [Synth 8-3917] design system_uifdma_dbuf_0_0 has port O_R_sync_cnt[6] driven by constant 0
INFO: [Synth 8-3917] design system_uifdma_dbuf_0_0 has port O_R_sync_cnt[5] driven by constant 0
INFO: [Synth 8-3917] design system_uifdma_dbuf_0_0 has port O_R_sync_cnt[4] driven by constant 0
INFO: [Synth 8-3917] design system_uifdma_dbuf_0_0 has port O_R_sync_cnt[3] driven by constant 0
INFO: [Synth 8-3917] design system_uifdma_dbuf_0_0 has port O_R_sync_cnt[2] driven by constant 0
INFO: [Synth 8-3917] design system_uifdma_dbuf_0_0 has port O_fdma_wsize[15] driven by constant 0
INFO: [Synth 8-3917] design system_uifdma_dbuf_0_0 has port O_fdma_wsize[14] driven by constant 0
INFO: [Synth 8-3917] design system_uifdma_dbuf_0_0 has port O_fdma_wsize[13] driven by constant 0
INFO: [Synth 8-3917] design system_uifdma_dbuf_0_0 has port O_fdma_wsize[12] driven by constant 0
INFO: [Synth 8-3917] design system_uifdma_dbuf_0_0 has port O_fdma_wsize[11] driven by constant 0
INFO: [Synth 8-3917] design system_uifdma_dbuf_0_0 has port O_fdma_wsize[10] driven by constant 0
INFO: [Synth 8-3917] design system_uifdma_dbuf_0_0 has port O_fdma_wsize[9] driven by constant 1
INFO: [Synth 8-3917] design system_uifdma_dbuf_0_0 has port O_fdma_wsize[8] driven by constant 1
INFO: [Synth 8-3917] design system_uifdma_dbuf_0_0 has port O_fdma_wsize[7] driven by constant 1
INFO: [Synth 8-3917] design system_uifdma_dbuf_0_0 has port O_fdma_wsize[6] driven by constant 1
INFO: [Synth 8-3917] design system_uifdma_dbuf_0_0 has port O_fdma_wsize[5] driven by constant 0
INFO: [Synth 8-3917] design system_uifdma_dbuf_0_0 has port O_fdma_wsize[4] driven by constant 0
INFO: [Synth 8-3917] design system_uifdma_dbuf_0_0 has port O_fdma_wsize[3] driven by constant 0
INFO: [Synth 8-3917] design system_uifdma_dbuf_0_0 has port O_fdma_wsize[2] driven by constant 0
INFO: [Synth 8-3917] design system_uifdma_dbuf_0_0 has port O_fdma_wsize[1] driven by constant 0
INFO: [Synth 8-3917] design system_uifdma_dbuf_0_0 has port O_fdma_wsize[0] driven by constant 0
INFO: [Synth 8-3917] design system_uifdma_dbuf_0_0 has port O_fdma_wready driven by constant 1
INFO: [Synth 8-3917] design system_uifdma_dbuf_0_0 has port O_fdma_rsize[15] driven by constant 0
INFO: [Synth 8-3917] design system_uifdma_dbuf_0_0 has port O_fdma_rsize[14] driven by constant 0
INFO: [Synth 8-3917] design system_uifdma_dbuf_0_0 has port O_fdma_rsize[13] driven by constant 0
INFO: [Synth 8-3917] design system_uifdma_dbuf_0_0 has port O_fdma_rsize[12] driven by constant 0
INFO: [Synth 8-3917] design system_uifdma_dbuf_0_0 has port O_fdma_rsize[11] driven by constant 0
INFO: [Synth 8-3917] design system_uifdma_dbuf_0_0 has port O_fdma_rsize[10] driven by constant 0
INFO: [Synth 8-3917] design system_uifdma_dbuf_0_0 has port O_fdma_rsize[9] driven by constant 0
INFO: [Synth 8-3917] design system_uifdma_dbuf_0_0 has port O_fdma_rsize[8] driven by constant 0
INFO: [Synth 8-3917] design system_uifdma_dbuf_0_0 has port O_fdma_rsize[7] driven by constant 1
INFO: [Synth 8-3917] design system_uifdma_dbuf_0_0 has port O_fdma_rsize[6] driven by constant 1
INFO: [Synth 8-3917] design system_uifdma_dbuf_0_0 has port O_fdma_rsize[5] driven by constant 1
INFO: [Synth 8-3917] design system_uifdma_dbuf_0_0 has port O_fdma_rsize[4] driven by constant 1
INFO: [Synth 8-3917] design system_uifdma_dbuf_0_0 has port O_fdma_rsize[3] driven by constant 0
INFO: [Synth 8-3917] design system_uifdma_dbuf_0_0 has port O_fdma_rsize[2] driven by constant 0
INFO: [Synth 8-3917] design system_uifdma_dbuf_0_0 has port O_fdma_rsize[1] driven by constant 0
INFO: [Synth 8-3917] design system_uifdma_dbuf_0_0 has port O_fdma_rsize[0] driven by constant 0
INFO: [Synth 8-3917] design system_uifdma_dbuf_0_0 has port O_fdma_rready driven by constant 1
INFO: [Synth 8-3332] Sequential element (inst/uidbufirq_inst/reg_data_out_reg[31]) is unused and will be removed from module system_uifdma_dbuf_0_0.
---------------------------------------------------------------------------------
Finished Cross Boundary and Area Optimization : Time (s): cpu = 00:00:13 ; elapsed = 00:00:14 . Memory (MB): peak = 1644.164 ; gain = 734.816
---------------------------------------------------------------------------------
---------------------------------------------------------------------------------
Start ROM, RAM, DSP, Shift Register and Retiming Reporting
---------------------------------------------------------------------------------

Block RAM: Preliminary Mapping Report (see note below)
+----------------------------------------------------------------------------------------------------------+----------------------------------+------------------------+---+---+------------------------+---+---+------------------+--------+--------+
|Module Name                                                                                               | RTL Object                       | PORT A (Depth x Width) | W | R | PORT B (Depth x Width) | W | R | Ports driving FF | RAMB18 | RAMB36 | 
+----------------------------------------------------------------------------------------------------------+----------------------------------+------------------------+---+---+------------------------+---+---+------------------+--------+--------+
|\inst/uidbuf_u0/xpm_fifo_W_inst /\gnuram_async_fifo.xpm_fifo_base_inst /\gen_sdpram.xpm_memory_base_inst  | gen_wr_a.gen_word_narrow.mem_reg | 2 K x 128(NO_CHANGE)   | W |   | 2 K x 128(WRITE_FIRST) |   | R | Port A and B     | 1      | 7      | 
|\inst/uidbuf_u0/xpm_fifo_R_inst /\gnuram_async_fifo.xpm_fifo_base_inst /\gen_sdpram.xpm_memory_base_inst  | gen_wr_a.gen_word_wide.mem_reg   | 16 x 128(NO_CHANGE)    | W |   | 64 x 32(WRITE_FIRST)   |   | R | Port A and B     | 0      | 2      | 
+----------------------------------------------------------------------------------------------------------+----------------------------------+------------------------+---+---+------------------------+---+---+------------------+--------+--------+

Note: The table above is a preliminary report that shows the Block RAMs at the current stage of the synthesis flow. Some Block RAMs may be reimplemented as non Block RAM primitives later in the synthesis flow. Multiple instantiated Block RAMs are reported only once. 
---------------------------------------------------------------------------------
Finished ROM, RAM, DSP, Shift Register and Retiming Reporting
---------------------------------------------------------------------------------
---------------------------------------------------------------------------------
Start Applying XDC Timing Constraints
---------------------------------------------------------------------------------
---------------------------------------------------------------------------------
Finished Applying XDC Timing Constraints : Time (s): cpu = 00:00:16 ; elapsed = 00:00:17 . Memory (MB): peak = 1787.773 ; gain = 878.426
---------------------------------------------------------------------------------
---------------------------------------------------------------------------------
Start Timing Optimization
---------------------------------------------------------------------------------
---------------------------------------------------------------------------------
Finished Timing Optimization : Time (s): cpu = 00:00:16 ; elapsed = 00:00:17 . Memory (MB): peak = 1789.988 ; gain = 880.641
---------------------------------------------------------------------------------
---------------------------------------------------------------------------------
Start ROM, RAM, DSP, Shift Register and Retiming Reporting
---------------------------------------------------------------------------------

Block RAM: Final Mapping Report
+----------------------------------------------------------------------------------------------------------+----------------------------------+------------------------+---+---+------------------------+---+---+------------------+--------+--------+
|Module Name                                                                                               | RTL Object                       | PORT A (Depth x Width) | W | R | PORT B (Depth x Width) | W | R | Ports driving FF | RAMB18 | RAMB36 | 
+----------------------------------------------------------------------------------------------------------+----------------------------------+------------------------+---+---+------------------------+---+---+------------------+--------+--------+
|\inst/uidbuf_u0/xpm_fifo_W_inst /\gnuram_async_fifo.xpm_fifo_base_inst /\gen_sdpram.xpm_memory_base_inst  | gen_wr_a.gen_word_narrow.mem_reg | 2 K x 128(NO_CHANGE)   | W |   | 2 K x 128(WRITE_FIRST) |   | R | Port A and B     | 1      | 7      | 
|\inst/uidbuf_u0/xpm_fifo_R_inst /\gnuram_async_fifo.xpm_fifo_base_inst /\gen_sdpram.xpm_memory_base_inst  | gen_wr_a.gen_word_wide.mem_reg   | 16 x 128(NO_CHANGE)    | W |   | 64 x 32(WRITE_FIRST)   |   | R | Port A and B     | 0      | 2      | 
+----------------------------------------------------------------------------------------------------------+----------------------------------+------------------------+---+---+------------------------+---+---+------------------+--------+--------+

---------------------------------------------------------------------------------
Finished ROM, RAM, DSP, Shift Register and Retiming Reporting
---------------------------------------------------------------------------------
---------------------------------------------------------------------------------
Start Technology Mapping
---------------------------------------------------------------------------------
---------------------------------------------------------------------------------
Finished Technology Mapping : Time (s): cpu = 00:00:17 ; elapsed = 00:00:18 . Memory (MB): peak = 1819.449 ; gain = 910.102
---------------------------------------------------------------------------------
---------------------------------------------------------------------------------
Start IO Insertion
---------------------------------------------------------------------------------
---------------------------------------------------------------------------------
Start Flattening Before IO Insertion
---------------------------------------------------------------------------------
---------------------------------------------------------------------------------
Finished Flattening Before IO Insertion
---------------------------------------------------------------------------------
---------------------------------------------------------------------------------
Start Final Netlist Cleanup
---------------------------------------------------------------------------------
---------------------------------------------------------------------------------
Finished Final Netlist Cleanup
---------------------------------------------------------------------------------
---------------------------------------------------------------------------------
Finished IO Insertion : Time (s): cpu = 00:00:19 ; elapsed = 00:00:20 . Memory (MB): peak = 2048.770 ; gain = 1139.422
---------------------------------------------------------------------------------
---------------------------------------------------------------------------------
Start Renaming Generated Instances
---------------------------------------------------------------------------------
---------------------------------------------------------------------------------
Finished Renaming Generated Instances : Time (s): cpu = 00:00:19 ; elapsed = 00:00:20 . Memory (MB): peak = 2048.770 ; gain = 1139.422
---------------------------------------------------------------------------------
---------------------------------------------------------------------------------
Start Rebuilding User Hierarchy
---------------------------------------------------------------------------------
---------------------------------------------------------------------------------
Finished Rebuilding User Hierarchy : Time (s): cpu = 00:00:19 ; elapsed = 00:00:20 . Memory (MB): peak = 2048.770 ; gain = 1139.422
---------------------------------------------------------------------------------
---------------------------------------------------------------------------------
Start Renaming Generated Ports
---------------------------------------------------------------------------------
---------------------------------------------------------------------------------
Finished Renaming Generated Ports : Time (s): cpu = 00:00:19 ; elapsed = 00:00:20 . Memory (MB): peak = 2048.770 ; gain = 1139.422
---------------------------------------------------------------------------------
---------------------------------------------------------------------------------
Start Handling Custom Attributes
---------------------------------------------------------------------------------
---------------------------------------------------------------------------------
Finished Handling Custom Attributes : Time (s): cpu = 00:00:19 ; elapsed = 00:00:20 . Memory (MB): peak = 2050.766 ; gain = 1141.418
---------------------------------------------------------------------------------
---------------------------------------------------------------------------------
Start Renaming Generated Nets
---------------------------------------------------------------------------------
---------------------------------------------------------------------------------
Finished Renaming Generated Nets : Time (s): cpu = 00:00:19 ; elapsed = 00:00:20 . Memory (MB): peak = 2050.766 ; gain = 1141.418
---------------------------------------------------------------------------------
---------------------------------------------------------------------------------
Start Writing Synthesis Report
---------------------------------------------------------------------------------

Report BlackBoxes: 
+-+--------------+----------+
| |BlackBox name |Instances |
+-+--------------+----------+
+-+--------------+----------+

Report Cell Usage: 
+------+---------+------+
|      |Cell     |Count |
+------+---------+------+
|1     |CARRY4   |    62|
|2     |LUT1     |    32|
|3     |LUT2     |   236|
|4     |LUT3     |    42|
|5     |LUT4     |    94|
|6     |LUT5     |    74|
|7     |LUT6     |    79|
|8     |RAMB18E1 |     1|
|9     |RAMB36E1 |     9|
|11    |FDCE     |    44|
|12    |FDPE     |     1|
|13    |FDRE     |   684|
|14    |FDSE     |    13|
|15    |LD       |    16|
+------+---------+------+
---------------------------------------------------------------------------------
Finished Writing Synthesis Report : Time (s): cpu = 00:00:19 ; elapsed = 00:00:20 . Memory (MB): peak = 2050.766 ; gain = 1141.418
---------------------------------------------------------------------------------
Synthesis finished with 0 errors, 0 critical warnings and 1 warnings.
Synthesis Optimization Runtime : Time (s): cpu = 00:00:13 ; elapsed = 00:00:19 . Memory (MB): peak = 2050.766 ; gain = 1123.527
Synthesis Optimization Complete : Time (s): cpu = 00:00:19 ; elapsed = 00:00:20 . Memory (MB): peak = 2050.766 ; gain = 1141.418
INFO: [Project 1-571] Translating synthesized netlist
Netlist sorting complete. Time (s): cpu = 00:00:00 ; elapsed = 00:00:00.022 . Memory (MB): peak = 2059.926 ; gain = 0.000
INFO: [Netlist 29-17] Analyzing 88 Unisim elements for replacement
INFO: [Netlist 29-28] Unisim Transformation completed in 0 CPU seconds
INFO: [Project 1-570] Preparing netlist for logic optimization
INFO: [Opt 31-138] Pushed 0 inverter(s) to 0 load pin(s).
Netlist sorting complete. Time (s): cpu = 00:00:00 ; elapsed = 00:00:00 . Memory (MB): peak = 2063.523 ; gain = 0.000
INFO: [Project 1-111] Unisim Transformation Summary:
  A total of 16 instances were transformed.
  LD => LDCE: 16 instances

Synth Design complete | Checksum: e2780c2b
INFO: [Common 17-83] Releasing license: Synthesis
269 Infos, 30 Warnings, 0 Critical Warnings and 0 Errors encountered.
synth_design completed successfully
synth_design: Time (s): cpu = 00:00:22 ; elapsed = 00:00:24 . Memory (MB): peak = 2063.523 ; gain = 1377.656
Write ShapeDB Complete: Time (s): cpu = 00:00:00 ; elapsed = 00:00:00.002 . Memory (MB): peak = 2063.523 ; gain = 0.000
INFO: [Common 17-1381] The checkpoint 'G:/proj/fpga/zynq7020_mlk2/proj/linux_QT/QT/project/soc_prj/soc_prj.runs/system_uifdma_dbuf_0_0_synth_1/system_uifdma_dbuf_0_0.dcp' has been generated.
INFO: [Coretcl 2-1648] Added synthesis output to IP cache for IP system_uifdma_dbuf_0_0, cache-ID = 8c64c5773dc9e026
INFO: [Coretcl 2-1174] Renamed 45 cell refs.
Write ShapeDB Complete: Time (s): cpu = 00:00:00 ; elapsed = 00:00:00.002 . Memory (MB): peak = 2063.523 ; gain = 0.000
INFO: [Common 17-1381] The checkpoint 'G:/proj/fpga/zynq7020_mlk2/proj/linux_QT/QT/project/soc_prj/soc_prj.runs/system_uifdma_dbuf_0_0_synth_1/system_uifdma_dbuf_0_0.dcp' has been generated.
INFO: [Vivado 12-24828] Executing command : report_utilization -file system_uifdma_dbuf_0_0_utilization_synth.rpt -pb system_uifdma_dbuf_0_0_utilization_synth.pb
INFO: [Common 17-206] Exiting Vivado at Thu Feb 19 20:23:53 2026...
