#-----------------------------------------------------------
# Vivado v2021.1 (64-bit)
# SW Build 3247384 on Thu Jun 10 19:36:33 MDT 2021
# IP Build 3246043 on Fri Jun 11 00:30:35 MDT 2021
# Start of session at: Mon Jun 16 20:00:20 2025
# Process ID: 65896
# Current directory: G:/02_board/01_xilinx/H3P/02_fpga_cs500/02_fpga_cs500/soc_prj/uisrc/03_ip/uifdma/milianke_ip_uifdma/uifdma_v4_0_project
# Command line: vivado.exe -gui_launcher_event rodinguilauncherevent58124 G:\02_board\01_xilinx\H3P\02_fpga_cs500\02_fpga_cs500\soc_prj\uisrc\03_ip\uifdma\milianke_ip_uifdma\uifdma_v4_0_project\uiFDMA_v4_0_project.xpr
# Log file: G:/02_board/01_xilinx/H3P/02_fpga_cs500/02_fpga_cs500/soc_prj/uisrc/03_ip/uifdma/milianke_ip_uifdma/uifdma_v4_0_project/vivado.log
# Journal file: G:/02_board/01_xilinx/H3P/02_fpga_cs500/02_fpga_cs500/soc_prj/uisrc/03_ip/uifdma/milianke_ip_uifdma/uifdma_v4_0_project\vivado.jou
#-----------------------------------------------------------
start_gui
open_project G:/02_board/01_xilinx/H3P/02_fpga_cs500/02_fpga_cs500/soc_prj/uisrc/03_ip/uifdma/milianke_ip_uifdma/uifdma_v4_0_project/uiFDMA_v4_0_project.xpr
INFO: [ProjectBase 1-489] The host OS only allows 260 characters in a normal path. The project is stored in a path with more than 80 characters. If you experience issues with IP, Block Designs, or files not being found, please consider moving the project to a location with a shorter path. Alternately consider using the OS subst command to map part of the path to a drive letter.
Current project path is 'G:/02_board/01_xilinx/H3P/02_fpga_cs500/02_fpga_cs500/soc_prj/uisrc/03_ip/uifdma/milianke_ip_uifdma/uifdma_v4_0_project'
WARNING: [filemgmt 56-3] Default IP Output Path : Could not find the directory 'G:/02_board/01_xilinx/H3P/02_fpga_cs500/02_fpga_cs500/soc_prj/uisrc/03_ip/uifdma/milianke_ip_uifdma/uifdma_v4_0_project/uiFDMA_v4_0_project.gen/sources_1'.
Scanning sources...
Finished scanning sources
INFO: [IP_Flow 19-234] Refreshing IP repositories
WARNING: [IP_Flow 19-1694] Ignoring duplicate Bus Definition IP file 'xilinx.com:user:FDMA:1.0' found within IP repository 'g:/02_board/01_xilinx/H3P/02_fpga_cs500/02_fpga_cs500/soc_prj/uisrc/03_ip'.
File in use: g:/02_board/01_xilinx/H3P/02_fpga_cs500/02_fpga_cs500/soc_prj/uisrc/03_ip/uifdma/milianke_ip_uifdma/FDMA.xml
File ignored: g:/02_board/01_xilinx/H3P/02_fpga_cs500/02_fpga_cs500/soc_prj/uisrc/03_ip/uifdmadbuf/FDMA.xml
WARNING: [IP_Flow 19-1694] Ignoring duplicate Bus Abstraction IP file 'xilinx.com:user:FDMA_rtl:1.0' found within IP repository 'g:/02_board/01_xilinx/H3P/02_fpga_cs500/02_fpga_cs500/soc_prj/uisrc/03_ip'.
File in use: g:/02_board/01_xilinx/H3P/02_fpga_cs500/02_fpga_cs500/soc_prj/uisrc/03_ip/uifdma/milianke_ip_uifdma/FDMA_rtl.xml
File ignored: g:/02_board/01_xilinx/H3P/02_fpga_cs500/02_fpga_cs500/soc_prj/uisrc/03_ip/uifdmadbuf/FDMA_rtl.xml
INFO: [IP_Flow 19-1700] Loaded user IP repository 'g:/02_board/01_xilinx/H3P/02_fpga_cs500/02_fpga_cs500/soc_prj/uisrc/03_ip'.
WARNING: [IP_Flow 19-3656] If you move the project, the path for repository 'g:/02_board/01_xilinx/H3P/02_fpga_cs500/02_fpga_cs500/soc_prj/uisrc/03_ip' may become invalid. A better location for the repository would be in a path adjacent to the project. (Current project location is 'g:/02_board/01_xilinx/H3P/02_fpga_cs500/02_fpga_cs500/soc_prj/uisrc/03_ip/uifdma/milianke_ip_uifdma/uifdma_v4_0_project'.)
INFO: [IP_Flow 19-2313] Loaded Vivado IP repository 'D:/Xilinx/Vivado/2021.1/data/ip'.
WARNING: [IP_Flow 19-1663] Duplicate IP found for 'xilinx.com:user:uispi:1.0'. The one found in IP location 'g:/02_board/01_xilinx/H3P/02_fpga_cs500/02_fpga_cs500/soc_prj/uisrc/03_ip/uiisp' will take precedence over the same IP in location g:/02_board/01_xilinx/H3P/02_fpga_cs500/02_fpga_cs500/soc_prj/uisrc/03_ip/uiturn
update_compile_order -fileset sources_1
ipx::open_ipxact_file {G:\02_board\01_xilinx\H3P\02_fpga_cs500\02_fpga_cs500\soc_prj\uisrc\03_ip\uifdma\milianke_ip_uifdma\component.xml}
WARNING: [IP_Flow 19-5226] Project source file 'g:/02_board/01_xilinx/H3P/02_fpga_cs500/02_fpga_cs500/soc_prj/uisrc/03_ip/uifdma/milianke_ip_uifdma/component.xml' ignored by IP packager.
WARNING: [IP_Flow 19-3898] File Group 'xilinx_anylanguagesynthesis (Synthesis)': File 'g:/02_board/01_xilinx/H3P/02_fpga_cs500/02_fpga_cs500/soc_prj/uisrc/03_ip/uifdma/milianke_ip_uifdma/uiFDMA.v' is not found in the project sources. It will be removed from the packaged IP when the sources are merged. If still required, please add this file to the project and re-package.
WARNING: [IP_Flow 19-3898] File Group 'xilinx_anylanguagebehavioralsimulation (Simulation)': File 'g:/02_board/01_xilinx/H3P/02_fpga_cs500/02_fpga_cs500/soc_prj/uisrc/03_ip/uifdma/milianke_ip_uifdma/uiFDMA.v' is not found in the project sources. It will be removed from the packaged IP when the sources are merged. If still required, please add this file to the project and re-package.
ipx::merge_project_changes ports [ipx::current_core]
WARNING: [IP_Flow 19-5226] Project source file 'g:/02_board/01_xilinx/H3P/02_fpga_cs500/02_fpga_cs500/soc_prj/uisrc/03_ip/uifdma/milianke_ip_uifdma/component.xml' ignored by IP packager.
WARNING: [IP_Flow 19-587] [HDL Parser] HDL port or parameter 'axi_wburst_size' has a dependency on the module local parameter or undefined parameter 'AXI_BYTES'.
WARNING: [IP_Flow 19-587] [HDL Parser] HDL port or parameter 'axi_rburst_size' has a dependency on the module local parameter or undefined parameter 'AXI_BYTES'.
INFO: [IP_Flow 19-3164] Bus Interface 'M_AXI': References existing address space 'M_AXI'.
set_property core_revision 5 [ipx::current_core]
ipx::create_xgui_files [ipx::current_core]
ipx::update_checksums [ipx::current_core]
ipx::check_integrity [ipx::current_core]
CRITICAL WARNING: [IP_Flow 19-4295] Component Definition 'xilinx.com:user:uiFDMA:4.0 (uiFDMA_v4_0)': A core property canUpgradeFrom 'xilinx.com:user:uiFDMA:4.0' with a version that is greater or equal to the current version '4.0' of the IP.
INFO: [IP_Flow 19-2181] Payment Required is not set for this core.
INFO: [IP_Flow 19-2187] The Product Guide file is missing.
INFO: [Ipptcl 7-1486] check_integrity: Integrity check passed.
ipx::save_core [ipx::current_core]
update_ip_catalog -rebuild -repo_path g:/02_board/01_xilinx/H3P/02_fpga_cs500/02_fpga_cs500/soc_prj/uisrc/03_ip
WARNING: [IP_Flow 19-1694] Ignoring duplicate Bus Definition IP file 'xilinx.com:user:FDMA:1.0' found within IP repository 'g:/02_board/01_xilinx/H3P/02_fpga_cs500/02_fpga_cs500/soc_prj/uisrc/03_ip'.
File in use: g:/02_board/01_xilinx/H3P/02_fpga_cs500/02_fpga_cs500/soc_prj/uisrc/03_ip/uifdma/milianke_ip_uifdma/FDMA.xml
File ignored: g:/02_board/01_xilinx/H3P/02_fpga_cs500/02_fpga_cs500/soc_prj/uisrc/03_ip/uifdmadbuf/FDMA.xml
WARNING: [IP_Flow 19-1694] Ignoring duplicate Bus Abstraction IP file 'xilinx.com:user:FDMA_rtl:1.0' found within IP repository 'g:/02_board/01_xilinx/H3P/02_fpga_cs500/02_fpga_cs500/soc_prj/uisrc/03_ip'.
File in use: g:/02_board/01_xilinx/H3P/02_fpga_cs500/02_fpga_cs500/soc_prj/uisrc/03_ip/uifdma/milianke_ip_uifdma/FDMA_rtl.xml
File ignored: g:/02_board/01_xilinx/H3P/02_fpga_cs500/02_fpga_cs500/soc_prj/uisrc/03_ip/uifdmadbuf/FDMA_rtl.xml
INFO: [IP_Flow 19-725] Reloaded user IP repository 'g:/02_board/01_xilinx/H3P/02_fpga_cs500/02_fpga_cs500/soc_prj/uisrc/03_ip'
WARNING: [IP_Flow 19-1663] Duplicate IP found for 'xilinx.com:user:uispi:1.0'. The one found in IP location 'g:/02_board/01_xilinx/H3P/02_fpga_cs500/02_fpga_cs500/soc_prj/uisrc/03_ip/uiisp' will take precedence over the same IP in location g:/02_board/01_xilinx/H3P/02_fpga_cs500/02_fpga_cs500/soc_prj/uisrc/03_ip/uiturn
launch_runs synth_1 -jobs 25
[Mon Jun 16 20:41:47 2025] Launched synth_1...
Run output will be captured here: G:/02_board/01_xilinx/H3P/02_fpga_cs500/02_fpga_cs500/soc_prj/uisrc/03_ip/uifdma/milianke_ip_uifdma/uifdma_v4_0_project/uiFDMA_v4_0_project.runs/synth_1/runme.log
set_property display_name uiFDMA_v4_00 [ipx::current_core]
set_property description uiFDMA_v4_000 [ipx::current_core]
set_property version 4.1 [ipx::current_core]
set_property display_name uiFDMA_v4_0 [ipx::current_core]
set_property description uiFDMA_v4_0 [ipx::current_core]
set_property version 4.0 [ipx::current_core]
set_property core_revision 6 [ipx::current_core]
ipx::create_xgui_files [ipx::current_core]
ipx::update_checksums [ipx::current_core]
ipx::check_integrity [ipx::current_core]
CRITICAL WARNING: [IP_Flow 19-4295] Component Definition 'xilinx.com:user:uiFDMA:4.0 (uiFDMA_v4_0)': A core property canUpgradeFrom 'xilinx.com:user:uiFDMA:4.0' with a version that is greater or equal to the current version '4.0' of the IP.
INFO: [IP_Flow 19-2181] Payment Required is not set for this core.
INFO: [IP_Flow 19-2187] The Product Guide file is missing.
INFO: [Ipptcl 7-1486] check_integrity: Integrity check passed.
ipx::save_core [ipx::current_core]
update_ip_catalog -rebuild -repo_path g:/02_board/01_xilinx/H3P/02_fpga_cs500/02_fpga_cs500/soc_prj/uisrc/03_ip
WARNING: [IP_Flow 19-1694] Ignoring duplicate Bus Definition IP file 'xilinx.com:user:FDMA:1.0' found within IP repository 'g:/02_board/01_xilinx/H3P/02_fpga_cs500/02_fpga_cs500/soc_prj/uisrc/03_ip'.
File in use: g:/02_board/01_xilinx/H3P/02_fpga_cs500/02_fpga_cs500/soc_prj/uisrc/03_ip/uifdma/milianke_ip_uifdma/FDMA.xml
File ignored: g:/02_board/01_xilinx/H3P/02_fpga_cs500/02_fpga_cs500/soc_prj/uisrc/03_ip/uifdmadbuf/FDMA.xml
WARNING: [IP_Flow 19-1694] Ignoring duplicate Bus Abstraction IP file 'xilinx.com:user:FDMA_rtl:1.0' found within IP repository 'g:/02_board/01_xilinx/H3P/02_fpga_cs500/02_fpga_cs500/soc_prj/uisrc/03_ip'.
File in use: g:/02_board/01_xilinx/H3P/02_fpga_cs500/02_fpga_cs500/soc_prj/uisrc/03_ip/uifdma/milianke_ip_uifdma/FDMA_rtl.xml
File ignored: g:/02_board/01_xilinx/H3P/02_fpga_cs500/02_fpga_cs500/soc_prj/uisrc/03_ip/uifdmadbuf/FDMA_rtl.xml
INFO: [IP_Flow 19-725] Reloaded user IP repository 'g:/02_board/01_xilinx/H3P/02_fpga_cs500/02_fpga_cs500/soc_prj/uisrc/03_ip'
WARNING: [IP_Flow 19-1663] Duplicate IP found for 'xilinx.com:user:uispi:1.0'. The one found in IP location 'g:/02_board/01_xilinx/H3P/02_fpga_cs500/02_fpga_cs500/soc_prj/uisrc/03_ip/uiisp' will take precedence over the same IP in location g:/02_board/01_xilinx/H3P/02_fpga_cs500/02_fpga_cs500/soc_prj/uisrc/03_ip/uiturn
set_property core_revision 7 [ipx::current_core]
ipx::update_checksums [ipx::current_core]
ipx::check_integrity [ipx::current_core]
WARNING: [IP_Flow 19-867] Referenced XGUI file does not exist: xgui/uiFDMA_v4_0.tcl
CRITICAL WARNING: [IP_Flow 19-4295] Component Definition 'xilinx.com:user:uiFDMA:4.0 (uiFDMA_v4_0)': A core property canUpgradeFrom 'xilinx.com:user:uiFDMA:4.0' with a version that is greater or equal to the current version '4.0' of the IP.
CRITICAL WARNING: [IP_Flow 19-530] File Group 'xilinx_xpgui (UI Layout)': Component file 'xgui/uiFDMA_v4_0.tcl' (g:/02_board/01_xilinx/H3P/02_fpga_cs500/02_fpga_cs500/soc_prj/uisrc/03_ip/uifdma/milianke_ip_uifdma/xgui/uiFDMA_v4_0.tcl) does not exist.
INFO: [IP_Flow 19-2181] Payment Required is not set for this core.
INFO: [IP_Flow 19-2187] The Product Guide file is missing.
INFO: [Ipptcl 7-1486] check_integrity: Integrity check passed.
ipx::save_core [ipx::current_core]
update_ip_catalog -rebuild -repo_path g:/02_board/01_xilinx/H3P/02_fpga_cs500/02_fpga_cs500/soc_prj/uisrc/03_ip
WARNING: [IP_Flow 19-1694] Ignoring duplicate Bus Definition IP file 'xilinx.com:user:FDMA:1.0' found within IP repository 'g:/02_board/01_xilinx/H3P/02_fpga_cs500/02_fpga_cs500/soc_prj/uisrc/03_ip'.
File in use: g:/02_board/01_xilinx/H3P/02_fpga_cs500/02_fpga_cs500/soc_prj/uisrc/03_ip/uifdma/milianke_ip_uifdma/FDMA.xml
File ignored: g:/02_board/01_xilinx/H3P/02_fpga_cs500/02_fpga_cs500/soc_prj/uisrc/03_ip/uifdmadbuf/FDMA.xml
WARNING: [IP_Flow 19-1694] Ignoring duplicate Bus Abstraction IP file 'xilinx.com:user:FDMA_rtl:1.0' found within IP repository 'g:/02_board/01_xilinx/H3P/02_fpga_cs500/02_fpga_cs500/soc_prj/uisrc/03_ip'.
File in use: g:/02_board/01_xilinx/H3P/02_fpga_cs500/02_fpga_cs500/soc_prj/uisrc/03_ip/uifdma/milianke_ip_uifdma/FDMA_rtl.xml
File ignored: g:/02_board/01_xilinx/H3P/02_fpga_cs500/02_fpga_cs500/soc_prj/uisrc/03_ip/uifdmadbuf/FDMA_rtl.xml
INFO: [IP_Flow 19-725] Reloaded user IP repository 'g:/02_board/01_xilinx/H3P/02_fpga_cs500/02_fpga_cs500/soc_prj/uisrc/03_ip'
WARNING: [IP_Flow 19-1663] Duplicate IP found for 'xilinx.com:user:uispi:1.0'. The one found in IP location 'g:/02_board/01_xilinx/H3P/02_fpga_cs500/02_fpga_cs500/soc_prj/uisrc/03_ip/uiisp' will take precedence over the same IP in location g:/02_board/01_xilinx/H3P/02_fpga_cs500/02_fpga_cs500/soc_prj/uisrc/03_ip/uiturn
set_property version 4.1 [ipx::current_core]
set_property display_name uiFDMA_v4_1 [ipx::current_core]
set_property description uiFDMA_v4_1 [ipx::current_core]
set_property core_revision 8 [ipx::current_core]
ipx::create_xgui_files [ipx::current_core]
ipx::update_checksums [ipx::current_core]
ipx::check_integrity [ipx::current_core]
INFO: [IP_Flow 19-2181] Payment Required is not set for this core.
INFO: [IP_Flow 19-2187] The Product Guide file is missing.
INFO: [Ipptcl 7-1486] check_integrity: Integrity check passed.
ipx::save_core [ipx::current_core]
update_ip_catalog -rebuild -repo_path g:/02_board/01_xilinx/H3P/02_fpga_cs500/02_fpga_cs500/soc_prj/uisrc/03_ip
WARNING: [IP_Flow 19-1694] Ignoring duplicate Bus Definition IP file 'xilinx.com:user:FDMA:1.0' found within IP repository 'g:/02_board/01_xilinx/H3P/02_fpga_cs500/02_fpga_cs500/soc_prj/uisrc/03_ip'.
File in use: g:/02_board/01_xilinx/H3P/02_fpga_cs500/02_fpga_cs500/soc_prj/uisrc/03_ip/uifdma/milianke_ip_uifdma/FDMA.xml
File ignored: g:/02_board/01_xilinx/H3P/02_fpga_cs500/02_fpga_cs500/soc_prj/uisrc/03_ip/uifdmadbuf/FDMA.xml
WARNING: [IP_Flow 19-1694] Ignoring duplicate Bus Abstraction IP file 'xilinx.com:user:FDMA_rtl:1.0' found within IP repository 'g:/02_board/01_xilinx/H3P/02_fpga_cs500/02_fpga_cs500/soc_prj/uisrc/03_ip'.
File in use: g:/02_board/01_xilinx/H3P/02_fpga_cs500/02_fpga_cs500/soc_prj/uisrc/03_ip/uifdma/milianke_ip_uifdma/FDMA_rtl.xml
File ignored: g:/02_board/01_xilinx/H3P/02_fpga_cs500/02_fpga_cs500/soc_prj/uisrc/03_ip/uifdmadbuf/FDMA_rtl.xml
INFO: [IP_Flow 19-725] Reloaded user IP repository 'g:/02_board/01_xilinx/H3P/02_fpga_cs500/02_fpga_cs500/soc_prj/uisrc/03_ip'
WARNING: [IP_Flow 19-1663] Duplicate IP found for 'xilinx.com:user:uispi:1.0'. The one found in IP location 'g:/02_board/01_xilinx/H3P/02_fpga_cs500/02_fpga_cs500/soc_prj/uisrc/03_ip/uiisp' will take precedence over the same IP in location g:/02_board/01_xilinx/H3P/02_fpga_cs500/02_fpga_cs500/soc_prj/uisrc/03_ip/uiturn
