
*** Running vivado
    with args -log system_mipi_csi2_rx_subsyst_0_0.vds -m64 -product Vivado -mode batch -messageDb vivado.pb -notrace -source system_mipi_csi2_rx_subsyst_0_0.tcl



****** Vivado v2025.2 (64-bit)
  **** SW Build 6299465 on Fri Nov 14 19:35:11 GMT 2025
  **** IP Build 6300035 on Fri Nov 14 10:48:45 MST 2025
  **** SharedData Build 6298862 on Thu Nov 13 04:50:51 MST 2025
  **** Start of session at: Thu Feb 19 16:42:08 2026
    ** Copyright 1986-2022 Xilinx, Inc. All Rights Reserved.
    ** Copyright 2022-2025 Advanced Micro Devices, Inc. All Rights Reserved.

source system_mipi_csi2_rx_subsyst_0_0.tcl -notrace
INFO: [IP_Flow 19-234] Refreshing IP repositories
WARNING: [IP_Flow 19-1694] Ignoring duplicate Bus Definition IP file 'xilinx.com:user:FDMA:1.0' found within IP repository 'g:/proj/fpga/zynq7020_mlk2/proj/linux_QT/QT/project/soc_prj'.
File in use: g:/proj/fpga/zynq7020_mlk2/proj/linux_QT/QT/project/soc_prj/uisrc/ip/uifdma/milianke_ip_uifdma/FDMA.xml
File ignored: g:/proj/fpga/zynq7020_mlk2/proj/linux_QT/QT/project/soc_prj/uisrc/ip/uifdmadbuf/FDMA.xml
WARNING: [IP_Flow 19-1694] Ignoring duplicate Bus Abstraction IP file 'xilinx.com:user:FDMA_rtl:1.0' found within IP repository 'g:/proj/fpga/zynq7020_mlk2/proj/linux_QT/QT/project/soc_prj'.
File in use: g:/proj/fpga/zynq7020_mlk2/proj/linux_QT/QT/project/soc_prj/uisrc/ip/uifdma/milianke_ip_uifdma/FDMA_rtl.xml
File ignored: g:/proj/fpga/zynq7020_mlk2/proj/linux_QT/QT/project/soc_prj/uisrc/ip/uifdmadbuf/FDMA_rtl.xml
INFO: [IP_Flow 19-1700] Loaded user IP repository 'g:/proj/fpga/zynq7020_mlk2/proj/linux_QT/QT/project/soc_prj'.
WARNING: [IP_Flow 19-3656] If you move the project, the path for repository 'g:/proj/fpga/zynq7020_mlk2/proj/linux_QT/QT/project/soc_prj' may become invalid. A better location for the repository would be in a path adjacent to the project. (Current project location is 'g:/proj/fpga/zynq7020_mlk2/proj/linux_QT/QT/project/soc_prj/soc_prj.runs/system_mipi_csi2_rx_subsyst_0_0_synth_1'.)
INFO: [IP_Flow 19-2313] Loaded Vivado IP repository 'D:/Xilinx/2025.2/Vivado/data/ip'.
Command: synth_design -top system_mipi_csi2_rx_subsyst_0_0 -part xc7z020clg484-2 -incremental_mode off -mode out_of_context
Starting synth_design
Attempting to get a license for feature 'Synthesis' and/or device 'xc7z020'
INFO: [Common 17-349] Got license for feature 'Synthesis' and/or device 'xc7z020'
INFO: [Device 21-403] Loading part xc7z020clg484-2
INFO: [Synth 8-7079] Multithreading enabled for synth_design using a maximum of 2 processes.
INFO: [Synth 8-7078] Launching helper process for spawning children vivado processes
INFO: [Synth 8-7075] Helper process launched with PID 46548
---------------------------------------------------------------------------------
Starting RTL Elaboration : Time (s): cpu = 00:00:03 ; elapsed = 00:00:03 . Memory (MB): peak = 1489.305 ; gain = 541.785
---------------------------------------------------------------------------------
INFO: [Synth 8-6157] synthesizing module 'system_mipi_csi2_rx_subsyst_0_0' [g:/proj/fpga/zynq7020_mlk2/proj/linux_QT/QT/project/soc_prj/soc_prj.gen/sources_1/bd/system/ip/system_mipi_csi2_rx_subsyst_0_0/synth/system_mipi_csi2_rx_subsyst_0_0.v:53]
INFO: [Synth 8-6157] synthesizing module 'bd_22c6' [g:/proj/fpga/zynq7020_mlk2/proj/linux_QT/QT/project/soc_prj/soc_prj.gen/sources_1/bd/system/ip/system_mipi_csi2_rx_subsyst_0_0/bd_0/synth/bd_22c6.v:10]
INFO: [Synth 8-6157] synthesizing module 'bd_22c6_phy_0' [G:/proj/fpga/zynq7020_mlk2/proj/linux_QT/QT/project/soc_prj/soc_prj.runs/system_mipi_csi2_rx_subsyst_0_0_synth_1/.Xil/Vivado-44288-DESKTOP-LF2M9VA/realtime/bd_22c6_phy_0_stub.v:6]
INFO: [Synth 8-6155] done synthesizing module 'bd_22c6_phy_0' (0#1) [G:/proj/fpga/zynq7020_mlk2/proj/linux_QT/QT/project/soc_prj/soc_prj.runs/system_mipi_csi2_rx_subsyst_0_0_synth_1/.Xil/Vivado-44288-DESKTOP-LF2M9VA/realtime/bd_22c6_phy_0_stub.v:6]
WARNING: [Synth 8-7071] port 'init_done' of module 'bd_22c6_phy_0' is unconnected for instance 'phy' [g:/proj/fpga/zynq7020_mlk2/proj/linux_QT/QT/project/soc_prj/soc_prj.gen/sources_1/bd/system/ip/system_mipi_csi2_rx_subsyst_0_0/bd_0/synth/bd_22c6.v:168]
WARNING: [Synth 8-7071] port 'cl_rxclkactivehs' of module 'bd_22c6_phy_0' is unconnected for instance 'phy' [g:/proj/fpga/zynq7020_mlk2/proj/linux_QT/QT/project/soc_prj/soc_prj.gen/sources_1/bd/system/ip/system_mipi_csi2_rx_subsyst_0_0/bd_0/synth/bd_22c6.v:168]
WARNING: [Synth 8-7071] port 'cl_ulpsactivenot' of module 'bd_22c6_phy_0' is unconnected for instance 'phy' [g:/proj/fpga/zynq7020_mlk2/proj/linux_QT/QT/project/soc_prj/soc_prj.gen/sources_1/bd/system/ip/system_mipi_csi2_rx_subsyst_0_0/bd_0/synth/bd_22c6.v:168]
WARNING: [Synth 8-7071] port 'dl0_ulpsactivenot' of module 'bd_22c6_phy_0' is unconnected for instance 'phy' [g:/proj/fpga/zynq7020_mlk2/proj/linux_QT/QT/project/soc_prj/soc_prj.gen/sources_1/bd/system/ip/system_mipi_csi2_rx_subsyst_0_0/bd_0/synth/bd_22c6.v:168]
WARNING: [Synth 8-7071] port 'dl0_rxclkesc' of module 'bd_22c6_phy_0' is unconnected for instance 'phy' [g:/proj/fpga/zynq7020_mlk2/proj/linux_QT/QT/project/soc_prj/soc_prj.gen/sources_1/bd/system/ip/system_mipi_csi2_rx_subsyst_0_0/bd_0/synth/bd_22c6.v:168]
WARNING: [Synth 8-7071] port 'dl0_rxlpdtesc' of module 'bd_22c6_phy_0' is unconnected for instance 'phy' [g:/proj/fpga/zynq7020_mlk2/proj/linux_QT/QT/project/soc_prj/soc_prj.gen/sources_1/bd/system/ip/system_mipi_csi2_rx_subsyst_0_0/bd_0/synth/bd_22c6.v:168]
WARNING: [Synth 8-7071] port 'dl0_rxulpsesc' of module 'bd_22c6_phy_0' is unconnected for instance 'phy' [g:/proj/fpga/zynq7020_mlk2/proj/linux_QT/QT/project/soc_prj/soc_prj.gen/sources_1/bd/system/ip/system_mipi_csi2_rx_subsyst_0_0/bd_0/synth/bd_22c6.v:168]
WARNING: [Synth 8-7071] port 'dl0_rxtriggeresc' of module 'bd_22c6_phy_0' is unconnected for instance 'phy' [g:/proj/fpga/zynq7020_mlk2/proj/linux_QT/QT/project/soc_prj/soc_prj.gen/sources_1/bd/system/ip/system_mipi_csi2_rx_subsyst_0_0/bd_0/synth/bd_22c6.v:168]
WARNING: [Synth 8-7071] port 'dl0_rxdataesc' of module 'bd_22c6_phy_0' is unconnected for instance 'phy' [g:/proj/fpga/zynq7020_mlk2/proj/linux_QT/QT/project/soc_prj/soc_prj.gen/sources_1/bd/system/ip/system_mipi_csi2_rx_subsyst_0_0/bd_0/synth/bd_22c6.v:168]
WARNING: [Synth 8-7071] port 'dl0_rxvalidesc' of module 'bd_22c6_phy_0' is unconnected for instance 'phy' [g:/proj/fpga/zynq7020_mlk2/proj/linux_QT/QT/project/soc_prj/soc_prj.gen/sources_1/bd/system/ip/system_mipi_csi2_rx_subsyst_0_0/bd_0/synth/bd_22c6.v:168]
WARNING: [Synth 8-7071] port 'dl0_errsyncesc' of module 'bd_22c6_phy_0' is unconnected for instance 'phy' [g:/proj/fpga/zynq7020_mlk2/proj/linux_QT/QT/project/soc_prj/soc_prj.gen/sources_1/bd/system/ip/system_mipi_csi2_rx_subsyst_0_0/bd_0/synth/bd_22c6.v:168]
WARNING: [Synth 8-7071] port 'dl1_ulpsactivenot' of module 'bd_22c6_phy_0' is unconnected for instance 'phy' [g:/proj/fpga/zynq7020_mlk2/proj/linux_QT/QT/project/soc_prj/soc_prj.gen/sources_1/bd/system/ip/system_mipi_csi2_rx_subsyst_0_0/bd_0/synth/bd_22c6.v:168]
WARNING: [Synth 8-7071] port 'dl1_rxclkesc' of module 'bd_22c6_phy_0' is unconnected for instance 'phy' [g:/proj/fpga/zynq7020_mlk2/proj/linux_QT/QT/project/soc_prj/soc_prj.gen/sources_1/bd/system/ip/system_mipi_csi2_rx_subsyst_0_0/bd_0/synth/bd_22c6.v:168]
WARNING: [Synth 8-7071] port 'dl1_rxlpdtesc' of module 'bd_22c6_phy_0' is unconnected for instance 'phy' [g:/proj/fpga/zynq7020_mlk2/proj/linux_QT/QT/project/soc_prj/soc_prj.gen/sources_1/bd/system/ip/system_mipi_csi2_rx_subsyst_0_0/bd_0/synth/bd_22c6.v:168]
WARNING: [Synth 8-7071] port 'dl1_rxulpsesc' of module 'bd_22c6_phy_0' is unconnected for instance 'phy' [g:/proj/fpga/zynq7020_mlk2/proj/linux_QT/QT/project/soc_prj/soc_prj.gen/sources_1/bd/system/ip/system_mipi_csi2_rx_subsyst_0_0/bd_0/synth/bd_22c6.v:168]
WARNING: [Synth 8-7071] port 'dl1_rxtriggeresc' of module 'bd_22c6_phy_0' is unconnected for instance 'phy' [g:/proj/fpga/zynq7020_mlk2/proj/linux_QT/QT/project/soc_prj/soc_prj.gen/sources_1/bd/system/ip/system_mipi_csi2_rx_subsyst_0_0/bd_0/synth/bd_22c6.v:168]
WARNING: [Synth 8-7071] port 'dl1_rxdataesc' of module 'bd_22c6_phy_0' is unconnected for instance 'phy' [g:/proj/fpga/zynq7020_mlk2/proj/linux_QT/QT/project/soc_prj/soc_prj.gen/sources_1/bd/system/ip/system_mipi_csi2_rx_subsyst_0_0/bd_0/synth/bd_22c6.v:168]
WARNING: [Synth 8-7071] port 'dl1_rxvalidesc' of module 'bd_22c6_phy_0' is unconnected for instance 'phy' [g:/proj/fpga/zynq7020_mlk2/proj/linux_QT/QT/project/soc_prj/soc_prj.gen/sources_1/bd/system/ip/system_mipi_csi2_rx_subsyst_0_0/bd_0/synth/bd_22c6.v:168]
WARNING: [Synth 8-7071] port 'dl1_errsyncesc' of module 'bd_22c6_phy_0' is unconnected for instance 'phy' [g:/proj/fpga/zynq7020_mlk2/proj/linux_QT/QT/project/soc_prj/soc_prj.gen/sources_1/bd/system/ip/system_mipi_csi2_rx_subsyst_0_0/bd_0/synth/bd_22c6.v:168]
WARNING: [Synth 8-7071] port 'dl2_ulpsactivenot' of module 'bd_22c6_phy_0' is unconnected for instance 'phy' [g:/proj/fpga/zynq7020_mlk2/proj/linux_QT/QT/project/soc_prj/soc_prj.gen/sources_1/bd/system/ip/system_mipi_csi2_rx_subsyst_0_0/bd_0/synth/bd_22c6.v:168]
WARNING: [Synth 8-7071] port 'dl2_rxclkesc' of module 'bd_22c6_phy_0' is unconnected for instance 'phy' [g:/proj/fpga/zynq7020_mlk2/proj/linux_QT/QT/project/soc_prj/soc_prj.gen/sources_1/bd/system/ip/system_mipi_csi2_rx_subsyst_0_0/bd_0/synth/bd_22c6.v:168]
WARNING: [Synth 8-7071] port 'dl2_rxlpdtesc' of module 'bd_22c6_phy_0' is unconnected for instance 'phy' [g:/proj/fpga/zynq7020_mlk2/proj/linux_QT/QT/project/soc_prj/soc_prj.gen/sources_1/bd/system/ip/system_mipi_csi2_rx_subsyst_0_0/bd_0/synth/bd_22c6.v:168]
WARNING: [Synth 8-7071] port 'dl2_rxulpsesc' of module 'bd_22c6_phy_0' is unconnected for instance 'phy' [g:/proj/fpga/zynq7020_mlk2/proj/linux_QT/QT/project/soc_prj/soc_prj.gen/sources_1/bd/system/ip/system_mipi_csi2_rx_subsyst_0_0/bd_0/synth/bd_22c6.v:168]
WARNING: [Synth 8-7071] port 'dl2_rxtriggeresc' of module 'bd_22c6_phy_0' is unconnected for instance 'phy' [g:/proj/fpga/zynq7020_mlk2/proj/linux_QT/QT/project/soc_prj/soc_prj.gen/sources_1/bd/system/ip/system_mipi_csi2_rx_subsyst_0_0/bd_0/synth/bd_22c6.v:168]
WARNING: [Synth 8-7071] port 'dl2_rxdataesc' of module 'bd_22c6_phy_0' is unconnected for instance 'phy' [g:/proj/fpga/zynq7020_mlk2/proj/linux_QT/QT/project/soc_prj/soc_prj.gen/sources_1/bd/system/ip/system_mipi_csi2_rx_subsyst_0_0/bd_0/synth/bd_22c6.v:168]
WARNING: [Synth 8-7071] port 'dl2_rxvalidesc' of module 'bd_22c6_phy_0' is unconnected for instance 'phy' [g:/proj/fpga/zynq7020_mlk2/proj/linux_QT/QT/project/soc_prj/soc_prj.gen/sources_1/bd/system/ip/system_mipi_csi2_rx_subsyst_0_0/bd_0/synth/bd_22c6.v:168]
WARNING: [Synth 8-7071] port 'dl2_errsyncesc' of module 'bd_22c6_phy_0' is unconnected for instance 'phy' [g:/proj/fpga/zynq7020_mlk2/proj/linux_QT/QT/project/soc_prj/soc_prj.gen/sources_1/bd/system/ip/system_mipi_csi2_rx_subsyst_0_0/bd_0/synth/bd_22c6.v:168]
WARNING: [Synth 8-7071] port 'dl3_ulpsactivenot' of module 'bd_22c6_phy_0' is unconnected for instance 'phy' [g:/proj/fpga/zynq7020_mlk2/proj/linux_QT/QT/project/soc_prj/soc_prj.gen/sources_1/bd/system/ip/system_mipi_csi2_rx_subsyst_0_0/bd_0/synth/bd_22c6.v:168]
WARNING: [Synth 8-7071] port 'dl3_rxclkesc' of module 'bd_22c6_phy_0' is unconnected for instance 'phy' [g:/proj/fpga/zynq7020_mlk2/proj/linux_QT/QT/project/soc_prj/soc_prj.gen/sources_1/bd/system/ip/system_mipi_csi2_rx_subsyst_0_0/bd_0/synth/bd_22c6.v:168]
WARNING: [Synth 8-7071] port 'dl3_rxlpdtesc' of module 'bd_22c6_phy_0' is unconnected for instance 'phy' [g:/proj/fpga/zynq7020_mlk2/proj/linux_QT/QT/project/soc_prj/soc_prj.gen/sources_1/bd/system/ip/system_mipi_csi2_rx_subsyst_0_0/bd_0/synth/bd_22c6.v:168]
WARNING: [Synth 8-7071] port 'dl3_rxulpsesc' of module 'bd_22c6_phy_0' is unconnected for instance 'phy' [g:/proj/fpga/zynq7020_mlk2/proj/linux_QT/QT/project/soc_prj/soc_prj.gen/sources_1/bd/system/ip/system_mipi_csi2_rx_subsyst_0_0/bd_0/synth/bd_22c6.v:168]
WARNING: [Synth 8-7071] port 'dl3_rxtriggeresc' of module 'bd_22c6_phy_0' is unconnected for instance 'phy' [g:/proj/fpga/zynq7020_mlk2/proj/linux_QT/QT/project/soc_prj/soc_prj.gen/sources_1/bd/system/ip/system_mipi_csi2_rx_subsyst_0_0/bd_0/synth/bd_22c6.v:168]
WARNING: [Synth 8-7071] port 'dl3_rxdataesc' of module 'bd_22c6_phy_0' is unconnected for instance 'phy' [g:/proj/fpga/zynq7020_mlk2/proj/linux_QT/QT/project/soc_prj/soc_prj.gen/sources_1/bd/system/ip/system_mipi_csi2_rx_subsyst_0_0/bd_0/synth/bd_22c6.v:168]
WARNING: [Synth 8-7071] port 'dl3_rxvalidesc' of module 'bd_22c6_phy_0' is unconnected for instance 'phy' [g:/proj/fpga/zynq7020_mlk2/proj/linux_QT/QT/project/soc_prj/soc_prj.gen/sources_1/bd/system/ip/system_mipi_csi2_rx_subsyst_0_0/bd_0/synth/bd_22c6.v:168]
WARNING: [Synth 8-7071] port 'dl3_errsyncesc' of module 'bd_22c6_phy_0' is unconnected for instance 'phy' [g:/proj/fpga/zynq7020_mlk2/proj/linux_QT/QT/project/soc_prj/soc_prj.gen/sources_1/bd/system/ip/system_mipi_csi2_rx_subsyst_0_0/bd_0/synth/bd_22c6.v:168]
WARNING: [Synth 8-7023] instance 'phy' of module 'bd_22c6_phy_0' has 94 connections declared, but only 59 given [g:/proj/fpga/zynq7020_mlk2/proj/linux_QT/QT/project/soc_prj/soc_prj.gen/sources_1/bd/system/ip/system_mipi_csi2_rx_subsyst_0_0/bd_0/synth/bd_22c6.v:168]
INFO: [Synth 8-6157] synthesizing module 'bd_22c6_r_sync_0' [G:/proj/fpga/zynq7020_mlk2/proj/linux_QT/QT/project/soc_prj/soc_prj.runs/system_mipi_csi2_rx_subsyst_0_0_synth_1/.Xil/Vivado-44288-DESKTOP-LF2M9VA/realtime/bd_22c6_r_sync_0_stub.v:6]
INFO: [Synth 8-6155] done synthesizing module 'bd_22c6_r_sync_0' (0#1) [G:/proj/fpga/zynq7020_mlk2/proj/linux_QT/QT/project/soc_prj/soc_prj.runs/system_mipi_csi2_rx_subsyst_0_0_synth_1/.Xil/Vivado-44288-DESKTOP-LF2M9VA/realtime/bd_22c6_r_sync_0_stub.v:6]
WARNING: [Synth 8-7071] port 'mb_reset' of module 'bd_22c6_r_sync_0' is unconnected for instance 'r_sync' [g:/proj/fpga/zynq7020_mlk2/proj/linux_QT/QT/project/soc_prj/soc_prj.gen/sources_1/bd/system/ip/system_mipi_csi2_rx_subsyst_0_0/bd_0/synth/bd_22c6.v:228]
WARNING: [Synth 8-7071] port 'bus_struct_reset' of module 'bd_22c6_r_sync_0' is unconnected for instance 'r_sync' [g:/proj/fpga/zynq7020_mlk2/proj/linux_QT/QT/project/soc_prj/soc_prj.gen/sources_1/bd/system/ip/system_mipi_csi2_rx_subsyst_0_0/bd_0/synth/bd_22c6.v:228]
WARNING: [Synth 8-7071] port 'interconnect_aresetn' of module 'bd_22c6_r_sync_0' is unconnected for instance 'r_sync' [g:/proj/fpga/zynq7020_mlk2/proj/linux_QT/QT/project/soc_prj/soc_prj.gen/sources_1/bd/system/ip/system_mipi_csi2_rx_subsyst_0_0/bd_0/synth/bd_22c6.v:228]
WARNING: [Synth 8-7071] port 'peripheral_aresetn' of module 'bd_22c6_r_sync_0' is unconnected for instance 'r_sync' [g:/proj/fpga/zynq7020_mlk2/proj/linux_QT/QT/project/soc_prj/soc_prj.gen/sources_1/bd/system/ip/system_mipi_csi2_rx_subsyst_0_0/bd_0/synth/bd_22c6.v:228]
WARNING: [Synth 8-7023] instance 'r_sync' of module 'bd_22c6_r_sync_0' has 10 connections declared, but only 6 given [g:/proj/fpga/zynq7020_mlk2/proj/linux_QT/QT/project/soc_prj/soc_prj.gen/sources_1/bd/system/ip/system_mipi_csi2_rx_subsyst_0_0/bd_0/synth/bd_22c6.v:228]
INFO: [Synth 8-6157] synthesizing module 'bd_22c6_rx_0' [G:/proj/fpga/zynq7020_mlk2/proj/linux_QT/QT/project/soc_prj/soc_prj.runs/system_mipi_csi2_rx_subsyst_0_0_synth_1/.Xil/Vivado-44288-DESKTOP-LF2M9VA/realtime/bd_22c6_rx_0_stub.v:6]
INFO: [Synth 8-6155] done synthesizing module 'bd_22c6_rx_0' (0#1) [G:/proj/fpga/zynq7020_mlk2/proj/linux_QT/QT/project/soc_prj/soc_prj.runs/system_mipi_csi2_rx_subsyst_0_0_synth_1/.Xil/Vivado-44288-DESKTOP-LF2M9VA/realtime/bd_22c6_rx_0_stub.v:6]
INFO: [Synth 8-6157] synthesizing module 'bd_22c6_vfb_0_0' [G:/proj/fpga/zynq7020_mlk2/proj/linux_QT/QT/project/soc_prj/soc_prj.runs/system_mipi_csi2_rx_subsyst_0_0_synth_1/.Xil/Vivado-44288-DESKTOP-LF2M9VA/realtime/bd_22c6_vfb_0_0_stub.v:6]
INFO: [Synth 8-6155] done synthesizing module 'bd_22c6_vfb_0_0' (0#1) [G:/proj/fpga/zynq7020_mlk2/proj/linux_QT/QT/project/soc_prj/soc_prj.runs/system_mipi_csi2_rx_subsyst_0_0_synth_1/.Xil/Vivado-44288-DESKTOP-LF2M9VA/realtime/bd_22c6_vfb_0_0_stub.v:6]
WARNING: [Synth 8-7071] port 'mdt_tv' of module 'bd_22c6_vfb_0_0' is unconnected for instance 'vfb_0' [g:/proj/fpga/zynq7020_mlk2/proj/linux_QT/QT/project/soc_prj/soc_prj.gen/sources_1/bd/system/ip/system_mipi_csi2_rx_subsyst_0_0/bd_0/synth/bd_22c6.v:316]
WARNING: [Synth 8-7071] port 'mdt_tr' of module 'bd_22c6_vfb_0_0' is unconnected for instance 'vfb_0' [g:/proj/fpga/zynq7020_mlk2/proj/linux_QT/QT/project/soc_prj/soc_prj.gen/sources_1/bd/system/ip/system_mipi_csi2_rx_subsyst_0_0/bd_0/synth/bd_22c6.v:316]
WARNING: [Synth 8-7071] port 'sdt_tv' of module 'bd_22c6_vfb_0_0' is unconnected for instance 'vfb_0' [g:/proj/fpga/zynq7020_mlk2/proj/linux_QT/QT/project/soc_prj/soc_prj.gen/sources_1/bd/system/ip/system_mipi_csi2_rx_subsyst_0_0/bd_0/synth/bd_22c6.v:316]
WARNING: [Synth 8-7071] port 'sdt_tr' of module 'bd_22c6_vfb_0_0' is unconnected for instance 'vfb_0' [g:/proj/fpga/zynq7020_mlk2/proj/linux_QT/QT/project/soc_prj/soc_prj.gen/sources_1/bd/system/ip/system_mipi_csi2_rx_subsyst_0_0/bd_0/synth/bd_22c6.v:316]
WARNING: [Synth 8-7071] port 'vfb_tv' of module 'bd_22c6_vfb_0_0' is unconnected for instance 'vfb_0' [g:/proj/fpga/zynq7020_mlk2/proj/linux_QT/QT/project/soc_prj/soc_prj.gen/sources_1/bd/system/ip/system_mipi_csi2_rx_subsyst_0_0/bd_0/synth/bd_22c6.v:316]
WARNING: [Synth 8-7071] port 'vfb_tr' of module 'bd_22c6_vfb_0_0' is unconnected for instance 'vfb_0' [g:/proj/fpga/zynq7020_mlk2/proj/linux_QT/QT/project/soc_prj/soc_prj.gen/sources_1/bd/system/ip/system_mipi_csi2_rx_subsyst_0_0/bd_0/synth/bd_22c6.v:316]
WARNING: [Synth 8-7023] instance 'vfb_0' of module 'bd_22c6_vfb_0_0' has 27 connections declared, but only 21 given [g:/proj/fpga/zynq7020_mlk2/proj/linux_QT/QT/project/soc_prj/soc_prj.gen/sources_1/bd/system/ip/system_mipi_csi2_rx_subsyst_0_0/bd_0/synth/bd_22c6.v:316]
INFO: [Synth 8-6155] done synthesizing module 'bd_22c6' (0#1) [g:/proj/fpga/zynq7020_mlk2/proj/linux_QT/QT/project/soc_prj/soc_prj.gen/sources_1/bd/system/ip/system_mipi_csi2_rx_subsyst_0_0/bd_0/synth/bd_22c6.v:10]
INFO: [Synth 8-6155] done synthesizing module 'system_mipi_csi2_rx_subsyst_0_0' (0#1) [g:/proj/fpga/zynq7020_mlk2/proj/linux_QT/QT/project/soc_prj/soc_prj.gen/sources_1/bd/system/ip/system_mipi_csi2_rx_subsyst_0_0/synth/system_mipi_csi2_rx_subsyst_0_0.v:53]
---------------------------------------------------------------------------------
Finished RTL Elaboration : Time (s): cpu = 00:00:04 ; elapsed = 00:00:05 . Memory (MB): peak = 1613.707 ; gain = 666.188
---------------------------------------------------------------------------------
---------------------------------------------------------------------------------
Start Handling Custom Attributes
---------------------------------------------------------------------------------
---------------------------------------------------------------------------------
Finished Handling Custom Attributes : Time (s): cpu = 00:00:04 ; elapsed = 00:00:05 . Memory (MB): peak = 1613.707 ; gain = 666.188
---------------------------------------------------------------------------------
---------------------------------------------------------------------------------
Finished RTL Optimization Phase 1 : Time (s): cpu = 00:00:04 ; elapsed = 00:00:05 . Memory (MB): peak = 1613.707 ; gain = 666.188
---------------------------------------------------------------------------------
Netlist sorting complete. Time (s): cpu = 00:00:00 ; elapsed = 00:00:00.003 . Memory (MB): peak = 1613.707 ; gain = 0.000
INFO: [Project 1-570] Preparing netlist for logic optimization

Processing XDC Constraints
Initializing timing engine
Parsing XDC File [g:/proj/fpga/zynq7020_mlk2/proj/linux_QT/QT/project/soc_prj/soc_prj.gen/sources_1/bd/system/ip/system_mipi_csi2_rx_subsyst_0_0/bd_0/ip/ip_0/bd_22c6_phy_0/bd_22c6_phy_0_in_context.xdc] for cell 'inst/phy'
Finished Parsing XDC File [g:/proj/fpga/zynq7020_mlk2/proj/linux_QT/QT/project/soc_prj/soc_prj.gen/sources_1/bd/system/ip/system_mipi_csi2_rx_subsyst_0_0/bd_0/ip/ip_0/bd_22c6_phy_0/bd_22c6_phy_0_in_context.xdc] for cell 'inst/phy'
Parsing XDC File [g:/proj/fpga/zynq7020_mlk2/proj/linux_QT/QT/project/soc_prj/soc_prj.gen/sources_1/bd/system/ip/system_mipi_csi2_rx_subsyst_0_0/bd_0/ip/ip_1/bd_22c6_rx_0/bd_22c6_rx_0_in_context.xdc] for cell 'inst/rx'
Finished Parsing XDC File [g:/proj/fpga/zynq7020_mlk2/proj/linux_QT/QT/project/soc_prj/soc_prj.gen/sources_1/bd/system/ip/system_mipi_csi2_rx_subsyst_0_0/bd_0/ip/ip_1/bd_22c6_rx_0/bd_22c6_rx_0_in_context.xdc] for cell 'inst/rx'
Parsing XDC File [g:/proj/fpga/zynq7020_mlk2/proj/linux_QT/QT/project/soc_prj/soc_prj.gen/sources_1/bd/system/ip/system_mipi_csi2_rx_subsyst_0_0/bd_0/ip/ip_2/bd_22c6_vfb_0_0/bd_22c6_vfb_0_0_in_context.xdc] for cell 'inst/vfb_0'
Finished Parsing XDC File [g:/proj/fpga/zynq7020_mlk2/proj/linux_QT/QT/project/soc_prj/soc_prj.gen/sources_1/bd/system/ip/system_mipi_csi2_rx_subsyst_0_0/bd_0/ip/ip_2/bd_22c6_vfb_0_0/bd_22c6_vfb_0_0_in_context.xdc] for cell 'inst/vfb_0'
Parsing XDC File [g:/proj/fpga/zynq7020_mlk2/proj/linux_QT/QT/project/soc_prj/soc_prj.gen/sources_1/bd/system/ip/system_mipi_csi2_rx_subsyst_0_0/bd_0/ip/ip_3/bd_22c6_r_sync_0/bd_22c6_r_sync_0_in_context.xdc] for cell 'inst/r_sync'
Finished Parsing XDC File [g:/proj/fpga/zynq7020_mlk2/proj/linux_QT/QT/project/soc_prj/soc_prj.gen/sources_1/bd/system/ip/system_mipi_csi2_rx_subsyst_0_0/bd_0/ip/ip_3/bd_22c6_r_sync_0/bd_22c6_r_sync_0_in_context.xdc] for cell 'inst/r_sync'
Parsing XDC File [g:/proj/fpga/zynq7020_mlk2/proj/linux_QT/QT/project/soc_prj/soc_prj.gen/sources_1/bd/system/ip/system_mipi_csi2_rx_subsyst_0_0/system_mipi_csi2_rx_subsyst_0_0_fixed_ooc.xdc] for cell 'inst'
Finished Parsing XDC File [g:/proj/fpga/zynq7020_mlk2/proj/linux_QT/QT/project/soc_prj/soc_prj.gen/sources_1/bd/system/ip/system_mipi_csi2_rx_subsyst_0_0/system_mipi_csi2_rx_subsyst_0_0_fixed_ooc.xdc] for cell 'inst'
Parsing XDC File [g:/proj/fpga/zynq7020_mlk2/proj/linux_QT/QT/project/soc_prj/soc_prj.gen/sources_1/bd/system/ip/system_mipi_csi2_rx_subsyst_0_0/system_mipi_csi2_rx_subsyst_0_0_board.xdc] for cell 'inst'
Finished Parsing XDC File [g:/proj/fpga/zynq7020_mlk2/proj/linux_QT/QT/project/soc_prj/soc_prj.gen/sources_1/bd/system/ip/system_mipi_csi2_rx_subsyst_0_0/system_mipi_csi2_rx_subsyst_0_0_board.xdc] for cell 'inst'
Parsing XDC File [G:/proj/fpga/zynq7020_mlk2/proj/linux_QT/QT/project/soc_prj/soc_prj.runs/system_mipi_csi2_rx_subsyst_0_0_synth_1/dont_touch.xdc]
Finished Parsing XDC File [G:/proj/fpga/zynq7020_mlk2/proj/linux_QT/QT/project/soc_prj/soc_prj.runs/system_mipi_csi2_rx_subsyst_0_0_synth_1/dont_touch.xdc]
Completed Processing XDC Constraints

Netlist sorting complete. Time (s): cpu = 00:00:00 ; elapsed = 00:00:00 . Memory (MB): peak = 1613.707 ; gain = 0.000
INFO: [Project 1-111] Unisim Transformation Summary:
No Unisim elements were transformed.

Constraint Validation Runtime : Time (s): cpu = 00:00:00 ; elapsed = 00:00:00.012 . Memory (MB): peak = 1613.707 ; gain = 0.000
INFO: [Designutils 20-5008] Incremental synthesis strategy off
---------------------------------------------------------------------------------
Finished Constraint Validation : Time (s): cpu = 00:00:09 ; elapsed = 00:00:10 . Memory (MB): peak = 1613.707 ; gain = 666.188
---------------------------------------------------------------------------------
---------------------------------------------------------------------------------
Start Loading Part and Timing Information
---------------------------------------------------------------------------------
Loading part: xc7z020clg484-2
---------------------------------------------------------------------------------
Finished Loading Part and Timing Information : Time (s): cpu = 00:00:09 ; elapsed = 00:00:10 . Memory (MB): peak = 1613.707 ; gain = 666.188
---------------------------------------------------------------------------------
---------------------------------------------------------------------------------
Start Applying 'set_property' XDC Constraints
---------------------------------------------------------------------------------
---------------------------------------------------------------------------------
Finished applying 'set_property' XDC Constraints : Time (s): cpu = 00:00:09 ; elapsed = 00:00:10 . Memory (MB): peak = 1613.707 ; gain = 666.188
---------------------------------------------------------------------------------
---------------------------------------------------------------------------------
Finished RTL Optimization Phase 2 : Time (s): cpu = 00:00:09 ; elapsed = 00:00:10 . Memory (MB): peak = 1613.707 ; gain = 666.188
---------------------------------------------------------------------------------
---------------------------------------------------------------------------------
Start RTL Component Statistics 
---------------------------------------------------------------------------------
Detailed RTL Component Info : 
---------------------------------------------------------------------------------
Finished RTL Component Statistics 
---------------------------------------------------------------------------------
---------------------------------------------------------------------------------
Start Part Resource Summary
---------------------------------------------------------------------------------
Part Resources:
DSPs: 220 (col length:60)
BRAMs: 280 (col length: RAMB18 60 RAMB36 30)
---------------------------------------------------------------------------------
Finished Part Resource Summary
---------------------------------------------------------------------------------
---------------------------------------------------------------------------------
Start Cross Boundary and Area Optimization
---------------------------------------------------------------------------------
---------------------------------------------------------------------------------
Finished Cross Boundary and Area Optimization : Time (s): cpu = 00:00:10 ; elapsed = 00:00:11 . Memory (MB): peak = 1617.320 ; gain = 669.801
---------------------------------------------------------------------------------
---------------------------------------------------------------------------------
Start Applying XDC Timing Constraints
---------------------------------------------------------------------------------
---------------------------------------------------------------------------------
Finished Applying XDC Timing Constraints : Time (s): cpu = 00:00:14 ; elapsed = 00:00:15 . Memory (MB): peak = 1786.156 ; gain = 838.637
---------------------------------------------------------------------------------
---------------------------------------------------------------------------------
Start Timing Optimization
---------------------------------------------------------------------------------
---------------------------------------------------------------------------------
Finished Timing Optimization : Time (s): cpu = 00:00:14 ; elapsed = 00:00:15 . Memory (MB): peak = 1786.492 ; gain = 838.973
---------------------------------------------------------------------------------
---------------------------------------------------------------------------------
Start Technology Mapping
---------------------------------------------------------------------------------
---------------------------------------------------------------------------------
Finished Technology Mapping : Time (s): cpu = 00:00:14 ; elapsed = 00:00:15 . Memory (MB): peak = 1796.219 ; gain = 848.699
---------------------------------------------------------------------------------
---------------------------------------------------------------------------------
Start IO Insertion
---------------------------------------------------------------------------------
---------------------------------------------------------------------------------
Start Flattening Before IO Insertion
---------------------------------------------------------------------------------
---------------------------------------------------------------------------------
Finished Flattening Before IO Insertion
---------------------------------------------------------------------------------
---------------------------------------------------------------------------------
Start Final Netlist Cleanup
---------------------------------------------------------------------------------
---------------------------------------------------------------------------------
Finished Final Netlist Cleanup
---------------------------------------------------------------------------------
---------------------------------------------------------------------------------
Finished IO Insertion : Time (s): cpu = 00:00:16 ; elapsed = 00:00:17 . Memory (MB): peak = 2045.730 ; gain = 1098.211
---------------------------------------------------------------------------------
---------------------------------------------------------------------------------
Start Renaming Generated Instances
---------------------------------------------------------------------------------
---------------------------------------------------------------------------------
Finished Renaming Generated Instances : Time (s): cpu = 00:00:16 ; elapsed = 00:00:17 . Memory (MB): peak = 2045.730 ; gain = 1098.211
---------------------------------------------------------------------------------
---------------------------------------------------------------------------------
Start Rebuilding User Hierarchy
---------------------------------------------------------------------------------
---------------------------------------------------------------------------------
Finished Rebuilding User Hierarchy : Time (s): cpu = 00:00:16 ; elapsed = 00:00:17 . Memory (MB): peak = 2045.730 ; gain = 1098.211
---------------------------------------------------------------------------------
---------------------------------------------------------------------------------
Start Renaming Generated Ports
---------------------------------------------------------------------------------
---------------------------------------------------------------------------------
Finished Renaming Generated Ports : Time (s): cpu = 00:00:16 ; elapsed = 00:00:17 . Memory (MB): peak = 2045.730 ; gain = 1098.211
---------------------------------------------------------------------------------
---------------------------------------------------------------------------------
Start Handling Custom Attributes
---------------------------------------------------------------------------------
---------------------------------------------------------------------------------
Finished Handling Custom Attributes : Time (s): cpu = 00:00:16 ; elapsed = 00:00:17 . Memory (MB): peak = 2045.730 ; gain = 1098.211
---------------------------------------------------------------------------------
---------------------------------------------------------------------------------
Start Renaming Generated Nets
---------------------------------------------------------------------------------
---------------------------------------------------------------------------------
Finished Renaming Generated Nets : Time (s): cpu = 00:00:16 ; elapsed = 00:00:17 . Memory (MB): peak = 2045.730 ; gain = 1098.211
---------------------------------------------------------------------------------
---------------------------------------------------------------------------------
Start Writing Synthesis Report
---------------------------------------------------------------------------------

Report BlackBoxes: 
+------+-----------------+----------+
|      |BlackBox name    |Instances |
+------+-----------------+----------+
|1     |bd_22c6_phy_0    |         1|
|2     |bd_22c6_r_sync_0 |         1|
|3     |bd_22c6_rx_0     |         1|
|4     |bd_22c6_vfb_0_0  |         1|
+------+-----------------+----------+

Report Cell Usage: 
+------+---------------+------+
|      |Cell           |Count |
+------+---------------+------+
|1     |bd_22c6_phy    |     1|
|2     |bd_22c6_r_sync |     1|
|3     |bd_22c6_rx     |     1|
|4     |bd_22c6_vfb_0  |     1|
+------+---------------+------+
---------------------------------------------------------------------------------
Finished Writing Synthesis Report : Time (s): cpu = 00:00:16 ; elapsed = 00:00:17 . Memory (MB): peak = 2045.730 ; gain = 1098.211
---------------------------------------------------------------------------------
Synthesis finished with 0 errors, 0 critical warnings and 0 warnings.
Synthesis Optimization Runtime : Time (s): cpu = 00:00:11 ; elapsed = 00:00:16 . Memory (MB): peak = 2045.730 ; gain = 1098.211
Synthesis Optimization Complete : Time (s): cpu = 00:00:16 ; elapsed = 00:00:17 . Memory (MB): peak = 2045.730 ; gain = 1098.211
INFO: [Project 1-571] Translating synthesized netlist
Netlist sorting complete. Time (s): cpu = 00:00:00 ; elapsed = 00:00:00.004 . Memory (MB): peak = 2045.730 ; gain = 0.000
INFO: [Project 1-570] Preparing netlist for logic optimization
INFO: [Opt 31-138] Pushed 0 inverter(s) to 0 load pin(s).
Netlist sorting complete. Time (s): cpu = 00:00:00 ; elapsed = 00:00:00 . Memory (MB): peak = 2053.195 ; gain = 0.000
INFO: [Project 1-111] Unisim Transformation Summary:
No Unisim elements were transformed.

Synth Design complete | Checksum: 7ecef233
INFO: [Common 17-83] Releasing license: Synthesis
28 Infos, 51 Warnings, 0 Critical Warnings and 0 Errors encountered.
synth_design completed successfully
synth_design: Time (s): cpu = 00:00:19 ; elapsed = 00:00:20 . Memory (MB): peak = 2057.203 ; gain = 1362.055
INFO: [Common 17-1381] The checkpoint 'G:/proj/fpga/zynq7020_mlk2/proj/linux_QT/QT/project/soc_prj/soc_prj.runs/system_mipi_csi2_rx_subsyst_0_0_synth_1/system_mipi_csi2_rx_subsyst_0_0.dcp' has been generated.
INFO: [Coretcl 2-1648] Added synthesis output to IP cache for IP system_mipi_csi2_rx_subsyst_0_0, cache-ID = 6f785c3190b013c1
INFO: [Coretcl 2-1174] Renamed 5 cell refs.
INFO: [Common 17-1381] The checkpoint 'G:/proj/fpga/zynq7020_mlk2/proj/linux_QT/QT/project/soc_prj/soc_prj.runs/system_mipi_csi2_rx_subsyst_0_0_synth_1/system_mipi_csi2_rx_subsyst_0_0.dcp' has been generated.
INFO: [Vivado 12-24828] Executing command : report_utilization -file system_mipi_csi2_rx_subsyst_0_0_utilization_synth.rpt -pb system_mipi_csi2_rx_subsyst_0_0_utilization_synth.pb
INFO: [Common 17-206] Exiting Vivado at Thu Feb 19 16:42:37 2026...
