
*** Running vivado
    with args -log system_ui_awb_1_3v_0_0.vds -m64 -product Vivado -mode batch -messageDb vivado.pb -notrace -source system_ui_awb_1_3v_0_0.tcl



****** Vivado v2025.2 (64-bit)
  **** SW Build 6299465 on Fri Nov 14 19:35:11 GMT 2025
  **** IP Build 6300035 on Fri Nov 14 10:48:45 MST 2025
  **** SharedData Build 6298862 on Thu Nov 13 04:50:51 MST 2025
  **** Start of session at: Thu Feb 19 16:40:55 2026
    ** Copyright 1986-2022 Xilinx, Inc. All Rights Reserved.
    ** Copyright 2022-2025 Advanced Micro Devices, Inc. All Rights Reserved.

source system_ui_awb_1_3v_0_0.tcl -notrace
create_project: Time (s): cpu = 00:00:10 ; elapsed = 00:00:08 . Memory (MB): peak = 665.797 ; gain = 222.785
INFO: [IP_Flow 19-234] Refreshing IP repositories
WARNING: [IP_Flow 19-1694] Ignoring duplicate Bus Definition IP file 'xilinx.com:user:FDMA:1.0' found within IP repository 'g:/proj/fpga/zynq7020_mlk2/proj/linux_QT/QT/project/soc_prj'.
File in use: g:/proj/fpga/zynq7020_mlk2/proj/linux_QT/QT/project/soc_prj/uisrc/ip/uifdma/milianke_ip_uifdma/FDMA.xml
File ignored: g:/proj/fpga/zynq7020_mlk2/proj/linux_QT/QT/project/soc_prj/uisrc/ip/uifdmadbuf/FDMA.xml
WARNING: [IP_Flow 19-1694] Ignoring duplicate Bus Abstraction IP file 'xilinx.com:user:FDMA_rtl:1.0' found within IP repository 'g:/proj/fpga/zynq7020_mlk2/proj/linux_QT/QT/project/soc_prj'.
File in use: g:/proj/fpga/zynq7020_mlk2/proj/linux_QT/QT/project/soc_prj/uisrc/ip/uifdma/milianke_ip_uifdma/FDMA_rtl.xml
File ignored: g:/proj/fpga/zynq7020_mlk2/proj/linux_QT/QT/project/soc_prj/uisrc/ip/uifdmadbuf/FDMA_rtl.xml
INFO: [IP_Flow 19-1700] Loaded user IP repository 'g:/proj/fpga/zynq7020_mlk2/proj/linux_QT/QT/project/soc_prj'.
WARNING: [IP_Flow 19-3656] If you move the project, the path for repository 'g:/proj/fpga/zynq7020_mlk2/proj/linux_QT/QT/project/soc_prj' may become invalid. A better location for the repository would be in a path adjacent to the project. (Current project location is 'g:/proj/fpga/zynq7020_mlk2/proj/linux_QT/QT/project/soc_prj/soc_prj.runs/system_ui_awb_1_3v_0_0_synth_1'.)
INFO: [IP_Flow 19-2313] Loaded Vivado IP repository 'D:/Xilinx/2025.2/Vivado/data/ip'.
Command: synth_design -top system_ui_awb_1_3v_0_0 -part xc7z020clg484-2 -incremental_mode off -mode out_of_context
Starting synth_design
Attempting to get a license for feature 'Synthesis' and/or device 'xc7z020'
INFO: [Common 17-349] Got license for feature 'Synthesis' and/or device 'xc7z020'
INFO: [Device 21-403] Loading part xc7z020clg484-2
INFO: [Synth 8-7079] Multithreading enabled for synth_design using a maximum of 2 processes.
INFO: [Synth 8-7078] Launching helper process for spawning children vivado processes
INFO: [Synth 8-7075] Helper process launched with PID 46840
---------------------------------------------------------------------------------
Starting RTL Elaboration : Time (s): cpu = 00:00:09 ; elapsed = 00:00:10 . Memory (MB): peak = 1450.828 ; gain = 538.465
---------------------------------------------------------------------------------
INFO: [Synth 8-6157] synthesizing module 'system_ui_awb_1_3v_0_0' [g:/proj/fpga/zynq7020_mlk2/proj/linux_QT/QT/project/soc_prj/soc_prj.gen/sources_1/bd/system/ip/system_ui_awb_1_3v_0_0/synth/system_ui_awb_1_3v_0_0.v:53]
INFO: [Synth 8-6157] synthesizing module 'awb' [g:/proj/fpga/zynq7020_mlk2/proj/linux_QT/QT/project/soc_prj/soc_prj.gen/sources_1/bd/system/ipshared/c48e/awb.v:20]
INFO: [Synth 8-638] synthesizing module 'div_gen_awb' [g:/proj/fpga/zynq7020_mlk2/proj/linux_QT/QT/project/soc_prj/soc_prj.gen/sources_1/bd/system/ip/system_ui_awb_1_3v_0_0/ui_awb_1_3V.srcs/sources_1/ip/div_gen_awb/synth/div_gen_awb.vhd:71]
	Parameter C_XDEVICEFAMILY bound to: zynq - type: string 
	Parameter C_HAS_ARESETN bound to: 0 - type: integer 
	Parameter C_HAS_ACLKEN bound to: 0 - type: integer 
	Parameter C_LATENCY bound to: 50 - type: integer 
	Parameter ALGORITHM_TYPE bound to: 1 - type: integer 
	Parameter DIVISOR_WIDTH bound to: 32 - type: integer 
	Parameter DIVIDEND_WIDTH bound to: 48 - type: integer 
	Parameter SIGNED_B bound to: 0 - type: integer 
	Parameter DIVCLK_SEL bound to: 1 - type: integer 
	Parameter FRACTIONAL_B bound to: 0 - type: integer 
	Parameter FRACTIONAL_WIDTH bound to: 32 - type: integer 
	Parameter C_HAS_DIV_BY_ZERO bound to: 0 - type: integer 
	Parameter C_THROTTLE_SCHEME bound to: 3 - type: integer 
	Parameter C_TLAST_RESOLUTION bound to: 0 - type: integer 
	Parameter C_HAS_S_AXIS_DIVISOR_TUSER bound to: 0 - type: integer 
	Parameter C_HAS_S_AXIS_DIVISOR_TLAST bound to: 0 - type: integer 
	Parameter C_S_AXIS_DIVISOR_TDATA_WIDTH bound to: 32 - type: integer 
	Parameter C_S_AXIS_DIVISOR_TUSER_WIDTH bound to: 1 - type: integer 
	Parameter C_HAS_S_AXIS_DIVIDEND_TUSER bound to: 0 - type: integer 
	Parameter C_HAS_S_AXIS_DIVIDEND_TLAST bound to: 0 - type: integer 
	Parameter C_S_AXIS_DIVIDEND_TDATA_WIDTH bound to: 48 - type: integer 
	Parameter C_S_AXIS_DIVIDEND_TUSER_WIDTH bound to: 1 - type: integer 
	Parameter C_M_AXIS_DOUT_TDATA_WIDTH bound to: 80 - type: integer 
	Parameter C_M_AXIS_DOUT_TUSER_WIDTH bound to: 1 - type: integer 
INFO: [Synth 8-3491] module 'div_gen_v5_1_25' declared at 'g:/proj/fpga/zynq7020_mlk2/proj/linux_QT/QT/project/soc_prj/soc_prj.gen/sources_1/bd/system/ip/system_ui_awb_1_3v_0_0/ui_awb_1_3V.srcs/sources_1/ip/div_gen_awb/hdl/div_gen_v5_1_vh_rfs.vhd:12886' bound to instance 'U0' of component 'div_gen_v5_1_25' [g:/proj/fpga/zynq7020_mlk2/proj/linux_QT/QT/project/soc_prj/soc_prj.gen/sources_1/bd/system/ip/system_ui_awb_1_3v_0_0/ui_awb_1_3V.srcs/sources_1/ip/div_gen_awb/synth/div_gen_awb.vhd:148]
INFO: [Synth 8-256] done synthesizing module 'div_gen_awb' (0#1) [g:/proj/fpga/zynq7020_mlk2/proj/linux_QT/QT/project/soc_prj/soc_prj.gen/sources_1/bd/system/ip/system_ui_awb_1_3v_0_0/ui_awb_1_3V.srcs/sources_1/ip/div_gen_awb/synth/div_gen_awb.vhd:71]
INFO: [Synth 8-6157] synthesizing module 'signal_delay' [g:/proj/fpga/zynq7020_mlk2/proj/linux_QT/QT/project/soc_prj/soc_prj.gen/sources_1/bd/system/ipshared/c48e/signal_delay.v:18]
INFO: [Synth 8-638] synthesizing module 'blk_mem_gen_awb_delay_signal' [g:/proj/fpga/zynq7020_mlk2/proj/linux_QT/QT/project/soc_prj/soc_prj.gen/sources_1/bd/system/ip/system_ui_awb_1_3v_0_0/ui_awb_1_3V.srcs/sources_1/ip/blk_mem_gen_awb_delay_signal/synth/blk_mem_gen_awb_delay_signal.vhd:71]
	Parameter C_FAMILY bound to: zynq - type: string 
	Parameter C_XDEVICEFAMILY bound to: zynq - type: string 
	Parameter C_ELABORATION_DIR bound to: ./ - type: string 
	Parameter C_INTERFACE_TYPE bound to: 0 - type: integer 
	Parameter C_AXI_TYPE bound to: 1 - type: integer 
	Parameter C_AXI_SLAVE_TYPE bound to: 0 - type: integer 
	Parameter C_USE_BRAM_BLOCK bound to: 0 - type: integer 
	Parameter C_ENABLE_32BIT_ADDRESS bound to: 0 - type: integer 
	Parameter C_CTRL_ECC_ALGO bound to: NONE - type: string 
	Parameter C_HAS_AXI_ID bound to: 0 - type: integer 
	Parameter C_AXI_ID_WIDTH bound to: 4 - type: integer 
	Parameter C_MEM_TYPE bound to: 1 - type: integer 
	Parameter C_BYTE_SIZE bound to: 9 - type: integer 
	Parameter C_ALGORITHM bound to: 1 - type: integer 
	Parameter C_PRIM_TYPE bound to: 1 - type: integer 
	Parameter C_LOAD_INIT_FILE bound to: 0 - type: integer 
	Parameter C_INIT_FILE_NAME bound to: no_coe_file_loaded - type: string 
	Parameter C_INIT_FILE bound to: blk_mem_gen_awb_delay_signal.mem - type: string 
	Parameter C_USE_DEFAULT_DATA bound to: 0 - type: integer 
	Parameter C_DEFAULT_DATA bound to: 0 - type: string 
	Parameter C_HAS_RSTA bound to: 0 - type: integer 
	Parameter C_RST_PRIORITY_A bound to: CE - type: string 
	Parameter C_RSTRAM_A bound to: 0 - type: integer 
	Parameter C_INITA_VAL bound to: 0 - type: string 
	Parameter C_HAS_ENA bound to: 0 - type: integer 
	Parameter C_HAS_REGCEA bound to: 0 - type: integer 
	Parameter C_USE_BYTE_WEA bound to: 0 - type: integer 
	Parameter C_WEA_WIDTH bound to: 1 - type: integer 
	Parameter C_WRITE_MODE_A bound to: NO_CHANGE - type: string 
	Parameter C_WRITE_WIDTH_A bound to: 96 - type: integer 
	Parameter C_READ_WIDTH_A bound to: 96 - type: integer 
	Parameter C_WRITE_DEPTH_A bound to: 2048 - type: integer 
	Parameter C_READ_DEPTH_A bound to: 2048 - type: integer 
	Parameter C_ADDRA_WIDTH bound to: 11 - type: integer 
	Parameter C_HAS_RSTB bound to: 0 - type: integer 
	Parameter C_RST_PRIORITY_B bound to: CE - type: string 
	Parameter C_RSTRAM_B bound to: 0 - type: integer 
	Parameter C_INITB_VAL bound to: 0 - type: string 
	Parameter C_HAS_ENB bound to: 0 - type: integer 
	Parameter C_HAS_REGCEB bound to: 0 - type: integer 
	Parameter C_USE_BYTE_WEB bound to: 0 - type: integer 
	Parameter C_WEB_WIDTH bound to: 1 - type: integer 
	Parameter C_WRITE_MODE_B bound to: READ_FIRST - type: string 
	Parameter C_WRITE_WIDTH_B bound to: 96 - type: integer 
	Parameter C_READ_WIDTH_B bound to: 96 - type: integer 
	Parameter C_WRITE_DEPTH_B bound to: 2048 - type: integer 
	Parameter C_READ_DEPTH_B bound to: 2048 - type: integer 
	Parameter C_ADDRB_WIDTH bound to: 11 - type: integer 
	Parameter C_HAS_MEM_OUTPUT_REGS_A bound to: 0 - type: integer 
	Parameter C_HAS_MEM_OUTPUT_REGS_B bound to: 0 - type: integer 
	Parameter C_HAS_MUX_OUTPUT_REGS_A bound to: 0 - type: integer 
	Parameter C_HAS_MUX_OUTPUT_REGS_B bound to: 0 - type: integer 
	Parameter C_MUX_PIPELINE_STAGES bound to: 0 - type: integer 
	Parameter C_HAS_SOFTECC_INPUT_REGS_A bound to: 0 - type: integer 
	Parameter C_HAS_SOFTECC_OUTPUT_REGS_B bound to: 0 - type: integer 
	Parameter C_USE_SOFTECC bound to: 0 - type: integer 
	Parameter C_USE_ECC bound to: 0 - type: integer 
	Parameter C_EN_ECC_PIPE bound to: 0 - type: integer 
	Parameter C_READ_LATENCY_A bound to: 1 - type: integer 
	Parameter C_READ_LATENCY_B bound to: 1 - type: integer 
	Parameter C_HAS_INJECTERR bound to: 0 - type: integer 
	Parameter C_SIM_COLLISION_CHECK bound to: ALL - type: string 
	Parameter C_COMMON_CLK bound to: 1 - type: integer 
	Parameter C_DISABLE_WARN_BHV_COLL bound to: 0 - type: integer 
	Parameter C_EN_SLEEP_PIN bound to: 0 - type: integer 
	Parameter C_USE_URAM bound to: 0 - type: integer 
	Parameter C_EN_RDADDRA_CHG bound to: 0 - type: integer 
	Parameter C_EN_RDADDRB_CHG bound to: 0 - type: integer 
	Parameter C_EN_DEEPSLEEP_PIN bound to: 0 - type: integer 
	Parameter C_EN_SHUTDOWN_PIN bound to: 0 - type: integer 
	Parameter C_EN_SAFETY_CKT bound to: 0 - type: integer 
	Parameter C_DISABLE_WARN_BHV_RANGE bound to: 0 - type: integer 
	Parameter C_COUNT_36K_BRAM bound to: 5 - type: string 
	Parameter C_COUNT_18K_BRAM bound to: 1 - type: string 
	Parameter C_EST_POWER_SUMMARY bound to: Estimated Power for IP     :     27.592802 mW - type: string 
INFO: [Synth 8-3491] module 'blk_mem_gen_v8_4_12' declared at 'g:/proj/fpga/zynq7020_mlk2/proj/linux_QT/QT/project/soc_prj/soc_prj.gen/sources_1/bd/system/ip/system_ui_awb_1_3v_0_0/ui_awb_1_3V.srcs/sources_1/ip/blk_mem_gen_awb_delay_signal/hdl/blk_mem_gen_v8_4_vhsyn_rfs.vhd:195209' bound to instance 'U0' of component 'blk_mem_gen_v8_4_12' [g:/proj/fpga/zynq7020_mlk2/proj/linux_QT/QT/project/soc_prj/soc_prj.gen/sources_1/bd/system/ip/system_ui_awb_1_3v_0_0/ui_awb_1_3V.srcs/sources_1/ip/blk_mem_gen_awb_delay_signal/synth/blk_mem_gen_awb_delay_signal.vhd:242]
INFO: [Synth 8-256] done synthesizing module 'blk_mem_gen_awb_delay_signal' (0#1) [g:/proj/fpga/zynq7020_mlk2/proj/linux_QT/QT/project/soc_prj/soc_prj.gen/sources_1/bd/system/ip/system_ui_awb_1_3v_0_0/ui_awb_1_3V.srcs/sources_1/ip/blk_mem_gen_awb_delay_signal/synth/blk_mem_gen_awb_delay_signal.vhd:71]
INFO: [Synth 8-6155] done synthesizing module 'signal_delay' (0#1) [g:/proj/fpga/zynq7020_mlk2/proj/linux_QT/QT/project/soc_prj/soc_prj.gen/sources_1/bd/system/ipshared/c48e/signal_delay.v:18]
INFO: [Synth 8-6155] done synthesizing module 'awb' (0#1) [g:/proj/fpga/zynq7020_mlk2/proj/linux_QT/QT/project/soc_prj/soc_prj.gen/sources_1/bd/system/ipshared/c48e/awb.v:20]
INFO: [Synth 8-6155] done synthesizing module 'system_ui_awb_1_3v_0_0' (0#1) [g:/proj/fpga/zynq7020_mlk2/proj/linux_QT/QT/project/soc_prj/soc_prj.gen/sources_1/bd/system/ip/system_ui_awb_1_3v_0_0/synth/system_ui_awb_1_3v_0_0.v:53]
WARNING: [Synth 8-6014] Unused sequential element I_tdata_d2_reg was removed.  [g:/proj/fpga/zynq7020_mlk2/proj/linux_QT/QT/project/soc_prj/soc_prj.gen/sources_1/bd/system/ipshared/c48e/awb.v:75]
INFO: [Synth 8-7129] Port CLKB in module blk_mem_output_block is either unconnected or has no load
INFO: [Synth 8-7129] Port DOUTA_I[95] in module blk_mem_output_block is either unconnected or has no load
INFO: [Synth 8-7129] Port DOUTA_I[94] in module blk_mem_output_block is either unconnected or has no load
INFO: [Synth 8-7129] Port DOUTA_I[93] in module blk_mem_output_block is either unconnected or has no load
INFO: [Synth 8-7129] Port DOUTA_I[92] in module blk_mem_output_block is either unconnected or has no load
INFO: [Synth 8-7129] Port DOUTA_I[91] in module blk_mem_output_block is either unconnected or has no load
INFO: [Synth 8-7129] Port DOUTA_I[90] in module blk_mem_output_block is either unconnected or has no load
INFO: [Synth 8-7129] Port DOUTA_I[89] in module blk_mem_output_block is either unconnected or has no load
INFO: [Synth 8-7129] Port DOUTA_I[88] in module blk_mem_output_block is either unconnected or has no load
INFO: [Synth 8-7129] Port DOUTA_I[87] in module blk_mem_output_block is either unconnected or has no load
INFO: [Synth 8-7129] Port DOUTA_I[86] in module blk_mem_output_block is either unconnected or has no load
INFO: [Synth 8-7129] Port DOUTA_I[85] in module blk_mem_output_block is either unconnected or has no load
INFO: [Synth 8-7129] Port DOUTA_I[84] in module blk_mem_output_block is either unconnected or has no load
INFO: [Synth 8-7129] Port DOUTA_I[83] in module blk_mem_output_block is either unconnected or has no load
INFO: [Synth 8-7129] Port DOUTA_I[82] in module blk_mem_output_block is either unconnected or has no load
INFO: [Synth 8-7129] Port DOUTA_I[81] in module blk_mem_output_block is either unconnected or has no load
INFO: [Synth 8-7129] Port DOUTA_I[80] in module blk_mem_output_block is either unconnected or has no load
INFO: [Synth 8-7129] Port DOUTA_I[79] in module blk_mem_output_block is either unconnected or has no load
INFO: [Synth 8-7129] Port DOUTA_I[78] in module blk_mem_output_block is either unconnected or has no load
INFO: [Synth 8-7129] Port DOUTA_I[77] in module blk_mem_output_block is either unconnected or has no load
INFO: [Synth 8-7129] Port DOUTA_I[76] in module blk_mem_output_block is either unconnected or has no load
INFO: [Synth 8-7129] Port DOUTA_I[75] in module blk_mem_output_block is either unconnected or has no load
INFO: [Synth 8-7129] Port DOUTA_I[74] in module blk_mem_output_block is either unconnected or has no load
INFO: [Synth 8-7129] Port DOUTA_I[73] in module blk_mem_output_block is either unconnected or has no load
INFO: [Synth 8-7129] Port DOUTA_I[72] in module blk_mem_output_block is either unconnected or has no load
INFO: [Synth 8-7129] Port DOUTA_I[71] in module blk_mem_output_block is either unconnected or has no load
INFO: [Synth 8-7129] Port DOUTA_I[70] in module blk_mem_output_block is either unconnected or has no load
INFO: [Synth 8-7129] Port DOUTA_I[69] in module blk_mem_output_block is either unconnected or has no load
INFO: [Synth 8-7129] Port DOUTA_I[68] in module blk_mem_output_block is either unconnected or has no load
INFO: [Synth 8-7129] Port DOUTA_I[67] in module blk_mem_output_block is either unconnected or has no load
INFO: [Synth 8-7129] Port DOUTA_I[66] in module blk_mem_output_block is either unconnected or has no load
INFO: [Synth 8-7129] Port DOUTA_I[65] in module blk_mem_output_block is either unconnected or has no load
INFO: [Synth 8-7129] Port DOUTA_I[64] in module blk_mem_output_block is either unconnected or has no load
INFO: [Synth 8-7129] Port DOUTA_I[63] in module blk_mem_output_block is either unconnected or has no load
INFO: [Synth 8-7129] Port DOUTA_I[62] in module blk_mem_output_block is either unconnected or has no load
INFO: [Synth 8-7129] Port DOUTA_I[61] in module blk_mem_output_block is either unconnected or has no load
INFO: [Synth 8-7129] Port DOUTA_I[60] in module blk_mem_output_block is either unconnected or has no load
INFO: [Synth 8-7129] Port DOUTA_I[59] in module blk_mem_output_block is either unconnected or has no load
INFO: [Synth 8-7129] Port DOUTA_I[58] in module blk_mem_output_block is either unconnected or has no load
INFO: [Synth 8-7129] Port DOUTA_I[57] in module blk_mem_output_block is either unconnected or has no load
INFO: [Synth 8-7129] Port DOUTA_I[56] in module blk_mem_output_block is either unconnected or has no load
INFO: [Synth 8-7129] Port DOUTA_I[55] in module blk_mem_output_block is either unconnected or has no load
INFO: [Synth 8-7129] Port DOUTA_I[54] in module blk_mem_output_block is either unconnected or has no load
INFO: [Synth 8-7129] Port DOUTA_I[53] in module blk_mem_output_block is either unconnected or has no load
INFO: [Synth 8-7129] Port DOUTA_I[52] in module blk_mem_output_block is either unconnected or has no load
INFO: [Synth 8-7129] Port DOUTA_I[51] in module blk_mem_output_block is either unconnected or has no load
INFO: [Synth 8-7129] Port DOUTA_I[50] in module blk_mem_output_block is either unconnected or has no load
INFO: [Synth 8-7129] Port DOUTA_I[49] in module blk_mem_output_block is either unconnected or has no load
INFO: [Synth 8-7129] Port DOUTA_I[48] in module blk_mem_output_block is either unconnected or has no load
INFO: [Synth 8-7129] Port DOUTA_I[47] in module blk_mem_output_block is either unconnected or has no load
INFO: [Synth 8-7129] Port DOUTA_I[46] in module blk_mem_output_block is either unconnected or has no load
INFO: [Synth 8-7129] Port DOUTA_I[45] in module blk_mem_output_block is either unconnected or has no load
INFO: [Synth 8-7129] Port DOUTA_I[44] in module blk_mem_output_block is either unconnected or has no load
INFO: [Synth 8-7129] Port DOUTA_I[43] in module blk_mem_output_block is either unconnected or has no load
INFO: [Synth 8-7129] Port DOUTA_I[42] in module blk_mem_output_block is either unconnected or has no load
INFO: [Synth 8-7129] Port DOUTA_I[41] in module blk_mem_output_block is either unconnected or has no load
INFO: [Synth 8-7129] Port DOUTA_I[40] in module blk_mem_output_block is either unconnected or has no load
INFO: [Synth 8-7129] Port DOUTA_I[39] in module blk_mem_output_block is either unconnected or has no load
INFO: [Synth 8-7129] Port DOUTA_I[38] in module blk_mem_output_block is either unconnected or has no load
INFO: [Synth 8-7129] Port DOUTA_I[37] in module blk_mem_output_block is either unconnected or has no load
INFO: [Synth 8-7129] Port DOUTA_I[36] in module blk_mem_output_block is either unconnected or has no load
INFO: [Synth 8-7129] Port DOUTA_I[35] in module blk_mem_output_block is either unconnected or has no load
INFO: [Synth 8-7129] Port DOUTA_I[34] in module blk_mem_output_block is either unconnected or has no load
INFO: [Synth 8-7129] Port DOUTA_I[33] in module blk_mem_output_block is either unconnected or has no load
INFO: [Synth 8-7129] Port DOUTA_I[32] in module blk_mem_output_block is either unconnected or has no load
INFO: [Synth 8-7129] Port DOUTA_I[31] in module blk_mem_output_block is either unconnected or has no load
INFO: [Synth 8-7129] Port DOUTA_I[30] in module blk_mem_output_block is either unconnected or has no load
INFO: [Synth 8-7129] Port DOUTA_I[29] in module blk_mem_output_block is either unconnected or has no load
INFO: [Synth 8-7129] Port DOUTA_I[28] in module blk_mem_output_block is either unconnected or has no load
INFO: [Synth 8-7129] Port DOUTA_I[27] in module blk_mem_output_block is either unconnected or has no load
INFO: [Synth 8-7129] Port DOUTA_I[26] in module blk_mem_output_block is either unconnected or has no load
INFO: [Synth 8-7129] Port DOUTA_I[25] in module blk_mem_output_block is either unconnected or has no load
INFO: [Synth 8-7129] Port DOUTA_I[24] in module blk_mem_output_block is either unconnected or has no load
INFO: [Synth 8-7129] Port DOUTA_I[23] in module blk_mem_output_block is either unconnected or has no load
INFO: [Synth 8-7129] Port DOUTA_I[22] in module blk_mem_output_block is either unconnected or has no load
INFO: [Synth 8-7129] Port DOUTA_I[21] in module blk_mem_output_block is either unconnected or has no load
INFO: [Synth 8-7129] Port DOUTA_I[20] in module blk_mem_output_block is either unconnected or has no load
INFO: [Synth 8-7129] Port DOUTA_I[19] in module blk_mem_output_block is either unconnected or has no load
INFO: [Synth 8-7129] Port DOUTA_I[18] in module blk_mem_output_block is either unconnected or has no load
INFO: [Synth 8-7129] Port DOUTA_I[17] in module blk_mem_output_block is either unconnected or has no load
INFO: [Synth 8-7129] Port DOUTA_I[16] in module blk_mem_output_block is either unconnected or has no load
INFO: [Synth 8-7129] Port DOUTA_I[15] in module blk_mem_output_block is either unconnected or has no load
INFO: [Synth 8-7129] Port DOUTA_I[14] in module blk_mem_output_block is either unconnected or has no load
INFO: [Synth 8-7129] Port DOUTA_I[13] in module blk_mem_output_block is either unconnected or has no load
INFO: [Synth 8-7129] Port DOUTA_I[12] in module blk_mem_output_block is either unconnected or has no load
INFO: [Synth 8-7129] Port DOUTA_I[11] in module blk_mem_output_block is either unconnected or has no load
INFO: [Synth 8-7129] Port DOUTA_I[10] in module blk_mem_output_block is either unconnected or has no load
INFO: [Synth 8-7129] Port DOUTA_I[9] in module blk_mem_output_block is either unconnected or has no load
INFO: [Synth 8-7129] Port DOUTA_I[8] in module blk_mem_output_block is either unconnected or has no load
INFO: [Synth 8-7129] Port DOUTA_I[7] in module blk_mem_output_block is either unconnected or has no load
INFO: [Synth 8-7129] Port DOUTA_I[6] in module blk_mem_output_block is either unconnected or has no load
INFO: [Synth 8-7129] Port DOUTA_I[5] in module blk_mem_output_block is either unconnected or has no load
INFO: [Synth 8-7129] Port DOUTA_I[4] in module blk_mem_output_block is either unconnected or has no load
INFO: [Synth 8-7129] Port DOUTA_I[3] in module blk_mem_output_block is either unconnected or has no load
INFO: [Synth 8-7129] Port DOUTA_I[2] in module blk_mem_output_block is either unconnected or has no load
INFO: [Synth 8-7129] Port DOUTA_I[1] in module blk_mem_output_block is either unconnected or has no load
INFO: [Synth 8-7129] Port DOUTA_I[0] in module blk_mem_output_block is either unconnected or has no load
INFO: [Synth 8-7129] Port SBITERR_I in module blk_mem_output_block is either unconnected or has no load
INFO: [Synth 8-7129] Port DBITERR_I in module blk_mem_output_block is either unconnected or has no load
INFO: [Synth 8-7129] Port RDADDRECC_I[10] in module blk_mem_output_block is either unconnected or has no load
INFO: [Common 17-14] Message 'Synth 8-7129' appears 100 times and further instances of the messages will be disabled. Use the Tcl command set_msg_config to change the current settings.
---------------------------------------------------------------------------------
Finished RTL Elaboration : Time (s): cpu = 00:00:21 ; elapsed = 00:00:24 . Memory (MB): peak = 1920.930 ; gain = 1008.566
---------------------------------------------------------------------------------
---------------------------------------------------------------------------------
Start Handling Custom Attributes
---------------------------------------------------------------------------------
---------------------------------------------------------------------------------
Finished Handling Custom Attributes : Time (s): cpu = 00:00:21 ; elapsed = 00:00:24 . Memory (MB): peak = 1920.930 ; gain = 1008.566
---------------------------------------------------------------------------------
---------------------------------------------------------------------------------
Finished RTL Optimization Phase 1 : Time (s): cpu = 00:00:21 ; elapsed = 00:00:24 . Memory (MB): peak = 1920.930 ; gain = 1008.566
---------------------------------------------------------------------------------
Netlist sorting complete. Time (s): cpu = 00:00:01 ; elapsed = 00:00:00.553 . Memory (MB): peak = 1920.930 ; gain = 0.000
INFO: [Netlist 29-17] Analyzing 6474 Unisim elements for replacement
INFO: [Netlist 29-28] Unisim Transformation completed in 0 CPU seconds
INFO: [Project 1-570] Preparing netlist for logic optimization

Processing XDC Constraints
Initializing timing engine
Parsing XDC File [G:/proj/fpga/zynq7020_mlk2/proj/linux_QT/QT/project/soc_prj/soc_prj.runs/system_ui_awb_1_3v_0_0_synth_1/dont_touch.xdc]
Finished Parsing XDC File [G:/proj/fpga/zynq7020_mlk2/proj/linux_QT/QT/project/soc_prj/soc_prj.runs/system_ui_awb_1_3v_0_0_synth_1/dont_touch.xdc]
Completed Processing XDC Constraints

Netlist sorting complete. Time (s): cpu = 00:00:00 ; elapsed = 00:00:00.013 . Memory (MB): peak = 1920.930 ; gain = 0.000
INFO: [Project 1-111] Unisim Transformation Summary:
No Unisim elements were transformed.

Constraint Validation Runtime : Time (s): cpu = 00:00:00 ; elapsed = 00:00:00.643 . Memory (MB): peak = 1920.930 ; gain = 0.000
INFO: [Designutils 20-5008] Incremental synthesis strategy off
---------------------------------------------------------------------------------
Finished Constraint Validation : Time (s): cpu = 00:00:36 ; elapsed = 00:00:38 . Memory (MB): peak = 1920.930 ; gain = 1008.566
---------------------------------------------------------------------------------
---------------------------------------------------------------------------------
Start Loading Part and Timing Information
---------------------------------------------------------------------------------
Loading part: xc7z020clg484-2
---------------------------------------------------------------------------------
Finished Loading Part and Timing Information : Time (s): cpu = 00:00:36 ; elapsed = 00:00:38 . Memory (MB): peak = 1920.930 ; gain = 1008.566
---------------------------------------------------------------------------------
---------------------------------------------------------------------------------
Start Applying 'set_property' XDC Constraints
---------------------------------------------------------------------------------
---------------------------------------------------------------------------------
Finished applying 'set_property' XDC Constraints : Time (s): cpu = 00:00:36 ; elapsed = 00:00:38 . Memory (MB): peak = 1920.930 ; gain = 1008.566
---------------------------------------------------------------------------------
---------------------------------------------------------------------------------
Finished RTL Optimization Phase 2 : Time (s): cpu = 00:00:37 ; elapsed = 00:00:40 . Memory (MB): peak = 1920.930 ; gain = 1008.566
---------------------------------------------------------------------------------
---------------------------------------------------------------------------------
Start RTL Component Statistics 
---------------------------------------------------------------------------------
---------------------------------------------------------------------------------
Finished RTL Component Statistics 
---------------------------------------------------------------------------------
---------------------------------------------------------------------------------
Start Part Resource Summary
---------------------------------------------------------------------------------
Part Resources:
DSPs: 220 (col length:60)
BRAMs: 280 (col length: RAMB18 60 RAMB36 30)
---------------------------------------------------------------------------------
Finished Part Resource Summary
---------------------------------------------------------------------------------
---------------------------------------------------------------------------------
Start Cross Boundary and Area Optimization
---------------------------------------------------------------------------------
---------------------------------------------------------------------------------
Finished Cross Boundary and Area Optimization : Time (s): cpu = 00:00:43 ; elapsed = 00:00:46 . Memory (MB): peak = 1920.930 ; gain = 1008.566
---------------------------------------------------------------------------------
 Sort Area is  B_new_r10_8 : 0 0 : 1090 1090 : Used 1 time 0
 Sort Area is  B_new_r20_6 : 0 0 : 1090 1090 : Used 1 time 0
 Sort Area is  B_new_r30_4 : 0 0 : 1090 1090 : Used 1 time 0
 Sort Area is  B_new_r40_2 : 0 0 : 1090 1090 : Used 1 time 0
 Sort Area is  R_new_r10_7 : 0 0 : 1090 1090 : Used 1 time 0
 Sort Area is  R_new_r20_5 : 0 0 : 1090 1090 : Used 1 time 0
 Sort Area is  R_new_r30_3 : 0 0 : 1090 1090 : Used 1 time 0
 Sort Area is  R_new_r40_0 : 0 0 : 1090 1090 : Used 1 time 0
---------------------------------------------------------------------------------
Start Applying XDC Timing Constraints
---------------------------------------------------------------------------------
---------------------------------------------------------------------------------
Finished Applying XDC Timing Constraints : Time (s): cpu = 00:00:51 ; elapsed = 00:00:54 . Memory (MB): peak = 1920.930 ; gain = 1008.566
---------------------------------------------------------------------------------
---------------------------------------------------------------------------------
Start Timing Optimization
---------------------------------------------------------------------------------
---------------------------------------------------------------------------------
Finished Timing Optimization : Time (s): cpu = 00:00:52 ; elapsed = 00:00:55 . Memory (MB): peak = 1956.891 ; gain = 1044.527
---------------------------------------------------------------------------------
---------------------------------------------------------------------------------
Start Technology Mapping
---------------------------------------------------------------------------------
---------------------------------------------------------------------------------
Finished Technology Mapping : Time (s): cpu = 00:00:54 ; elapsed = 00:00:57 . Memory (MB): peak = 1973.918 ; gain = 1061.555
---------------------------------------------------------------------------------
---------------------------------------------------------------------------------
Start IO Insertion
---------------------------------------------------------------------------------
---------------------------------------------------------------------------------
Start Flattening Before IO Insertion
---------------------------------------------------------------------------------
---------------------------------------------------------------------------------
Finished Flattening Before IO Insertion
---------------------------------------------------------------------------------
---------------------------------------------------------------------------------
Start Final Netlist Cleanup
---------------------------------------------------------------------------------
---------------------------------------------------------------------------------
Finished Final Netlist Cleanup
---------------------------------------------------------------------------------
---------------------------------------------------------------------------------
Finished IO Insertion : Time (s): cpu = 00:00:56 ; elapsed = 00:01:00 . Memory (MB): peak = 2189.152 ; gain = 1276.789
---------------------------------------------------------------------------------
---------------------------------------------------------------------------------
Start Renaming Generated Instances
---------------------------------------------------------------------------------
---------------------------------------------------------------------------------
Finished Renaming Generated Instances : Time (s): cpu = 00:00:56 ; elapsed = 00:01:00 . Memory (MB): peak = 2189.152 ; gain = 1276.789
---------------------------------------------------------------------------------
---------------------------------------------------------------------------------
Start Rebuilding User Hierarchy
---------------------------------------------------------------------------------
---------------------------------------------------------------------------------
Finished Rebuilding User Hierarchy : Time (s): cpu = 00:00:58 ; elapsed = 00:01:01 . Memory (MB): peak = 2201.488 ; gain = 1289.125
---------------------------------------------------------------------------------
---------------------------------------------------------------------------------
Start Renaming Generated Ports
---------------------------------------------------------------------------------
---------------------------------------------------------------------------------
Finished Renaming Generated Ports : Time (s): cpu = 00:00:58 ; elapsed = 00:01:01 . Memory (MB): peak = 2201.488 ; gain = 1289.125
---------------------------------------------------------------------------------
---------------------------------------------------------------------------------
Start Handling Custom Attributes
---------------------------------------------------------------------------------
---------------------------------------------------------------------------------
Finished Handling Custom Attributes : Time (s): cpu = 00:00:58 ; elapsed = 00:01:02 . Memory (MB): peak = 2201.488 ; gain = 1289.125
---------------------------------------------------------------------------------
---------------------------------------------------------------------------------
Start Renaming Generated Nets
---------------------------------------------------------------------------------
---------------------------------------------------------------------------------
Finished Renaming Generated Nets : Time (s): cpu = 00:00:58 ; elapsed = 00:01:02 . Memory (MB): peak = 2201.488 ; gain = 1289.125
---------------------------------------------------------------------------------
---------------------------------------------------------------------------------
Start Writing Synthesis Report
---------------------------------------------------------------------------------

DSP Final Report (the ' indicates corresponding REG is set)
+------------+-------------+--------+--------+--------+--------+--------+------+------+------+------+-------+------+------+
|Module Name | DSP Mapping | A Size | B Size | C Size | D Size | P Size | AREG | BREG | CREG | DREG | ADREG | MREG | PREG | 
+------------+-------------+--------+--------+--------+--------+--------+------+------+------+------+-------+------+------+
|awb         | (A*B)'      | 20     | 8      | -      | -      | 28     | 0    | 0    | -    | -    | -     | 0    | 1    | 
|awb         | (A*B)'      | 20     | 8      | -      | -      | 28     | 0    | 0    | -    | -    | -     | 0    | 1    | 
|awb         | (A*B)'      | 20     | 8      | -      | -      | 28     | 0    | 0    | -    | -    | -     | 0    | 1    | 
|awb         | (A*B)'      | 20     | 8      | -      | -      | 28     | 0    | 0    | -    | -    | -     | 0    | 1    | 
|awb         | (A*B)'      | 20     | 8      | -      | -      | 28     | 0    | 0    | -    | -    | -     | 0    | 1    | 
|awb         | (A*B)'      | 20     | 8      | -      | -      | 28     | 0    | 0    | -    | -    | -     | 0    | 1    | 
|awb         | (A*B)'      | 20     | 8      | -      | -      | 28     | 0    | 0    | -    | -    | -     | 0    | 1    | 
|awb         | (A*B)'      | 20     | 8      | -      | -      | 28     | 0    | 0    | -    | -    | -     | 0    | 1    | 
+------------+-------------+--------+--------+--------+--------+--------+------+------+------+------+-------+------+------+


Report BlackBoxes: 
+-+--------------+----------+
| |BlackBox name |Instances |
+-+--------------+----------+
+-+--------------+----------+

Report Cell Usage: 
+------+---------+------+
|      |Cell     |Count |
+------+---------+------+
|1     |CARRY4   |    63|
|2     |DSP48E1  |     8|
|3     |LUT1     |   253|
|4     |LUT2     |   324|
|5     |LUT3     |  3112|
|6     |LUT4     |   194|
|7     |LUT5     |   191|
|8     |LUT6     |    29|
|9     |MUXCY    |  3234|
|10    |RAMB18E1 |     1|
|11    |RAMB36E1 |     5|
|12    |SRLC32E  |     2|
|13    |XORCY    |  3234|
|14    |FDCE     |   728|
|15    |FDPE     |     8|
|16    |FDRE     | 11273|
+------+---------+------+
---------------------------------------------------------------------------------
Finished Writing Synthesis Report : Time (s): cpu = 00:00:58 ; elapsed = 00:01:02 . Memory (MB): peak = 2201.488 ; gain = 1289.125
---------------------------------------------------------------------------------
Synthesis finished with 0 errors, 0 critical warnings and 0 warnings.
Synthesis Optimization Runtime : Time (s): cpu = 00:00:28 ; elapsed = 00:00:54 . Memory (MB): peak = 2201.527 ; gain = 1289.164
Synthesis Optimization Complete : Time (s): cpu = 00:00:58 ; elapsed = 00:01:02 . Memory (MB): peak = 2201.527 ; gain = 1289.164
INFO: [Project 1-571] Translating synthesized netlist
Netlist sorting complete. Time (s): cpu = 00:00:00 ; elapsed = 00:00:00.487 . Memory (MB): peak = 2207.656 ; gain = 0.000
INFO: [Netlist 29-17] Analyzing 6545 Unisim elements for replacement
INFO: [Netlist 29-28] Unisim Transformation completed in 0 CPU seconds
INFO: [Project 1-570] Preparing netlist for logic optimization
INFO: [Opt 31-138] Pushed 0 inverter(s) to 0 load pin(s).
Netlist sorting complete. Time (s): cpu = 00:00:00 ; elapsed = 00:00:00.006 . Memory (MB): peak = 2233.176 ; gain = 0.000
INFO: [Project 1-111] Unisim Transformation Summary:
  A total of 882 instances were transformed.
  (MUXCY,XORCY) => CARRY4: 882 instances

Synth Design complete | Checksum: 4c7f1739
INFO: [Common 17-83] Releasing license: Synthesis
133 Infos, 4 Warnings, 0 Critical Warnings and 0 Errors encountered.
synth_design completed successfully
synth_design: Time (s): cpu = 00:01:07 ; elapsed = 00:01:12 . Memory (MB): peak = 2233.176 ; gain = 1548.527
Write ShapeDB Complete: Time (s): cpu = 00:00:00 ; elapsed = 00:00:00.021 . Memory (MB): peak = 2233.176 ; gain = 0.000
INFO: [Common 17-1381] The checkpoint 'G:/proj/fpga/zynq7020_mlk2/proj/linux_QT/QT/project/soc_prj/soc_prj.runs/system_ui_awb_1_3v_0_0_synth_1/system_ui_awb_1_3v_0_0.dcp' has been generated.
INFO: [Coretcl 2-1648] Added synthesis output to IP cache for IP system_ui_awb_1_3v_0_0, cache-ID = b81a6c0d212a7874
INFO: [Coretcl 2-1174] Renamed 911 cell refs.
Write ShapeDB Complete: Time (s): cpu = 00:00:00 ; elapsed = 00:00:00.016 . Memory (MB): peak = 2233.176 ; gain = 0.000
INFO: [Common 17-1381] The checkpoint 'G:/proj/fpga/zynq7020_mlk2/proj/linux_QT/QT/project/soc_prj/soc_prj.runs/system_ui_awb_1_3v_0_0_synth_1/system_ui_awb_1_3v_0_0.dcp' has been generated.
INFO: [Vivado 12-24828] Executing command : report_utilization -file system_ui_awb_1_3v_0_0_utilization_synth.rpt -pb system_ui_awb_1_3v_0_0_utilization_synth.pb
INFO: [Common 17-206] Exiting Vivado at Thu Feb 19 16:42:32 2026...
