
*** Running vivado
    with args -log system_uiFDMA_0_0.vds -m64 -product Vivado -mode batch -messageDb vivado.pb -notrace -source system_uiFDMA_0_0.tcl



****** Vivado v2025.2 (64-bit)
  **** SW Build 6299465 on Fri Nov 14 19:35:11 GMT 2025
  **** IP Build 6300035 on Fri Nov 14 10:48:45 MST 2025
  **** SharedData Build 6298862 on Thu Nov 13 04:50:51 MST 2025
  **** Start of session at: Thu Feb 19 16:40:55 2026
    ** Copyright 1986-2022 Xilinx, Inc. All Rights Reserved.
    ** Copyright 2022-2025 Advanced Micro Devices, Inc. All Rights Reserved.

source system_uiFDMA_0_0.tcl -notrace
create_project: Time (s): cpu = 00:00:10 ; elapsed = 00:00:08 . Memory (MB): peak = 664.008 ; gain = 220.555
INFO: [IP_Flow 19-234] Refreshing IP repositories
WARNING: [IP_Flow 19-1694] Ignoring duplicate Bus Definition IP file 'xilinx.com:user:FDMA:1.0' found within IP repository 'g:/proj/fpga/zynq7020_mlk2/proj/linux_QT/QT/project/soc_prj'.
File in use: g:/proj/fpga/zynq7020_mlk2/proj/linux_QT/QT/project/soc_prj/uisrc/ip/uifdma/milianke_ip_uifdma/FDMA.xml
File ignored: g:/proj/fpga/zynq7020_mlk2/proj/linux_QT/QT/project/soc_prj/uisrc/ip/uifdmadbuf/FDMA.xml
WARNING: [IP_Flow 19-1694] Ignoring duplicate Bus Abstraction IP file 'xilinx.com:user:FDMA_rtl:1.0' found within IP repository 'g:/proj/fpga/zynq7020_mlk2/proj/linux_QT/QT/project/soc_prj'.
File in use: g:/proj/fpga/zynq7020_mlk2/proj/linux_QT/QT/project/soc_prj/uisrc/ip/uifdma/milianke_ip_uifdma/FDMA_rtl.xml
File ignored: g:/proj/fpga/zynq7020_mlk2/proj/linux_QT/QT/project/soc_prj/uisrc/ip/uifdmadbuf/FDMA_rtl.xml
INFO: [IP_Flow 19-1700] Loaded user IP repository 'g:/proj/fpga/zynq7020_mlk2/proj/linux_QT/QT/project/soc_prj'.
WARNING: [IP_Flow 19-3656] If you move the project, the path for repository 'g:/proj/fpga/zynq7020_mlk2/proj/linux_QT/QT/project/soc_prj' may become invalid. A better location for the repository would be in a path adjacent to the project. (Current project location is 'g:/proj/fpga/zynq7020_mlk2/proj/linux_QT/QT/project/soc_prj/soc_prj.runs/system_uiFDMA_0_0_synth_1'.)
INFO: [IP_Flow 19-2313] Loaded Vivado IP repository 'D:/Xilinx/2025.2/Vivado/data/ip'.
Command: synth_design -top system_uiFDMA_0_0 -part xc7z020clg484-2 -incremental_mode off -mode out_of_context
Starting synth_design
Attempting to get a license for feature 'Synthesis' and/or device 'xc7z020'
INFO: [Common 17-349] Got license for feature 'Synthesis' and/or device 'xc7z020'
INFO: [Device 21-403] Loading part xc7z020clg484-2
INFO: [Synth 8-7079] Multithreading enabled for synth_design using a maximum of 2 processes.
INFO: [Synth 8-7078] Launching helper process for spawning children vivado processes
INFO: [Synth 8-7075] Helper process launched with PID 46616
---------------------------------------------------------------------------------
Starting RTL Elaboration : Time (s): cpu = 00:00:05 ; elapsed = 00:00:06 . Memory (MB): peak = 1450.207 ; gain = 542.168
---------------------------------------------------------------------------------
INFO: [Synth 8-6157] synthesizing module 'system_uiFDMA_0_0' [g:/proj/fpga/zynq7020_mlk2/proj/linux_QT/QT/project/soc_prj/soc_prj.gen/sources_1/bd/system/ip/system_uiFDMA_0_0/synth/system_uiFDMA_0_0.v:53]
INFO: [Synth 8-6157] synthesizing module 'uiFDMA' [g:/proj/fpga/zynq7020_mlk2/proj/linux_QT/QT/project/soc_prj/soc_prj.gen/sources_1/bd/system/ipshared/cdc1/uiFDMA.v:46]
WARNING: [Synth 8-6104] Input port 'bit_depth' has an internal driver [g:/proj/fpga/zynq7020_mlk2/proj/linux_QT/QT/project/soc_prj/soc_prj.gen/sources_1/bd/system/ipshared/cdc1/uiFDMA.v:122]
WARNING: [Synth 8-6104] Input port 'bit_depth' has an internal driver [g:/proj/fpga/zynq7020_mlk2/proj/linux_QT/QT/project/soc_prj/soc_prj.gen/sources_1/bd/system/ipshared/cdc1/uiFDMA.v:122]
WARNING: [Synth 8-6104] Input port 'bit_depth' has an internal driver [g:/proj/fpga/zynq7020_mlk2/proj/linux_QT/QT/project/soc_prj/soc_prj.gen/sources_1/bd/system/ipshared/cdc1/uiFDMA.v:122]
INFO: [Synth 8-6155] done synthesizing module 'uiFDMA' (0#1) [g:/proj/fpga/zynq7020_mlk2/proj/linux_QT/QT/project/soc_prj/soc_prj.gen/sources_1/bd/system/ipshared/cdc1/uiFDMA.v:46]
INFO: [Synth 8-6155] done synthesizing module 'system_uiFDMA_0_0' (0#1) [g:/proj/fpga/zynq7020_mlk2/proj/linux_QT/QT/project/soc_prj/soc_prj.gen/sources_1/bd/system/ip/system_uiFDMA_0_0/synth/system_uiFDMA_0_0.v:53]
INFO: [Synth 8-6071] Mark debug on the nets applies keep_hierarchy on instance 'inst'. This will prevent further optimization [g:/proj/fpga/zynq7020_mlk2/proj/linux_QT/QT/project/soc_prj/soc_prj.gen/sources_1/bd/system/ip/system_uiFDMA_0_0/synth/system_uiFDMA_0_0.v:239]
WARNING: [Synth 8-6014] Unused sequential element rb2b_reg was removed.  [g:/proj/fpga/zynq7020_mlk2/proj/linux_QT/QT/project/soc_prj/soc_prj.gen/sources_1/bd/system/ipshared/cdc1/uiFDMA.v:323]
WARNING: [Synth 8-3848] Net M_AXI_WID in module/entity uiFDMA does not have driver. [g:/proj/fpga/zynq7020_mlk2/proj/linux_QT/QT/project/soc_prj/soc_prj.gen/sources_1/bd/system/ipshared/cdc1/uiFDMA.v:88]
INFO: [Synth 8-7129] Port M_AXI_WID[15] in module uiFDMA is either unconnected or has no load
INFO: [Synth 8-7129] Port M_AXI_WID[14] in module uiFDMA is either unconnected or has no load
INFO: [Synth 8-7129] Port M_AXI_WID[13] in module uiFDMA is either unconnected or has no load
INFO: [Synth 8-7129] Port M_AXI_WID[12] in module uiFDMA is either unconnected or has no load
INFO: [Synth 8-7129] Port M_AXI_WID[11] in module uiFDMA is either unconnected or has no load
INFO: [Synth 8-7129] Port M_AXI_WID[10] in module uiFDMA is either unconnected or has no load
INFO: [Synth 8-7129] Port M_AXI_WID[9] in module uiFDMA is either unconnected or has no load
INFO: [Synth 8-7129] Port M_AXI_WID[8] in module uiFDMA is either unconnected or has no load
INFO: [Synth 8-7129] Port M_AXI_WID[7] in module uiFDMA is either unconnected or has no load
INFO: [Synth 8-7129] Port M_AXI_WID[6] in module uiFDMA is either unconnected or has no load
INFO: [Synth 8-7129] Port M_AXI_WID[5] in module uiFDMA is either unconnected or has no load
INFO: [Synth 8-7129] Port M_AXI_WID[4] in module uiFDMA is either unconnected or has no load
INFO: [Synth 8-7129] Port M_AXI_WID[3] in module uiFDMA is either unconnected or has no load
INFO: [Synth 8-7129] Port M_AXI_WID[2] in module uiFDMA is either unconnected or has no load
INFO: [Synth 8-7129] Port M_AXI_WID[1] in module uiFDMA is either unconnected or has no load
INFO: [Synth 8-7129] Port M_AXI_WID[0] in module uiFDMA is either unconnected or has no load
INFO: [Synth 8-7129] Port M_AXI_BID[15] in module uiFDMA is either unconnected or has no load
INFO: [Synth 8-7129] Port M_AXI_BID[14] in module uiFDMA is either unconnected or has no load
INFO: [Synth 8-7129] Port M_AXI_BID[13] in module uiFDMA is either unconnected or has no load
INFO: [Synth 8-7129] Port M_AXI_BID[12] in module uiFDMA is either unconnected or has no load
INFO: [Synth 8-7129] Port M_AXI_BID[11] in module uiFDMA is either unconnected or has no load
INFO: [Synth 8-7129] Port M_AXI_BID[10] in module uiFDMA is either unconnected or has no load
INFO: [Synth 8-7129] Port M_AXI_BID[9] in module uiFDMA is either unconnected or has no load
INFO: [Synth 8-7129] Port M_AXI_BID[8] in module uiFDMA is either unconnected or has no load
INFO: [Synth 8-7129] Port M_AXI_BID[7] in module uiFDMA is either unconnected or has no load
INFO: [Synth 8-7129] Port M_AXI_BID[6] in module uiFDMA is either unconnected or has no load
INFO: [Synth 8-7129] Port M_AXI_BID[5] in module uiFDMA is either unconnected or has no load
INFO: [Synth 8-7129] Port M_AXI_BID[4] in module uiFDMA is either unconnected or has no load
INFO: [Synth 8-7129] Port M_AXI_BID[3] in module uiFDMA is either unconnected or has no load
INFO: [Synth 8-7129] Port M_AXI_BID[2] in module uiFDMA is either unconnected or has no load
INFO: [Synth 8-7129] Port M_AXI_BID[1] in module uiFDMA is either unconnected or has no load
INFO: [Synth 8-7129] Port M_AXI_BID[0] in module uiFDMA is either unconnected or has no load
INFO: [Synth 8-7129] Port M_AXI_BRESP[1] in module uiFDMA is either unconnected or has no load
INFO: [Synth 8-7129] Port M_AXI_BRESP[0] in module uiFDMA is either unconnected or has no load
INFO: [Synth 8-7129] Port M_AXI_BVALID in module uiFDMA is either unconnected or has no load
INFO: [Synth 8-7129] Port M_AXI_RID[15] in module uiFDMA is either unconnected or has no load
INFO: [Synth 8-7129] Port M_AXI_RID[14] in module uiFDMA is either unconnected or has no load
INFO: [Synth 8-7129] Port M_AXI_RID[13] in module uiFDMA is either unconnected or has no load
INFO: [Synth 8-7129] Port M_AXI_RID[12] in module uiFDMA is either unconnected or has no load
INFO: [Synth 8-7129] Port M_AXI_RID[11] in module uiFDMA is either unconnected or has no load
INFO: [Synth 8-7129] Port M_AXI_RID[10] in module uiFDMA is either unconnected or has no load
INFO: [Synth 8-7129] Port M_AXI_RID[9] in module uiFDMA is either unconnected or has no load
INFO: [Synth 8-7129] Port M_AXI_RID[8] in module uiFDMA is either unconnected or has no load
INFO: [Synth 8-7129] Port M_AXI_RID[7] in module uiFDMA is either unconnected or has no load
INFO: [Synth 8-7129] Port M_AXI_RID[6] in module uiFDMA is either unconnected or has no load
INFO: [Synth 8-7129] Port M_AXI_RID[5] in module uiFDMA is either unconnected or has no load
INFO: [Synth 8-7129] Port M_AXI_RID[4] in module uiFDMA is either unconnected or has no load
INFO: [Synth 8-7129] Port M_AXI_RID[3] in module uiFDMA is either unconnected or has no load
INFO: [Synth 8-7129] Port M_AXI_RID[2] in module uiFDMA is either unconnected or has no load
INFO: [Synth 8-7129] Port M_AXI_RID[1] in module uiFDMA is either unconnected or has no load
INFO: [Synth 8-7129] Port M_AXI_RID[0] in module uiFDMA is either unconnected or has no load
INFO: [Synth 8-7129] Port M_AXI_RRESP[1] in module uiFDMA is either unconnected or has no load
INFO: [Synth 8-7129] Port M_AXI_RRESP[0] in module uiFDMA is either unconnected or has no load
INFO: [Synth 8-7129] Port M_AXI_RLAST in module uiFDMA is either unconnected or has no load
---------------------------------------------------------------------------------
Finished RTL Elaboration : Time (s): cpu = 00:00:07 ; elapsed = 00:00:08 . Memory (MB): peak = 1576.738 ; gain = 668.699
---------------------------------------------------------------------------------
---------------------------------------------------------------------------------
Start Handling Custom Attributes
---------------------------------------------------------------------------------
---------------------------------------------------------------------------------
Finished Handling Custom Attributes : Time (s): cpu = 00:00:07 ; elapsed = 00:00:08 . Memory (MB): peak = 1576.738 ; gain = 668.699
---------------------------------------------------------------------------------
---------------------------------------------------------------------------------
Finished RTL Optimization Phase 1 : Time (s): cpu = 00:00:07 ; elapsed = 00:00:08 . Memory (MB): peak = 1576.738 ; gain = 668.699
---------------------------------------------------------------------------------
Netlist sorting complete. Time (s): cpu = 00:00:00 ; elapsed = 00:00:00.010 . Memory (MB): peak = 1576.738 ; gain = 0.000
INFO: [Project 1-570] Preparing netlist for logic optimization

Processing XDC Constraints
Initializing timing engine
Completed Processing XDC Constraints

Netlist sorting complete. Time (s): cpu = 00:00:00 ; elapsed = 00:00:00.001 . Memory (MB): peak = 1595.539 ; gain = 0.000
INFO: [Project 1-111] Unisim Transformation Summary:
No Unisim elements were transformed.

Constraint Validation Runtime : Time (s): cpu = 00:00:00 ; elapsed = 00:00:00.050 . Memory (MB): peak = 1597.285 ; gain = 1.746
INFO: [Designutils 20-5008] Incremental synthesis strategy off
---------------------------------------------------------------------------------
Finished Constraint Validation : Time (s): cpu = 00:00:15 ; elapsed = 00:00:17 . Memory (MB): peak = 1597.285 ; gain = 689.246
---------------------------------------------------------------------------------
---------------------------------------------------------------------------------
Start Loading Part and Timing Information
---------------------------------------------------------------------------------
Loading part: xc7z020clg484-2
---------------------------------------------------------------------------------
Finished Loading Part and Timing Information : Time (s): cpu = 00:00:15 ; elapsed = 00:00:17 . Memory (MB): peak = 1597.285 ; gain = 689.246
---------------------------------------------------------------------------------
---------------------------------------------------------------------------------
Start Applying 'set_property' XDC Constraints
---------------------------------------------------------------------------------
---------------------------------------------------------------------------------
Finished applying 'set_property' XDC Constraints : Time (s): cpu = 00:00:15 ; elapsed = 00:00:17 . Memory (MB): peak = 1597.285 ; gain = 689.246
---------------------------------------------------------------------------------
---------------------------------------------------------------------------------
Finished RTL Optimization Phase 2 : Time (s): cpu = 00:00:16 ; elapsed = 00:00:17 . Memory (MB): peak = 1597.285 ; gain = 689.246
---------------------------------------------------------------------------------
No constraint files found.
---------------------------------------------------------------------------------
Start RTL Component Statistics 
---------------------------------------------------------------------------------
Detailed RTL Component Info : 
+---Adders : 
	   2 Input   32 Bit       Adders := 1     
	   3 Input   16 Bit       Adders := 2     
	   2 Input   16 Bit       Adders := 2     
	   2 Input    9 Bit       Adders := 2     
	   2 Input    8 Bit       Adders := 2     
	   2 Input    1 Bit       Adders := 1     
+---Registers : 
	               32 Bit    Registers := 2     
	               16 Bit    Registers := 4     
	                9 Bit    Registers := 5     
	                4 Bit    Registers := 1     
	                1 Bit    Registers := 11    
+---Muxes : 
	   2 Input   32 Bit        Muxes := 1     
	   2 Input   16 Bit        Muxes := 4     
	   2 Input    9 Bit        Muxes := 5     
	   2 Input    5 Bit        Muxes := 4     
	   2 Input    4 Bit        Muxes := 2     
	   2 Input    1 Bit        Muxes := 10    
---------------------------------------------------------------------------------
Finished RTL Component Statistics 
---------------------------------------------------------------------------------
---------------------------------------------------------------------------------
Start Part Resource Summary
---------------------------------------------------------------------------------
Part Resources:
DSPs: 220 (col length:60)
BRAMs: 280 (col length: RAMB18 60 RAMB36 30)
---------------------------------------------------------------------------------
Finished Part Resource Summary
---------------------------------------------------------------------------------
No constraint files found.
---------------------------------------------------------------------------------
Start Cross Boundary and Area Optimization
---------------------------------------------------------------------------------
INFO: [Synth 8-7129] Port M_AXI_WID[15] in module uiFDMA is either unconnected or has no load
INFO: [Synth 8-7129] Port M_AXI_WID[14] in module uiFDMA is either unconnected or has no load
INFO: [Synth 8-7129] Port M_AXI_WID[13] in module uiFDMA is either unconnected or has no load
INFO: [Synth 8-7129] Port M_AXI_WID[12] in module uiFDMA is either unconnected or has no load
INFO: [Synth 8-7129] Port M_AXI_WID[11] in module uiFDMA is either unconnected or has no load
INFO: [Synth 8-7129] Port M_AXI_WID[10] in module uiFDMA is either unconnected or has no load
INFO: [Synth 8-7129] Port M_AXI_WID[9] in module uiFDMA is either unconnected or has no load
INFO: [Synth 8-7129] Port M_AXI_WID[8] in module uiFDMA is either unconnected or has no load
INFO: [Synth 8-7129] Port M_AXI_WID[7] in module uiFDMA is either unconnected or has no load
INFO: [Synth 8-7129] Port M_AXI_WID[6] in module uiFDMA is either unconnected or has no load
INFO: [Synth 8-7129] Port M_AXI_WID[5] in module uiFDMA is either unconnected or has no load
INFO: [Synth 8-7129] Port M_AXI_WID[4] in module uiFDMA is either unconnected or has no load
INFO: [Synth 8-7129] Port M_AXI_WID[3] in module uiFDMA is either unconnected or has no load
INFO: [Synth 8-7129] Port M_AXI_WID[2] in module uiFDMA is either unconnected or has no load
INFO: [Synth 8-7129] Port M_AXI_WID[1] in module uiFDMA is either unconnected or has no load
INFO: [Synth 8-7129] Port M_AXI_WID[0] in module uiFDMA is either unconnected or has no load
INFO: [Synth 8-7129] Port M_AXI_BID[15] in module uiFDMA is either unconnected or has no load
INFO: [Synth 8-7129] Port M_AXI_BID[14] in module uiFDMA is either unconnected or has no load
INFO: [Synth 8-7129] Port M_AXI_BID[13] in module uiFDMA is either unconnected or has no load
INFO: [Synth 8-7129] Port M_AXI_BID[12] in module uiFDMA is either unconnected or has no load
INFO: [Synth 8-7129] Port M_AXI_BID[11] in module uiFDMA is either unconnected or has no load
INFO: [Synth 8-7129] Port M_AXI_BID[10] in module uiFDMA is either unconnected or has no load
INFO: [Synth 8-7129] Port M_AXI_BID[9] in module uiFDMA is either unconnected or has no load
INFO: [Synth 8-7129] Port M_AXI_BID[8] in module uiFDMA is either unconnected or has no load
INFO: [Synth 8-7129] Port M_AXI_BID[7] in module uiFDMA is either unconnected or has no load
INFO: [Synth 8-7129] Port M_AXI_BID[6] in module uiFDMA is either unconnected or has no load
INFO: [Synth 8-7129] Port M_AXI_BID[5] in module uiFDMA is either unconnected or has no load
INFO: [Synth 8-7129] Port M_AXI_BID[4] in module uiFDMA is either unconnected or has no load
INFO: [Synth 8-7129] Port M_AXI_BID[3] in module uiFDMA is either unconnected or has no load
INFO: [Synth 8-7129] Port M_AXI_BID[2] in module uiFDMA is either unconnected or has no load
INFO: [Synth 8-7129] Port M_AXI_BID[1] in module uiFDMA is either unconnected or has no load
INFO: [Synth 8-7129] Port M_AXI_BID[0] in module uiFDMA is either unconnected or has no load
INFO: [Synth 8-7129] Port M_AXI_BRESP[1] in module uiFDMA is either unconnected or has no load
INFO: [Synth 8-7129] Port M_AXI_BRESP[0] in module uiFDMA is either unconnected or has no load
INFO: [Synth 8-7129] Port M_AXI_BVALID in module uiFDMA is either unconnected or has no load
INFO: [Synth 8-7129] Port M_AXI_RID[15] in module uiFDMA is either unconnected or has no load
INFO: [Synth 8-7129] Port M_AXI_RID[14] in module uiFDMA is either unconnected or has no load
INFO: [Synth 8-7129] Port M_AXI_RID[13] in module uiFDMA is either unconnected or has no load
INFO: [Synth 8-7129] Port M_AXI_RID[12] in module uiFDMA is either unconnected or has no load
INFO: [Synth 8-7129] Port M_AXI_RID[11] in module uiFDMA is either unconnected or has no load
INFO: [Synth 8-7129] Port M_AXI_RID[10] in module uiFDMA is either unconnected or has no load
INFO: [Synth 8-7129] Port M_AXI_RID[9] in module uiFDMA is either unconnected or has no load
INFO: [Synth 8-7129] Port M_AXI_RID[8] in module uiFDMA is either unconnected or has no load
INFO: [Synth 8-7129] Port M_AXI_RID[7] in module uiFDMA is either unconnected or has no load
INFO: [Synth 8-7129] Port M_AXI_RID[6] in module uiFDMA is either unconnected or has no load
INFO: [Synth 8-7129] Port M_AXI_RID[5] in module uiFDMA is either unconnected or has no load
INFO: [Common 17-14] Message 'Synth 8-7129' appears 100 times and further instances of the messages will be disabled. Use the Tcl command set_msg_config to change the current settings.
---------------------------------------------------------------------------------
Finished Cross Boundary and Area Optimization : Time (s): cpu = 00:00:18 ; elapsed = 00:00:20 . Memory (MB): peak = 1631.129 ; gain = 723.090
---------------------------------------------------------------------------------
No constraint files found.
---------------------------------------------------------------------------------
Start Timing Optimization
---------------------------------------------------------------------------------
---------------------------------------------------------------------------------
Finished Timing Optimization : Time (s): cpu = 00:00:18 ; elapsed = 00:00:20 . Memory (MB): peak = 1631.129 ; gain = 723.090
---------------------------------------------------------------------------------
---------------------------------------------------------------------------------
Start Technology Mapping
---------------------------------------------------------------------------------
---------------------------------------------------------------------------------
Finished Technology Mapping : Time (s): cpu = 00:00:18 ; elapsed = 00:00:20 . Memory (MB): peak = 1632.355 ; gain = 724.316
---------------------------------------------------------------------------------
---------------------------------------------------------------------------------
Start IO Insertion
---------------------------------------------------------------------------------
---------------------------------------------------------------------------------
Start Flattening Before IO Insertion
---------------------------------------------------------------------------------
---------------------------------------------------------------------------------
Finished Flattening Before IO Insertion
---------------------------------------------------------------------------------
---------------------------------------------------------------------------------
Start Final Netlist Cleanup
---------------------------------------------------------------------------------
---------------------------------------------------------------------------------
Finished Final Netlist Cleanup
---------------------------------------------------------------------------------
---------------------------------------------------------------------------------
Finished IO Insertion : Time (s): cpu = 00:00:22 ; elapsed = 00:00:24 . Memory (MB): peak = 1859.047 ; gain = 951.008
---------------------------------------------------------------------------------
---------------------------------------------------------------------------------
Start Renaming Generated Instances
---------------------------------------------------------------------------------
---------------------------------------------------------------------------------
Finished Renaming Generated Instances : Time (s): cpu = 00:00:22 ; elapsed = 00:00:24 . Memory (MB): peak = 1859.047 ; gain = 951.008
---------------------------------------------------------------------------------
---------------------------------------------------------------------------------
Start Rebuilding User Hierarchy
---------------------------------------------------------------------------------
---------------------------------------------------------------------------------
Finished Rebuilding User Hierarchy : Time (s): cpu = 00:00:22 ; elapsed = 00:00:24 . Memory (MB): peak = 1859.047 ; gain = 951.008
---------------------------------------------------------------------------------
---------------------------------------------------------------------------------
Start Renaming Generated Ports
---------------------------------------------------------------------------------
---------------------------------------------------------------------------------
Finished Renaming Generated Ports : Time (s): cpu = 00:00:22 ; elapsed = 00:00:24 . Memory (MB): peak = 1859.047 ; gain = 951.008
---------------------------------------------------------------------------------
---------------------------------------------------------------------------------
Start Handling Custom Attributes
---------------------------------------------------------------------------------
---------------------------------------------------------------------------------
Finished Handling Custom Attributes : Time (s): cpu = 00:00:22 ; elapsed = 00:00:24 . Memory (MB): peak = 1859.047 ; gain = 951.008
---------------------------------------------------------------------------------
---------------------------------------------------------------------------------
Start Renaming Generated Nets
---------------------------------------------------------------------------------
---------------------------------------------------------------------------------
Finished Renaming Generated Nets : Time (s): cpu = 00:00:22 ; elapsed = 00:00:24 . Memory (MB): peak = 1859.047 ; gain = 951.008
---------------------------------------------------------------------------------
---------------------------------------------------------------------------------
Start Writing Synthesis Report
---------------------------------------------------------------------------------

Report BlackBoxes: 
+-+--------------+----------+
| |BlackBox name |Instances |
+-+--------------+----------+
+-+--------------+----------+

Report Cell Usage: 
+------+-------+------+
|      |Cell   |Count |
+------+-------+------+
|1     |CARRY4 |    40|
|2     |LUT1   |    41|
|3     |LUT2   |    38|
|4     |LUT3   |    57|
|5     |LUT4   |   101|
|6     |LUT5   |    21|
|7     |LUT6   |    26|
|8     |FDCE   |    26|
|9     |FDRE   |   169|
|10    |FDSE   |     1|
+------+-------+------+
---------------------------------------------------------------------------------
Finished Writing Synthesis Report : Time (s): cpu = 00:00:22 ; elapsed = 00:00:24 . Memory (MB): peak = 1859.047 ; gain = 951.008
---------------------------------------------------------------------------------
Synthesis finished with 0 errors, 0 critical warnings and 0 warnings.
Synthesis Optimization Runtime : Time (s): cpu = 00:00:13 ; elapsed = 00:00:22 . Memory (MB): peak = 1859.047 ; gain = 930.461
Synthesis Optimization Complete : Time (s): cpu = 00:00:22 ; elapsed = 00:00:24 . Memory (MB): peak = 1859.047 ; gain = 951.008
INFO: [Project 1-571] Translating synthesized netlist
Netlist sorting complete. Time (s): cpu = 00:00:00 ; elapsed = 00:00:00.009 . Memory (MB): peak = 1859.047 ; gain = 0.000
INFO: [Netlist 29-17] Analyzing 40 Unisim elements for replacement
INFO: [Netlist 29-28] Unisim Transformation completed in 0 CPU seconds
INFO: [Project 1-570] Preparing netlist for logic optimization
INFO: [Opt 31-138] Pushed 0 inverter(s) to 0 load pin(s).
Netlist sorting complete. Time (s): cpu = 00:00:00 ; elapsed = 00:00:00 . Memory (MB): peak = 1972.113 ; gain = 0.000
INFO: [Project 1-111] Unisim Transformation Summary:
No Unisim elements were transformed.

Synth Design complete | Checksum: 56e40443
INFO: [Common 17-83] Releasing license: Synthesis
124 Infos, 8 Warnings, 0 Critical Warnings and 0 Errors encountered.
synth_design completed successfully
synth_design: Time (s): cpu = 00:00:27 ; elapsed = 00:00:30 . Memory (MB): peak = 1972.113 ; gain = 1290.180
Write ShapeDB Complete: Time (s): cpu = 00:00:00 ; elapsed = 00:00:00.002 . Memory (MB): peak = 1972.113 ; gain = 0.000
INFO: [Common 17-1381] The checkpoint 'G:/proj/fpga/zynq7020_mlk2/proj/linux_QT/QT/project/soc_prj/soc_prj.runs/system_uiFDMA_0_0_synth_1/system_uiFDMA_0_0.dcp' has been generated.
INFO: [Coretcl 2-1648] Added synthesis output to IP cache for IP system_uiFDMA_0_0, cache-ID = 5776121ce14d1968
Write ShapeDB Complete: Time (s): cpu = 00:00:00 ; elapsed = 00:00:00.001 . Memory (MB): peak = 1972.113 ; gain = 0.000
INFO: [Common 17-1381] The checkpoint 'G:/proj/fpga/zynq7020_mlk2/proj/linux_QT/QT/project/soc_prj/soc_prj.runs/system_uiFDMA_0_0_synth_1/system_uiFDMA_0_0.dcp' has been generated.
INFO: [Vivado 12-24828] Executing command : report_utilization -file system_uiFDMA_0_0_utilization_synth.rpt -pb system_uiFDMA_0_0_utilization_synth.pb
INFO: [Common 17-206] Exiting Vivado at Thu Feb 19 16:41:41 2026...
