
*** Running vivado
    with args -log system_ui_imx415_0_0.vds -m64 -product Vivado -mode batch -messageDb vivado.pb -notrace -source system_ui_imx415_0_0.tcl



****** Vivado v2025.2 (64-bit)
  **** SW Build 6299465 on Fri Nov 14 19:35:11 GMT 2025
  **** IP Build 6300035 on Fri Nov 14 10:48:45 MST 2025
  **** SharedData Build 6298862 on Thu Nov 13 04:50:51 MST 2025
  **** Start of session at: Thu Feb 19 19:59:40 2026
    ** Copyright 1986-2022 Xilinx, Inc. All Rights Reserved.
    ** Copyright 2022-2025 Advanced Micro Devices, Inc. All Rights Reserved.

source system_ui_imx415_0_0.tcl -notrace
INFO: [IP_Flow 19-234] Refreshing IP repositories
WARNING: [IP_Flow 19-1694] Ignoring duplicate Bus Definition IP file 'xilinx.com:user:FDMA:1.0' found within IP repository 'g:/proj/fpga/zynq7020_mlk2/proj/linux_QT/QT/project/soc_prj'.
File in use: g:/proj/fpga/zynq7020_mlk2/proj/linux_QT/QT/project/soc_prj/uisrc/ip/uifdma/milianke_ip_uifdma/FDMA.xml
File ignored: g:/proj/fpga/zynq7020_mlk2/proj/linux_QT/QT/project/soc_prj/uisrc/ip/uifdmadbuf/FDMA.xml
WARNING: [IP_Flow 19-1694] Ignoring duplicate Bus Abstraction IP file 'xilinx.com:user:FDMA_rtl:1.0' found within IP repository 'g:/proj/fpga/zynq7020_mlk2/proj/linux_QT/QT/project/soc_prj'.
File in use: g:/proj/fpga/zynq7020_mlk2/proj/linux_QT/QT/project/soc_prj/uisrc/ip/uifdma/milianke_ip_uifdma/FDMA_rtl.xml
File ignored: g:/proj/fpga/zynq7020_mlk2/proj/linux_QT/QT/project/soc_prj/uisrc/ip/uifdmadbuf/FDMA_rtl.xml
INFO: [IP_Flow 19-1700] Loaded user IP repository 'g:/proj/fpga/zynq7020_mlk2/proj/linux_QT/QT/project/soc_prj'.
WARNING: [IP_Flow 19-3656] If you move the project, the path for repository 'g:/proj/fpga/zynq7020_mlk2/proj/linux_QT/QT/project/soc_prj' may become invalid. A better location for the repository would be in a path adjacent to the project. (Current project location is 'g:/proj/fpga/zynq7020_mlk2/proj/linux_QT/QT/project/soc_prj/soc_prj.runs/system_ui_imx415_0_0_synth_1'.)
INFO: [IP_Flow 19-2313] Loaded Vivado IP repository 'D:/Xilinx/2025.2/Vivado/data/ip'.
Command: synth_design -top system_ui_imx415_0_0 -part xc7z020clg484-2 -incremental_mode off -mode out_of_context
Starting synth_design
Attempting to get a license for feature 'Synthesis' and/or device 'xc7z020'
INFO: [Common 17-349] Got license for feature 'Synthesis' and/or device 'xc7z020'
INFO: [Device 21-403] Loading part xc7z020clg484-2
INFO: [Synth 8-7079] Multithreading enabled for synth_design using a maximum of 2 processes.
INFO: [Synth 8-7078] Launching helper process for spawning children vivado processes
INFO: [Synth 8-7075] Helper process launched with PID 40004
---------------------------------------------------------------------------------
Starting RTL Elaboration : Time (s): cpu = 00:00:03 ; elapsed = 00:00:04 . Memory (MB): peak = 1448.844 ; gain = 541.656
---------------------------------------------------------------------------------
WARNING: [Synth 8-11065] parameter 'T10MS' becomes localparam in 'key' with formal parameter declaration list [g:/proj/fpga/zynq7020_mlk2/proj/linux_QT/QT/project/soc_prj/soc_prj.gen/sources_1/bd/system/ipshared/fee8/key.v:43]
WARNING: [Synth 8-11065] parameter 'KEY_S0' becomes localparam in 'key' with formal parameter declaration list [g:/proj/fpga/zynq7020_mlk2/proj/linux_QT/QT/project/soc_prj/soc_prj.gen/sources_1/bd/system/ipshared/fee8/key.v:44]
WARNING: [Synth 8-11065] parameter 'KEY_S1' becomes localparam in 'key' with formal parameter declaration list [g:/proj/fpga/zynq7020_mlk2/proj/linux_QT/QT/project/soc_prj/soc_prj.gen/sources_1/bd/system/ipshared/fee8/key.v:45]
WARNING: [Synth 8-11065] parameter 'KEY_S2' becomes localparam in 'key' with formal parameter declaration list [g:/proj/fpga/zynq7020_mlk2/proj/linux_QT/QT/project/soc_prj/soc_prj.gen/sources_1/bd/system/ipshared/fee8/key.v:46]
WARNING: [Synth 8-11065] parameter 'KEY_S3' becomes localparam in 'key' with formal parameter declaration list [g:/proj/fpga/zynq7020_mlk2/proj/linux_QT/QT/project/soc_prj/soc_prj.gen/sources_1/bd/system/ipshared/fee8/key.v:47]
INFO: [Synth 8-11241] undeclared symbol 'iic_sda', assumed default net type 'wire' [g:/proj/fpga/zynq7020_mlk2/proj/linux_QT/QT/project/soc_prj/soc_prj.gen/sources_1/bd/system/ipshared/fee8/uii2c.v:92]
INFO: [Synth 8-11241] undeclared symbol 'iic_busy', assumed default net type 'wire' [g:/proj/fpga/zynq7020_mlk2/proj/linux_QT/QT/project/soc_prj/soc_prj.gen/sources_1/bd/system/ipshared/fee8/uiimx415_top.v:157]
INFO: [Synth 8-6157] synthesizing module 'system_ui_imx415_0_0' [g:/proj/fpga/zynq7020_mlk2/proj/linux_QT/QT/project/soc_prj/soc_prj.gen/sources_1/bd/system/ip/system_ui_imx415_0_0/synth/system_ui_imx415_0_0.v:53]
INFO: [Synth 8-6157] synthesizing module 'imx415_AE_top' [g:/proj/fpga/zynq7020_mlk2/proj/linux_QT/QT/project/soc_prj/soc_prj.gen/sources_1/bd/system/ipshared/fee8/imx415_AE_top.v:5]
INFO: [Synth 8-6157] synthesizing module 'ae_set' [g:/proj/fpga/zynq7020_mlk2/proj/linux_QT/QT/project/soc_prj/soc_prj.gen/sources_1/bd/system/ipshared/fee8/ae_set.v:33]
INFO: [Synth 8-6157] synthesizing module 'key' [g:/proj/fpga/zynq7020_mlk2/proj/linux_QT/QT/project/soc_prj/soc_prj.gen/sources_1/bd/system/ipshared/fee8/key.v:31]
INFO: [Synth 8-6155] done synthesizing module 'key' (0#1) [g:/proj/fpga/zynq7020_mlk2/proj/linux_QT/QT/project/soc_prj/soc_prj.gen/sources_1/bd/system/ipshared/fee8/key.v:31]
INFO: [Synth 8-6155] done synthesizing module 'ae_set' (0#1) [g:/proj/fpga/zynq7020_mlk2/proj/linux_QT/QT/project/soc_prj/soc_prj.gen/sources_1/bd/system/ipshared/fee8/ae_set.v:33]
INFO: [Synth 8-6157] synthesizing module 'uiimx415_top' [g:/proj/fpga/zynq7020_mlk2/proj/linux_QT/QT/project/soc_prj/soc_prj.gen/sources_1/bd/system/ipshared/fee8/uiimx415_top.v:3]
INFO: [Synth 8-6157] synthesizing module 'uii2c' [g:/proj/fpga/zynq7020_mlk2/proj/linux_QT/QT/project/soc_prj/soc_prj.gen/sources_1/bd/system/ipshared/fee8/uii2c.v:41]
INFO: [Synth 8-6157] synthesizing module 'PULLUP' [D:/Xilinx/2025.2/Vivado/scripts/rt/data/unisim_comp.v:153820]
INFO: [Synth 8-6155] done synthesizing module 'PULLUP' (0#1) [D:/Xilinx/2025.2/Vivado/scripts/rt/data/unisim_comp.v:153820]
INFO: [Synth 8-6157] synthesizing module 'IOBUF' [D:/Xilinx/2025.2/Vivado/scripts/rt/data/unisim_comp.v:87566]
INFO: [Synth 8-6155] done synthesizing module 'IOBUF' (0#1) [D:/Xilinx/2025.2/Vivado/scripts/rt/data/unisim_comp.v:87566]
INFO: [Synth 8-226] default block is never used [g:/proj/fpga/zynq7020_mlk2/proj/linux_QT/QT/project/soc_prj/soc_prj.gen/sources_1/bd/system/ipshared/fee8/uii2c.v:198]
INFO: [Synth 8-6155] done synthesizing module 'uii2c' (0#1) [g:/proj/fpga/zynq7020_mlk2/proj/linux_QT/QT/project/soc_prj/soc_prj.gen/sources_1/bd/system/ipshared/fee8/uii2c.v:41]
WARNING: [Synth 8-7071] port 'IO_iic_sda_dg' of module 'uii2c' is unconnected for instance 'uii2c_inst' [g:/proj/fpga/zynq7020_mlk2/proj/linux_QT/QT/project/soc_prj/soc_prj.gen/sources_1/bd/system/ipshared/fee8/uiimx415_top.v:145]
WARNING: [Synth 8-7023] instance 'uii2c_inst' of module 'uii2c' has 13 connections declared, but only 12 given [g:/proj/fpga/zynq7020_mlk2/proj/linux_QT/QT/project/soc_prj/soc_prj.gen/sources_1/bd/system/ipshared/fee8/uiimx415_top.v:145]
INFO: [Synth 8-6157] synthesizing module 'uiimx415reg' [g:/proj/fpga/zynq7020_mlk2/proj/linux_QT/QT/project/soc_prj/soc_prj.gen/sources_1/bd/system/ipshared/fee8/uiimx415reg.v:18]
INFO: [Synth 8-6155] done synthesizing module 'uiimx415reg' (0#1) [g:/proj/fpga/zynq7020_mlk2/proj/linux_QT/QT/project/soc_prj/soc_prj.gen/sources_1/bd/system/ipshared/fee8/uiimx415reg.v:18]
WARNING: [Synth 8-689] width (8) of port connection 'REG_SIZE' does not match port width (9) of module 'uiimx415reg' [g:/proj/fpga/zynq7020_mlk2/proj/linux_QT/QT/project/soc_prj/soc_prj.gen/sources_1/bd/system/ipshared/fee8/uiimx415_top.v:167]
WARNING: [Synth 8-689] width (8) of port connection 'REG_INDEX' does not match port width (9) of module 'uiimx415reg' [g:/proj/fpga/zynq7020_mlk2/proj/linux_QT/QT/project/soc_prj/soc_prj.gen/sources_1/bd/system/ipshared/fee8/uiimx415_top.v:168]
WARNING: [Synth 8-689] width (24) of port connection 'REG_DATA' does not match port width (32) of module 'uiimx415reg' [g:/proj/fpga/zynq7020_mlk2/proj/linux_QT/QT/project/soc_prj/soc_prj.gen/sources_1/bd/system/ipshared/fee8/uiimx415_top.v:169]
INFO: [Synth 8-6155] done synthesizing module 'uiimx415_top' (0#1) [g:/proj/fpga/zynq7020_mlk2/proj/linux_QT/QT/project/soc_prj/soc_prj.gen/sources_1/bd/system/ipshared/fee8/uiimx415_top.v:3]
INFO: [Synth 8-6155] done synthesizing module 'imx415_AE_top' (0#1) [g:/proj/fpga/zynq7020_mlk2/proj/linux_QT/QT/project/soc_prj/soc_prj.gen/sources_1/bd/system/ipshared/fee8/imx415_AE_top.v:5]
INFO: [Synth 8-6155] done synthesizing module 'system_ui_imx415_0_0' (0#1) [g:/proj/fpga/zynq7020_mlk2/proj/linux_QT/QT/project/soc_prj/soc_prj.gen/sources_1/bd/system/ip/system_ui_imx415_0_0/synth/system_ui_imx415_0_0.v:53]
WARNING: [Synth 8-7137] Register bcnt_reg in module uii2c has both Set and reset with same priority. This may cause simulation mismatches. Consider rewriting code  [g:/proj/fpga/zynq7020_mlk2/proj/linux_QT/QT/project/soc_prj/soc_prj.gen/sources_1/bd/system/ipshared/fee8/uii2c.v:208]
---------------------------------------------------------------------------------
Finished RTL Elaboration : Time (s): cpu = 00:00:04 ; elapsed = 00:00:05 . Memory (MB): peak = 1577.750 ; gain = 670.562
---------------------------------------------------------------------------------
---------------------------------------------------------------------------------
Start Handling Custom Attributes
---------------------------------------------------------------------------------
---------------------------------------------------------------------------------
Finished Handling Custom Attributes : Time (s): cpu = 00:00:04 ; elapsed = 00:00:05 . Memory (MB): peak = 1577.750 ; gain = 670.562
---------------------------------------------------------------------------------
---------------------------------------------------------------------------------
Finished RTL Optimization Phase 1 : Time (s): cpu = 00:00:04 ; elapsed = 00:00:05 . Memory (MB): peak = 1577.750 ; gain = 670.562
---------------------------------------------------------------------------------
Netlist sorting complete. Time (s): cpu = 00:00:00 ; elapsed = 00:00:00.006 . Memory (MB): peak = 1577.750 ; gain = 0.000
INFO: [Netlist 29-17] Analyzing 1 Unisim elements for replacement
INFO: [Netlist 29-28] Unisim Transformation completed in 0 CPU seconds
INFO: [Project 1-570] Preparing netlist for logic optimization

Processing XDC Constraints
Initializing timing engine
Completed Processing XDC Constraints

Netlist sorting complete. Time (s): cpu = 00:00:00 ; elapsed = 00:00:00.001 . Memory (MB): peak = 1595.078 ; gain = 0.000
INFO: [Project 1-111] Unisim Transformation Summary:
  A total of 1 instances were transformed.
  IOBUF => IOBUF (IBUF, OBUFT): 1 instance 

Constraint Validation Runtime : Time (s): cpu = 00:00:00 ; elapsed = 00:00:00.016 . Memory (MB): peak = 1596.918 ; gain = 1.840
INFO: [Designutils 20-5008] Incremental synthesis strategy off
---------------------------------------------------------------------------------
Finished Constraint Validation : Time (s): cpu = 00:00:09 ; elapsed = 00:00:10 . Memory (MB): peak = 1596.918 ; gain = 689.730
---------------------------------------------------------------------------------
---------------------------------------------------------------------------------
Start Loading Part and Timing Information
---------------------------------------------------------------------------------
Loading part: xc7z020clg484-2
---------------------------------------------------------------------------------
Finished Loading Part and Timing Information : Time (s): cpu = 00:00:09 ; elapsed = 00:00:10 . Memory (MB): peak = 1596.918 ; gain = 689.730
---------------------------------------------------------------------------------
---------------------------------------------------------------------------------
Start Applying 'set_property' XDC Constraints
---------------------------------------------------------------------------------
---------------------------------------------------------------------------------
Finished applying 'set_property' XDC Constraints : Time (s): cpu = 00:00:09 ; elapsed = 00:00:10 . Memory (MB): peak = 1596.918 ; gain = 689.730
---------------------------------------------------------------------------------
INFO: [Synth 8-802] inferred FSM for state register 'key_s_reg' in module 'key'
INFO: [Synth 8-802] inferred FSM for state register 'IIC_S_reg' in module 'uii2c'
INFO: [Synth 8-802] inferred FSM for state register 'TS_S_reg' in module 'uiimx415_top'
---------------------------------------------------------------------------------------------------
                   State |                     New Encoding |                Previous Encoding 
---------------------------------------------------------------------------------------------------
                  KEY_S0 |                             0001 |                               00
                  KEY_S1 |                             0010 |                               01
                  KEY_S2 |                             0100 |                               10
                  KEY_S3 |                             1000 |                               11
---------------------------------------------------------------------------------------------------
INFO: [Synth 8-3354] encoded FSM with state register 'key_s_reg' using encoding 'one-hot' in module 'key'
---------------------------------------------------------------------------------------------------
                   State |                     New Encoding |                Previous Encoding 
---------------------------------------------------------------------------------------------------
                    IDLE |                         00000010 |                              000
                   START |                         10000000 |                              001
                  W_WAIT |                         01000000 |                              010
                   W_ACK |                         00100000 |                              011
                  R_WAIT |                         00010000 |                              100
                   R_ACK |                         00001000 |                              101
                   STOP1 |                         00000100 |                              110
                   STOP2 |                         00000001 |                              111
---------------------------------------------------------------------------------------------------
INFO: [Synth 8-3354] encoded FSM with state register 'IIC_S_reg' using encoding 'one-hot' in module 'uii2c'
---------------------------------------------------------------------------------------------------
                   State |                     New Encoding |                Previous Encoding 
---------------------------------------------------------------------------------------------------
                 iSTATE2 |                               00 |                               00
                  iSTATE |                               01 |                               01
                 iSTATE0 |                               10 |                               10
                 iSTATE1 |                               11 |                               11
---------------------------------------------------------------------------------------------------
INFO: [Synth 8-3354] encoded FSM with state register 'TS_S_reg' using encoding 'sequential' in module 'uiimx415_top'
---------------------------------------------------------------------------------
Finished RTL Optimization Phase 2 : Time (s): cpu = 00:00:10 ; elapsed = 00:00:10 . Memory (MB): peak = 1596.918 ; gain = 689.730
---------------------------------------------------------------------------------
No constraint files found.
---------------------------------------------------------------------------------
Start RTL Component Statistics 
---------------------------------------------------------------------------------
Detailed RTL Component Info : 
+---Adders : 
	   2 Input   22 Bit       Adders := 1     
	   2 Input   18 Bit       Adders := 2     
	   2 Input    9 Bit       Adders := 1     
	   2 Input    8 Bit       Adders := 4     
	   2 Input    7 Bit       Adders := 1     
	   2 Input    5 Bit       Adders := 1     
	   2 Input    3 Bit       Adders := 1     
+---Registers : 
	               33 Bit    Registers := 2     
	               32 Bit    Registers := 1     
	               24 Bit    Registers := 1     
	               22 Bit    Registers := 1     
	               16 Bit    Registers := 1     
	                9 Bit    Registers := 2     
	                8 Bit    Registers := 8     
	                7 Bit    Registers := 1     
	                4 Bit    Registers := 2     
	                3 Bit    Registers := 1     
	                2 Bit    Registers := 4     
	                1 Bit    Registers := 12    
+---Muxes : 
	   2 Input   24 Bit        Muxes := 3     
	   3 Input   24 Bit        Muxes := 1     
	   2 Input   23 Bit        Muxes := 1     
	   2 Input   22 Bit        Muxes := 2     
	   2 Input   18 Bit        Muxes := 2     
	   2 Input   16 Bit        Muxes := 1     
	   2 Input    8 Bit        Muxes := 8     
	   8 Input    8 Bit        Muxes := 3     
	   4 Input    8 Bit        Muxes := 1     
	   4 Input    4 Bit        Muxes := 2     
	   2 Input    4 Bit        Muxes := 4     
	   2 Input    3 Bit        Muxes := 2     
	   8 Input    3 Bit        Muxes := 1     
	   4 Input    2 Bit        Muxes := 3     
	   2 Input    2 Bit        Muxes := 3     
	   4 Input    1 Bit        Muxes := 10    
	   2 Input    1 Bit        Muxes := 14    
	   3 Input    1 Bit        Muxes := 2     
	   8 Input    1 Bit        Muxes := 6     
---------------------------------------------------------------------------------
Finished RTL Component Statistics 
---------------------------------------------------------------------------------
---------------------------------------------------------------------------------
Start Part Resource Summary
---------------------------------------------------------------------------------
Part Resources:
DSPs: 220 (col length:60)
BRAMs: 280 (col length: RAMB18 60 RAMB36 30)
---------------------------------------------------------------------------------
Finished Part Resource Summary
---------------------------------------------------------------------------------
No constraint files found.
---------------------------------------------------------------------------------
Start Cross Boundary and Area Optimization
---------------------------------------------------------------------------------
INFO: [Synth 8-3332] Sequential element (inst/uiimx415_top_r/uii2c_inst/FSM_onehot_IIC_S_reg[4]) is unused and will be removed from module system_ui_imx415_0_0.
---------------------------------------------------------------------------------
Finished Cross Boundary and Area Optimization : Time (s): cpu = 00:00:11 ; elapsed = 00:00:12 . Memory (MB): peak = 1630.660 ; gain = 723.473
---------------------------------------------------------------------------------
---------------------------------------------------------------------------------
Start ROM, RAM, DSP, Shift Register and Retiming Reporting
---------------------------------------------------------------------------------

ROM: Preliminary Mapping Report
+---------------------+---------------------------------------+---------------+----------------+
|Module Name          | RTL Object                            | Depth x Width | Implemented As | 
+---------------------+---------------------------------------+---------------+----------------+
|uiimx415reg          | REG_DATA                              | 256x22        | LUT            | 
|system_ui_imx415_0_0 | inst/uiimx415_top_r/reg_index_reg_rep | 256x22        | Block RAM      | 
+---------------------+---------------------------------------+---------------+----------------+

---------------------------------------------------------------------------------
Finished ROM, RAM, DSP, Shift Register and Retiming Reporting
---------------------------------------------------------------------------------
No constraint files found.
---------------------------------------------------------------------------------
Start Timing Optimization
---------------------------------------------------------------------------------
---------------------------------------------------------------------------------
Finished Timing Optimization : Time (s): cpu = 00:00:11 ; elapsed = 00:00:12 . Memory (MB): peak = 1630.660 ; gain = 723.473
---------------------------------------------------------------------------------
---------------------------------------------------------------------------------
Start Technology Mapping
---------------------------------------------------------------------------------
INFO: [Synth 8-7052] The timing for the instance inst/uiimx415_top_r/reg_index_reg_rep (implemented as a Block RAM) might be sub-optimal as no optional output register could be merged into the ram block. Providing additional output register may help in improving timing.
INFO: [Synth 8-7052] The timing for the instance inst/uiimx415_top_r/reg_index_reg_rep (implemented as a Block RAM) might be sub-optimal as no optional output register could be merged into the ram block. Providing additional output register may help in improving timing.
---------------------------------------------------------------------------------
Finished Technology Mapping : Time (s): cpu = 00:00:11 ; elapsed = 00:00:12 . Memory (MB): peak = 1630.660 ; gain = 723.473
---------------------------------------------------------------------------------
---------------------------------------------------------------------------------
Start IO Insertion
---------------------------------------------------------------------------------
---------------------------------------------------------------------------------
Start Flattening Before IO Insertion
---------------------------------------------------------------------------------
---------------------------------------------------------------------------------
Finished Flattening Before IO Insertion
---------------------------------------------------------------------------------
---------------------------------------------------------------------------------
Start Final Netlist Cleanup
---------------------------------------------------------------------------------
---------------------------------------------------------------------------------
Finished Final Netlist Cleanup
---------------------------------------------------------------------------------
---------------------------------------------------------------------------------
Finished IO Insertion : Time (s): cpu = 00:00:14 ; elapsed = 00:00:14 . Memory (MB): peak = 1857.250 ; gain = 950.062
---------------------------------------------------------------------------------
---------------------------------------------------------------------------------
Start Renaming Generated Instances
---------------------------------------------------------------------------------
---------------------------------------------------------------------------------
Finished Renaming Generated Instances : Time (s): cpu = 00:00:14 ; elapsed = 00:00:14 . Memory (MB): peak = 1857.250 ; gain = 950.062
---------------------------------------------------------------------------------
---------------------------------------------------------------------------------
Start Rebuilding User Hierarchy
---------------------------------------------------------------------------------
---------------------------------------------------------------------------------
Finished Rebuilding User Hierarchy : Time (s): cpu = 00:00:14 ; elapsed = 00:00:14 . Memory (MB): peak = 1857.250 ; gain = 950.062
---------------------------------------------------------------------------------
---------------------------------------------------------------------------------
Start Renaming Generated Ports
---------------------------------------------------------------------------------
---------------------------------------------------------------------------------
Finished Renaming Generated Ports : Time (s): cpu = 00:00:14 ; elapsed = 00:00:14 . Memory (MB): peak = 1857.250 ; gain = 950.062
---------------------------------------------------------------------------------
---------------------------------------------------------------------------------
Start Handling Custom Attributes
---------------------------------------------------------------------------------
---------------------------------------------------------------------------------
Finished Handling Custom Attributes : Time (s): cpu = 00:00:14 ; elapsed = 00:00:15 . Memory (MB): peak = 1857.270 ; gain = 950.082
---------------------------------------------------------------------------------
---------------------------------------------------------------------------------
Start Renaming Generated Nets
---------------------------------------------------------------------------------
---------------------------------------------------------------------------------
Finished Renaming Generated Nets : Time (s): cpu = 00:00:14 ; elapsed = 00:00:15 . Memory (MB): peak = 1857.270 ; gain = 950.082
---------------------------------------------------------------------------------
---------------------------------------------------------------------------------
Start ROM, RAM, DSP, Shift Register and Retiming Reporting
---------------------------------------------------------------------------------

Static Shift Register Report:
+---------------------+-----------------------------------+--------+-------+--------------+--------------------+-------------------+--------+---------+
|Module Name          | RTL Name                          | Length | Width | Reset Signal | Pull out first Reg | Pull out last Reg | SRL16E | SRLC32E | 
+---------------------+-----------------------------------+--------+-------+--------------+--------------------+-------------------+--------+---------+
|system_ui_imx415_0_0 | inst/u_ae_set/key_u1/key_r_reg[3] | 4      | 1     | NO           | NO                 | YES               | 1      | 0       | 
|system_ui_imx415_0_0 | inst/u_ae_set/key_u2/key_r_reg[3] | 4      | 1     | NO           | NO                 | YES               | 1      | 0       | 
+---------------------+-----------------------------------+--------+-------+--------------+--------------------+-------------------+--------+---------+

---------------------------------------------------------------------------------
Finished ROM, RAM, DSP, Shift Register and Retiming Reporting
---------------------------------------------------------------------------------
---------------------------------------------------------------------------------
Start Writing Synthesis Report
---------------------------------------------------------------------------------

Report BlackBoxes: 
+-+--------------+----------+
| |BlackBox name |Instances |
+-+--------------+----------+
+-+--------------+----------+

Report Cell Usage: 
+------+---------+------+
|      |Cell     |Count |
+------+---------+------+
|1     |CARRY4   |    20|
|2     |LUT1     |     9|
|3     |LUT2     |    78|
|4     |LUT3     |    29|
|5     |LUT4     |    42|
|6     |LUT5     |    38|
|7     |LUT6     |    64|
|8     |RAMB18E1 |     1|
|9     |SRL16E   |     2|
|10    |FDCE     |   126|
|11    |FDPE     |    10|
|12    |FDRE     |    79|
|13    |FDSE     |     1|
|14    |IOBUF    |     1|
+------+---------+------+
---------------------------------------------------------------------------------
Finished Writing Synthesis Report : Time (s): cpu = 00:00:14 ; elapsed = 00:00:15 . Memory (MB): peak = 1857.270 ; gain = 950.082
---------------------------------------------------------------------------------
Synthesis finished with 0 errors, 0 critical warnings and 0 warnings.
Synthesis Optimization Runtime : Time (s): cpu = 00:00:08 ; elapsed = 00:00:13 . Memory (MB): peak = 1857.270 ; gain = 930.914
Synthesis Optimization Complete : Time (s): cpu = 00:00:14 ; elapsed = 00:00:15 . Memory (MB): peak = 1857.270 ; gain = 950.082
INFO: [Project 1-571] Translating synthesized netlist
Netlist sorting complete. Time (s): cpu = 00:00:00 ; elapsed = 00:00:00.004 . Memory (MB): peak = 1857.270 ; gain = 0.000
INFO: [Netlist 29-17] Analyzing 22 Unisim elements for replacement
INFO: [Netlist 29-28] Unisim Transformation completed in 0 CPU seconds
INFO: [Project 1-570] Preparing netlist for logic optimization
INFO: [Opt 31-138] Pushed 0 inverter(s) to 0 load pin(s).
Netlist sorting complete. Time (s): cpu = 00:00:00 ; elapsed = 00:00:00 . Memory (MB): peak = 1967.602 ; gain = 0.000
INFO: [Project 1-111] Unisim Transformation Summary:
  A total of 1 instances were transformed.
  IOBUF => IOBUF (IBUF, OBUFT): 1 instance 

Synth Design complete | Checksum: 389d6fd6
INFO: [Common 17-83] Releasing license: Synthesis
50 Infos, 14 Warnings, 0 Critical Warnings and 0 Errors encountered.
synth_design completed successfully
synth_design: Time (s): cpu = 00:00:17 ; elapsed = 00:00:18 . Memory (MB): peak = 1967.602 ; gain = 1285.742
Write ShapeDB Complete: Time (s): cpu = 00:00:00 ; elapsed = 00:00:00.001 . Memory (MB): peak = 1967.602 ; gain = 0.000
INFO: [Common 17-1381] The checkpoint 'G:/proj/fpga/zynq7020_mlk2/proj/linux_QT/QT/project/soc_prj/soc_prj.runs/system_ui_imx415_0_0_synth_1/system_ui_imx415_0_0.dcp' has been generated.
INFO: [Coretcl 2-1648] Added synthesis output to IP cache for IP system_ui_imx415_0_0, cache-ID = d84c03a56161b379
INFO: [Coretcl 2-1174] Renamed 6 cell refs.
Write ShapeDB Complete: Time (s): cpu = 00:00:00 ; elapsed = 00:00:00.001 . Memory (MB): peak = 1967.602 ; gain = 0.000
INFO: [Common 17-1381] The checkpoint 'G:/proj/fpga/zynq7020_mlk2/proj/linux_QT/QT/project/soc_prj/soc_prj.runs/system_ui_imx415_0_0_synth_1/system_ui_imx415_0_0.dcp' has been generated.
INFO: [Vivado 12-24828] Executing command : report_utilization -file system_ui_imx415_0_0_utilization_synth.rpt -pb system_ui_imx415_0_0_utilization_synth.pb
INFO: [Common 17-206] Exiting Vivado at Thu Feb 19 20:00:06 2026...
