
*** Running vivado
    with args -log system_axi_vdma_0_0.vds -m64 -product Vivado -mode batch -messageDb vivado.pb -notrace -source system_axi_vdma_0_0.tcl



****** Vivado v2025.2 (64-bit)
  **** SW Build 6299465 on Fri Nov 14 19:35:11 GMT 2025
  **** IP Build 6300035 on Fri Nov 14 10:48:45 MST 2025
  **** SharedData Build 6298862 on Thu Nov 13 04:50:51 MST 2025
  **** Start of session at: Thu Feb 19 11:23:01 2026
    ** Copyright 1986-2022 Xilinx, Inc. All Rights Reserved.
    ** Copyright 2022-2025 Advanced Micro Devices, Inc. All Rights Reserved.

source system_axi_vdma_0_0.tcl -notrace
create_project: Time (s): cpu = 00:00:09 ; elapsed = 00:00:07 . Memory (MB): peak = 666.074 ; gain = 223.723
INFO: [IP_Flow 19-234] Refreshing IP repositories
INFO: [IP_Flow 19-1700] Loaded user IP repository 'g:/proj/fpga/zynq7020_mlk2/proj/06_ex_linux_QT_Drive_L2_7020/QT_Drive_Appendix/project/soc_prj/uisrc/ip'.
INFO: [IP_Flow 19-2313] Loaded Vivado IP repository 'D:/Xilinx/2025.2/Vivado/data/ip'.
WARNING: [IP_Flow 19-4995] The host OS only allows 260 characters in a normal path. The IP cache path is more than 80 characters. If you experience issues with IP caching, please consider changing the IP cache to a location with a shorter path. Alternately consider using the OS subst command to map part of the path to a drive letter. 
Current IP cache path is g:/proj/fpga/zynq7020_mlk2/proj/06_ex_linux_QT_Drive_L2_7020/QT_Drive_Appendix/project/soc_prj/soc_prj.cache/ip 
Command: synth_design -top system_axi_vdma_0_0 -part xc7z020clg484-2 -incremental_mode off -mode out_of_context
Starting synth_design
Attempting to get a license for feature 'Synthesis' and/or device 'xc7z020'
INFO: [Common 17-349] Got license for feature 'Synthesis' and/or device 'xc7z020'
INFO: [Device 21-403] Loading part xc7z020clg484-2
INFO: [Synth 8-7079] Multithreading enabled for synth_design using a maximum of 2 processes.
INFO: [Synth 8-7078] Launching helper process for spawning children vivado processes
INFO: [Synth 8-7075] Helper process launched with PID 15036
---------------------------------------------------------------------------------
Starting RTL Elaboration : Time (s): cpu = 00:00:08 ; elapsed = 00:00:08 . Memory (MB): peak = 1452.789 ; gain = 540.969
---------------------------------------------------------------------------------
INFO: [Synth 8-638] synthesizing module 'system_axi_vdma_0_0' [g:/proj/fpga/zynq7020_mlk2/proj/06_ex_linux_QT_Drive_L2_7020/QT_Drive_Appendix/project/soc_prj/soc_prj.gen/sources_1/bd/system/ip/system_axi_vdma_0_0/synth/system_axi_vdma_0_0.vhd:106]
	Parameter C_S_AXI_LITE_ADDR_WIDTH bound to: 9 - type: integer 
	Parameter C_S_AXI_LITE_DATA_WIDTH bound to: 32 - type: integer 
	Parameter C_DLYTMR_RESOLUTION bound to: 125 - type: integer 
	Parameter C_PRMRY_IS_ACLK_ASYNC bound to: 0 - type: integer 
	Parameter C_ENABLE_VIDPRMTR_READS bound to: 1 - type: integer 
	Parameter C_DYNAMIC_RESOLUTION bound to: 1 - type: integer 
	Parameter C_NUM_FSTORES bound to: 2 - type: integer 
	Parameter C_USE_FSYNC bound to: 1 - type: integer 
	Parameter C_USE_MM2S_FSYNC bound to: 0 - type: integer 
	Parameter C_USE_S2MM_FSYNC bound to: 2 - type: integer 
	Parameter C_FLUSH_ON_FSYNC bound to: 1 - type: integer 
	Parameter C_INCLUDE_INTERNAL_GENLOCK bound to: 1 - type: integer 
	Parameter C_INCLUDE_SG bound to: 0 - type: integer 
	Parameter C_M_AXI_SG_ADDR_WIDTH bound to: 32 - type: integer 
	Parameter C_M_AXI_SG_DATA_WIDTH bound to: 32 - type: integer 
	Parameter C_INCLUDE_MM2S bound to: 1 - type: integer 
	Parameter C_MM2S_GENLOCK_MODE bound to: 1 - type: integer 
	Parameter C_MM2S_GENLOCK_NUM_MASTERS bound to: 1 - type: integer 
	Parameter C_MM2S_GENLOCK_REPEAT_EN bound to: 0 - type: integer 
	Parameter C_MM2S_SOF_ENABLE bound to: 1 - type: integer 
	Parameter C_INCLUDE_MM2S_DRE bound to: 0 - type: integer 
	Parameter C_INCLUDE_MM2S_SF bound to: 0 - type: integer 
	Parameter C_MM2S_LINEBUFFER_DEPTH bound to: 2048 - type: integer 
	Parameter C_MM2S_LINEBUFFER_THRESH bound to: 4 - type: integer 
	Parameter C_MM2S_MAX_BURST_LENGTH bound to: 64 - type: integer 
	Parameter C_M_AXI_MM2S_ADDR_WIDTH bound to: 64 - type: integer 
	Parameter C_M_AXI_MM2S_DATA_WIDTH bound to: 64 - type: integer 
	Parameter C_M_AXIS_MM2S_TDATA_WIDTH bound to: 32 - type: integer 
	Parameter C_M_AXIS_MM2S_TUSER_BITS bound to: 1 - type: integer 
	Parameter C_INCLUDE_S2MM bound to: 0 - type: integer 
	Parameter C_S2MM_GENLOCK_MODE bound to: 0 - type: integer 
	Parameter C_S2MM_GENLOCK_NUM_MASTERS bound to: 1 - type: integer 
	Parameter C_S2MM_GENLOCK_REPEAT_EN bound to: 1 - type: integer 
	Parameter C_S2MM_SOF_ENABLE bound to: 1 - type: integer 
	Parameter C_INCLUDE_S2MM_DRE bound to: 0 - type: integer 
	Parameter C_INCLUDE_S2MM_SF bound to: 1 - type: integer 
	Parameter C_S2MM_LINEBUFFER_DEPTH bound to: 512 - type: integer 
	Parameter C_S2MM_LINEBUFFER_THRESH bound to: 4 - type: integer 
	Parameter C_S2MM_MAX_BURST_LENGTH bound to: 8 - type: integer 
	Parameter C_M_AXI_S2MM_ADDR_WIDTH bound to: 64 - type: integer 
	Parameter C_M_AXI_S2MM_DATA_WIDTH bound to: 64 - type: integer 
	Parameter C_S_AXIS_S2MM_TDATA_WIDTH bound to: 32 - type: integer 
	Parameter C_S_AXIS_S2MM_TUSER_BITS bound to: 1 - type: integer 
	Parameter C_ENABLE_DEBUG_ALL bound to: 0 - type: integer 
	Parameter C_ENABLE_DEBUG_INFO_0 bound to: 0 - type: integer 
	Parameter C_ENABLE_DEBUG_INFO_1 bound to: 0 - type: integer 
	Parameter C_ENABLE_DEBUG_INFO_2 bound to: 0 - type: integer 
	Parameter C_ENABLE_DEBUG_INFO_3 bound to: 0 - type: integer 
	Parameter C_ENABLE_DEBUG_INFO_4 bound to: 0 - type: integer 
	Parameter C_ENABLE_DEBUG_INFO_5 bound to: 0 - type: integer 
	Parameter C_ENABLE_DEBUG_INFO_6 bound to: 1 - type: integer 
	Parameter C_ENABLE_DEBUG_INFO_7 bound to: 1 - type: integer 
	Parameter C_ENABLE_DEBUG_INFO_8 bound to: 0 - type: integer 
	Parameter C_ENABLE_DEBUG_INFO_9 bound to: 0 - type: integer 
	Parameter C_ENABLE_DEBUG_INFO_10 bound to: 0 - type: integer 
	Parameter C_ENABLE_DEBUG_INFO_11 bound to: 0 - type: integer 
	Parameter C_ENABLE_DEBUG_INFO_12 bound to: 0 - type: integer 
	Parameter C_ENABLE_DEBUG_INFO_13 bound to: 0 - type: integer 
	Parameter C_ENABLE_DEBUG_INFO_14 bound to: 1 - type: integer 
	Parameter C_ENABLE_DEBUG_INFO_15 bound to: 1 - type: integer 
	Parameter C_INSTANCE bound to: axi_vdma - type: string 
	Parameter C_SELECT_XPM bound to: 0 - type: integer 
	Parameter C_ENABLE_VERT_FLIP bound to: 0 - type: integer 
	Parameter C_FAMILY bound to: zynq - type: string 
INFO: [Synth 8-3491] module 'axi_vdma' declared at 'g:/proj/fpga/zynq7020_mlk2/proj/06_ex_linux_QT_Drive_L2_7020/QT_Drive_Appendix/project/soc_prj/soc_prj.gen/sources_1/bd/system/ipshared/7e8c/hdl/axi_vdma_v6_3_rfs.vhd:68582' bound to instance 'U0' of component 'axi_vdma' [g:/proj/fpga/zynq7020_mlk2/proj/06_ex_linux_QT_Drive_L2_7020/QT_Drive_Appendix/project/soc_prj/soc_prj.gen/sources_1/bd/system/ip/system_axi_vdma_0_0/synth/system_axi_vdma_0_0.vhd:350]
INFO: [Synth 8-638] synthesizing module 'axi_vdma' [g:/proj/fpga/zynq7020_mlk2/proj/06_ex_linux_QT_Drive_L2_7020/QT_Drive_Appendix/project/soc_prj/soc_prj.gen/sources_1/bd/system/ipshared/7e8c/hdl/axi_vdma_v6_3_rfs.vhd:69021]
INFO: [Synth 8-638] synthesizing module 'axi_vdma_rst_module' [g:/proj/fpga/zynq7020_mlk2/proj/06_ex_linux_QT_Drive_L2_7020/QT_Drive_Appendix/project/soc_prj/soc_prj.gen/sources_1/bd/system/ipshared/7e8c/hdl/axi_vdma_v6_3_rfs.vhd:16221]
INFO: [Synth 8-638] synthesizing module 'axi_vdma_reset' [g:/proj/fpga/zynq7020_mlk2/proj/06_ex_linux_QT_Drive_L2_7020/QT_Drive_Appendix/project/soc_prj/soc_prj.gen/sources_1/bd/system/ipshared/7e8c/hdl/axi_vdma_v6_3_rfs.vhd:14734]
	Parameter DEST_SYNC_FF bound to: 4 - type: integer 
	Parameter INIT_SYNC_FF bound to: 0 - type: integer 
	Parameter REG_OUTPUT bound to: 0 - type: integer 
	Parameter RST_USED bound to: 0 - type: integer 
	Parameter SIM_ASSERT_CHK bound to: 0 - type: integer 
INFO: [Synth 8-3491] module 'xpm_cdc_pulse' declared at 'D:/Xilinx/2025.2/Vivado/data/ip/xpm/xpm_cdc/hdl/xpm_cdc.sv:714' bound to instance 'LITE_RESET_CDC_I' of component 'xpm_cdc_pulse' [g:/proj/fpga/zynq7020_mlk2/proj/06_ex_linux_QT_Drive_L2_7020/QT_Drive_Appendix/project/soc_prj/soc_prj.gen/sources_1/bd/system/ipshared/7e8c/hdl/axi_vdma_v6_3_rfs.vhd:14942]
INFO: [Synth 8-6157] synthesizing module 'xpm_cdc_pulse' [D:/Xilinx/2025.2/Vivado/data/ip/xpm/xpm_cdc/hdl/xpm_cdc.sv:714]
INFO: [Synth 8-6157] synthesizing module 'xpm_cdc_single' [D:/Xilinx/2025.2/Vivado/data/ip/xpm/xpm_cdc/hdl/xpm_cdc.sv:152]
INFO: [Synth 8-6155] done synthesizing module 'xpm_cdc_single' (0#1) [D:/Xilinx/2025.2/Vivado/data/ip/xpm/xpm_cdc/hdl/xpm_cdc.sv:152]
INFO: [Synth 8-6155] done synthesizing module 'xpm_cdc_pulse' (0#1) [D:/Xilinx/2025.2/Vivado/data/ip/xpm/xpm_cdc/hdl/xpm_cdc.sv:714]
	Parameter DEST_SYNC_FF bound to: 4 - type: integer 
	Parameter INIT_SYNC_FF bound to: 0 - type: integer 
	Parameter SIM_ASSERT_CHK bound to: 0 - type: integer 
	Parameter SRC_INPUT_REG bound to: 1 - type: integer 
INFO: [Synth 8-3491] module 'xpm_cdc_single' declared at 'D:/Xilinx/2025.2/Vivado/data/ip/xpm/xpm_cdc/hdl/xpm_cdc.sv:152' bound to instance 'LITE_IDLE_CDC_I' of component 'xpm_cdc_single' [g:/proj/fpga/zynq7020_mlk2/proj/06_ex_linux_QT_Drive_L2_7020/QT_Drive_Appendix/project/soc_prj/soc_prj.gen/sources_1/bd/system/ipshared/7e8c/hdl/axi_vdma_v6_3_rfs.vhd:14988]
INFO: [Synth 8-6157] synthesizing module 'xpm_cdc_single__parameterized1' [D:/Xilinx/2025.2/Vivado/data/ip/xpm/xpm_cdc/hdl/xpm_cdc.sv:152]
INFO: [Synth 8-6155] done synthesizing module 'xpm_cdc_single__parameterized1' (0#1) [D:/Xilinx/2025.2/Vivado/data/ip/xpm/xpm_cdc/hdl/xpm_cdc.sv:152]
	Parameter DEST_SYNC_FF bound to: 4 - type: integer 
	Parameter INIT_SYNC_FF bound to: 0 - type: integer 
	Parameter SIM_ASSERT_CHK bound to: 0 - type: integer 
	Parameter SRC_INPUT_REG bound to: 1 - type: integer 
INFO: [Synth 8-3491] module 'xpm_cdc_single' declared at 'D:/Xilinx/2025.2/Vivado/data/ip/xpm/xpm_cdc/hdl/xpm_cdc.sv:152' bound to instance 'LITE_MIN_CDC_I' of component 'xpm_cdc_single' [g:/proj/fpga/zynq7020_mlk2/proj/06_ex_linux_QT_Drive_L2_7020/QT_Drive_Appendix/project/soc_prj/soc_prj.gen/sources_1/bd/system/ipshared/7e8c/hdl/axi_vdma_v6_3_rfs.vhd:15055]
	Parameter DEST_SYNC_FF bound to: 4 - type: integer 
	Parameter INIT_SYNC_FF bound to: 0 - type: integer 
	Parameter REG_OUTPUT bound to: 0 - type: integer 
	Parameter RST_USED bound to: 0 - type: integer 
	Parameter SIM_ASSERT_CHK bound to: 0 - type: integer 
INFO: [Synth 8-3491] module 'xpm_cdc_pulse' declared at 'D:/Xilinx/2025.2/Vivado/data/ip/xpm/xpm_cdc/hdl/xpm_cdc.sv:714' bound to instance 'LITE_CLR_CDC_I' of component 'xpm_cdc_pulse' [g:/proj/fpga/zynq7020_mlk2/proj/06_ex_linux_QT_Drive_L2_7020/QT_Drive_Appendix/project/soc_prj/soc_prj.gen/sources_1/bd/system/ipshared/7e8c/hdl/axi_vdma_v6_3_rfs.vhd:15097]
	Parameter DEST_SYNC_FF bound to: 4 - type: integer 
	Parameter INIT_SYNC_FF bound to: 0 - type: integer 
	Parameter REG_OUTPUT bound to: 0 - type: integer 
	Parameter RST_USED bound to: 0 - type: integer 
	Parameter SIM_ASSERT_CHK bound to: 0 - type: integer 
INFO: [Synth 8-3491] module 'xpm_cdc_pulse' declared at 'D:/Xilinx/2025.2/Vivado/data/ip/xpm/xpm_cdc/hdl/xpm_cdc.sv:714' bound to instance 'AXIS_RESET_CDC_I' of component 'xpm_cdc_pulse' [g:/proj/fpga/zynq7020_mlk2/proj/06_ex_linux_QT_Drive_L2_7020/QT_Drive_Appendix/project/soc_prj/soc_prj.gen/sources_1/bd/system/ipshared/7e8c/hdl/axi_vdma_v6_3_rfs.vhd:15147]
	Parameter DEST_SYNC_FF bound to: 4 - type: integer 
	Parameter INIT_SYNC_FF bound to: 0 - type: integer 
	Parameter SIM_ASSERT_CHK bound to: 0 - type: integer 
	Parameter SRC_INPUT_REG bound to: 1 - type: integer 
INFO: [Synth 8-3491] module 'xpm_cdc_single' declared at 'D:/Xilinx/2025.2/Vivado/data/ip/xpm/xpm_cdc/hdl/xpm_cdc.sv:152' bound to instance 'AXIS_IDLE_CDC_I' of component 'xpm_cdc_single' [g:/proj/fpga/zynq7020_mlk2/proj/06_ex_linux_QT_Drive_L2_7020/QT_Drive_Appendix/project/soc_prj/soc_prj.gen/sources_1/bd/system/ipshared/7e8c/hdl/axi_vdma_v6_3_rfs.vhd:15194]
	Parameter DEST_SYNC_FF bound to: 4 - type: integer 
	Parameter INIT_SYNC_FF bound to: 0 - type: integer 
	Parameter SIM_ASSERT_CHK bound to: 0 - type: integer 
	Parameter SRC_INPUT_REG bound to: 1 - type: integer 
INFO: [Synth 8-3491] module 'xpm_cdc_single' declared at 'D:/Xilinx/2025.2/Vivado/data/ip/xpm/xpm_cdc/hdl/xpm_cdc.sv:152' bound to instance 'AXIS_MIN_CDC_I' of component 'xpm_cdc_single' [g:/proj/fpga/zynq7020_mlk2/proj/06_ex_linux_QT_Drive_L2_7020/QT_Drive_Appendix/project/soc_prj/soc_prj.gen/sources_1/bd/system/ipshared/7e8c/hdl/axi_vdma_v6_3_rfs.vhd:15256]
	Parameter DEST_SYNC_FF bound to: 4 - type: integer 
	Parameter INIT_SYNC_FF bound to: 0 - type: integer 
	Parameter REG_OUTPUT bound to: 0 - type: integer 
	Parameter RST_USED bound to: 0 - type: integer 
	Parameter SIM_ASSERT_CHK bound to: 0 - type: integer 
INFO: [Synth 8-3491] module 'xpm_cdc_pulse' declared at 'D:/Xilinx/2025.2/Vivado/data/ip/xpm/xpm_cdc/hdl/xpm_cdc.sv:714' bound to instance 'AXIS_CLR_CDC_I' of component 'xpm_cdc_pulse' [g:/proj/fpga/zynq7020_mlk2/proj/06_ex_linux_QT_Drive_L2_7020/QT_Drive_Appendix/project/soc_prj/soc_prj.gen/sources_1/bd/system/ipshared/7e8c/hdl/axi_vdma_v6_3_rfs.vhd:15299]
	Parameter DEST_SYNC_FF bound to: 4 - type: integer 
	Parameter INIT_SYNC_FF bound to: 0 - type: integer 
	Parameter SIM_ASSERT_CHK bound to: 0 - type: integer 
	Parameter SRC_INPUT_REG bound to: 1 - type: integer 
INFO: [Synth 8-3491] module 'xpm_cdc_single' declared at 'D:/Xilinx/2025.2/Vivado/data/ip/xpm/xpm_cdc/hdl/xpm_cdc.sv:152' bound to instance 'HARD_RESET_CDC_I' of component 'xpm_cdc_single' [g:/proj/fpga/zynq7020_mlk2/proj/06_ex_linux_QT_Drive_L2_7020/QT_Drive_Appendix/project/soc_prj/soc_prj.gen/sources_1/bd/system/ipshared/7e8c/hdl/axi_vdma_v6_3_rfs.vhd:15769]
	Parameter DEST_SYNC_FF bound to: 4 - type: integer 
	Parameter INIT_SYNC_FF bound to: 0 - type: integer 
	Parameter SIM_ASSERT_CHK bound to: 0 - type: integer 
	Parameter SRC_INPUT_REG bound to: 1 - type: integer 
INFO: [Synth 8-3491] module 'xpm_cdc_single' declared at 'D:/Xilinx/2025.2/Vivado/data/ip/xpm/xpm_cdc/hdl/xpm_cdc.sv:152' bound to instance 'AXIS_RESET_CDC_I' of component 'xpm_cdc_single' [g:/proj/fpga/zynq7020_mlk2/proj/06_ex_linux_QT_Drive_L2_7020/QT_Drive_Appendix/project/soc_prj/soc_prj.gen/sources_1/bd/system/ipshared/7e8c/hdl/axi_vdma_v6_3_rfs.vhd:15901]
INFO: [Synth 8-256] done synthesizing module 'axi_vdma_reset' (0#1) [g:/proj/fpga/zynq7020_mlk2/proj/06_ex_linux_QT_Drive_L2_7020/QT_Drive_Appendix/project/soc_prj/soc_prj.gen/sources_1/bd/system/ipshared/7e8c/hdl/axi_vdma_v6_3_rfs.vhd:14734]
INFO: [Synth 8-256] done synthesizing module 'axi_vdma_rst_module' (0#1) [g:/proj/fpga/zynq7020_mlk2/proj/06_ex_linux_QT_Drive_L2_7020/QT_Drive_Appendix/project/soc_prj/soc_prj.gen/sources_1/bd/system/ipshared/7e8c/hdl/axi_vdma_v6_3_rfs.vhd:16221]
INFO: [Synth 8-638] synthesizing module 'axi_vdma_reg_if' [g:/proj/fpga/zynq7020_mlk2/proj/06_ex_linux_QT_Drive_L2_7020/QT_Drive_Appendix/project/soc_prj/soc_prj.gen/sources_1/bd/system/ipshared/7e8c/hdl/axi_vdma_v6_3_rfs.vhd:39626]
INFO: [Synth 8-638] synthesizing module 'axi_vdma_lite_if' [g:/proj/fpga/zynq7020_mlk2/proj/06_ex_linux_QT_Drive_L2_7020/QT_Drive_Appendix/project/soc_prj/soc_prj.gen/sources_1/bd/system/ipshared/7e8c/hdl/axi_vdma_v6_3_rfs.vhd:16708]
	Parameter DEST_SYNC_FF bound to: 4 - type: integer 
	Parameter INIT_SYNC_FF bound to: 0 - type: integer 
	Parameter REG_OUTPUT bound to: 0 - type: integer 
	Parameter RST_USED bound to: 1 - type: integer 
	Parameter SIM_ASSERT_CHK bound to: 0 - type: integer 
INFO: [Synth 8-3491] module 'xpm_cdc_pulse' declared at 'D:/Xilinx/2025.2/Vivado/data/ip/xpm/xpm_cdc/hdl/xpm_cdc.sv:714' bound to instance 'LITE_WVALID_MM2S_CDC_I' of component 'xpm_cdc_pulse' [g:/proj/fpga/zynq7020_mlk2/proj/06_ex_linux_QT_Drive_L2_7020/QT_Drive_Appendix/project/soc_prj/soc_prj.gen/sources_1/bd/system/ipshared/7e8c/hdl/axi_vdma_v6_3_rfs.vhd:17956]
INFO: [Synth 8-6157] synthesizing module 'xpm_cdc_pulse__parameterized2' [D:/Xilinx/2025.2/Vivado/data/ip/xpm/xpm_cdc/hdl/xpm_cdc.sv:714]
INFO: [Synth 8-6155] done synthesizing module 'xpm_cdc_pulse__parameterized2' (0#1) [D:/Xilinx/2025.2/Vivado/data/ip/xpm/xpm_cdc/hdl/xpm_cdc.sv:714]
INFO: [Synth 8-256] done synthesizing module 'axi_vdma_lite_if' (0#1) [g:/proj/fpga/zynq7020_mlk2/proj/06_ex_linux_QT_Drive_L2_7020/QT_Drive_Appendix/project/soc_prj/soc_prj.gen/sources_1/bd/system/ipshared/7e8c/hdl/axi_vdma_v6_3_rfs.vhd:16708]
	Parameter DEST_SYNC_FF bound to: 3 - type: integer 
	Parameter INIT_SYNC_FF bound to: 0 - type: integer 
	Parameter SIM_ASSERT_CHK bound to: 0 - type: integer 
	Parameter SRC_INPUT_REG bound to: 1 - type: integer 
INFO: [Synth 8-3491] module 'xpm_cdc_single' declared at 'D:/Xilinx/2025.2/Vivado/data/ip/xpm/xpm_cdc/hdl/xpm_cdc.sv:152' bound to instance 'MM2S_INTRPT_CROSSING_I' of component 'xpm_cdc_single' [g:/proj/fpga/zynq7020_mlk2/proj/06_ex_linux_QT_Drive_L2_7020/QT_Drive_Appendix/project/soc_prj/soc_prj.gen/sources_1/bd/system/ipshared/7e8c/hdl/axi_vdma_v6_3_rfs.vhd:39844]
INFO: [Synth 8-6157] synthesizing module 'xpm_cdc_single__parameterized3' [D:/Xilinx/2025.2/Vivado/data/ip/xpm/xpm_cdc/hdl/xpm_cdc.sv:152]
INFO: [Synth 8-6155] done synthesizing module 'xpm_cdc_single__parameterized3' (0#1) [D:/Xilinx/2025.2/Vivado/data/ip/xpm/xpm_cdc/hdl/xpm_cdc.sv:152]
INFO: [Synth 8-256] done synthesizing module 'axi_vdma_reg_if' (0#1) [g:/proj/fpga/zynq7020_mlk2/proj/06_ex_linux_QT_Drive_L2_7020/QT_Drive_Appendix/project/soc_prj/soc_prj.gen/sources_1/bd/system/ipshared/7e8c/hdl/axi_vdma_v6_3_rfs.vhd:39626]
INFO: [Synth 8-638] synthesizing module 'axi_vdma_intrpt' [g:/proj/fpga/zynq7020_mlk2/proj/06_ex_linux_QT_Drive_L2_7020/QT_Drive_Appendix/project/soc_prj/soc_prj.gen/sources_1/bd/system/ipshared/7e8c/hdl/axi_vdma_v6_3_rfs.vhd:40326]
INFO: [Synth 8-256] done synthesizing module 'axi_vdma_intrpt' (0#1) [g:/proj/fpga/zynq7020_mlk2/proj/06_ex_linux_QT_Drive_L2_7020/QT_Drive_Appendix/project/soc_prj/soc_prj.gen/sources_1/bd/system/ipshared/7e8c/hdl/axi_vdma_v6_3_rfs.vhd:40326]
INFO: [Synth 8-638] synthesizing module 'axi_vdma_reg_module' [g:/proj/fpga/zynq7020_mlk2/proj/06_ex_linux_QT_Drive_L2_7020/QT_Drive_Appendix/project/soc_prj/soc_prj.gen/sources_1/bd/system/ipshared/7e8c/hdl/axi_vdma_v6_3_rfs.vhd:38785]
INFO: [Synth 8-638] synthesizing module 'axi_vdma_register' [g:/proj/fpga/zynq7020_mlk2/proj/06_ex_linux_QT_Drive_L2_7020/QT_Drive_Appendix/project/soc_prj/soc_prj.gen/sources_1/bd/system/ipshared/7e8c/hdl/axi_vdma_v6_3_rfs.vhd:18449]
INFO: [Synth 8-256] done synthesizing module 'axi_vdma_register' (0#1) [g:/proj/fpga/zynq7020_mlk2/proj/06_ex_linux_QT_Drive_L2_7020/QT_Drive_Appendix/project/soc_prj/soc_prj.gen/sources_1/bd/system/ipshared/7e8c/hdl/axi_vdma_v6_3_rfs.vhd:18449]
INFO: [Synth 8-638] synthesizing module 'axi_vdma_regdirect' [g:/proj/fpga/zynq7020_mlk2/proj/06_ex_linux_QT_Drive_L2_7020/QT_Drive_Appendix/project/soc_prj/soc_prj.gen/sources_1/bd/system/ipshared/7e8c/hdl/axi_vdma_v6_3_rfs.vhd:20259]
INFO: [Synth 8-256] done synthesizing module 'axi_vdma_regdirect' (0#1) [g:/proj/fpga/zynq7020_mlk2/proj/06_ex_linux_QT_Drive_L2_7020/QT_Drive_Appendix/project/soc_prj/soc_prj.gen/sources_1/bd/system/ipshared/7e8c/hdl/axi_vdma_v6_3_rfs.vhd:20259]
INFO: [Synth 8-638] synthesizing module 'axi_vdma_reg_mux' [g:/proj/fpga/zynq7020_mlk2/proj/06_ex_linux_QT_Drive_L2_7020/QT_Drive_Appendix/project/soc_prj/soc_prj.gen/sources_1/bd/system/ipshared/7e8c/hdl/axi_vdma_v6_3_rfs.vhd:29316]
INFO: [Synth 8-256] done synthesizing module 'axi_vdma_reg_mux' (0#1) [g:/proj/fpga/zynq7020_mlk2/proj/06_ex_linux_QT_Drive_L2_7020/QT_Drive_Appendix/project/soc_prj/soc_prj.gen/sources_1/bd/system/ipshared/7e8c/hdl/axi_vdma_v6_3_rfs.vhd:29316]
INFO: [Synth 8-256] done synthesizing module 'axi_vdma_reg_module' (0#1) [g:/proj/fpga/zynq7020_mlk2/proj/06_ex_linux_QT_Drive_L2_7020/QT_Drive_Appendix/project/soc_prj/soc_prj.gen/sources_1/bd/system/ipshared/7e8c/hdl/axi_vdma_v6_3_rfs.vhd:38785]
INFO: [Synth 8-638] synthesizing module 'axi_vdma_mngr_64' [g:/proj/fpga/zynq7020_mlk2/proj/06_ex_linux_QT_Drive_L2_7020/QT_Drive_Appendix/project/soc_prj/soc_prj.gen/sources_1/bd/system/ipshared/7e8c/hdl/axi_vdma_v6_3_rfs.vhd:65666]
INFO: [Synth 8-638] synthesizing module 'axi_vdma_sm' [g:/proj/fpga/zynq7020_mlk2/proj/06_ex_linux_QT_Drive_L2_7020/QT_Drive_Appendix/project/soc_prj/soc_prj.gen/sources_1/bd/system/ipshared/7e8c/hdl/axi_vdma_v6_3_rfs.vhd:61047]
INFO: [Synth 8-256] done synthesizing module 'axi_vdma_sm' (0#1) [g:/proj/fpga/zynq7020_mlk2/proj/06_ex_linux_QT_Drive_L2_7020/QT_Drive_Appendix/project/soc_prj/soc_prj.gen/sources_1/bd/system/ipshared/7e8c/hdl/axi_vdma_v6_3_rfs.vhd:61047]
INFO: [Synth 8-638] synthesizing module 'axi_vdma_cmdsts_if' [g:/proj/fpga/zynq7020_mlk2/proj/06_ex_linux_QT_Drive_L2_7020/QT_Drive_Appendix/project/soc_prj/soc_prj.gen/sources_1/bd/system/ipshared/7e8c/hdl/axi_vdma_v6_3_rfs.vhd:62256]
INFO: [Synth 8-256] done synthesizing module 'axi_vdma_cmdsts_if' (0#1) [g:/proj/fpga/zynq7020_mlk2/proj/06_ex_linux_QT_Drive_L2_7020/QT_Drive_Appendix/project/soc_prj/soc_prj.gen/sources_1/bd/system/ipshared/7e8c/hdl/axi_vdma_v6_3_rfs.vhd:62256]
INFO: [Synth 8-638] synthesizing module 'axi_vdma_sts_mngr' [g:/proj/fpga/zynq7020_mlk2/proj/06_ex_linux_QT_Drive_L2_7020/QT_Drive_Appendix/project/soc_prj/soc_prj.gen/sources_1/bd/system/ipshared/7e8c/hdl/axi_vdma_v6_3_rfs.vhd:62757]
INFO: [Synth 8-256] done synthesizing module 'axi_vdma_sts_mngr' (0#1) [g:/proj/fpga/zynq7020_mlk2/proj/06_ex_linux_QT_Drive_L2_7020/QT_Drive_Appendix/project/soc_prj/soc_prj.gen/sources_1/bd/system/ipshared/7e8c/hdl/axi_vdma_v6_3_rfs.vhd:62757]
INFO: [Synth 8-638] synthesizing module 'axi_vdma_vidreg_module_64' [g:/proj/fpga/zynq7020_mlk2/proj/06_ex_linux_QT_Drive_L2_7020/QT_Drive_Appendix/project/soc_prj/soc_prj.gen/sources_1/bd/system/ipshared/7e8c/hdl/axi_vdma_v6_3_rfs.vhd:55934]
INFO: [Synth 8-638] synthesizing module 'axi_vdma_vregister_64' [g:/proj/fpga/zynq7020_mlk2/proj/06_ex_linux_QT_Drive_L2_7020/QT_Drive_Appendix/project/soc_prj/soc_prj.gen/sources_1/bd/system/ipshared/7e8c/hdl/axi_vdma_v6_3_rfs.vhd:53473]
INFO: [Synth 8-256] done synthesizing module 'axi_vdma_vregister_64' (0#1) [g:/proj/fpga/zynq7020_mlk2/proj/06_ex_linux_QT_Drive_L2_7020/QT_Drive_Appendix/project/soc_prj/soc_prj.gen/sources_1/bd/system/ipshared/7e8c/hdl/axi_vdma_v6_3_rfs.vhd:53473]
INFO: [Synth 8-638] synthesizing module 'axi_vdma_vaddrreg_mux_64' [g:/proj/fpga/zynq7020_mlk2/proj/06_ex_linux_QT_Drive_L2_7020/QT_Drive_Appendix/project/soc_prj/soc_prj.gen/sources_1/bd/system/ipshared/7e8c/hdl/axi_vdma_v6_3_rfs.vhd:54980]
INFO: [Synth 8-256] done synthesizing module 'axi_vdma_vaddrreg_mux_64' (0#1) [g:/proj/fpga/zynq7020_mlk2/proj/06_ex_linux_QT_Drive_L2_7020/QT_Drive_Appendix/project/soc_prj/soc_prj.gen/sources_1/bd/system/ipshared/7e8c/hdl/axi_vdma_v6_3_rfs.vhd:54980]
INFO: [Synth 8-256] done synthesizing module 'axi_vdma_vidreg_module_64' (0#1) [g:/proj/fpga/zynq7020_mlk2/proj/06_ex_linux_QT_Drive_L2_7020/QT_Drive_Appendix/project/soc_prj/soc_prj.gen/sources_1/bd/system/ipshared/7e8c/hdl/axi_vdma_v6_3_rfs.vhd:55934]
INFO: [Synth 8-638] synthesizing module 'axi_vdma_genlock_mngr' [g:/proj/fpga/zynq7020_mlk2/proj/06_ex_linux_QT_Drive_L2_7020/QT_Drive_Appendix/project/soc_prj/soc_prj.gen/sources_1/bd/system/ipshared/7e8c/hdl/axi_vdma_v6_3_rfs.vhd:57783]
INFO: [Synth 8-638] synthesizing module 'axi_vdma_genlock_mux' [g:/proj/fpga/zynq7020_mlk2/proj/06_ex_linux_QT_Drive_L2_7020/QT_Drive_Appendix/project/soc_prj/soc_prj.gen/sources_1/bd/system/ipshared/7e8c/hdl/axi_vdma_v6_3_rfs.vhd:56537]
INFO: [Synth 8-256] done synthesizing module 'axi_vdma_genlock_mux' (0#1) [g:/proj/fpga/zynq7020_mlk2/proj/06_ex_linux_QT_Drive_L2_7020/QT_Drive_Appendix/project/soc_prj/soc_prj.gen/sources_1/bd/system/ipshared/7e8c/hdl/axi_vdma_v6_3_rfs.vhd:56537]
INFO: [Synth 8-638] synthesizing module 'axi_vdma_greycoder' [g:/proj/fpga/zynq7020_mlk2/proj/06_ex_linux_QT_Drive_L2_7020/QT_Drive_Appendix/project/soc_prj/soc_prj.gen/sources_1/bd/system/ipshared/7e8c/hdl/axi_vdma_v6_3_rfs.vhd:57506]
INFO: [Synth 8-256] done synthesizing module 'axi_vdma_greycoder' (0#1) [g:/proj/fpga/zynq7020_mlk2/proj/06_ex_linux_QT_Drive_L2_7020/QT_Drive_Appendix/project/soc_prj/soc_prj.gen/sources_1/bd/system/ipshared/7e8c/hdl/axi_vdma_v6_3_rfs.vhd:57506]
INFO: [Synth 8-256] done synthesizing module 'axi_vdma_genlock_mngr' (0#1) [g:/proj/fpga/zynq7020_mlk2/proj/06_ex_linux_QT_Drive_L2_7020/QT_Drive_Appendix/project/soc_prj/soc_prj.gen/sources_1/bd/system/ipshared/7e8c/hdl/axi_vdma_v6_3_rfs.vhd:57783]
INFO: [Synth 8-256] done synthesizing module 'axi_vdma_mngr_64' (0#1) [g:/proj/fpga/zynq7020_mlk2/proj/06_ex_linux_QT_Drive_L2_7020/QT_Drive_Appendix/project/soc_prj/soc_prj.gen/sources_1/bd/system/ipshared/7e8c/hdl/axi_vdma_v6_3_rfs.vhd:65666]
INFO: [Synth 8-638] synthesizing module 'axi_vdma_fsync_gen' [g:/proj/fpga/zynq7020_mlk2/proj/06_ex_linux_QT_Drive_L2_7020/QT_Drive_Appendix/project/soc_prj/soc_prj.gen/sources_1/bd/system/ipshared/7e8c/hdl/axi_vdma_v6_3_rfs.vhd:52331]
INFO: [Synth 8-256] done synthesizing module 'axi_vdma_fsync_gen' (0#1) [g:/proj/fpga/zynq7020_mlk2/proj/06_ex_linux_QT_Drive_L2_7020/QT_Drive_Appendix/project/soc_prj/soc_prj.gen/sources_1/bd/system/ipshared/7e8c/hdl/axi_vdma_v6_3_rfs.vhd:52331]
INFO: [Synth 8-638] synthesizing module 'axi_vdma_vid_cdc' [g:/proj/fpga/zynq7020_mlk2/proj/06_ex_linux_QT_Drive_L2_7020/QT_Drive_Appendix/project/soc_prj/soc_prj.gen/sources_1/bd/system/ipshared/7e8c/hdl/axi_vdma_v6_3_rfs.vhd:13230]
INFO: [Synth 8-256] done synthesizing module 'axi_vdma_vid_cdc' (0#1) [g:/proj/fpga/zynq7020_mlk2/proj/06_ex_linux_QT_Drive_L2_7020/QT_Drive_Appendix/project/soc_prj/soc_prj.gen/sources_1/bd/system/ipshared/7e8c/hdl/axi_vdma_v6_3_rfs.vhd:13230]
INFO: [Synth 8-638] synthesizing module 'axi_vdma_sof_gen' [g:/proj/fpga/zynq7020_mlk2/proj/06_ex_linux_QT_Drive_L2_7020/QT_Drive_Appendix/project/soc_prj/soc_prj.gen/sources_1/bd/system/ipshared/7e8c/hdl/axi_vdma_v6_3_rfs.vhd:40930]
INFO: [Synth 8-256] done synthesizing module 'axi_vdma_sof_gen' (0#1) [g:/proj/fpga/zynq7020_mlk2/proj/06_ex_linux_QT_Drive_L2_7020/QT_Drive_Appendix/project/soc_prj/soc_prj.gen/sources_1/bd/system/ipshared/7e8c/hdl/axi_vdma_v6_3_rfs.vhd:40930]
INFO: [Synth 8-638] synthesizing module 'axi_vdma_mm2s_linebuf' [g:/proj/fpga/zynq7020_mlk2/proj/06_ex_linux_QT_Drive_L2_7020/QT_Drive_Appendix/project/soc_prj/soc_prj.gen/sources_1/bd/system/ipshared/7e8c/hdl/axi_vdma_v6_3_rfs.vhd:46006]
INFO: [Synth 8-638] synthesizing module 'axi_vdma_sfifo' [g:/proj/fpga/zynq7020_mlk2/proj/06_ex_linux_QT_Drive_L2_7020/QT_Drive_Appendix/project/soc_prj/soc_prj.gen/sources_1/bd/system/ipshared/7e8c/hdl/axi_vdma_v6_3_rfs.vhd:41717]
	Parameter FIFO_MEMORY_TYPE bound to: auto - type: string 
	Parameter FIFO_WRITE_DEPTH bound to: 2048 - type: integer 
	Parameter WRITE_DATA_WIDTH bound to: 34 - type: integer 
	Parameter READ_MODE bound to: fwft - type: string 
	Parameter FIFO_READ_LATENCY bound to: 0 - type: integer 
	Parameter FULL_RESET_VALUE bound to: 0 - type: integer 
	Parameter USE_ADV_FEATURES bound to: 1717 - type: string 
	Parameter READ_DATA_WIDTH bound to: 34 - type: integer 
	Parameter WR_DATA_COUNT_WIDTH bound to: 12 - type: integer 
	Parameter PROG_FULL_THRESH bound to: 10 - type: integer 
	Parameter RD_DATA_COUNT_WIDTH bound to: 12 - type: integer 
	Parameter PROG_EMPTY_THRESH bound to: 10 - type: integer 
	Parameter DOUT_RESET_VALUE bound to: 0 - type: string 
	Parameter ECC_MODE bound to: no_ecc - type: string 
	Parameter WAKEUP_TIME bound to: 0 - type: integer 
INFO: [Synth 8-3491] module 'xpm_fifo_sync' declared at 'D:/Xilinx/2025.2/Vivado/data/ip/xpm/xpm_fifo/hdl/xpm_fifo.sv:1975' bound to instance 'xpm_fifo_sync_inst' of component 'xpm_fifo_sync' [g:/proj/fpga/zynq7020_mlk2/proj/06_ex_linux_QT_Drive_L2_7020/QT_Drive_Appendix/project/soc_prj/soc_prj.gen/sources_1/bd/system/ipshared/7e8c/hdl/axi_vdma_v6_3_rfs.vhd:41924]
INFO: [Synth 8-6157] synthesizing module 'xpm_fifo_sync' [D:/Xilinx/2025.2/Vivado/data/ip/xpm/xpm_fifo/hdl/xpm_fifo.sv:1975]
INFO: [Synth 8-6157] synthesizing module 'xpm_fifo_base' [D:/Xilinx/2025.2/Vivado/data/ip/xpm/xpm_fifo/hdl/xpm_fifo.sv:53]
INFO: [Synth 8-6157] synthesizing module 'xpm_memory_base' [D:/Xilinx/2025.2/Vivado/data/ip/xpm/xpm_memory/hdl/xpm_memory.sv:54]
INFO: [Synth 8-6059] Synth Info: [XPM_MEMORY 20-1] MEMORY_PRIMITIVE (0) instructs Vivado Synthesis to choose the memory primitive type. Depending on their values, other XPM_MEMORY parameters may preclude the choice of certain memory primitive types. Review XPM_MEMORY documentation and parameter values to understand any limitations, or set MEMORY_PRIMITIVE to a different value.   [D:/Xilinx/2025.2/Vivado/data/ip/xpm/xpm_memory/hdl/xpm_memory.sv:522]
INFO: [Synth 8-6155] done synthesizing module 'xpm_memory_base' (0#1) [D:/Xilinx/2025.2/Vivado/data/ip/xpm/xpm_memory/hdl/xpm_memory.sv:54]
INFO: [Synth 8-226] default block is never used [D:/Xilinx/2025.2/Vivado/data/ip/xpm/xpm_fifo/hdl/xpm_fifo.sv:1220]
INFO: [Synth 8-226] default block is never used [D:/Xilinx/2025.2/Vivado/data/ip/xpm/xpm_fifo/hdl/xpm_fifo.sv:1287]
INFO: [Synth 8-226] default block is never used [D:/Xilinx/2025.2/Vivado/data/ip/xpm/xpm_fifo/hdl/xpm_fifo.sv:1309]
INFO: [Synth 8-6157] synthesizing module 'xpm_fifo_reg_bit' [D:/Xilinx/2025.2/Vivado/data/ip/xpm/xpm_fifo/hdl/xpm_fifo.sv:1927]
INFO: [Synth 8-6155] done synthesizing module 'xpm_fifo_reg_bit' (0#1) [D:/Xilinx/2025.2/Vivado/data/ip/xpm/xpm_fifo/hdl/xpm_fifo.sv:1927]
INFO: [Synth 8-6157] synthesizing module 'xpm_counter_updn' [D:/Xilinx/2025.2/Vivado/data/ip/xpm/xpm_fifo/hdl/xpm_fifo.sv:1879]
INFO: [Synth 8-6155] done synthesizing module 'xpm_counter_updn' (0#1) [D:/Xilinx/2025.2/Vivado/data/ip/xpm/xpm_fifo/hdl/xpm_fifo.sv:1879]
INFO: [Synth 8-6157] synthesizing module 'xpm_fifo_rst' [D:/Xilinx/2025.2/Vivado/data/ip/xpm/xpm_fifo/hdl/xpm_fifo.sv:1639]
INFO: [Synth 8-6155] done synthesizing module 'xpm_fifo_rst' (0#1) [D:/Xilinx/2025.2/Vivado/data/ip/xpm/xpm_fifo/hdl/xpm_fifo.sv:1639]
INFO: [Synth 8-6157] synthesizing module 'xpm_counter_updn__parameterized0' [D:/Xilinx/2025.2/Vivado/data/ip/xpm/xpm_fifo/hdl/xpm_fifo.sv:1879]
INFO: [Synth 8-6155] done synthesizing module 'xpm_counter_updn__parameterized0' (0#1) [D:/Xilinx/2025.2/Vivado/data/ip/xpm/xpm_fifo/hdl/xpm_fifo.sv:1879]
INFO: [Synth 8-6157] synthesizing module 'xpm_counter_updn__parameterized1' [D:/Xilinx/2025.2/Vivado/data/ip/xpm/xpm_fifo/hdl/xpm_fifo.sv:1879]
INFO: [Synth 8-6155] done synthesizing module 'xpm_counter_updn__parameterized1' (0#1) [D:/Xilinx/2025.2/Vivado/data/ip/xpm/xpm_fifo/hdl/xpm_fifo.sv:1879]
INFO: [Synth 8-6157] synthesizing module 'xpm_counter_updn__parameterized2' [D:/Xilinx/2025.2/Vivado/data/ip/xpm/xpm_fifo/hdl/xpm_fifo.sv:1879]
INFO: [Synth 8-6155] done synthesizing module 'xpm_counter_updn__parameterized2' (0#1) [D:/Xilinx/2025.2/Vivado/data/ip/xpm/xpm_fifo/hdl/xpm_fifo.sv:1879]
INFO: [Synth 8-6155] done synthesizing module 'xpm_fifo_base' (0#1) [D:/Xilinx/2025.2/Vivado/data/ip/xpm/xpm_fifo/hdl/xpm_fifo.sv:53]
INFO: [Synth 8-6155] done synthesizing module 'xpm_fifo_sync' (0#1) [D:/Xilinx/2025.2/Vivado/data/ip/xpm/xpm_fifo/hdl/xpm_fifo.sv:1975]
INFO: [Synth 8-256] done synthesizing module 'axi_vdma_sfifo' (0#1) [g:/proj/fpga/zynq7020_mlk2/proj/06_ex_linux_QT_Drive_L2_7020/QT_Drive_Appendix/project/soc_prj/soc_prj.gen/sources_1/bd/system/ipshared/7e8c/hdl/axi_vdma_v6_3_rfs.vhd:41717]
INFO: [Synth 8-638] synthesizing module 'axi_vdma_skid_buf' [g:/proj/fpga/zynq7020_mlk2/proj/06_ex_linux_QT_Drive_L2_7020/QT_Drive_Appendix/project/soc_prj/soc_prj.gen/sources_1/bd/system/ipshared/7e8c/hdl/axi_vdma_v6_3_rfs.vhd:41171]
INFO: [Synth 8-256] done synthesizing module 'axi_vdma_skid_buf' (0#1) [g:/proj/fpga/zynq7020_mlk2/proj/06_ex_linux_QT_Drive_L2_7020/QT_Drive_Appendix/project/soc_prj/soc_prj.gen/sources_1/bd/system/ipshared/7e8c/hdl/axi_vdma_v6_3_rfs.vhd:41171]
INFO: [Synth 8-256] done synthesizing module 'axi_vdma_mm2s_linebuf' (0#1) [g:/proj/fpga/zynq7020_mlk2/proj/06_ex_linux_QT_Drive_L2_7020/QT_Drive_Appendix/project/soc_prj/soc_prj.gen/sources_1/bd/system/ipshared/7e8c/hdl/axi_vdma_v6_3_rfs.vhd:46006]
INFO: [Synth 8-638] synthesizing module 'axi_datamover' [g:/proj/fpga/zynq7020_mlk2/proj/06_ex_linux_QT_Drive_L2_7020/QT_Drive_Appendix/project/soc_prj/soc_prj.gen/sources_1/bd/system/ipshared/d44a/hdl/axi_datamover_v5_1_vh_rfs.vhd:55430]
INFO: [Synth 8-638] synthesizing module 'axi_datamover_mm2s_full_wrap' [g:/proj/fpga/zynq7020_mlk2/proj/06_ex_linux_QT_Drive_L2_7020/QT_Drive_Appendix/project/soc_prj/soc_prj.gen/sources_1/bd/system/ipshared/d44a/hdl/axi_datamover_v5_1_vh_rfs.vhd:53569]
INFO: [Synth 8-638] synthesizing module 'axi_datamover_reset' [g:/proj/fpga/zynq7020_mlk2/proj/06_ex_linux_QT_Drive_L2_7020/QT_Drive_Appendix/project/soc_prj/soc_prj.gen/sources_1/bd/system/ipshared/d44a/hdl/axi_datamover_v5_1_vh_rfs.vhd:259]
INFO: [Synth 8-256] done synthesizing module 'axi_datamover_reset' (0#1) [g:/proj/fpga/zynq7020_mlk2/proj/06_ex_linux_QT_Drive_L2_7020/QT_Drive_Appendix/project/soc_prj/soc_prj.gen/sources_1/bd/system/ipshared/d44a/hdl/axi_datamover_v5_1_vh_rfs.vhd:259]
INFO: [Synth 8-638] synthesizing module 'axi_datamover_cmd_status' [g:/proj/fpga/zynq7020_mlk2/proj/06_ex_linux_QT_Drive_L2_7020/QT_Drive_Appendix/project/soc_prj/soc_prj.gen/sources_1/bd/system/ipshared/d44a/hdl/axi_datamover_v5_1_vh_rfs.vhd:2913]
INFO: [Synth 8-638] synthesizing module 'axi_datamover_fifo' [g:/proj/fpga/zynq7020_mlk2/proj/06_ex_linux_QT_Drive_L2_7020/QT_Drive_Appendix/project/soc_prj/soc_prj.gen/sources_1/bd/system/ipshared/d44a/hdl/axi_datamover_v5_1_vh_rfs.vhd:2109]
INFO: [Synth 8-638] synthesizing module 'srl_fifo' [g:/proj/fpga/zynq7020_mlk2/proj/06_ex_linux_QT_Drive_L2_7020/QT_Drive_Appendix/project/soc_prj/soc_prj.gen/sources_1/bd/system/ipshared/d44a/hdl/axi_datamover_v5_1_vh_rfs.vhd:1881]
INFO: [Synth 8-256] done synthesizing module 'srl_fifo' (0#1) [g:/proj/fpga/zynq7020_mlk2/proj/06_ex_linux_QT_Drive_L2_7020/QT_Drive_Appendix/project/soc_prj/soc_prj.gen/sources_1/bd/system/ipshared/d44a/hdl/axi_datamover_v5_1_vh_rfs.vhd:1881]
INFO: [Synth 8-256] done synthesizing module 'axi_datamover_fifo' (0#1) [g:/proj/fpga/zynq7020_mlk2/proj/06_ex_linux_QT_Drive_L2_7020/QT_Drive_Appendix/project/soc_prj/soc_prj.gen/sources_1/bd/system/ipshared/d44a/hdl/axi_datamover_v5_1_vh_rfs.vhd:2109]
INFO: [Synth 8-638] synthesizing module 'axi_datamover_fifo__parameterized0' [g:/proj/fpga/zynq7020_mlk2/proj/06_ex_linux_QT_Drive_L2_7020/QT_Drive_Appendix/project/soc_prj/soc_prj.gen/sources_1/bd/system/ipshared/d44a/hdl/axi_datamover_v5_1_vh_rfs.vhd:2109]
INFO: [Synth 8-638] synthesizing module 'srl_fifo__parameterized0' [g:/proj/fpga/zynq7020_mlk2/proj/06_ex_linux_QT_Drive_L2_7020/QT_Drive_Appendix/project/soc_prj/soc_prj.gen/sources_1/bd/system/ipshared/d44a/hdl/axi_datamover_v5_1_vh_rfs.vhd:1881]
INFO: [Synth 8-256] done synthesizing module 'srl_fifo__parameterized0' (0#1) [g:/proj/fpga/zynq7020_mlk2/proj/06_ex_linux_QT_Drive_L2_7020/QT_Drive_Appendix/project/soc_prj/soc_prj.gen/sources_1/bd/system/ipshared/d44a/hdl/axi_datamover_v5_1_vh_rfs.vhd:1881]
INFO: [Synth 8-256] done synthesizing module 'axi_datamover_fifo__parameterized0' (0#1) [g:/proj/fpga/zynq7020_mlk2/proj/06_ex_linux_QT_Drive_L2_7020/QT_Drive_Appendix/project/soc_prj/soc_prj.gen/sources_1/bd/system/ipshared/d44a/hdl/axi_datamover_v5_1_vh_rfs.vhd:2109]
INFO: [Synth 8-256] done synthesizing module 'axi_datamover_cmd_status' (0#1) [g:/proj/fpga/zynq7020_mlk2/proj/06_ex_linux_QT_Drive_L2_7020/QT_Drive_Appendix/project/soc_prj/soc_prj.gen/sources_1/bd/system/ipshared/d44a/hdl/axi_datamover_v5_1_vh_rfs.vhd:2913]
INFO: [Synth 8-638] synthesizing module 'axi_datamover_rd_status_cntl' [g:/proj/fpga/zynq7020_mlk2/proj/06_ex_linux_QT_Drive_L2_7020/QT_Drive_Appendix/project/soc_prj/soc_prj.gen/sources_1/bd/system/ipshared/d44a/hdl/axi_datamover_v5_1_vh_rfs.vhd:13919]
INFO: [Synth 8-256] done synthesizing module 'axi_datamover_rd_status_cntl' (0#1) [g:/proj/fpga/zynq7020_mlk2/proj/06_ex_linux_QT_Drive_L2_7020/QT_Drive_Appendix/project/soc_prj/soc_prj.gen/sources_1/bd/system/ipshared/d44a/hdl/axi_datamover_v5_1_vh_rfs.vhd:13919]
INFO: [Synth 8-638] synthesizing module 'axi_datamover_pcc' [g:/proj/fpga/zynq7020_mlk2/proj/06_ex_linux_QT_Drive_L2_7020/QT_Drive_Appendix/project/soc_prj/soc_prj.gen/sources_1/bd/system/ipshared/d44a/hdl/axi_datamover_v5_1_vh_rfs.vhd:7613]
INFO: [Synth 8-638] synthesizing module 'axi_datamover_strb_gen2' [g:/proj/fpga/zynq7020_mlk2/proj/06_ex_linux_QT_Drive_L2_7020/QT_Drive_Appendix/project/soc_prj/soc_prj.gen/sources_1/bd/system/ipshared/d44a/hdl/axi_datamover_v5_1_vh_rfs.vhd:4545]
INFO: [Synth 8-256] done synthesizing module 'axi_datamover_strb_gen2' (0#1) [g:/proj/fpga/zynq7020_mlk2/proj/06_ex_linux_QT_Drive_L2_7020/QT_Drive_Appendix/project/soc_prj/soc_prj.gen/sources_1/bd/system/ipshared/d44a/hdl/axi_datamover_v5_1_vh_rfs.vhd:4545]
INFO: [Synth 8-638] synthesizing module 'axi_datamover_strb_gen2__parameterized0' [g:/proj/fpga/zynq7020_mlk2/proj/06_ex_linux_QT_Drive_L2_7020/QT_Drive_Appendix/project/soc_prj/soc_prj.gen/sources_1/bd/system/ipshared/d44a/hdl/axi_datamover_v5_1_vh_rfs.vhd:4545]
INFO: [Synth 8-256] done synthesizing module 'axi_datamover_strb_gen2__parameterized0' (0#1) [g:/proj/fpga/zynq7020_mlk2/proj/06_ex_linux_QT_Drive_L2_7020/QT_Drive_Appendix/project/soc_prj/soc_prj.gen/sources_1/bd/system/ipshared/d44a/hdl/axi_datamover_v5_1_vh_rfs.vhd:4545]
INFO: [Synth 8-226] default block is never used [g:/proj/fpga/zynq7020_mlk2/proj/06_ex_linux_QT_Drive_L2_7020/QT_Drive_Appendix/project/soc_prj/soc_prj.gen/sources_1/bd/system/ipshared/d44a/hdl/axi_datamover_v5_1_vh_rfs.vhd:9687]
INFO: [Synth 8-256] done synthesizing module 'axi_datamover_pcc' (0#1) [g:/proj/fpga/zynq7020_mlk2/proj/06_ex_linux_QT_Drive_L2_7020/QT_Drive_Appendix/project/soc_prj/soc_prj.gen/sources_1/bd/system/ipshared/d44a/hdl/axi_datamover_v5_1_vh_rfs.vhd:7613]
INFO: [Synth 8-638] synthesizing module 'axi_datamover_addr_cntl' [g:/proj/fpga/zynq7020_mlk2/proj/06_ex_linux_QT_Drive_L2_7020/QT_Drive_Appendix/project/soc_prj/soc_prj.gen/sources_1/bd/system/ipshared/d44a/hdl/axi_datamover_v5_1_vh_rfs.vhd:10191]
INFO: [Synth 8-638] synthesizing module 'axi_datamover_fifo__parameterized1' [g:/proj/fpga/zynq7020_mlk2/proj/06_ex_linux_QT_Drive_L2_7020/QT_Drive_Appendix/project/soc_prj/soc_prj.gen/sources_1/bd/system/ipshared/d44a/hdl/axi_datamover_v5_1_vh_rfs.vhd:2109]
INFO: [Synth 8-638] synthesizing module 'srl_fifo__parameterized1' [g:/proj/fpga/zynq7020_mlk2/proj/06_ex_linux_QT_Drive_L2_7020/QT_Drive_Appendix/project/soc_prj/soc_prj.gen/sources_1/bd/system/ipshared/d44a/hdl/axi_datamover_v5_1_vh_rfs.vhd:1881]
INFO: [Synth 8-256] done synthesizing module 'srl_fifo__parameterized1' (0#1) [g:/proj/fpga/zynq7020_mlk2/proj/06_ex_linux_QT_Drive_L2_7020/QT_Drive_Appendix/project/soc_prj/soc_prj.gen/sources_1/bd/system/ipshared/d44a/hdl/axi_datamover_v5_1_vh_rfs.vhd:1881]
INFO: [Synth 8-256] done synthesizing module 'axi_datamover_fifo__parameterized1' (0#1) [g:/proj/fpga/zynq7020_mlk2/proj/06_ex_linux_QT_Drive_L2_7020/QT_Drive_Appendix/project/soc_prj/soc_prj.gen/sources_1/bd/system/ipshared/d44a/hdl/axi_datamover_v5_1_vh_rfs.vhd:2109]
INFO: [Synth 8-256] done synthesizing module 'axi_datamover_addr_cntl' (0#1) [g:/proj/fpga/zynq7020_mlk2/proj/06_ex_linux_QT_Drive_L2_7020/QT_Drive_Appendix/project/soc_prj/soc_prj.gen/sources_1/bd/system/ipshared/d44a/hdl/axi_datamover_v5_1_vh_rfs.vhd:10191]
INFO: [Synth 8-638] synthesizing module 'axi_datamover_rddata_cntl' [g:/proj/fpga/zynq7020_mlk2/proj/06_ex_linux_QT_Drive_L2_7020/QT_Drive_Appendix/project/soc_prj/soc_prj.gen/sources_1/bd/system/ipshared/d44a/hdl/axi_datamover_v5_1_vh_rfs.vhd:12364]
INFO: [Synth 8-638] synthesizing module 'axi_datamover_rdmux' [g:/proj/fpga/zynq7020_mlk2/proj/06_ex_linux_QT_Drive_L2_7020/QT_Drive_Appendix/project/soc_prj/soc_prj.gen/sources_1/bd/system/ipshared/d44a/hdl/axi_datamover_v5_1_vh_rfs.vhd:10866]
INFO: [Synth 8-256] done synthesizing module 'axi_datamover_rdmux' (0#1) [g:/proj/fpga/zynq7020_mlk2/proj/06_ex_linux_QT_Drive_L2_7020/QT_Drive_Appendix/project/soc_prj/soc_prj.gen/sources_1/bd/system/ipshared/d44a/hdl/axi_datamover_v5_1_vh_rfs.vhd:10866]
INFO: [Synth 8-638] synthesizing module 'axi_datamover_fifo__parameterized2' [g:/proj/fpga/zynq7020_mlk2/proj/06_ex_linux_QT_Drive_L2_7020/QT_Drive_Appendix/project/soc_prj/soc_prj.gen/sources_1/bd/system/ipshared/d44a/hdl/axi_datamover_v5_1_vh_rfs.vhd:2109]
INFO: [Synth 8-638] synthesizing module 'srl_fifo__parameterized2' [g:/proj/fpga/zynq7020_mlk2/proj/06_ex_linux_QT_Drive_L2_7020/QT_Drive_Appendix/project/soc_prj/soc_prj.gen/sources_1/bd/system/ipshared/d44a/hdl/axi_datamover_v5_1_vh_rfs.vhd:1881]
INFO: [Synth 8-256] done synthesizing module 'srl_fifo__parameterized2' (0#1) [g:/proj/fpga/zynq7020_mlk2/proj/06_ex_linux_QT_Drive_L2_7020/QT_Drive_Appendix/project/soc_prj/soc_prj.gen/sources_1/bd/system/ipshared/d44a/hdl/axi_datamover_v5_1_vh_rfs.vhd:1881]
INFO: [Synth 8-256] done synthesizing module 'axi_datamover_fifo__parameterized2' (0#1) [g:/proj/fpga/zynq7020_mlk2/proj/06_ex_linux_QT_Drive_L2_7020/QT_Drive_Appendix/project/soc_prj/soc_prj.gen/sources_1/bd/system/ipshared/d44a/hdl/axi_datamover_v5_1_vh_rfs.vhd:2109]
INFO: [Synth 8-256] done synthesizing module 'axi_datamover_rddata_cntl' (0#1) [g:/proj/fpga/zynq7020_mlk2/proj/06_ex_linux_QT_Drive_L2_7020/QT_Drive_Appendix/project/soc_prj/soc_prj.gen/sources_1/bd/system/ipshared/d44a/hdl/axi_datamover_v5_1_vh_rfs.vhd:12364]
INFO: [Synth 8-638] synthesizing module 'axi_datamover_rd_sf' [g:/proj/fpga/zynq7020_mlk2/proj/06_ex_linux_QT_Drive_L2_7020/QT_Drive_Appendix/project/soc_prj/soc_prj.gen/sources_1/bd/system/ipshared/d44a/hdl/axi_datamover_v5_1_vh_rfs.vhd:20342]
INFO: [Synth 8-638] synthesizing module 'axi_datamover_sfifo_autord' [g:/proj/fpga/zynq7020_mlk2/proj/06_ex_linux_QT_Drive_L2_7020/QT_Drive_Appendix/project/soc_prj/soc_prj.gen/sources_1/bd/system/ipshared/d44a/hdl/axi_datamover_v5_1_vh_rfs.vhd:1372]
	Parameter FIFO_MEMORY_TYPE bound to: block - type: string 
	Parameter FIFO_WRITE_DEPTH bound to: 512 - type: integer 
	Parameter WRITE_DATA_WIDTH bound to: 67 - type: integer 
	Parameter READ_MODE bound to: fwft - type: string 
	Parameter FIFO_READ_LATENCY bound to: 0 - type: integer 
	Parameter FULL_RESET_VALUE bound to: 1 - type: integer 
	Parameter USE_ADV_FEATURES bound to: 1F1F - type: string 
	Parameter READ_DATA_WIDTH bound to: 67 - type: integer 
	Parameter WR_DATA_COUNT_WIDTH bound to: 10 - type: integer 
	Parameter PROG_FULL_THRESH bound to: 10 - type: integer 
	Parameter RD_DATA_COUNT_WIDTH bound to: 10 - type: integer 
	Parameter PROG_EMPTY_THRESH bound to: 10 - type: integer 
	Parameter DOUT_RESET_VALUE bound to: 0 - type: string 
	Parameter ECC_MODE bound to: no_ecc - type: string 
	Parameter WAKEUP_TIME bound to: 0 - type: integer 
INFO: [Synth 8-3491] module 'xpm_fifo_sync' declared at 'D:/Xilinx/2025.2/Vivado/data/ip/xpm/xpm_fifo/hdl/xpm_fifo.sv:1975' bound to instance 'I_SYNC_FIFOGEN_FIFO' of component 'xpm_fifo_sync' [g:/proj/fpga/zynq7020_mlk2/proj/06_ex_linux_QT_Drive_L2_7020/QT_Drive_Appendix/project/soc_prj/soc_prj.gen/sources_1/bd/system/ipshared/d44a/hdl/axi_datamover_v5_1_vh_rfs.vhd:1498]
INFO: [Synth 8-6157] synthesizing module 'xpm_fifo_sync__parameterized1' [D:/Xilinx/2025.2/Vivado/data/ip/xpm/xpm_fifo/hdl/xpm_fifo.sv:1975]
INFO: [Synth 8-6157] synthesizing module 'xpm_fifo_base__parameterized0' [D:/Xilinx/2025.2/Vivado/data/ip/xpm/xpm_fifo/hdl/xpm_fifo.sv:53]
INFO: [Synth 8-6157] synthesizing module 'xpm_counter_updn__parameterized3' [D:/Xilinx/2025.2/Vivado/data/ip/xpm/xpm_fifo/hdl/xpm_fifo.sv:1879]
INFO: [Synth 8-6155] done synthesizing module 'xpm_counter_updn__parameterized3' (0#1) [D:/Xilinx/2025.2/Vivado/data/ip/xpm/xpm_fifo/hdl/xpm_fifo.sv:1879]
INFO: [Synth 8-6157] synthesizing module 'xpm_counter_updn__parameterized4' [D:/Xilinx/2025.2/Vivado/data/ip/xpm/xpm_fifo/hdl/xpm_fifo.sv:1879]
INFO: [Synth 8-6155] done synthesizing module 'xpm_counter_updn__parameterized4' (0#1) [D:/Xilinx/2025.2/Vivado/data/ip/xpm/xpm_fifo/hdl/xpm_fifo.sv:1879]
INFO: [Synth 8-6157] synthesizing module 'xpm_memory_base__parameterized0' [D:/Xilinx/2025.2/Vivado/data/ip/xpm/xpm_memory/hdl/xpm_memory.sv:54]
INFO: [Synth 8-6155] done synthesizing module 'xpm_memory_base__parameterized0' (0#1) [D:/Xilinx/2025.2/Vivado/data/ip/xpm/xpm_memory/hdl/xpm_memory.sv:54]
INFO: [Synth 8-226] default block is never used [D:/Xilinx/2025.2/Vivado/data/ip/xpm/xpm_fifo/hdl/xpm_fifo.sv:1220]
INFO: [Synth 8-226] default block is never used [D:/Xilinx/2025.2/Vivado/data/ip/xpm/xpm_fifo/hdl/xpm_fifo.sv:1287]
INFO: [Synth 8-226] default block is never used [D:/Xilinx/2025.2/Vivado/data/ip/xpm/xpm_fifo/hdl/xpm_fifo.sv:1309]
INFO: [Synth 8-6157] synthesizing module 'xpm_counter_updn__parameterized5' [D:/Xilinx/2025.2/Vivado/data/ip/xpm/xpm_fifo/hdl/xpm_fifo.sv:1879]
INFO: [Synth 8-6155] done synthesizing module 'xpm_counter_updn__parameterized5' (0#1) [D:/Xilinx/2025.2/Vivado/data/ip/xpm/xpm_fifo/hdl/xpm_fifo.sv:1879]
INFO: [Synth 8-6157] synthesizing module 'xpm_counter_updn__parameterized6' [D:/Xilinx/2025.2/Vivado/data/ip/xpm/xpm_fifo/hdl/xpm_fifo.sv:1879]
INFO: [Synth 8-6155] done synthesizing module 'xpm_counter_updn__parameterized6' (0#1) [D:/Xilinx/2025.2/Vivado/data/ip/xpm/xpm_fifo/hdl/xpm_fifo.sv:1879]
INFO: [Synth 8-6155] done synthesizing module 'xpm_fifo_base__parameterized0' (0#1) [D:/Xilinx/2025.2/Vivado/data/ip/xpm/xpm_fifo/hdl/xpm_fifo.sv:53]
INFO: [Synth 8-6155] done synthesizing module 'xpm_fifo_sync__parameterized1' (0#1) [D:/Xilinx/2025.2/Vivado/data/ip/xpm/xpm_fifo/hdl/xpm_fifo.sv:1975]
INFO: [Synth 8-256] done synthesizing module 'axi_datamover_sfifo_autord' (0#1) [g:/proj/fpga/zynq7020_mlk2/proj/06_ex_linux_QT_Drive_L2_7020/QT_Drive_Appendix/project/soc_prj/soc_prj.gen/sources_1/bd/system/ipshared/d44a/hdl/axi_datamover_v5_1_vh_rfs.vhd:1372]
INFO: [Synth 8-256] done synthesizing module 'axi_datamover_rd_sf' (0#1) [g:/proj/fpga/zynq7020_mlk2/proj/06_ex_linux_QT_Drive_L2_7020/QT_Drive_Appendix/project/soc_prj/soc_prj.gen/sources_1/bd/system/ipshared/d44a/hdl/axi_datamover_v5_1_vh_rfs.vhd:20342]
INFO: [Synth 8-256] done synthesizing module 'axi_datamover_mm2s_full_wrap' (0#1) [g:/proj/fpga/zynq7020_mlk2/proj/06_ex_linux_QT_Drive_L2_7020/QT_Drive_Appendix/project/soc_prj/soc_prj.gen/sources_1/bd/system/ipshared/d44a/hdl/axi_datamover_v5_1_vh_rfs.vhd:53569]
INFO: [Synth 8-638] synthesizing module 'axi_datamover_s2mm_omit_wrap' [g:/proj/fpga/zynq7020_mlk2/proj/06_ex_linux_QT_Drive_L2_7020/QT_Drive_Appendix/project/soc_prj/soc_prj.gen/sources_1/bd/system/ipshared/d44a/hdl/axi_datamover_v5_1_vh_rfs.vhd:49625]
INFO: [Synth 8-256] done synthesizing module 'axi_datamover_s2mm_omit_wrap' (0#1) [g:/proj/fpga/zynq7020_mlk2/proj/06_ex_linux_QT_Drive_L2_7020/QT_Drive_Appendix/project/soc_prj/soc_prj.gen/sources_1/bd/system/ipshared/d44a/hdl/axi_datamover_v5_1_vh_rfs.vhd:49625]
INFO: [Synth 8-256] done synthesizing module 'axi_datamover' (0#1) [g:/proj/fpga/zynq7020_mlk2/proj/06_ex_linux_QT_Drive_L2_7020/QT_Drive_Appendix/project/soc_prj/soc_prj.gen/sources_1/bd/system/ipshared/d44a/hdl/axi_datamover_v5_1_vh_rfs.vhd:55430]
INFO: [Synth 8-256] done synthesizing module 'axi_vdma' (0#1) [g:/proj/fpga/zynq7020_mlk2/proj/06_ex_linux_QT_Drive_L2_7020/QT_Drive_Appendix/project/soc_prj/soc_prj.gen/sources_1/bd/system/ipshared/7e8c/hdl/axi_vdma_v6_3_rfs.vhd:69021]
INFO: [Synth 8-256] done synthesizing module 'system_axi_vdma_0_0' (0#1) [g:/proj/fpga/zynq7020_mlk2/proj/06_ex_linux_QT_Drive_L2_7020/QT_Drive_Appendix/project/soc_prj/soc_prj.gen/sources_1/bd/system/ip/system_axi_vdma_0_0/synth/system_axi_vdma_0_0.vhd:106]
WARNING: [Synth 8-6014] Unused sequential element dest_pulse_ff_reg was removed.  [D:/Xilinx/2025.2/Vivado/data/ip/xpm/xpm_cdc/hdl/xpm_cdc.sv:860]
WARNING: [Synth 8-6014] Unused sequential element dest_pulse_ff_reg was removed.  [D:/Xilinx/2025.2/Vivado/data/ip/xpm/xpm_cdc/hdl/xpm_cdc.sv:860]
INFO: [Synth 8-3936] Found unconnected internal register 'GENLOCK_FOR_SLAVE.grey_frmstr_adjusted_reg' and it is trimmed from '6' to '1' bits. [g:/proj/fpga/zynq7020_mlk2/proj/06_ex_linux_QT_Drive_L2_7020/QT_Drive_Appendix/project/soc_prj/soc_prj.gen/sources_1/bd/system/ipshared/7e8c/hdl/axi_vdma_v6_3_rfs.vhd:58312]
INFO: [Synth 8-6014] Unused sequential element SLAVE_MODE_FRAME_CNT.frame_sync_d1_reg was removed.  [g:/proj/fpga/zynq7020_mlk2/proj/06_ex_linux_QT_Drive_L2_7020/QT_Drive_Appendix/project/soc_prj/soc_prj.gen/sources_1/bd/system/ipshared/7e8c/hdl/axi_vdma_v6_3_rfs.vhd:66406]
INFO: [Synth 8-6014] Unused sequential element SLAVE_MODE_FRAME_CNT.frame_sync_d2_reg was removed.  [g:/proj/fpga/zynq7020_mlk2/proj/06_ex_linux_QT_Drive_L2_7020/QT_Drive_Appendix/project/soc_prj/soc_prj.gen/sources_1/bd/system/ipshared/7e8c/hdl/axi_vdma_v6_3_rfs.vhd:66407]
WARNING: [Synth 8-6014] Unused sequential element gen_rd_b.gen_doutb_pipe.enb_pipe_reg[0] was removed.  [D:/Xilinx/2025.2/Vivado/data/ip/xpm/xpm_memory/hdl/xpm_memory.sv:3087]
WARNING: [Synth 8-6014] Unused sequential element gdvld.data_valid_std_reg was removed.  [D:/Xilinx/2025.2/Vivado/data/ip/xpm/xpm_fifo/hdl/xpm_fifo.sv:550]
WARNING: [Synth 8-6014] Unused sequential element gen_fwft.empty_fwft_fb_reg was removed.  [D:/Xilinx/2025.2/Vivado/data/ip/xpm/xpm_fifo/hdl/xpm_fifo.sv:1404]
INFO: [Synth 8-6014] Unused sequential element GEN_LINEBUF_NO_SOF.m_skid_reset_reg was removed.  [g:/proj/fpga/zynq7020_mlk2/proj/06_ex_linux_QT_Drive_L2_7020/QT_Drive_Appendix/project/soc_prj/soc_prj.gen/sources_1/bd/system/ipshared/7e8c/hdl/axi_vdma_v6_3_rfs.vhd:47024]
INFO: [Synth 8-6014] Unused sequential element GEN_LINEBUF_NO_SOF.s_axis_fifo_ainit_nosync_reg_reg was removed.  [g:/proj/fpga/zynq7020_mlk2/proj/06_ex_linux_QT_Drive_L2_7020/QT_Drive_Appendix/project/soc_prj/soc_prj.gen/sources_1/bd/system/ipshared/7e8c/hdl/axi_vdma_v6_3_rfs.vhd:47064]
INFO: [Synth 8-6014] Unused sequential element sig_input_reg_full_reg was removed.  [g:/proj/fpga/zynq7020_mlk2/proj/06_ex_linux_QT_Drive_L2_7020/QT_Drive_Appendix/project/soc_prj/soc_prj.gen/sources_1/bd/system/ipshared/d44a/hdl/axi_datamover_v5_1_vh_rfs.vhd:8245]
INFO: [Synth 8-6014] Unused sequential element sig_xfer_reg_full_reg was removed.  [g:/proj/fpga/zynq7020_mlk2/proj/06_ex_linux_QT_Drive_L2_7020/QT_Drive_Appendix/project/soc_prj/soc_prj.gen/sources_1/bd/system/ipshared/d44a/hdl/axi_datamover_v5_1_vh_rfs.vhd:8556]
INFO: [Synth 8-6014] Unused sequential element sig_next_tag_reg_reg was removed.  [g:/proj/fpga/zynq7020_mlk2/proj/06_ex_linux_QT_Drive_L2_7020/QT_Drive_Appendix/project/soc_prj/soc_prj.gen/sources_1/bd/system/ipshared/d44a/hdl/axi_datamover_v5_1_vh_rfs.vhd:10601]
INFO: [Synth 8-6014] Unused sequential element sig_next_cmd_cmplt_reg_reg was removed.  [g:/proj/fpga/zynq7020_mlk2/proj/06_ex_linux_QT_Drive_L2_7020/QT_Drive_Appendix/project/soc_prj/soc_prj.gen/sources_1/bd/system/ipshared/d44a/hdl/axi_datamover_v5_1_vh_rfs.vhd:10608]
INFO: [Synth 8-6014] Unused sequential element sig_next_strt_strb_reg_reg was removed.  [g:/proj/fpga/zynq7020_mlk2/proj/06_ex_linux_QT_Drive_L2_7020/QT_Drive_Appendix/project/soc_prj/soc_prj.gen/sources_1/bd/system/ipshared/d44a/hdl/axi_datamover_v5_1_vh_rfs.vhd:12997]
INFO: [Synth 8-6014] Unused sequential element sig_next_last_strb_reg_reg was removed.  [g:/proj/fpga/zynq7020_mlk2/proj/06_ex_linux_QT_Drive_L2_7020/QT_Drive_Appendix/project/soc_prj/soc_prj.gen/sources_1/bd/system/ipshared/d44a/hdl/axi_datamover_v5_1_vh_rfs.vhd:12998]
INFO: [Synth 8-6014] Unused sequential element sig_next_dre_src_align_reg_reg was removed.  [g:/proj/fpga/zynq7020_mlk2/proj/06_ex_linux_QT_Drive_L2_7020/QT_Drive_Appendix/project/soc_prj/soc_prj.gen/sources_1/bd/system/ipshared/d44a/hdl/axi_datamover_v5_1_vh_rfs.vhd:13065]
INFO: [Synth 8-6014] Unused sequential element sig_next_dre_dest_align_reg_reg was removed.  [g:/proj/fpga/zynq7020_mlk2/proj/06_ex_linux_QT_Drive_L2_7020/QT_Drive_Appendix/project/soc_prj/soc_prj.gen/sources_1/bd/system/ipshared/d44a/hdl/axi_datamover_v5_1_vh_rfs.vhd:13066]
INFO: [Synth 8-6014] Unused sequential element sig_first_dbeat_reg was removed.  [g:/proj/fpga/zynq7020_mlk2/proj/06_ex_linux_QT_Drive_L2_7020/QT_Drive_Appendix/project/soc_prj/soc_prj.gen/sources_1/bd/system/ipshared/d44a/hdl/axi_datamover_v5_1_vh_rfs.vhd:13236]
INFO: [Synth 8-6014] Unused sequential element sig_coelsc_reg_empty_reg was removed.  [g:/proj/fpga/zynq7020_mlk2/proj/06_ex_linux_QT_Drive_L2_7020/QT_Drive_Appendix/project/soc_prj/soc_prj.gen/sources_1/bd/system/ipshared/d44a/hdl/axi_datamover_v5_1_vh_rfs.vhd:13404]
WARNING: [Synth 8-6014] Unused sequential element gen_rd_b.gen_doutb_pipe.enb_pipe_reg[0] was removed.  [D:/Xilinx/2025.2/Vivado/data/ip/xpm/xpm_memory/hdl/xpm_memory.sv:3087]
WARNING: [Synth 8-6014] Unused sequential element gdvld.data_valid_std_reg was removed.  [D:/Xilinx/2025.2/Vivado/data/ip/xpm/xpm_fifo/hdl/xpm_fifo.sv:550]
WARNING: [Synth 8-6014] Unused sequential element gen_pntr_flags_cc.gae_cc_std.ram_aempty_i_reg was removed.  [D:/Xilinx/2025.2/Vivado/data/ip/xpm/xpm_fifo/hdl/xpm_fifo.sv:982]
WARNING: [Synth 8-6014] Unused sequential element gen_fwft.empty_fwft_fb_reg was removed.  [D:/Xilinx/2025.2/Vivado/data/ip/xpm/xpm_fifo/hdl/xpm_fifo.sv:1404]
INFO: [Synth 8-6014] Unused sequential element hold_ff_q_reg was removed.  [g:/proj/fpga/zynq7020_mlk2/proj/06_ex_linux_QT_Drive_L2_7020/QT_Drive_Appendix/project/soc_prj/soc_prj.gen/sources_1/bd/system/ipshared/d44a/hdl/axi_datamover_v5_1_vh_rfs.vhd:1586]
INFO: [Synth 8-7129] Port s2mm_aclk in module axi_datamover_s2mm_omit_wrap is either unconnected or has no load
INFO: [Synth 8-7129] Port s2mm_aresetn in module axi_datamover_s2mm_omit_wrap is either unconnected or has no load
INFO: [Synth 8-7129] Port s2mm_cmdsts_awclk in module axi_datamover_s2mm_omit_wrap is either unconnected or has no load
INFO: [Synth 8-7129] Port s2mm_cmdsts_aresetn in module axi_datamover_s2mm_omit_wrap is either unconnected or has no load
INFO: [Synth 8-7129] Port s2mm_cmd_wvalid in module axi_datamover_s2mm_omit_wrap is either unconnected or has no load
INFO: [Synth 8-7129] Port s2mm_cmd_wdata[103] in module axi_datamover_s2mm_omit_wrap is either unconnected or has no load
INFO: [Synth 8-7129] Port s2mm_cmd_wdata[102] in module axi_datamover_s2mm_omit_wrap is either unconnected or has no load
INFO: [Synth 8-7129] Port s2mm_cmd_wdata[101] in module axi_datamover_s2mm_omit_wrap is either unconnected or has no load
INFO: [Synth 8-7129] Port s2mm_cmd_wdata[100] in module axi_datamover_s2mm_omit_wrap is either unconnected or has no load
INFO: [Synth 8-7129] Port s2mm_cmd_wdata[99] in module axi_datamover_s2mm_omit_wrap is either unconnected or has no load
INFO: [Synth 8-7129] Port s2mm_cmd_wdata[98] in module axi_datamover_s2mm_omit_wrap is either unconnected or has no load
INFO: [Synth 8-7129] Port s2mm_cmd_wdata[97] in module axi_datamover_s2mm_omit_wrap is either unconnected or has no load
INFO: [Synth 8-7129] Port s2mm_cmd_wdata[96] in module axi_datamover_s2mm_omit_wrap is either unconnected or has no load
INFO: [Synth 8-7129] Port s2mm_cmd_wdata[95] in module axi_datamover_s2mm_omit_wrap is either unconnected or has no load
INFO: [Synth 8-7129] Port s2mm_cmd_wdata[94] in module axi_datamover_s2mm_omit_wrap is either unconnected or has no load
INFO: [Synth 8-7129] Port s2mm_cmd_wdata[93] in module axi_datamover_s2mm_omit_wrap is either unconnected or has no load
INFO: [Synth 8-7129] Port s2mm_cmd_wdata[92] in module axi_datamover_s2mm_omit_wrap is either unconnected or has no load
INFO: [Synth 8-7129] Port s2mm_cmd_wdata[91] in module axi_datamover_s2mm_omit_wrap is either unconnected or has no load
INFO: [Synth 8-7129] Port s2mm_cmd_wdata[90] in module axi_datamover_s2mm_omit_wrap is either unconnected or has no load
INFO: [Synth 8-7129] Port s2mm_cmd_wdata[89] in module axi_datamover_s2mm_omit_wrap is either unconnected or has no load
INFO: [Synth 8-7129] Port s2mm_cmd_wdata[88] in module axi_datamover_s2mm_omit_wrap is either unconnected or has no load
INFO: [Synth 8-7129] Port s2mm_cmd_wdata[87] in module axi_datamover_s2mm_omit_wrap is either unconnected or has no load
INFO: [Synth 8-7129] Port s2mm_cmd_wdata[86] in module axi_datamover_s2mm_omit_wrap is either unconnected or has no load
INFO: [Synth 8-7129] Port s2mm_cmd_wdata[85] in module axi_datamover_s2mm_omit_wrap is either unconnected or has no load
INFO: [Synth 8-7129] Port s2mm_cmd_wdata[84] in module axi_datamover_s2mm_omit_wrap is either unconnected or has no load
INFO: [Synth 8-7129] Port s2mm_cmd_wdata[83] in module axi_datamover_s2mm_omit_wrap is either unconnected or has no load
INFO: [Synth 8-7129] Port s2mm_cmd_wdata[82] in module axi_datamover_s2mm_omit_wrap is either unconnected or has no load
INFO: [Synth 8-7129] Port s2mm_cmd_wdata[81] in module axi_datamover_s2mm_omit_wrap is either unconnected or has no load
INFO: [Synth 8-7129] Port s2mm_cmd_wdata[80] in module axi_datamover_s2mm_omit_wrap is either unconnected or has no load
INFO: [Synth 8-7129] Port s2mm_cmd_wdata[79] in module axi_datamover_s2mm_omit_wrap is either unconnected or has no load
INFO: [Synth 8-7129] Port s2mm_cmd_wdata[78] in module axi_datamover_s2mm_omit_wrap is either unconnected or has no load
INFO: [Synth 8-7129] Port s2mm_cmd_wdata[77] in module axi_datamover_s2mm_omit_wrap is either unconnected or has no load
INFO: [Synth 8-7129] Port s2mm_cmd_wdata[76] in module axi_datamover_s2mm_omit_wrap is either unconnected or has no load
INFO: [Synth 8-7129] Port s2mm_cmd_wdata[75] in module axi_datamover_s2mm_omit_wrap is either unconnected or has no load
INFO: [Synth 8-7129] Port s2mm_cmd_wdata[74] in module axi_datamover_s2mm_omit_wrap is either unconnected or has no load
INFO: [Synth 8-7129] Port s2mm_cmd_wdata[73] in module axi_datamover_s2mm_omit_wrap is either unconnected or has no load
INFO: [Synth 8-7129] Port s2mm_cmd_wdata[72] in module axi_datamover_s2mm_omit_wrap is either unconnected or has no load
INFO: [Synth 8-7129] Port s2mm_cmd_wdata[71] in module axi_datamover_s2mm_omit_wrap is either unconnected or has no load
INFO: [Synth 8-7129] Port s2mm_cmd_wdata[70] in module axi_datamover_s2mm_omit_wrap is either unconnected or has no load
INFO: [Synth 8-7129] Port s2mm_cmd_wdata[69] in module axi_datamover_s2mm_omit_wrap is either unconnected or has no load
INFO: [Synth 8-7129] Port s2mm_cmd_wdata[68] in module axi_datamover_s2mm_omit_wrap is either unconnected or has no load
INFO: [Synth 8-7129] Port s2mm_cmd_wdata[67] in module axi_datamover_s2mm_omit_wrap is either unconnected or has no load
INFO: [Synth 8-7129] Port s2mm_cmd_wdata[66] in module axi_datamover_s2mm_omit_wrap is either unconnected or has no load
INFO: [Synth 8-7129] Port s2mm_cmd_wdata[65] in module axi_datamover_s2mm_omit_wrap is either unconnected or has no load
INFO: [Synth 8-7129] Port s2mm_cmd_wdata[64] in module axi_datamover_s2mm_omit_wrap is either unconnected or has no load
INFO: [Synth 8-7129] Port s2mm_cmd_wdata[63] in module axi_datamover_s2mm_omit_wrap is either unconnected or has no load
INFO: [Synth 8-7129] Port s2mm_cmd_wdata[62] in module axi_datamover_s2mm_omit_wrap is either unconnected or has no load
INFO: [Synth 8-7129] Port s2mm_cmd_wdata[61] in module axi_datamover_s2mm_omit_wrap is either unconnected or has no load
INFO: [Synth 8-7129] Port s2mm_cmd_wdata[60] in module axi_datamover_s2mm_omit_wrap is either unconnected or has no load
INFO: [Synth 8-7129] Port s2mm_cmd_wdata[59] in module axi_datamover_s2mm_omit_wrap is either unconnected or has no load
INFO: [Synth 8-7129] Port s2mm_cmd_wdata[58] in module axi_datamover_s2mm_omit_wrap is either unconnected or has no load
INFO: [Synth 8-7129] Port s2mm_cmd_wdata[57] in module axi_datamover_s2mm_omit_wrap is either unconnected or has no load
INFO: [Synth 8-7129] Port s2mm_cmd_wdata[56] in module axi_datamover_s2mm_omit_wrap is either unconnected or has no load
INFO: [Synth 8-7129] Port s2mm_cmd_wdata[55] in module axi_datamover_s2mm_omit_wrap is either unconnected or has no load
INFO: [Synth 8-7129] Port s2mm_cmd_wdata[54] in module axi_datamover_s2mm_omit_wrap is either unconnected or has no load
INFO: [Synth 8-7129] Port s2mm_cmd_wdata[53] in module axi_datamover_s2mm_omit_wrap is either unconnected or has no load
INFO: [Synth 8-7129] Port s2mm_cmd_wdata[52] in module axi_datamover_s2mm_omit_wrap is either unconnected or has no load
INFO: [Synth 8-7129] Port s2mm_cmd_wdata[51] in module axi_datamover_s2mm_omit_wrap is either unconnected or has no load
INFO: [Synth 8-7129] Port s2mm_cmd_wdata[50] in module axi_datamover_s2mm_omit_wrap is either unconnected or has no load
INFO: [Synth 8-7129] Port s2mm_cmd_wdata[49] in module axi_datamover_s2mm_omit_wrap is either unconnected or has no load
INFO: [Synth 8-7129] Port s2mm_cmd_wdata[48] in module axi_datamover_s2mm_omit_wrap is either unconnected or has no load
INFO: [Synth 8-7129] Port s2mm_cmd_wdata[47] in module axi_datamover_s2mm_omit_wrap is either unconnected or has no load
INFO: [Synth 8-7129] Port s2mm_cmd_wdata[46] in module axi_datamover_s2mm_omit_wrap is either unconnected or has no load
INFO: [Synth 8-7129] Port s2mm_cmd_wdata[45] in module axi_datamover_s2mm_omit_wrap is either unconnected or has no load
INFO: [Synth 8-7129] Port s2mm_cmd_wdata[44] in module axi_datamover_s2mm_omit_wrap is either unconnected or has no load
INFO: [Synth 8-7129] Port s2mm_cmd_wdata[43] in module axi_datamover_s2mm_omit_wrap is either unconnected or has no load
INFO: [Synth 8-7129] Port s2mm_cmd_wdata[42] in module axi_datamover_s2mm_omit_wrap is either unconnected or has no load
INFO: [Synth 8-7129] Port s2mm_cmd_wdata[41] in module axi_datamover_s2mm_omit_wrap is either unconnected or has no load
INFO: [Synth 8-7129] Port s2mm_cmd_wdata[40] in module axi_datamover_s2mm_omit_wrap is either unconnected or has no load
INFO: [Synth 8-7129] Port s2mm_cmd_wdata[39] in module axi_datamover_s2mm_omit_wrap is either unconnected or has no load
INFO: [Synth 8-7129] Port s2mm_cmd_wdata[38] in module axi_datamover_s2mm_omit_wrap is either unconnected or has no load
INFO: [Synth 8-7129] Port s2mm_cmd_wdata[37] in module axi_datamover_s2mm_omit_wrap is either unconnected or has no load
INFO: [Synth 8-7129] Port s2mm_cmd_wdata[36] in module axi_datamover_s2mm_omit_wrap is either unconnected or has no load
INFO: [Synth 8-7129] Port s2mm_cmd_wdata[35] in module axi_datamover_s2mm_omit_wrap is either unconnected or has no load
INFO: [Synth 8-7129] Port s2mm_cmd_wdata[34] in module axi_datamover_s2mm_omit_wrap is either unconnected or has no load
INFO: [Synth 8-7129] Port s2mm_cmd_wdata[33] in module axi_datamover_s2mm_omit_wrap is either unconnected or has no load
INFO: [Synth 8-7129] Port s2mm_cmd_wdata[32] in module axi_datamover_s2mm_omit_wrap is either unconnected or has no load
INFO: [Synth 8-7129] Port s2mm_cmd_wdata[31] in module axi_datamover_s2mm_omit_wrap is either unconnected or has no load
INFO: [Synth 8-7129] Port s2mm_cmd_wdata[30] in module axi_datamover_s2mm_omit_wrap is either unconnected or has no load
INFO: [Synth 8-7129] Port s2mm_cmd_wdata[29] in module axi_datamover_s2mm_omit_wrap is either unconnected or has no load
INFO: [Synth 8-7129] Port s2mm_cmd_wdata[28] in module axi_datamover_s2mm_omit_wrap is either unconnected or has no load
INFO: [Synth 8-7129] Port s2mm_cmd_wdata[27] in module axi_datamover_s2mm_omit_wrap is either unconnected or has no load
INFO: [Synth 8-7129] Port s2mm_cmd_wdata[26] in module axi_datamover_s2mm_omit_wrap is either unconnected or has no load
INFO: [Synth 8-7129] Port s2mm_cmd_wdata[25] in module axi_datamover_s2mm_omit_wrap is either unconnected or has no load
INFO: [Synth 8-7129] Port s2mm_cmd_wdata[24] in module axi_datamover_s2mm_omit_wrap is either unconnected or has no load
INFO: [Synth 8-7129] Port s2mm_cmd_wdata[23] in module axi_datamover_s2mm_omit_wrap is either unconnected or has no load
INFO: [Synth 8-7129] Port s2mm_cmd_wdata[22] in module axi_datamover_s2mm_omit_wrap is either unconnected or has no load
INFO: [Synth 8-7129] Port s2mm_cmd_wdata[21] in module axi_datamover_s2mm_omit_wrap is either unconnected or has no load
INFO: [Synth 8-7129] Port s2mm_cmd_wdata[20] in module axi_datamover_s2mm_omit_wrap is either unconnected or has no load
INFO: [Synth 8-7129] Port s2mm_cmd_wdata[19] in module axi_datamover_s2mm_omit_wrap is either unconnected or has no load
INFO: [Synth 8-7129] Port s2mm_cmd_wdata[18] in module axi_datamover_s2mm_omit_wrap is either unconnected or has no load
INFO: [Synth 8-7129] Port s2mm_cmd_wdata[17] in module axi_datamover_s2mm_omit_wrap is either unconnected or has no load
INFO: [Synth 8-7129] Port s2mm_cmd_wdata[16] in module axi_datamover_s2mm_omit_wrap is either unconnected or has no load
INFO: [Synth 8-7129] Port s2mm_cmd_wdata[15] in module axi_datamover_s2mm_omit_wrap is either unconnected or has no load
INFO: [Synth 8-7129] Port s2mm_cmd_wdata[14] in module axi_datamover_s2mm_omit_wrap is either unconnected or has no load
INFO: [Synth 8-7129] Port s2mm_cmd_wdata[13] in module axi_datamover_s2mm_omit_wrap is either unconnected or has no load
INFO: [Synth 8-7129] Port s2mm_cmd_wdata[12] in module axi_datamover_s2mm_omit_wrap is either unconnected or has no load
INFO: [Synth 8-7129] Port s2mm_cmd_wdata[11] in module axi_datamover_s2mm_omit_wrap is either unconnected or has no load
INFO: [Synth 8-7129] Port s2mm_cmd_wdata[10] in module axi_datamover_s2mm_omit_wrap is either unconnected or has no load
INFO: [Synth 8-7129] Port s2mm_cmd_wdata[9] in module axi_datamover_s2mm_omit_wrap is either unconnected or has no load
INFO: [Common 17-14] Message 'Synth 8-7129' appears 100 times and further instances of the messages will be disabled. Use the Tcl command set_msg_config to change the current settings.
---------------------------------------------------------------------------------
Finished RTL Elaboration : Time (s): cpu = 00:00:16 ; elapsed = 00:00:18 . Memory (MB): peak = 1781.758 ; gain = 869.938
---------------------------------------------------------------------------------
---------------------------------------------------------------------------------
Start Handling Custom Attributes
---------------------------------------------------------------------------------
---------------------------------------------------------------------------------
Finished Handling Custom Attributes : Time (s): cpu = 00:00:17 ; elapsed = 00:00:19 . Memory (MB): peak = 1781.758 ; gain = 869.938
---------------------------------------------------------------------------------
---------------------------------------------------------------------------------
Finished RTL Optimization Phase 1 : Time (s): cpu = 00:00:17 ; elapsed = 00:00:19 . Memory (MB): peak = 1781.758 ; gain = 869.938
---------------------------------------------------------------------------------
Netlist sorting complete. Time (s): cpu = 00:00:01 ; elapsed = 00:00:00.135 . Memory (MB): peak = 1781.758 ; gain = 0.000
INFO: [Project 1-570] Preparing netlist for logic optimization

Processing XDC Constraints
Initializing timing engine
Parsing XDC File [g:/proj/fpga/zynq7020_mlk2/proj/06_ex_linux_QT_Drive_L2_7020/QT_Drive_Appendix/project/soc_prj/soc_prj.gen/sources_1/bd/system/ip/system_axi_vdma_0_0/system_axi_vdma_0_0_ooc.xdc] for cell 'U0'
Finished Parsing XDC File [g:/proj/fpga/zynq7020_mlk2/proj/06_ex_linux_QT_Drive_L2_7020/QT_Drive_Appendix/project/soc_prj/soc_prj.gen/sources_1/bd/system/ip/system_axi_vdma_0_0/system_axi_vdma_0_0_ooc.xdc] for cell 'U0'
Parsing XDC File [g:/proj/fpga/zynq7020_mlk2/proj/06_ex_linux_QT_Drive_L2_7020/QT_Drive_Appendix/project/soc_prj/soc_prj.gen/sources_1/bd/system/ip/system_axi_vdma_0_0/system_axi_vdma_0_0.xdc] for cell 'U0'
Finished Parsing XDC File [g:/proj/fpga/zynq7020_mlk2/proj/06_ex_linux_QT_Drive_L2_7020/QT_Drive_Appendix/project/soc_prj/soc_prj.gen/sources_1/bd/system/ip/system_axi_vdma_0_0/system_axi_vdma_0_0.xdc] for cell 'U0'
INFO: [Project 1-236] Implementation specific constraints were found while reading constraint file [g:/proj/fpga/zynq7020_mlk2/proj/06_ex_linux_QT_Drive_L2_7020/QT_Drive_Appendix/project/soc_prj/soc_prj.gen/sources_1/bd/system/ip/system_axi_vdma_0_0/system_axi_vdma_0_0.xdc]. These constraints will be ignored for synthesis but will be used in implementation. Impacted constraints are listed in the file [.Xil/system_axi_vdma_0_0_propImpl.xdc].
Resolution: To avoid this warning, move constraints listed in [.Xil/system_axi_vdma_0_0_propImpl.xdc] to another XDC file and exclude this new file from synthesis with the used_in_synthesis property (File Properties dialog in GUI) and re-run elaboration/synthesis.
Parsing XDC File [G:/proj/fpga/zynq7020_mlk2/proj/06_ex_linux_QT_Drive_L2_7020/QT_Drive_Appendix/project/soc_prj/soc_prj.runs/system_axi_vdma_0_0_synth_1/dont_touch.xdc]
Finished Parsing XDC File [G:/proj/fpga/zynq7020_mlk2/proj/06_ex_linux_QT_Drive_L2_7020/QT_Drive_Appendix/project/soc_prj/soc_prj.runs/system_axi_vdma_0_0_synth_1/dont_touch.xdc]
Parsing XDC File [g:/proj/fpga/zynq7020_mlk2/proj/06_ex_linux_QT_Drive_L2_7020/QT_Drive_Appendix/project/soc_prj/soc_prj.gen/sources_1/bd/system/ip/system_axi_vdma_0_0/system_axi_vdma_0_0_clocks.xdc] for cell 'U0'
Finished Parsing XDC File [g:/proj/fpga/zynq7020_mlk2/proj/06_ex_linux_QT_Drive_L2_7020/QT_Drive_Appendix/project/soc_prj/soc_prj.gen/sources_1/bd/system/ip/system_axi_vdma_0_0/system_axi_vdma_0_0_clocks.xdc] for cell 'U0'
INFO: [Project 1-236] Implementation specific constraints were found while reading constraint file [D:/Xilinx/2025.2/Vivado/data/ip/xpm/xpm_cdc/tcl/xpm_cdc_single.tcl]. These constraints will be ignored for synthesis but will be used in implementation. Impacted constraints are listed in the file [.Xil/system_axi_vdma_0_0_propImpl.xdc].
Resolution: To avoid this warning, move constraints listed in [.Xil/system_axi_vdma_0_0_propImpl.xdc] to another XDC file and exclude this new file from synthesis with the used_in_synthesis property (File Properties dialog in GUI) and re-run elaboration/synthesis.
INFO: [Project 1-236] Implementation specific constraints were found while reading constraint file [D:/Xilinx/2025.2/Vivado/data/ip/xpm/xpm_fifo/tcl/xpm_fifo_rst.tcl]. These constraints will be ignored for synthesis but will be used in implementation. Impacted constraints are listed in the file [.Xil/system_axi_vdma_0_0_propImpl.xdc].
Resolution: To avoid this warning, move constraints listed in [.Xil/system_axi_vdma_0_0_propImpl.xdc] to another XDC file and exclude this new file from synthesis with the used_in_synthesis property (File Properties dialog in GUI) and re-run elaboration/synthesis.
INFO: [Project 1-1714] 14 XPM XDC files have been applied to the design.
Completed Processing XDC Constraints

Netlist sorting complete. Time (s): cpu = 00:00:00 ; elapsed = 00:00:00.003 . Memory (MB): peak = 1781.758 ; gain = 0.000
INFO: [Project 1-111] Unisim Transformation Summary:
No Unisim elements were transformed.

Constraint Validation Runtime : Time (s): cpu = 00:00:00 ; elapsed = 00:00:00.094 . Memory (MB): peak = 1781.758 ; gain = 0.000
INFO: [Designutils 20-5008] Incremental synthesis strategy off
---------------------------------------------------------------------------------
Finished Constraint Validation : Time (s): cpu = 00:00:27 ; elapsed = 00:00:29 . Memory (MB): peak = 1781.758 ; gain = 869.938
---------------------------------------------------------------------------------
---------------------------------------------------------------------------------
Start Loading Part and Timing Information
---------------------------------------------------------------------------------
Loading part: xc7z020clg484-2
---------------------------------------------------------------------------------
Finished Loading Part and Timing Information : Time (s): cpu = 00:00:27 ; elapsed = 00:00:29 . Memory (MB): peak = 1781.758 ; gain = 869.938
---------------------------------------------------------------------------------
---------------------------------------------------------------------------------
Start Applying 'set_property' XDC Constraints
---------------------------------------------------------------------------------
---------------------------------------------------------------------------------
Finished applying 'set_property' XDC Constraints : Time (s): cpu = 00:00:27 ; elapsed = 00:00:30 . Memory (MB): peak = 1781.758 ; gain = 869.938
---------------------------------------------------------------------------------
INFO: [Synth 8-802] inferred FSM for state register 'dmacntrl_cs_reg' in module 'axi_vdma_sm'
INFO: [Synth 8-802] inferred FSM for state register 'gen_fwft.curr_fwft_state_reg' in module 'xpm_fifo_base'
INFO: [Synth 8-802] inferred FSM for state register 'sig_pcc_sm_state_reg' in module 'axi_datamover_pcc'
INFO: [Synth 8-802] inferred FSM for state register 'gen_fwft.curr_fwft_state_reg' in module 'xpm_fifo_base__parameterized0'
---------------------------------------------------------------------------------------------------
                   State |                     New Encoding |                Previous Encoding 
---------------------------------------------------------------------------------------------------
                    idle |                              000 |                              000
              wait_pipe1 |                              001 |                              001
              wait_pipe2 |                              010 |                              010
            execute_xfer |                              011 |                              100
              check_done |                              100 |                              101
           calc_cmd_addr |                              101 |                              011
---------------------------------------------------------------------------------------------------
INFO: [Synth 8-3354] encoded FSM with state register 'dmacntrl_cs_reg' using encoding 'sequential' in module 'axi_vdma_sm'
---------------------------------------------------------------------------------------------------
                   State |                     New Encoding |                Previous Encoding 
---------------------------------------------------------------------------------------------------
                 invalid |                               00 |                               00
            stage1_valid |                               01 |                               10
       both_stages_valid |                               10 |                               11
            stage2_valid |                               11 |                               01
---------------------------------------------------------------------------------------------------
INFO: [Synth 8-3354] encoded FSM with state register 'gen_fwft.curr_fwft_state_reg' using encoding 'sequential' in module 'xpm_fifo_base'
---------------------------------------------------------------------------------------------------
                   State |                     New Encoding |                Previous Encoding 
---------------------------------------------------------------------------------------------------
                    init |                         00000001 |                              000
            wait_for_cmd |                         00000010 |                              001
                  calc_1 |                         00000100 |                              010
                  calc_2 |                         00001000 |                              011
                  calc_3 |                         00010000 |                              100
       wait_on_xfer_push |                         00100000 |                              101
             chk_if_done |                         01000000 |                              110
              error_trap |                         10000000 |                              111
---------------------------------------------------------------------------------------------------
INFO: [Synth 8-3354] encoded FSM with state register 'sig_pcc_sm_state_reg' using encoding 'one-hot' in module 'axi_datamover_pcc'
INFO: [Synth 8-5775] Found 'rw_addr_collision' attribute set to 'no' on SDP RAM gen_wr_a.gen_word_narrow.mem_reg. Setting write mode to NO_CHANGE 
---------------------------------------------------------------------------------------------------
                   State |                     New Encoding |                Previous Encoding 
---------------------------------------------------------------------------------------------------
                 invalid |                               00 |                               00
            stage1_valid |                               01 |                               10
       both_stages_valid |                               10 |                               11
            stage2_valid |                               11 |                               01
---------------------------------------------------------------------------------------------------
INFO: [Synth 8-3354] encoded FSM with state register 'gen_fwft.curr_fwft_state_reg' using encoding 'sequential' in module 'xpm_fifo_base__parameterized0'
---------------------------------------------------------------------------------
Finished RTL Optimization Phase 2 : Time (s): cpu = 00:00:29 ; elapsed = 00:00:32 . Memory (MB): peak = 1781.758 ; gain = 869.938
---------------------------------------------------------------------------------
---------------------------------------------------------------------------------
Start RTL Component Statistics 
---------------------------------------------------------------------------------
---------------------------------------------------------------------------------
Finished RTL Component Statistics 
---------------------------------------------------------------------------------
---------------------------------------------------------------------------------
Start Part Resource Summary
---------------------------------------------------------------------------------
Part Resources:
DSPs: 220 (col length:60)
BRAMs: 280 (col length: RAMB18 60 RAMB36 30)
---------------------------------------------------------------------------------
Finished Part Resource Summary
---------------------------------------------------------------------------------
---------------------------------------------------------------------------------
Start Cross Boundary and Area Optimization
---------------------------------------------------------------------------------
INFO: [Synth 8-5775] Found 'rw_addr_collision' attribute set to 'no' on SDP RAM gen_wr_a.gen_word_narrow.mem_reg. Setting write mode to NO_CHANGE 
INFO: [Synth 8-5775] Found 'rw_addr_collision' attribute set to 'no' on SDP RAM gen_wr_a.gen_word_narrow.mem_reg. Setting write mode to NO_CHANGE 
INFO: [Synth 8-5775] Found 'rw_addr_collision' attribute set to 'no' on SDP RAM gen_wr_a.gen_word_narrow.mem_reg. Setting write mode to NO_CHANGE 
INFO: [Synth 8-5775] Found 'rw_addr_collision' attribute set to 'no' on SDP RAM gen_wr_a.gen_word_narrow.mem_reg. Setting write mode to NO_CHANGE 
INFO: [Synth 8-5784] Optimized 1 bits of RAM "gen_wr_a.gen_word_narrow.mem_reg" due to constant propagation. Old ram width 67 bits, new ram width 66 bits.
INFO: [Synth 8-5775] Found 'rw_addr_collision' attribute set to 'no' on SDP RAM gen_wr_a.gen_word_narrow.mem_reg. Setting write mode to NO_CHANGE 
INFO: [Synth 8-5775] Found 'rw_addr_collision' attribute set to 'no' on SDP RAM gen_wr_a.gen_word_narrow.mem_reg. Setting write mode to NO_CHANGE 
INFO: [Synth 8-5775] Found 'rw_addr_collision' attribute set to 'no' on SDP RAM gen_wr_a.gen_word_narrow.mem_reg. Setting write mode to NO_CHANGE 
INFO: [Synth 8-5775] Found 'rw_addr_collision' attribute set to 'no' on SDP RAM gen_wr_a.gen_word_narrow.mem_reg. Setting write mode to NO_CHANGE 
---------------------------------------------------------------------------------
Finished Cross Boundary and Area Optimization : Time (s): cpu = 00:00:36 ; elapsed = 00:00:39 . Memory (MB): peak = 1781.758 ; gain = 869.938
---------------------------------------------------------------------------------
INFO: [Synth 8-5775] Found 'rw_addr_collision' attribute set to 'no' on SDP RAM gen_wr_a.gen_word_narrow.mem_reg. Setting write mode to NO_CHANGE 
INFO: [Synth 8-5775] Found 'rw_addr_collision' attribute set to 'no' on SDP RAM gen_wr_a.gen_word_narrow.mem_reg. Setting write mode to NO_CHANGE 
---------------------------------------------------------------------------------
Start Applying XDC Timing Constraints
---------------------------------------------------------------------------------
---------------------------------------------------------------------------------
Finished Applying XDC Timing Constraints : Time (s): cpu = 00:00:43 ; elapsed = 00:00:47 . Memory (MB): peak = 1827.312 ; gain = 915.492
---------------------------------------------------------------------------------
---------------------------------------------------------------------------------
Start Timing Optimization
---------------------------------------------------------------------------------
INFO: [Synth 8-5775] Found 'rw_addr_collision' attribute set to 'no' on SDP RAM gen_wr_a.gen_word_narrow.mem_reg. Setting write mode to NO_CHANGE 
INFO: [Synth 8-5775] Found 'rw_addr_collision' attribute set to 'no' on SDP RAM gen_wr_a.gen_word_narrow.mem_reg. Setting write mode to NO_CHANGE 
---------------------------------------------------------------------------------
Finished Timing Optimization : Time (s): cpu = 00:00:46 ; elapsed = 00:00:50 . Memory (MB): peak = 1903.289 ; gain = 991.469
---------------------------------------------------------------------------------
---------------------------------------------------------------------------------
Start Technology Mapping
---------------------------------------------------------------------------------
---------------------------------------------------------------------------------
Finished Technology Mapping : Time (s): cpu = 00:00:48 ; elapsed = 00:00:51 . Memory (MB): peak = 1921.367 ; gain = 1009.547
---------------------------------------------------------------------------------
---------------------------------------------------------------------------------
Start IO Insertion
---------------------------------------------------------------------------------
---------------------------------------------------------------------------------
Start Flattening Before IO Insertion
---------------------------------------------------------------------------------
---------------------------------------------------------------------------------
Finished Flattening Before IO Insertion
---------------------------------------------------------------------------------
---------------------------------------------------------------------------------
Start Final Netlist Cleanup
---------------------------------------------------------------------------------
---------------------------------------------------------------------------------
Finished Final Netlist Cleanup
---------------------------------------------------------------------------------
---------------------------------------------------------------------------------
Finished IO Insertion : Time (s): cpu = 00:00:51 ; elapsed = 00:00:55 . Memory (MB): peak = 2109.219 ; gain = 1197.398
---------------------------------------------------------------------------------
---------------------------------------------------------------------------------
Start Renaming Generated Instances
---------------------------------------------------------------------------------
---------------------------------------------------------------------------------
Finished Renaming Generated Instances : Time (s): cpu = 00:00:51 ; elapsed = 00:00:55 . Memory (MB): peak = 2109.219 ; gain = 1197.398
---------------------------------------------------------------------------------
---------------------------------------------------------------------------------
Start Rebuilding User Hierarchy
---------------------------------------------------------------------------------
---------------------------------------------------------------------------------
Finished Rebuilding User Hierarchy : Time (s): cpu = 00:00:52 ; elapsed = 00:00:56 . Memory (MB): peak = 2109.219 ; gain = 1197.398
---------------------------------------------------------------------------------
---------------------------------------------------------------------------------
Start Renaming Generated Ports
---------------------------------------------------------------------------------
---------------------------------------------------------------------------------
Finished Renaming Generated Ports : Time (s): cpu = 00:00:52 ; elapsed = 00:00:56 . Memory (MB): peak = 2109.219 ; gain = 1197.398
---------------------------------------------------------------------------------
---------------------------------------------------------------------------------
Start Handling Custom Attributes
---------------------------------------------------------------------------------
---------------------------------------------------------------------------------
Finished Handling Custom Attributes : Time (s): cpu = 00:00:52 ; elapsed = 00:00:56 . Memory (MB): peak = 2113.359 ; gain = 1201.539
---------------------------------------------------------------------------------
---------------------------------------------------------------------------------
Start Renaming Generated Nets
---------------------------------------------------------------------------------
---------------------------------------------------------------------------------
Finished Renaming Generated Nets : Time (s): cpu = 00:00:52 ; elapsed = 00:00:56 . Memory (MB): peak = 2113.359 ; gain = 1201.539
---------------------------------------------------------------------------------
---------------------------------------------------------------------------------
Start Writing Synthesis Report
---------------------------------------------------------------------------------

Report BlackBoxes: 
+-+--------------+----------+
| |BlackBox name |Instances |
+-+--------------+----------+
+-+--------------+----------+

Report Cell Usage: 
+------+---------+------+
|      |Cell     |Count |
+------+---------+------+
|1     |CARRY4   |    71|
|2     |LUT1     |   249|
|3     |LUT2     |   192|
|4     |LUT3     |   332|
|5     |LUT4     |   197|
|6     |LUT5     |   157|
|7     |LUT6     |   213|
|8     |RAMB36E1 |     3|
|10    |SRL16E   |   172|
|11    |FDRE     |  1463|
|12    |FDSE     |    51|
+------+---------+------+
---------------------------------------------------------------------------------
Finished Writing Synthesis Report : Time (s): cpu = 00:00:52 ; elapsed = 00:00:56 . Memory (MB): peak = 2113.359 ; gain = 1201.539
---------------------------------------------------------------------------------
Synthesis finished with 0 errors, 0 critical warnings and 0 warnings.
Synthesis Optimization Runtime : Time (s): cpu = 00:00:32 ; elapsed = 00:00:52 . Memory (MB): peak = 2113.359 ; gain = 1201.539
Synthesis Optimization Complete : Time (s): cpu = 00:00:52 ; elapsed = 00:00:56 . Memory (MB): peak = 2113.359 ; gain = 1201.539
INFO: [Project 1-571] Translating synthesized netlist
Netlist sorting complete. Time (s): cpu = 00:00:00 ; elapsed = 00:00:00.061 . Memory (MB): peak = 2113.359 ; gain = 0.000
INFO: [Netlist 29-17] Analyzing 74 Unisim elements for replacement
INFO: [Netlist 29-28] Unisim Transformation completed in 0 CPU seconds
INFO: [Project 1-570] Preparing netlist for logic optimization
INFO: [Opt 31-138] Pushed 0 inverter(s) to 0 load pin(s).
Netlist sorting complete. Time (s): cpu = 00:00:00 ; elapsed = 00:00:00.001 . Memory (MB): peak = 2126.168 ; gain = 0.000
INFO: [Project 1-111] Unisim Transformation Summary:
No Unisim elements were transformed.

Synth Design complete | Checksum: d6e282e1
INFO: [Common 17-83] Releasing license: Synthesis
324 Infos, 10 Warnings, 0 Critical Warnings and 0 Errors encountered.
synth_design completed successfully
synth_design: Time (s): cpu = 00:00:56 ; elapsed = 00:01:01 . Memory (MB): peak = 2126.168 ; gain = 1440.695
Write ShapeDB Complete: Time (s): cpu = 00:00:00 ; elapsed = 00:00:00.006 . Memory (MB): peak = 2126.168 ; gain = 0.000
INFO: [Common 17-1381] The checkpoint 'G:/proj/fpga/zynq7020_mlk2/proj/06_ex_linux_QT_Drive_L2_7020/QT_Drive_Appendix/project/soc_prj/soc_prj.runs/system_axi_vdma_0_0_synth_1/system_axi_vdma_0_0.dcp' has been generated.
INFO: [Coretcl 2-1648] Added synthesis output to IP cache for IP system_axi_vdma_0_0, cache-ID = 8d9975b780fefd01
INFO: [Coretcl 2-1174] Renamed 80 cell refs.
Write ShapeDB Complete: Time (s): cpu = 00:00:00 ; elapsed = 00:00:00.006 . Memory (MB): peak = 2126.168 ; gain = 0.000
INFO: [Common 17-1381] The checkpoint 'G:/proj/fpga/zynq7020_mlk2/proj/06_ex_linux_QT_Drive_L2_7020/QT_Drive_Appendix/project/soc_prj/soc_prj.runs/system_axi_vdma_0_0_synth_1/system_axi_vdma_0_0.dcp' has been generated.
INFO: [Vivado 12-24828] Executing command : report_utilization -file system_axi_vdma_0_0_utilization_synth.rpt -pb system_axi_vdma_0_0_utilization_synth.pb
INFO: [Common 17-206] Exiting Vivado at Thu Feb 19 11:24:17 2026...
