#-----------------------------------------------------------
# Vivado v2021.1 (64-bit)
# SW Build 3247384 on Thu Jun 10 19:36:33 MDT 2021
# IP Build 3246043 on Fri Jun 11 00:30:35 MDT 2021
# Start of session at: Tue Jun 17 21:30:14 2025
# Process ID: 143744
# Current directory: G:/02_board/01_xilinx/H3P/02_fpga_cs5001/02_fpga_cs500/soc_prj/uisrc/03_ip/uifdmadbuf/uifdma_dbuf_v4_0_project
# Command line: vivado.exe -gui_launcher_event rodinguilauncherevent143676 G:\02_board\01_xilinx\H3P\02_fpga_cs5001\02_fpga_cs500\soc_prj\uisrc\03_ip\uifdmadbuf\uifdma_dbuf_v4_0_project\uifdma_dbuf_v4_0_project.xpr
# Log file: G:/02_board/01_xilinx/H3P/02_fpga_cs5001/02_fpga_cs500/soc_prj/uisrc/03_ip/uifdmadbuf/uifdma_dbuf_v4_0_project/vivado.log
# Journal file: G:/02_board/01_xilinx/H3P/02_fpga_cs5001/02_fpga_cs500/soc_prj/uisrc/03_ip/uifdmadbuf/uifdma_dbuf_v4_0_project\vivado.jou
#-----------------------------------------------------------
start_gui
open_project G:/02_board/01_xilinx/H3P/02_fpga_cs5001/02_fpga_cs500/soc_prj/uisrc/03_ip/uifdmadbuf/uifdma_dbuf_v4_0_project/uifdma_dbuf_v4_0_project.xpr
INFO: [ProjectBase 1-489] The host OS only allows 260 characters in a normal path. The project is stored in a path with more than 80 characters. If you experience issues with IP, Block Designs, or files not being found, please consider moving the project to a location with a shorter path. Alternately consider using the OS subst command to map part of the path to a drive letter.
Current project path is 'G:/02_board/01_xilinx/H3P/02_fpga_cs5001/02_fpga_cs500/soc_prj/uisrc/03_ip/uifdmadbuf/uifdma_dbuf_v4_0_project'
INFO: [Project 1-313] Project file moved from 'g:/01_dp_prj/12g_0325/12gsdi_cam_switch2/soc_prj/uisrc/03_ip/03_uifdmadbuf/milianke_ip_uifdmadbuf/uifdma_dbuf_v4_0_project' since last save.
INFO: [filemgmt 56-1] IP Repository Path: Directory not found as 'G:/02_board/01_xilinx/H3P/02_fpga_cs5001/02_fpga_cs500/soc_prj/03_ip'; using path 'g:/01_dp_prj/12g_0325/12gsdi_cam_switch2/soc_prj/uisrc/03_ip' instead.
WARNING: [filemgmt 56-2] Default IP Output Path : Could not find the directory 'G:/02_board/01_xilinx/H3P/02_fpga_cs5001/02_fpga_cs500/soc_prj/uisrc/03_ip/uifdmadbuf/uifdma_dbuf_v4_0_project/uifdma_dbuf_v4_0_project.gen/sources_1', nor could it be found using path 'g:/01_dp_prj/12g_0325/12gsdi_cam_switch2/soc_prj/uisrc/03_ip/03_uifdmadbuf/milianke_ip_uifdmadbuf/uifdma_dbuf_v4_0_project/uifdma_dbuf_v4_0_project.gen/sources_1'.
Scanning sources...
Finished scanning sources
INFO: [IP_Flow 19-234] Refreshing IP repositories
WARNING: [IP_Flow 19-1694] Ignoring duplicate Bus Definition IP file 'xilinx.com:user:FDMA:1.0' found within IP repository 'g:/01_dp_prj/12g_0325/12gsdi_cam_switch2/soc_prj/uisrc/03_ip'.
File in use: g:/01_dp_prj/12g_0325/12gsdi_cam_switch2/soc_prj/uisrc/03_ip/02_uifdma/milianke_ip_uifdma/FDMA.xml
File ignored: g:/01_dp_prj/12g_0325/12gsdi_cam_switch2/soc_prj/uisrc/03_ip/03_uifdmadbuf/milianke_ip_uifdmadbuf/FDMA.xml
WARNING: [IP_Flow 19-1694] Ignoring duplicate Bus Abstraction IP file 'xilinx.com:user:FDMA_rtl:1.0' found within IP repository 'g:/01_dp_prj/12g_0325/12gsdi_cam_switch2/soc_prj/uisrc/03_ip'.
File in use: g:/01_dp_prj/12g_0325/12gsdi_cam_switch2/soc_prj/uisrc/03_ip/02_uifdma/milianke_ip_uifdma/FDMA_rtl.xml
File ignored: g:/01_dp_prj/12g_0325/12gsdi_cam_switch2/soc_prj/uisrc/03_ip/03_uifdmadbuf/milianke_ip_uifdmadbuf/FDMA_rtl.xml
INFO: [IP_Flow 19-1700] Loaded user IP repository 'g:/01_dp_prj/12g_0325/12gsdi_cam_switch2/soc_prj/uisrc/03_ip'.
INFO: [IP_Flow 19-2313] Loaded Vivado IP repository 'D:/Xilinx/Vivado/2021.1/data/ip'.
update_compile_order -fileset sources_1
ipx::open_ipxact_file {G:\02_board\01_xilinx\H3P\02_fpga_cs5001\02_fpga_cs500\soc_prj\uisrc\03_ip\uifdmadbuf\component.xml}
WARNING: [IP_Flow 19-5226] Project source file 'g:/02_board/01_xilinx/H3P/02_fpga_cs5001/02_fpga_cs500/soc_prj/uisrc/03_ip/uifdmadbuf/component.xml' ignored by IP packager.
WARNING: [IP_Flow 19-3898] File Group 'xilinx_anylanguagesynthesis (Synthesis)': File 'g:/02_board/01_xilinx/H3P/02_fpga_cs5001/02_fpga_cs500/soc_prj/uisrc/03_ip/uifdmadbuf/uidbuf.v' is not found in the project sources. It will be removed from the packaged IP when the sources are merged. If still required, please add this file to the project and re-package.
WARNING: [IP_Flow 19-3898] File Group 'xilinx_anylanguagesynthesis (Synthesis)': File 'g:/02_board/01_xilinx/H3P/02_fpga_cs5001/02_fpga_cs500/soc_prj/uisrc/03_ip/uifdmadbuf/uidbufirq.v' is not found in the project sources. It will be removed from the packaged IP when the sources are merged. If still required, please add this file to the project and re-package.
WARNING: [IP_Flow 19-3898] File Group 'xilinx_anylanguagesynthesis (Synthesis)': File 'g:/02_board/01_xilinx/H3P/02_fpga_cs5001/02_fpga_cs500/soc_prj/uisrc/03_ip/uifdmadbuf/uifdma_dbuf.v' is not found in the project sources. It will be removed from the packaged IP when the sources are merged. If still required, please add this file to the project and re-package.
WARNING: [IP_Flow 19-3898] File Group 'xilinx_anylanguagebehavioralsimulation (Simulation)': File 'g:/02_board/01_xilinx/H3P/02_fpga_cs5001/02_fpga_cs500/soc_prj/uisrc/03_ip/uifdmadbuf/uidbuf.v' is not found in the project sources. It will be removed from the packaged IP when the sources are merged. If still required, please add this file to the project and re-package.
WARNING: [IP_Flow 19-3898] File Group 'xilinx_anylanguagebehavioralsimulation (Simulation)': File 'g:/02_board/01_xilinx/H3P/02_fpga_cs5001/02_fpga_cs500/soc_prj/uisrc/03_ip/uifdmadbuf/uidbufirq.v' is not found in the project sources. It will be removed from the packaged IP when the sources are merged. If still required, please add this file to the project and re-package.
WARNING: [IP_Flow 19-3898] File Group 'xilinx_anylanguagebehavioralsimulation (Simulation)': File 'g:/02_board/01_xilinx/H3P/02_fpga_cs5001/02_fpga_cs500/soc_prj/uisrc/03_ip/uifdmadbuf/uifdma_dbuf.v' is not found in the project sources. It will be removed from the packaged IP when the sources are merged. If still required, please add this file to the project and re-package.
WARNING: [IP_Flow 19-5897] The set of required XPM macros has changed from 'XPM_FIFO' to ''
ipx::merge_project_changes ports [ipx::current_core]
WARNING: [IP_Flow 19-5226] Project source file 'g:/02_board/01_xilinx/H3P/02_fpga_cs5001/02_fpga_cs500/soc_prj/uisrc/03_ip/uifdmadbuf/component.xml' ignored by IP packager.
WARNING: [IP_Flow 19-4300] HDL parameter 'W_BASEADDR' has its value changed from '0x00000000' to '0'.
WARNING: [IP_Flow 19-4300] HDL parameter 'R_BASEADDR' has its value changed from '0x00000000' to '0'.
INFO: [IP_Flow 19-3166] Bus Interface 'S_AXI': References existing memory map 'S_AXI'.
ipx::remove_user_parameter ENABLE_WRITE [ipx::current_core]
ipx::remove_user_parameter ENABLE_READ [ipx::current_core]
ipx::remove_user_parameter VIDEO_ENABLE [ipx::current_core]
ipx::merge_project_changes hdl_parameters [ipx::current_core]
WARNING: [IP_Flow 19-5226] Project source file 'g:/02_board/01_xilinx/H3P/02_fpga_cs5001/02_fpga_cs500/soc_prj/uisrc/03_ip/uifdmadbuf/component.xml' ignored by IP packager.
INFO: [IP_Flow 19-3166] Bus Interface 'S_AXI': References existing memory map 'S_AXI'.
set_property widget {textEdit} [ipgui::get_guiparamspec -name "W_BASEADDR" -component [ipx::current_core] ]
set_property value_format long [ipx::get_user_parameters W_BASEADDR -of_objects [ipx::current_core]]
set_property value_format long [ipx::get_hdl_parameters W_BASEADDR -of_objects [ipx::current_core]]
set_property value_bit_string_length 0 [ipx::get_user_parameters W_BASEADDR -of_objects [ipx::current_core]]
set_property widget {textEdit} [ipgui::get_guiparamspec -name "R_BASEADDR" -component [ipx::current_core] ]
set_property value_format long [ipx::get_user_parameters R_BASEADDR -of_objects [ipx::current_core]]
set_property value_format long [ipx::get_hdl_parameters R_BASEADDR -of_objects [ipx::current_core]]
set_property value_bit_string_length 0 [ipx::get_user_parameters R_BASEADDR -of_objects [ipx::current_core]]
set_property widget {hexEdit} [ipgui::get_guiparamspec -name "W_BASEADDR" -component [ipx::current_core] ]
set_property value 0x00000000 [ipx::get_user_parameters W_BASEADDR -of_objects [ipx::current_core]]
set_property value 0x00000000 [ipx::get_hdl_parameters W_BASEADDR -of_objects [ipx::current_core]]
set_property value_bit_string_length 32 [ipx::get_user_parameters W_BASEADDR -of_objects [ipx::current_core]]
set_property value_bit_string_length 32 [ipx::get_hdl_parameters W_BASEADDR -of_objects [ipx::current_core]]
set_property value_format bitString [ipx::get_user_parameters W_BASEADDR -of_objects [ipx::current_core]]
set_property value_format bitString [ipx::get_hdl_parameters W_BASEADDR -of_objects [ipx::current_core]]
set_property widget {hexEdit} [ipgui::get_guiparamspec -name "R_BASEADDR" -component [ipx::current_core] ]
set_property value 0x00000000 [ipx::get_user_parameters R_BASEADDR -of_objects [ipx::current_core]]
set_property value 0x00000000 [ipx::get_hdl_parameters R_BASEADDR -of_objects [ipx::current_core]]
set_property value_bit_string_length 32 [ipx::get_user_parameters R_BASEADDR -of_objects [ipx::current_core]]
set_property value_bit_string_length 32 [ipx::get_hdl_parameters R_BASEADDR -of_objects [ipx::current_core]]
set_property value_format bitString [ipx::get_user_parameters R_BASEADDR -of_objects [ipx::current_core]]
set_property value_format bitString [ipx::get_hdl_parameters R_BASEADDR -of_objects [ipx::current_core]]
ipx::update_checksums [ipx::current_core]
ipx::save_core [ipx::current_core]
set_property version 4.1 [ipx::current_core]
set_property display_name uifdma_dbuf_v4_1 [ipx::current_core]
set_property description uifdma_dbuf_v4_1 [ipx::current_core]
set_property core_revision 6 [ipx::current_core]
ipx::create_xgui_files [ipx::current_core]
ipx::update_checksums [ipx::current_core]
ipx::check_integrity [ipx::current_core]
INFO: [IP_Flow 19-2181] Payment Required is not set for this core.
INFO: [IP_Flow 19-2187] The Product Guide file is missing.
INFO: [Ipptcl 7-1486] check_integrity: Integrity check passed.
ipx::save_core [ipx::current_core]
set_property  ip_repo_paths  {g:/02_board/01_xilinx/H3P/02_fpga_cs5001/02_fpga_cs500/soc_prj/uisrc/03_ip/uifdmadbuf g:/01_dp_prj/12g_0325/12gsdi_cam_switch2/soc_prj/uisrc/03_ip} [current_project]
update_ip_catalog
INFO: [IP_Flow 19-234] Refreshing IP repositories
INFO: [IP_Flow 19-1700] Loaded user IP repository 'g:/02_board/01_xilinx/H3P/02_fpga_cs5001/02_fpga_cs500/soc_prj/uisrc/03_ip/uifdmadbuf'.
WARNING: [IP_Flow 19-3656] If you move the project, the path for repository 'g:/02_board/01_xilinx/H3P/02_fpga_cs5001/02_fpga_cs500/soc_prj/uisrc/03_ip/uifdmadbuf' may become invalid. A better location for the repository would be in a path adjacent to the project. (Current project location is 'g:/02_board/01_xilinx/H3P/02_fpga_cs5001/02_fpga_cs500/soc_prj/uisrc/03_ip/uifdmadbuf/uifdma_dbuf_v4_0_project'.)
INFO: [IP_Flow 19-1700] Loaded user IP repository 'g:/01_dp_prj/12g_0325/12gsdi_cam_switch2/soc_prj/uisrc/03_ip'.
WARNING: [IP_Flow 19-4830] Duplicate Interface found for 'xilinx.com:user:FDMA:1.0'. The one found in location 'g:/02_board/01_xilinx/H3P/02_fpga_cs5001/02_fpga_cs500/soc_prj/uisrc/03_ip/uifdmadbuf/FDMA.xml' will take precedence over the same Interface in location 'g:/01_dp_prj/12g_0325/12gsdi_cam_switch2/soc_prj/uisrc/03_ip/02_uifdma/milianke_ip_uifdma/FDMA.xml'
WARNING: [IP_Flow 19-4830] Duplicate Interface found for 'xilinx.com:user:ud_r:1.0'. The one found in location 'g:/02_board/01_xilinx/H3P/02_fpga_cs5001/02_fpga_cs500/soc_prj/uisrc/03_ip/uifdmadbuf/ud_r.xml' will take precedence over the same Interface in location 'g:/01_dp_prj/12g_0325/12gsdi_cam_switch2/soc_prj/uisrc/03_ip/03_uifdmadbuf/milianke_ip_uifdmadbuf/ud_r.xml'
WARNING: [IP_Flow 19-4830] Duplicate Interface found for 'xilinx.com:user:ud_w:1.0'. The one found in location 'g:/02_board/01_xilinx/H3P/02_fpga_cs5001/02_fpga_cs500/soc_prj/uisrc/03_ip/uifdmadbuf/ud_w.xml' will take precedence over the same Interface in location 'g:/01_dp_prj/12g_0325/12gsdi_cam_switch2/soc_prj/uisrc/03_ip/03_uifdmadbuf/milianke_ip_uifdmadbuf/ud_w.xml'
exit
INFO: [Common 17-206] Exiting Vivado at Tue Jun 17 22:23:21 2025...
