
*** Running vivado
    with args -log system_axis_subset_converter_0_0.vds -m64 -product Vivado -mode batch -messageDb vivado.pb -notrace -source system_axis_subset_converter_0_0.tcl



****** Vivado v2025.2 (64-bit)
  **** SW Build 6299465 on Fri Nov 14 19:35:11 GMT 2025
  **** IP Build 6300035 on Fri Nov 14 10:48:45 MST 2025
  **** SharedData Build 6298862 on Thu Nov 13 04:50:51 MST 2025
  **** Start of session at: Thu Feb 19 11:23:13 2026
    ** Copyright 1986-2022 Xilinx, Inc. All Rights Reserved.
    ** Copyright 2022-2025 Advanced Micro Devices, Inc. All Rights Reserved.

ERROR: [Common 17-1257] Failed to create directory 'C'.
source system_axis_subset_converter_0_0.tcl -notrace
create_project: Time (s): cpu = 00:00:09 ; elapsed = 00:00:06 . Memory (MB): peak = 659.703 ; gain = 218.906
INFO: [IP_Flow 19-234] Refreshing IP repositories
INFO: [IP_Flow 19-1700] Loaded user IP repository 'g:/proj/fpga/zynq7020_mlk2/proj/06_ex_linux_QT_Drive_L2_7020/QT_Drive_Appendix/project/soc_prj/uisrc/ip'.
INFO: [IP_Flow 19-2313] Loaded Vivado IP repository 'D:/Xilinx/2025.2/Vivado/data/ip'.
WARNING: [IP_Flow 19-4995] The host OS only allows 260 characters in a normal path. The IP cache path is more than 80 characters. If you experience issues with IP caching, please consider changing the IP cache to a location with a shorter path. Alternately consider using the OS subst command to map part of the path to a drive letter. 
Current IP cache path is g:/proj/fpga/zynq7020_mlk2/proj/06_ex_linux_QT_Drive_L2_7020/QT_Drive_Appendix/project/soc_prj/soc_prj.cache/ip 
Command: synth_design -top system_axis_subset_converter_0_0 -part xc7z020clg484-2 -incremental_mode off -mode out_of_context
Starting synth_design
Attempting to get a license for feature 'Synthesis' and/or device 'xc7z020'
INFO: [Common 17-349] Got license for feature 'Synthesis' and/or device 'xc7z020'
INFO: [Device 21-403] Loading part xc7z020clg484-2
INFO: [Synth 8-7079] Multithreading enabled for synth_design using a maximum of 2 processes.
INFO: [Synth 8-7078] Launching helper process for spawning children vivado processes
INFO: [Synth 8-7075] Helper process launched with PID 39096
---------------------------------------------------------------------------------
Starting RTL Elaboration : Time (s): cpu = 00:00:05 ; elapsed = 00:00:06 . Memory (MB): peak = 1448.539 ; gain = 541.738
---------------------------------------------------------------------------------
INFO: [Synth 8-6157] synthesizing module 'system_axis_subset_converter_0_0' [g:/proj/fpga/zynq7020_mlk2/proj/06_ex_linux_QT_Drive_L2_7020/QT_Drive_Appendix/project/soc_prj/soc_prj.gen/sources_1/bd/system/ip/system_axis_subset_converter_0_0/synth/system_axis_subset_converter_0_0.v:53]
INFO: [Synth 8-6157] synthesizing module 'top_system_axis_subset_converter_0_0' [g:/proj/fpga/zynq7020_mlk2/proj/06_ex_linux_QT_Drive_L2_7020/QT_Drive_Appendix/project/soc_prj/soc_prj.gen/sources_1/bd/system/ip/system_axis_subset_converter_0_0/hdl/top_system_axis_subset_converter_0_0.v:60]
INFO: [Synth 8-6157] synthesizing module 'axis_subset_converter_v1_1_36_core' [g:/proj/fpga/zynq7020_mlk2/proj/06_ex_linux_QT_Drive_L2_7020/QT_Drive_Appendix/project/soc_prj/soc_prj.gen/sources_1/bd/system/ipshared/5e96/hdl/axis_subset_converter_v1_1_vl_rfs.v:61]
INFO: [Synth 8-6155] done synthesizing module 'axis_subset_converter_v1_1_36_core' (0#1) [g:/proj/fpga/zynq7020_mlk2/proj/06_ex_linux_QT_Drive_L2_7020/QT_Drive_Appendix/project/soc_prj/soc_prj.gen/sources_1/bd/system/ipshared/5e96/hdl/axis_subset_converter_v1_1_vl_rfs.v:61]
INFO: [Synth 8-6157] synthesizing module 'tdata_system_axis_subset_converter_0_0' [g:/proj/fpga/zynq7020_mlk2/proj/06_ex_linux_QT_Drive_L2_7020/QT_Drive_Appendix/project/soc_prj/soc_prj.gen/sources_1/bd/system/ip/system_axis_subset_converter_0_0/hdl/tdata_system_axis_subset_converter_0_0.v:48]
INFO: [Synth 8-6155] done synthesizing module 'tdata_system_axis_subset_converter_0_0' (0#1) [g:/proj/fpga/zynq7020_mlk2/proj/06_ex_linux_QT_Drive_L2_7020/QT_Drive_Appendix/project/soc_prj/soc_prj.gen/sources_1/bd/system/ip/system_axis_subset_converter_0_0/hdl/tdata_system_axis_subset_converter_0_0.v:48]
INFO: [Synth 8-6157] synthesizing module 'tuser_system_axis_subset_converter_0_0' [g:/proj/fpga/zynq7020_mlk2/proj/06_ex_linux_QT_Drive_L2_7020/QT_Drive_Appendix/project/soc_prj/soc_prj.gen/sources_1/bd/system/ip/system_axis_subset_converter_0_0/hdl/tuser_system_axis_subset_converter_0_0.v:48]
INFO: [Synth 8-6155] done synthesizing module 'tuser_system_axis_subset_converter_0_0' (0#1) [g:/proj/fpga/zynq7020_mlk2/proj/06_ex_linux_QT_Drive_L2_7020/QT_Drive_Appendix/project/soc_prj/soc_prj.gen/sources_1/bd/system/ip/system_axis_subset_converter_0_0/hdl/tuser_system_axis_subset_converter_0_0.v:48]
INFO: [Synth 8-6157] synthesizing module 'tid_system_axis_subset_converter_0_0' [g:/proj/fpga/zynq7020_mlk2/proj/06_ex_linux_QT_Drive_L2_7020/QT_Drive_Appendix/project/soc_prj/soc_prj.gen/sources_1/bd/system/ip/system_axis_subset_converter_0_0/hdl/tid_system_axis_subset_converter_0_0.v:48]
INFO: [Synth 8-6155] done synthesizing module 'tid_system_axis_subset_converter_0_0' (0#1) [g:/proj/fpga/zynq7020_mlk2/proj/06_ex_linux_QT_Drive_L2_7020/QT_Drive_Appendix/project/soc_prj/soc_prj.gen/sources_1/bd/system/ip/system_axis_subset_converter_0_0/hdl/tid_system_axis_subset_converter_0_0.v:48]
INFO: [Synth 8-6157] synthesizing module 'tdest_system_axis_subset_converter_0_0' [g:/proj/fpga/zynq7020_mlk2/proj/06_ex_linux_QT_Drive_L2_7020/QT_Drive_Appendix/project/soc_prj/soc_prj.gen/sources_1/bd/system/ip/system_axis_subset_converter_0_0/hdl/tdest_system_axis_subset_converter_0_0.v:48]
INFO: [Synth 8-6155] done synthesizing module 'tdest_system_axis_subset_converter_0_0' (0#1) [g:/proj/fpga/zynq7020_mlk2/proj/06_ex_linux_QT_Drive_L2_7020/QT_Drive_Appendix/project/soc_prj/soc_prj.gen/sources_1/bd/system/ip/system_axis_subset_converter_0_0/hdl/tdest_system_axis_subset_converter_0_0.v:48]
INFO: [Synth 8-6157] synthesizing module 'tstrb_system_axis_subset_converter_0_0' [g:/proj/fpga/zynq7020_mlk2/proj/06_ex_linux_QT_Drive_L2_7020/QT_Drive_Appendix/project/soc_prj/soc_prj.gen/sources_1/bd/system/ip/system_axis_subset_converter_0_0/hdl/tstrb_system_axis_subset_converter_0_0.v:48]
INFO: [Synth 8-6155] done synthesizing module 'tstrb_system_axis_subset_converter_0_0' (0#1) [g:/proj/fpga/zynq7020_mlk2/proj/06_ex_linux_QT_Drive_L2_7020/QT_Drive_Appendix/project/soc_prj/soc_prj.gen/sources_1/bd/system/ip/system_axis_subset_converter_0_0/hdl/tstrb_system_axis_subset_converter_0_0.v:48]
INFO: [Synth 8-6157] synthesizing module 'tkeep_system_axis_subset_converter_0_0' [g:/proj/fpga/zynq7020_mlk2/proj/06_ex_linux_QT_Drive_L2_7020/QT_Drive_Appendix/project/soc_prj/soc_prj.gen/sources_1/bd/system/ip/system_axis_subset_converter_0_0/hdl/tkeep_system_axis_subset_converter_0_0.v:48]
INFO: [Synth 8-6155] done synthesizing module 'tkeep_system_axis_subset_converter_0_0' (0#1) [g:/proj/fpga/zynq7020_mlk2/proj/06_ex_linux_QT_Drive_L2_7020/QT_Drive_Appendix/project/soc_prj/soc_prj.gen/sources_1/bd/system/ip/system_axis_subset_converter_0_0/hdl/tkeep_system_axis_subset_converter_0_0.v:48]
INFO: [Synth 8-6157] synthesizing module 'tlast_system_axis_subset_converter_0_0' [g:/proj/fpga/zynq7020_mlk2/proj/06_ex_linux_QT_Drive_L2_7020/QT_Drive_Appendix/project/soc_prj/soc_prj.gen/sources_1/bd/system/ip/system_axis_subset_converter_0_0/hdl/tlast_system_axis_subset_converter_0_0.v:48]
INFO: [Synth 8-6155] done synthesizing module 'tlast_system_axis_subset_converter_0_0' (0#1) [g:/proj/fpga/zynq7020_mlk2/proj/06_ex_linux_QT_Drive_L2_7020/QT_Drive_Appendix/project/soc_prj/soc_prj.gen/sources_1/bd/system/ip/system_axis_subset_converter_0_0/hdl/tlast_system_axis_subset_converter_0_0.v:48]
INFO: [Synth 8-6155] done synthesizing module 'top_system_axis_subset_converter_0_0' (0#1) [g:/proj/fpga/zynq7020_mlk2/proj/06_ex_linux_QT_Drive_L2_7020/QT_Drive_Appendix/project/soc_prj/soc_prj.gen/sources_1/bd/system/ip/system_axis_subset_converter_0_0/hdl/top_system_axis_subset_converter_0_0.v:60]
INFO: [Synth 8-6155] done synthesizing module 'system_axis_subset_converter_0_0' (0#1) [g:/proj/fpga/zynq7020_mlk2/proj/06_ex_linux_QT_Drive_L2_7020/QT_Drive_Appendix/project/soc_prj/soc_prj.gen/sources_1/bd/system/ip/system_axis_subset_converter_0_0/synth/system_axis_subset_converter_0_0.v:53]
INFO: [Synth 8-7129] Port tid[0] in module tlast_system_axis_subset_converter_0_0 is either unconnected or has no load
INFO: [Synth 8-7129] Port tdata[31] in module tlast_system_axis_subset_converter_0_0 is either unconnected or has no load
INFO: [Synth 8-7129] Port tdata[30] in module tlast_system_axis_subset_converter_0_0 is either unconnected or has no load
INFO: [Synth 8-7129] Port tdata[29] in module tlast_system_axis_subset_converter_0_0 is either unconnected or has no load
INFO: [Synth 8-7129] Port tdata[28] in module tlast_system_axis_subset_converter_0_0 is either unconnected or has no load
INFO: [Synth 8-7129] Port tdata[27] in module tlast_system_axis_subset_converter_0_0 is either unconnected or has no load
INFO: [Synth 8-7129] Port tdata[26] in module tlast_system_axis_subset_converter_0_0 is either unconnected or has no load
INFO: [Synth 8-7129] Port tdata[25] in module tlast_system_axis_subset_converter_0_0 is either unconnected or has no load
INFO: [Synth 8-7129] Port tdata[24] in module tlast_system_axis_subset_converter_0_0 is either unconnected or has no load
INFO: [Synth 8-7129] Port tdata[23] in module tlast_system_axis_subset_converter_0_0 is either unconnected or has no load
INFO: [Synth 8-7129] Port tdata[22] in module tlast_system_axis_subset_converter_0_0 is either unconnected or has no load
INFO: [Synth 8-7129] Port tdata[21] in module tlast_system_axis_subset_converter_0_0 is either unconnected or has no load
INFO: [Synth 8-7129] Port tdata[20] in module tlast_system_axis_subset_converter_0_0 is either unconnected or has no load
INFO: [Synth 8-7129] Port tdata[19] in module tlast_system_axis_subset_converter_0_0 is either unconnected or has no load
INFO: [Synth 8-7129] Port tdata[18] in module tlast_system_axis_subset_converter_0_0 is either unconnected or has no load
INFO: [Synth 8-7129] Port tdata[17] in module tlast_system_axis_subset_converter_0_0 is either unconnected or has no load
INFO: [Synth 8-7129] Port tdata[16] in module tlast_system_axis_subset_converter_0_0 is either unconnected or has no load
INFO: [Synth 8-7129] Port tdata[15] in module tlast_system_axis_subset_converter_0_0 is either unconnected or has no load
INFO: [Synth 8-7129] Port tdata[14] in module tlast_system_axis_subset_converter_0_0 is either unconnected or has no load
INFO: [Synth 8-7129] Port tdata[13] in module tlast_system_axis_subset_converter_0_0 is either unconnected or has no load
INFO: [Synth 8-7129] Port tdata[12] in module tlast_system_axis_subset_converter_0_0 is either unconnected or has no load
INFO: [Synth 8-7129] Port tdata[11] in module tlast_system_axis_subset_converter_0_0 is either unconnected or has no load
INFO: [Synth 8-7129] Port tdata[10] in module tlast_system_axis_subset_converter_0_0 is either unconnected or has no load
INFO: [Synth 8-7129] Port tdata[9] in module tlast_system_axis_subset_converter_0_0 is either unconnected or has no load
INFO: [Synth 8-7129] Port tdata[8] in module tlast_system_axis_subset_converter_0_0 is either unconnected or has no load
INFO: [Synth 8-7129] Port tdata[7] in module tlast_system_axis_subset_converter_0_0 is either unconnected or has no load
INFO: [Synth 8-7129] Port tdata[6] in module tlast_system_axis_subset_converter_0_0 is either unconnected or has no load
INFO: [Synth 8-7129] Port tdata[5] in module tlast_system_axis_subset_converter_0_0 is either unconnected or has no load
INFO: [Synth 8-7129] Port tdata[4] in module tlast_system_axis_subset_converter_0_0 is either unconnected or has no load
INFO: [Synth 8-7129] Port tdata[3] in module tlast_system_axis_subset_converter_0_0 is either unconnected or has no load
INFO: [Synth 8-7129] Port tdata[2] in module tlast_system_axis_subset_converter_0_0 is either unconnected or has no load
INFO: [Synth 8-7129] Port tdata[1] in module tlast_system_axis_subset_converter_0_0 is either unconnected or has no load
INFO: [Synth 8-7129] Port tdata[0] in module tlast_system_axis_subset_converter_0_0 is either unconnected or has no load
INFO: [Synth 8-7129] Port tuser[0] in module tlast_system_axis_subset_converter_0_0 is either unconnected or has no load
INFO: [Synth 8-7129] Port tdest[0] in module tlast_system_axis_subset_converter_0_0 is either unconnected or has no load
INFO: [Synth 8-7129] Port tkeep[3] in module tlast_system_axis_subset_converter_0_0 is either unconnected or has no load
INFO: [Synth 8-7129] Port tkeep[2] in module tlast_system_axis_subset_converter_0_0 is either unconnected or has no load
INFO: [Synth 8-7129] Port tkeep[1] in module tlast_system_axis_subset_converter_0_0 is either unconnected or has no load
INFO: [Synth 8-7129] Port tkeep[0] in module tlast_system_axis_subset_converter_0_0 is either unconnected or has no load
INFO: [Synth 8-7129] Port tstrb[3] in module tlast_system_axis_subset_converter_0_0 is either unconnected or has no load
INFO: [Synth 8-7129] Port tstrb[2] in module tlast_system_axis_subset_converter_0_0 is either unconnected or has no load
INFO: [Synth 8-7129] Port tstrb[1] in module tlast_system_axis_subset_converter_0_0 is either unconnected or has no load
INFO: [Synth 8-7129] Port tstrb[0] in module tlast_system_axis_subset_converter_0_0 is either unconnected or has no load
INFO: [Synth 8-7129] Port tdata[31] in module tkeep_system_axis_subset_converter_0_0 is either unconnected or has no load
INFO: [Synth 8-7129] Port tdata[30] in module tkeep_system_axis_subset_converter_0_0 is either unconnected or has no load
INFO: [Synth 8-7129] Port tdata[29] in module tkeep_system_axis_subset_converter_0_0 is either unconnected or has no load
INFO: [Synth 8-7129] Port tdata[28] in module tkeep_system_axis_subset_converter_0_0 is either unconnected or has no load
INFO: [Synth 8-7129] Port tdata[27] in module tkeep_system_axis_subset_converter_0_0 is either unconnected or has no load
INFO: [Synth 8-7129] Port tdata[26] in module tkeep_system_axis_subset_converter_0_0 is either unconnected or has no load
INFO: [Synth 8-7129] Port tdata[25] in module tkeep_system_axis_subset_converter_0_0 is either unconnected or has no load
INFO: [Synth 8-7129] Port tdata[24] in module tkeep_system_axis_subset_converter_0_0 is either unconnected or has no load
INFO: [Synth 8-7129] Port tdata[23] in module tkeep_system_axis_subset_converter_0_0 is either unconnected or has no load
INFO: [Synth 8-7129] Port tdata[22] in module tkeep_system_axis_subset_converter_0_0 is either unconnected or has no load
INFO: [Synth 8-7129] Port tdata[21] in module tkeep_system_axis_subset_converter_0_0 is either unconnected or has no load
INFO: [Synth 8-7129] Port tdata[20] in module tkeep_system_axis_subset_converter_0_0 is either unconnected or has no load
INFO: [Synth 8-7129] Port tdata[19] in module tkeep_system_axis_subset_converter_0_0 is either unconnected or has no load
INFO: [Synth 8-7129] Port tdata[18] in module tkeep_system_axis_subset_converter_0_0 is either unconnected or has no load
INFO: [Synth 8-7129] Port tdata[17] in module tkeep_system_axis_subset_converter_0_0 is either unconnected or has no load
INFO: [Synth 8-7129] Port tdata[16] in module tkeep_system_axis_subset_converter_0_0 is either unconnected or has no load
INFO: [Synth 8-7129] Port tdata[15] in module tkeep_system_axis_subset_converter_0_0 is either unconnected or has no load
INFO: [Synth 8-7129] Port tdata[14] in module tkeep_system_axis_subset_converter_0_0 is either unconnected or has no load
INFO: [Synth 8-7129] Port tdata[13] in module tkeep_system_axis_subset_converter_0_0 is either unconnected or has no load
INFO: [Synth 8-7129] Port tdata[12] in module tkeep_system_axis_subset_converter_0_0 is either unconnected or has no load
INFO: [Synth 8-7129] Port tdata[11] in module tkeep_system_axis_subset_converter_0_0 is either unconnected or has no load
INFO: [Synth 8-7129] Port tdata[10] in module tkeep_system_axis_subset_converter_0_0 is either unconnected or has no load
INFO: [Synth 8-7129] Port tdata[9] in module tkeep_system_axis_subset_converter_0_0 is either unconnected or has no load
INFO: [Synth 8-7129] Port tdata[8] in module tkeep_system_axis_subset_converter_0_0 is either unconnected or has no load
INFO: [Synth 8-7129] Port tdata[7] in module tkeep_system_axis_subset_converter_0_0 is either unconnected or has no load
INFO: [Synth 8-7129] Port tdata[6] in module tkeep_system_axis_subset_converter_0_0 is either unconnected or has no load
INFO: [Synth 8-7129] Port tdata[5] in module tkeep_system_axis_subset_converter_0_0 is either unconnected or has no load
INFO: [Synth 8-7129] Port tdata[4] in module tkeep_system_axis_subset_converter_0_0 is either unconnected or has no load
INFO: [Synth 8-7129] Port tdata[3] in module tkeep_system_axis_subset_converter_0_0 is either unconnected or has no load
INFO: [Synth 8-7129] Port tdata[2] in module tkeep_system_axis_subset_converter_0_0 is either unconnected or has no load
INFO: [Synth 8-7129] Port tdata[1] in module tkeep_system_axis_subset_converter_0_0 is either unconnected or has no load
INFO: [Synth 8-7129] Port tdata[0] in module tkeep_system_axis_subset_converter_0_0 is either unconnected or has no load
INFO: [Synth 8-7129] Port tuser[0] in module tkeep_system_axis_subset_converter_0_0 is either unconnected or has no load
INFO: [Synth 8-7129] Port tid[0] in module tkeep_system_axis_subset_converter_0_0 is either unconnected or has no load
INFO: [Synth 8-7129] Port tdest[0] in module tkeep_system_axis_subset_converter_0_0 is either unconnected or has no load
INFO: [Synth 8-7129] Port tkeep[3] in module tkeep_system_axis_subset_converter_0_0 is either unconnected or has no load
INFO: [Synth 8-7129] Port tstrb[3] in module tkeep_system_axis_subset_converter_0_0 is either unconnected or has no load
INFO: [Synth 8-7129] Port tstrb[2] in module tkeep_system_axis_subset_converter_0_0 is either unconnected or has no load
INFO: [Synth 8-7129] Port tstrb[1] in module tkeep_system_axis_subset_converter_0_0 is either unconnected or has no load
INFO: [Synth 8-7129] Port tstrb[0] in module tkeep_system_axis_subset_converter_0_0 is either unconnected or has no load
INFO: [Synth 8-7129] Port tlast in module tkeep_system_axis_subset_converter_0_0 is either unconnected or has no load
INFO: [Synth 8-7129] Port tdata[31] in module tstrb_system_axis_subset_converter_0_0 is either unconnected or has no load
INFO: [Synth 8-7129] Port tdata[30] in module tstrb_system_axis_subset_converter_0_0 is either unconnected or has no load
INFO: [Synth 8-7129] Port tdata[29] in module tstrb_system_axis_subset_converter_0_0 is either unconnected or has no load
INFO: [Synth 8-7129] Port tdata[28] in module tstrb_system_axis_subset_converter_0_0 is either unconnected or has no load
INFO: [Synth 8-7129] Port tdata[27] in module tstrb_system_axis_subset_converter_0_0 is either unconnected or has no load
INFO: [Synth 8-7129] Port tdata[26] in module tstrb_system_axis_subset_converter_0_0 is either unconnected or has no load
INFO: [Synth 8-7129] Port tdata[25] in module tstrb_system_axis_subset_converter_0_0 is either unconnected or has no load
INFO: [Synth 8-7129] Port tdata[24] in module tstrb_system_axis_subset_converter_0_0 is either unconnected or has no load
INFO: [Synth 8-7129] Port tdata[23] in module tstrb_system_axis_subset_converter_0_0 is either unconnected or has no load
INFO: [Synth 8-7129] Port tdata[22] in module tstrb_system_axis_subset_converter_0_0 is either unconnected or has no load
INFO: [Synth 8-7129] Port tdata[21] in module tstrb_system_axis_subset_converter_0_0 is either unconnected or has no load
INFO: [Synth 8-7129] Port tdata[20] in module tstrb_system_axis_subset_converter_0_0 is either unconnected or has no load
INFO: [Synth 8-7129] Port tdata[19] in module tstrb_system_axis_subset_converter_0_0 is either unconnected or has no load
INFO: [Synth 8-7129] Port tdata[18] in module tstrb_system_axis_subset_converter_0_0 is either unconnected or has no load
INFO: [Synth 8-7129] Port tdata[17] in module tstrb_system_axis_subset_converter_0_0 is either unconnected or has no load
INFO: [Synth 8-7129] Port tdata[16] in module tstrb_system_axis_subset_converter_0_0 is either unconnected or has no load
INFO: [Common 17-14] Message 'Synth 8-7129' appears 100 times and further instances of the messages will be disabled. Use the Tcl command set_msg_config to change the current settings.
---------------------------------------------------------------------------------
Finished RTL Elaboration : Time (s): cpu = 00:00:07 ; elapsed = 00:00:08 . Memory (MB): peak = 1574.289 ; gain = 667.488
---------------------------------------------------------------------------------
---------------------------------------------------------------------------------
Start Handling Custom Attributes
---------------------------------------------------------------------------------
---------------------------------------------------------------------------------
Finished Handling Custom Attributes : Time (s): cpu = 00:00:07 ; elapsed = 00:00:08 . Memory (MB): peak = 1574.289 ; gain = 667.488
---------------------------------------------------------------------------------
---------------------------------------------------------------------------------
Finished RTL Optimization Phase 1 : Time (s): cpu = 00:00:07 ; elapsed = 00:00:08 . Memory (MB): peak = 1574.289 ; gain = 667.488
---------------------------------------------------------------------------------
Netlist sorting complete. Time (s): cpu = 00:00:00 ; elapsed = 00:00:00.002 . Memory (MB): peak = 1574.289 ; gain = 0.000
INFO: [Project 1-570] Preparing netlist for logic optimization

Processing XDC Constraints
Initializing timing engine
Parsing XDC File [g:/proj/fpga/zynq7020_mlk2/proj/06_ex_linux_QT_Drive_L2_7020/QT_Drive_Appendix/project/soc_prj/soc_prj.gen/sources_1/bd/system/ip/system_axis_subset_converter_0_0/system_axis_subset_converter_0_0_ooc.xdc] for cell 'inst'
Finished Parsing XDC File [g:/proj/fpga/zynq7020_mlk2/proj/06_ex_linux_QT_Drive_L2_7020/QT_Drive_Appendix/project/soc_prj/soc_prj.gen/sources_1/bd/system/ip/system_axis_subset_converter_0_0/system_axis_subset_converter_0_0_ooc.xdc] for cell 'inst'
Parsing XDC File [G:/proj/fpga/zynq7020_mlk2/proj/06_ex_linux_QT_Drive_L2_7020/QT_Drive_Appendix/project/soc_prj/soc_prj.runs/system_axis_subset_converter_0_0_synth_1/dont_touch.xdc]
Finished Parsing XDC File [G:/proj/fpga/zynq7020_mlk2/proj/06_ex_linux_QT_Drive_L2_7020/QT_Drive_Appendix/project/soc_prj/soc_prj.runs/system_axis_subset_converter_0_0_synth_1/dont_touch.xdc]
Completed Processing XDC Constraints

Netlist sorting complete. Time (s): cpu = 00:00:00 ; elapsed = 00:00:00 . Memory (MB): peak = 1574.289 ; gain = 0.000
INFO: [Project 1-111] Unisim Transformation Summary:
No Unisim elements were transformed.

Constraint Validation Runtime : Time (s): cpu = 00:00:00 ; elapsed = 00:00:00.019 . Memory (MB): peak = 1574.289 ; gain = 0.000
INFO: [Designutils 20-5008] Incremental synthesis strategy off
---------------------------------------------------------------------------------
Finished Constraint Validation : Time (s): cpu = 00:00:16 ; elapsed = 00:00:17 . Memory (MB): peak = 1574.289 ; gain = 667.488
---------------------------------------------------------------------------------
---------------------------------------------------------------------------------
Start Loading Part and Timing Information
---------------------------------------------------------------------------------
Loading part: xc7z020clg484-2
---------------------------------------------------------------------------------
Finished Loading Part and Timing Information : Time (s): cpu = 00:00:16 ; elapsed = 00:00:17 . Memory (MB): peak = 1574.289 ; gain = 667.488
---------------------------------------------------------------------------------
---------------------------------------------------------------------------------
Start Applying 'set_property' XDC Constraints
---------------------------------------------------------------------------------
---------------------------------------------------------------------------------
Finished applying 'set_property' XDC Constraints : Time (s): cpu = 00:00:16 ; elapsed = 00:00:17 . Memory (MB): peak = 1574.289 ; gain = 667.488
---------------------------------------------------------------------------------
---------------------------------------------------------------------------------
Finished RTL Optimization Phase 2 : Time (s): cpu = 00:00:16 ; elapsed = 00:00:17 . Memory (MB): peak = 1574.289 ; gain = 667.488
---------------------------------------------------------------------------------
---------------------------------------------------------------------------------
Start RTL Component Statistics 
---------------------------------------------------------------------------------
Detailed RTL Component Info : 
---------------------------------------------------------------------------------
Finished RTL Component Statistics 
---------------------------------------------------------------------------------
---------------------------------------------------------------------------------
Start Part Resource Summary
---------------------------------------------------------------------------------
Part Resources:
DSPs: 220 (col length:60)
BRAMs: 280 (col length: RAMB18 60 RAMB36 30)
---------------------------------------------------------------------------------
Finished Part Resource Summary
---------------------------------------------------------------------------------
---------------------------------------------------------------------------------
Start Cross Boundary and Area Optimization
---------------------------------------------------------------------------------
---------------------------------------------------------------------------------
Finished Cross Boundary and Area Optimization : Time (s): cpu = 00:00:18 ; elapsed = 00:00:19 . Memory (MB): peak = 1579.652 ; gain = 672.852
---------------------------------------------------------------------------------
---------------------------------------------------------------------------------
Start Applying XDC Timing Constraints
---------------------------------------------------------------------------------
---------------------------------------------------------------------------------
Finished Applying XDC Timing Constraints : Time (s): cpu = 00:00:24 ; elapsed = 00:00:25 . Memory (MB): peak = 1748.594 ; gain = 841.793
---------------------------------------------------------------------------------
---------------------------------------------------------------------------------
Start Timing Optimization
---------------------------------------------------------------------------------
---------------------------------------------------------------------------------
Finished Timing Optimization : Time (s): cpu = 00:00:24 ; elapsed = 00:00:25 . Memory (MB): peak = 1748.855 ; gain = 842.055
---------------------------------------------------------------------------------
---------------------------------------------------------------------------------
Start Technology Mapping
---------------------------------------------------------------------------------
---------------------------------------------------------------------------------
Finished Technology Mapping : Time (s): cpu = 00:00:24 ; elapsed = 00:00:25 . Memory (MB): peak = 1758.406 ; gain = 851.605
---------------------------------------------------------------------------------
---------------------------------------------------------------------------------
Start IO Insertion
---------------------------------------------------------------------------------
---------------------------------------------------------------------------------
Start Flattening Before IO Insertion
---------------------------------------------------------------------------------
---------------------------------------------------------------------------------
Finished Flattening Before IO Insertion
---------------------------------------------------------------------------------
---------------------------------------------------------------------------------
Start Final Netlist Cleanup
---------------------------------------------------------------------------------
---------------------------------------------------------------------------------
Finished Final Netlist Cleanup
---------------------------------------------------------------------------------
---------------------------------------------------------------------------------
Finished IO Insertion : Time (s): cpu = 00:00:28 ; elapsed = 00:00:29 . Memory (MB): peak = 2008.312 ; gain = 1101.512
---------------------------------------------------------------------------------
---------------------------------------------------------------------------------
Start Renaming Generated Instances
---------------------------------------------------------------------------------
---------------------------------------------------------------------------------
Finished Renaming Generated Instances : Time (s): cpu = 00:00:28 ; elapsed = 00:00:29 . Memory (MB): peak = 2008.312 ; gain = 1101.512
---------------------------------------------------------------------------------
---------------------------------------------------------------------------------
Start Rebuilding User Hierarchy
---------------------------------------------------------------------------------
---------------------------------------------------------------------------------
Finished Rebuilding User Hierarchy : Time (s): cpu = 00:00:28 ; elapsed = 00:00:29 . Memory (MB): peak = 2008.312 ; gain = 1101.512
---------------------------------------------------------------------------------
---------------------------------------------------------------------------------
Start Renaming Generated Ports
---------------------------------------------------------------------------------
---------------------------------------------------------------------------------
Finished Renaming Generated Ports : Time (s): cpu = 00:00:28 ; elapsed = 00:00:29 . Memory (MB): peak = 2008.312 ; gain = 1101.512
---------------------------------------------------------------------------------
---------------------------------------------------------------------------------
Start Handling Custom Attributes
---------------------------------------------------------------------------------
---------------------------------------------------------------------------------
Finished Handling Custom Attributes : Time (s): cpu = 00:00:28 ; elapsed = 00:00:29 . Memory (MB): peak = 2008.312 ; gain = 1101.512
---------------------------------------------------------------------------------
---------------------------------------------------------------------------------
Start Renaming Generated Nets
---------------------------------------------------------------------------------
---------------------------------------------------------------------------------
Finished Renaming Generated Nets : Time (s): cpu = 00:00:28 ; elapsed = 00:00:29 . Memory (MB): peak = 2008.312 ; gain = 1101.512
---------------------------------------------------------------------------------
---------------------------------------------------------------------------------
Start Writing Synthesis Report
---------------------------------------------------------------------------------

Report BlackBoxes: 
+-+--------------+----------+
| |BlackBox name |Instances |
+-+--------------+----------+
+-+--------------+----------+

Report Cell Usage: 
+-+-----+------+
| |Cell |Count |
+-+-----+------+
+-+-----+------+
---------------------------------------------------------------------------------
Finished Writing Synthesis Report : Time (s): cpu = 00:00:28 ; elapsed = 00:00:29 . Memory (MB): peak = 2008.312 ; gain = 1101.512
---------------------------------------------------------------------------------
Synthesis finished with 0 errors, 0 critical warnings and 0 warnings.
Synthesis Optimization Runtime : Time (s): cpu = 00:00:19 ; elapsed = 00:00:27 . Memory (MB): peak = 2008.312 ; gain = 1101.512
Synthesis Optimization Complete : Time (s): cpu = 00:00:28 ; elapsed = 00:00:30 . Memory (MB): peak = 2008.312 ; gain = 1101.512
INFO: [Project 1-571] Translating synthesized netlist
Netlist sorting complete. Time (s): cpu = 00:00:00 ; elapsed = 00:00:00 . Memory (MB): peak = 2008.312 ; gain = 0.000
INFO: [Project 1-570] Preparing netlist for logic optimization
INFO: [Opt 31-138] Pushed 0 inverter(s) to 0 load pin(s).
Netlist sorting complete. Time (s): cpu = 00:00:00 ; elapsed = 00:00:00 . Memory (MB): peak = 2012.953 ; gain = 0.000
INFO: [Project 1-111] Unisim Transformation Summary:
No Unisim elements were transformed.

Synth Design complete | Checksum: caffa54a
INFO: [Common 17-83] Releasing license: Synthesis
137 Infos, 1 Warnings, 0 Critical Warnings and 0 Errors encountered.
synth_design completed successfully
synth_design: Time (s): cpu = 00:00:33 ; elapsed = 00:00:35 . Memory (MB): peak = 2016.938 ; gain = 1337.977
INFO: [Common 17-1381] The checkpoint 'G:/proj/fpga/zynq7020_mlk2/proj/06_ex_linux_QT_Drive_L2_7020/QT_Drive_Appendix/project/soc_prj/soc_prj.runs/system_axis_subset_converter_0_0_synth_1/system_axis_subset_converter_0_0.dcp' has been generated.
INFO: [Coretcl 2-1648] Added synthesis output to IP cache for IP system_axis_subset_converter_0_0, cache-ID = 783e463a1b78ecb3
INFO: [Common 17-1381] The checkpoint 'G:/proj/fpga/zynq7020_mlk2/proj/06_ex_linux_QT_Drive_L2_7020/QT_Drive_Appendix/project/soc_prj/soc_prj.runs/system_axis_subset_converter_0_0_synth_1/system_axis_subset_converter_0_0.dcp' has been generated.
INFO: [Vivado 12-24828] Executing command : report_utilization -file system_axis_subset_converter_0_0_utilization_synth.rpt -pb system_axis_subset_converter_0_0_utilization_synth.pb
INFO: [Common 17-206] Exiting Vivado at Thu Feb 19 11:23:59 2026...
