
*** Running vivado
    with args -log system_ui_image_correction_0_0.vds -m64 -product Vivado -mode batch -messageDb vivado.pb -notrace -source system_ui_image_correction_0_0.tcl



****** Vivado v2025.2 (64-bit)
  **** SW Build 6299465 on Fri Nov 14 19:35:11 GMT 2025
  **** IP Build 6300035 on Fri Nov 14 10:48:45 MST 2025
  **** SharedData Build 6298862 on Thu Nov 13 04:50:51 MST 2025
  **** Start of session at: Thu Feb 19 16:41:41 2026
    ** Copyright 1986-2022 Xilinx, Inc. All Rights Reserved.
    ** Copyright 2022-2025 Advanced Micro Devices, Inc. All Rights Reserved.

source system_ui_image_correction_0_0.tcl -notrace
create_project: Time (s): cpu = 00:00:08 ; elapsed = 00:00:06 . Memory (MB): peak = 664.574 ; gain = 223.383
INFO: [IP_Flow 19-234] Refreshing IP repositories
WARNING: [IP_Flow 19-1694] Ignoring duplicate Bus Definition IP file 'xilinx.com:user:FDMA:1.0' found within IP repository 'g:/proj/fpga/zynq7020_mlk2/proj/linux_QT/QT/project/soc_prj'.
File in use: g:/proj/fpga/zynq7020_mlk2/proj/linux_QT/QT/project/soc_prj/uisrc/ip/uifdma/milianke_ip_uifdma/FDMA.xml
File ignored: g:/proj/fpga/zynq7020_mlk2/proj/linux_QT/QT/project/soc_prj/uisrc/ip/uifdmadbuf/FDMA.xml
WARNING: [IP_Flow 19-1694] Ignoring duplicate Bus Abstraction IP file 'xilinx.com:user:FDMA_rtl:1.0' found within IP repository 'g:/proj/fpga/zynq7020_mlk2/proj/linux_QT/QT/project/soc_prj'.
File in use: g:/proj/fpga/zynq7020_mlk2/proj/linux_QT/QT/project/soc_prj/uisrc/ip/uifdma/milianke_ip_uifdma/FDMA_rtl.xml
File ignored: g:/proj/fpga/zynq7020_mlk2/proj/linux_QT/QT/project/soc_prj/uisrc/ip/uifdmadbuf/FDMA_rtl.xml
INFO: [IP_Flow 19-1700] Loaded user IP repository 'g:/proj/fpga/zynq7020_mlk2/proj/linux_QT/QT/project/soc_prj'.
WARNING: [IP_Flow 19-3656] If you move the project, the path for repository 'g:/proj/fpga/zynq7020_mlk2/proj/linux_QT/QT/project/soc_prj' may become invalid. A better location for the repository would be in a path adjacent to the project. (Current project location is 'g:/proj/fpga/zynq7020_mlk2/proj/linux_QT/QT/project/soc_prj/soc_prj.runs/system_ui_image_correction_0_0_synth_1'.)
INFO: [IP_Flow 19-2313] Loaded Vivado IP repository 'D:/Xilinx/2025.2/Vivado/data/ip'.
Command: synth_design -top system_ui_image_correction_0_0 -part xc7z020clg484-2 -incremental_mode off -mode out_of_context
Starting synth_design
Attempting to get a license for feature 'Synthesis' and/or device 'xc7z020'
INFO: [Common 17-349] Got license for feature 'Synthesis' and/or device 'xc7z020'
INFO: [Device 21-403] Loading part xc7z020clg484-2
INFO: [Synth 8-7079] Multithreading enabled for synth_design using a maximum of 2 processes.
INFO: [Synth 8-7078] Launching helper process for spawning children vivado processes
INFO: [Synth 8-7075] Helper process launched with PID 47444
---------------------------------------------------------------------------------
Starting RTL Elaboration : Time (s): cpu = 00:00:05 ; elapsed = 00:00:05 . Memory (MB): peak = 1450.965 ; gain = 541.629
---------------------------------------------------------------------------------
INFO: [Synth 8-6157] synthesizing module 'system_ui_image_correction_0_0' [g:/proj/fpga/zynq7020_mlk2/proj/linux_QT/QT/project/soc_prj/soc_prj.gen/sources_1/bd/system/ip/system_ui_image_correction_0_0/synth/system_ui_image_correction_0_0.v:53]
INFO: [Synth 8-6157] synthesizing module 'image_correction' [g:/proj/fpga/zynq7020_mlk2/proj/linux_QT/QT/project/soc_prj/soc_prj.gen/sources_1/bd/system/ipshared/413e/image_correction.v:19]
WARNING: [Synth 8-6104] Input port 'I_raw_tready' has an internal driver [g:/proj/fpga/zynq7020_mlk2/proj/linux_QT/QT/project/soc_prj/soc_prj.gen/sources_1/bd/system/ipshared/413e/image_correction.v:93]
INFO: [Synth 8-6155] done synthesizing module 'image_correction' (0#1) [g:/proj/fpga/zynq7020_mlk2/proj/linux_QT/QT/project/soc_prj/soc_prj.gen/sources_1/bd/system/ipshared/413e/image_correction.v:19]
INFO: [Synth 8-6155] done synthesizing module 'system_ui_image_correction_0_0' (0#1) [g:/proj/fpga/zynq7020_mlk2/proj/linux_QT/QT/project/soc_prj/soc_prj.gen/sources_1/bd/system/ip/system_ui_image_correction_0_0/synth/system_ui_image_correction_0_0.v:53]
WARNING: [Synth 8-3848] Net O_raw_tready in module/entity image_correction does not have driver. [g:/proj/fpga/zynq7020_mlk2/proj/linux_QT/QT/project/soc_prj/soc_prj.gen/sources_1/bd/system/ipshared/413e/image_correction.v:40]
---------------------------------------------------------------------------------
Finished RTL Elaboration : Time (s): cpu = 00:00:06 ; elapsed = 00:00:07 . Memory (MB): peak = 1573.414 ; gain = 664.078
---------------------------------------------------------------------------------
---------------------------------------------------------------------------------
Start Handling Custom Attributes
---------------------------------------------------------------------------------
---------------------------------------------------------------------------------
Finished Handling Custom Attributes : Time (s): cpu = 00:00:06 ; elapsed = 00:00:07 . Memory (MB): peak = 1573.414 ; gain = 664.078
---------------------------------------------------------------------------------
---------------------------------------------------------------------------------
Finished RTL Optimization Phase 1 : Time (s): cpu = 00:00:06 ; elapsed = 00:00:07 . Memory (MB): peak = 1573.414 ; gain = 664.078
---------------------------------------------------------------------------------
Netlist sorting complete. Time (s): cpu = 00:00:00 ; elapsed = 00:00:00.003 . Memory (MB): peak = 1573.414 ; gain = 0.000
INFO: [Project 1-570] Preparing netlist for logic optimization

Processing XDC Constraints
Initializing timing engine
Completed Processing XDC Constraints

Netlist sorting complete. Time (s): cpu = 00:00:00 ; elapsed = 00:00:00 . Memory (MB): peak = 1623.621 ; gain = 0.000
INFO: [Project 1-111] Unisim Transformation Summary:
No Unisim elements were transformed.

Constraint Validation Runtime : Time (s): cpu = 00:00:00 ; elapsed = 00:00:00.018 . Memory (MB): peak = 1623.652 ; gain = 0.031
INFO: [Designutils 20-5008] Incremental synthesis strategy off
---------------------------------------------------------------------------------
Finished Constraint Validation : Time (s): cpu = 00:00:13 ; elapsed = 00:00:14 . Memory (MB): peak = 1623.652 ; gain = 714.316
---------------------------------------------------------------------------------
---------------------------------------------------------------------------------
Start Loading Part and Timing Information
---------------------------------------------------------------------------------
Loading part: xc7z020clg484-2
---------------------------------------------------------------------------------
Finished Loading Part and Timing Information : Time (s): cpu = 00:00:13 ; elapsed = 00:00:14 . Memory (MB): peak = 1623.652 ; gain = 714.316
---------------------------------------------------------------------------------
---------------------------------------------------------------------------------
Start Applying 'set_property' XDC Constraints
---------------------------------------------------------------------------------
---------------------------------------------------------------------------------
Finished applying 'set_property' XDC Constraints : Time (s): cpu = 00:00:13 ; elapsed = 00:00:14 . Memory (MB): peak = 1623.652 ; gain = 714.316
---------------------------------------------------------------------------------
---------------------------------------------------------------------------------
Finished RTL Optimization Phase 2 : Time (s): cpu = 00:00:13 ; elapsed = 00:00:14 . Memory (MB): peak = 1623.652 ; gain = 714.316
---------------------------------------------------------------------------------
No constraint files found.
---------------------------------------------------------------------------------
Start RTL Component Statistics 
---------------------------------------------------------------------------------
Detailed RTL Component Info : 
+---Adders : 
	   2 Input   15 Bit       Adders := 1     
+---Registers : 
	               40 Bit    Registers := 1     
	               15 Bit    Registers := 1     
	               10 Bit    Registers := 1     
	                1 Bit    Registers := 2     
+---Muxes : 
	   2 Input   40 Bit        Muxes := 1     
	   2 Input   15 Bit        Muxes := 2     
	   2 Input    1 Bit        Muxes := 2     
---------------------------------------------------------------------------------
Finished RTL Component Statistics 
---------------------------------------------------------------------------------
---------------------------------------------------------------------------------
Start Part Resource Summary
---------------------------------------------------------------------------------
Part Resources:
DSPs: 220 (col length:60)
BRAMs: 280 (col length: RAMB18 60 RAMB36 30)
---------------------------------------------------------------------------------
Finished Part Resource Summary
---------------------------------------------------------------------------------
No constraint files found.
---------------------------------------------------------------------------------
Start Cross Boundary and Area Optimization
---------------------------------------------------------------------------------
---------------------------------------------------------------------------------
Finished Cross Boundary and Area Optimization : Time (s): cpu = 00:00:15 ; elapsed = 00:00:16 . Memory (MB): peak = 1623.652 ; gain = 714.316
---------------------------------------------------------------------------------
No constraint files found.
---------------------------------------------------------------------------------
Start Timing Optimization
---------------------------------------------------------------------------------
---------------------------------------------------------------------------------
Finished Timing Optimization : Time (s): cpu = 00:00:15 ; elapsed = 00:00:16 . Memory (MB): peak = 1623.652 ; gain = 714.316
---------------------------------------------------------------------------------
---------------------------------------------------------------------------------
Start Technology Mapping
---------------------------------------------------------------------------------
---------------------------------------------------------------------------------
Finished Technology Mapping : Time (s): cpu = 00:00:15 ; elapsed = 00:00:16 . Memory (MB): peak = 1623.652 ; gain = 714.316
---------------------------------------------------------------------------------
---------------------------------------------------------------------------------
Start IO Insertion
---------------------------------------------------------------------------------
---------------------------------------------------------------------------------
Start Flattening Before IO Insertion
---------------------------------------------------------------------------------
---------------------------------------------------------------------------------
Finished Flattening Before IO Insertion
---------------------------------------------------------------------------------
---------------------------------------------------------------------------------
Start Final Netlist Cleanup
---------------------------------------------------------------------------------
---------------------------------------------------------------------------------
Finished Final Netlist Cleanup
---------------------------------------------------------------------------------
---------------------------------------------------------------------------------
Finished IO Insertion : Time (s): cpu = 00:00:17 ; elapsed = 00:00:18 . Memory (MB): peak = 1861.508 ; gain = 952.172
---------------------------------------------------------------------------------
---------------------------------------------------------------------------------
Start Renaming Generated Instances
---------------------------------------------------------------------------------
---------------------------------------------------------------------------------
Finished Renaming Generated Instances : Time (s): cpu = 00:00:17 ; elapsed = 00:00:18 . Memory (MB): peak = 1861.508 ; gain = 952.172
---------------------------------------------------------------------------------
---------------------------------------------------------------------------------
Start Rebuilding User Hierarchy
---------------------------------------------------------------------------------
---------------------------------------------------------------------------------
Finished Rebuilding User Hierarchy : Time (s): cpu = 00:00:17 ; elapsed = 00:00:18 . Memory (MB): peak = 1861.508 ; gain = 952.172
---------------------------------------------------------------------------------
---------------------------------------------------------------------------------
Start Renaming Generated Ports
---------------------------------------------------------------------------------
---------------------------------------------------------------------------------
Finished Renaming Generated Ports : Time (s): cpu = 00:00:17 ; elapsed = 00:00:18 . Memory (MB): peak = 1861.508 ; gain = 952.172
---------------------------------------------------------------------------------
---------------------------------------------------------------------------------
Start Handling Custom Attributes
---------------------------------------------------------------------------------
---------------------------------------------------------------------------------
Finished Handling Custom Attributes : Time (s): cpu = 00:00:17 ; elapsed = 00:00:18 . Memory (MB): peak = 1861.508 ; gain = 952.172
---------------------------------------------------------------------------------
---------------------------------------------------------------------------------
Start Renaming Generated Nets
---------------------------------------------------------------------------------
---------------------------------------------------------------------------------
Finished Renaming Generated Nets : Time (s): cpu = 00:00:17 ; elapsed = 00:00:18 . Memory (MB): peak = 1861.508 ; gain = 952.172
---------------------------------------------------------------------------------
---------------------------------------------------------------------------------
Start Writing Synthesis Report
---------------------------------------------------------------------------------

Report BlackBoxes: 
+-+--------------+----------+
| |BlackBox name |Instances |
+-+--------------+----------+
+-+--------------+----------+

Report Cell Usage: 
+------+-------+------+
|      |Cell   |Count |
+------+-------+------+
|1     |CARRY4 |     8|
|2     |LUT1   |     1|
|3     |LUT2   |    18|
|4     |LUT3   |    15|
|5     |LUT4   |     4|
|6     |LUT5   |     6|
|7     |LUT6   |    47|
|8     |FDCE   |    82|
+------+-------+------+
---------------------------------------------------------------------------------
Finished Writing Synthesis Report : Time (s): cpu = 00:00:17 ; elapsed = 00:00:18 . Memory (MB): peak = 1861.508 ; gain = 952.172
---------------------------------------------------------------------------------
Synthesis finished with 0 errors, 0 critical warnings and 0 warnings.
Synthesis Optimization Runtime : Time (s): cpu = 00:00:09 ; elapsed = 00:00:17 . Memory (MB): peak = 1861.508 ; gain = 901.934
Synthesis Optimization Complete : Time (s): cpu = 00:00:17 ; elapsed = 00:00:18 . Memory (MB): peak = 1861.508 ; gain = 952.172
INFO: [Project 1-571] Translating synthesized netlist
Netlist sorting complete. Time (s): cpu = 00:00:00 ; elapsed = 00:00:00.002 . Memory (MB): peak = 1873.543 ; gain = 0.000
INFO: [Netlist 29-17] Analyzing 8 Unisim elements for replacement
INFO: [Netlist 29-28] Unisim Transformation completed in 0 CPU seconds
INFO: [Project 1-570] Preparing netlist for logic optimization
INFO: [Opt 31-138] Pushed 0 inverter(s) to 0 load pin(s).
Netlist sorting complete. Time (s): cpu = 00:00:00 ; elapsed = 00:00:00 . Memory (MB): peak = 1965.930 ; gain = 0.000
INFO: [Project 1-111] Unisim Transformation Summary:
No Unisim elements were transformed.

Synth Design complete | Checksum: 9779a57e
INFO: [Common 17-83] Releasing license: Synthesis
22 Infos, 5 Warnings, 0 Critical Warnings and 0 Errors encountered.
synth_design completed successfully
synth_design: Time (s): cpu = 00:00:21 ; elapsed = 00:00:22 . Memory (MB): peak = 1965.930 ; gain = 1283.656
Write ShapeDB Complete: Time (s): cpu = 00:00:00 ; elapsed = 00:00:00 . Memory (MB): peak = 1965.930 ; gain = 0.000
INFO: [Common 17-1381] The checkpoint 'G:/proj/fpga/zynq7020_mlk2/proj/linux_QT/QT/project/soc_prj/soc_prj.runs/system_ui_image_correction_0_0_synth_1/system_ui_image_correction_0_0.dcp' has been generated.
INFO: [Coretcl 2-1648] Added synthesis output to IP cache for IP system_ui_image_correction_0_0, cache-ID = d3615ed7f8326ea4
Write ShapeDB Complete: Time (s): cpu = 00:00:00 ; elapsed = 00:00:00 . Memory (MB): peak = 1965.930 ; gain = 0.000
INFO: [Common 17-1381] The checkpoint 'G:/proj/fpga/zynq7020_mlk2/proj/linux_QT/QT/project/soc_prj/soc_prj.runs/system_ui_image_correction_0_0_synth_1/system_ui_image_correction_0_0.dcp' has been generated.
INFO: [Vivado 12-24828] Executing command : report_utilization -file system_ui_image_correction_0_0_utilization_synth.rpt -pb system_ui_image_correction_0_0_utilization_synth.pb
INFO: [Common 17-206] Exiting Vivado at Thu Feb 19 16:42:15 2026...
