
*** Running vivado
    with args -log bd_4bad_mac_0.vds -m64 -product Vivado -mode batch -messageDb vivado.pb -notrace -source bd_4bad_mac_0.tcl



****** Vivado v2025.2 (64-bit)
  **** SW Build 6299465 on Fri Nov 14 19:35:11 GMT 2025
  **** IP Build 6300035 on Fri Nov 14 10:48:45 MST 2025
  **** SharedData Build 6298862 on Thu Nov 13 04:50:51 MST 2025
  **** Start of session at: Thu Feb 19 11:21:52 2026
    ** Copyright 1986-2022 Xilinx, Inc. All Rights Reserved.
    ** Copyright 2022-2025 Advanced Micro Devices, Inc. All Rights Reserved.

source bd_4bad_mac_0.tcl -notrace
create_project: Time (s): cpu = 00:00:10 ; elapsed = 00:00:09 . Memory (MB): peak = 664.434 ; gain = 219.594
INFO: [IP_Flow 19-234] Refreshing IP repositories
INFO: [IP_Flow 19-1700] Loaded user IP repository 'g:/proj/fpga/zynq7020_mlk2/proj/06_ex_linux_QT_Drive_L2_7020/QT_Drive_Appendix/project/soc_prj/uisrc/ip'.
INFO: [IP_Flow 19-2313] Loaded Vivado IP repository 'D:/Xilinx/2025.2/Vivado/data/ip'.
WARNING: [IP_Flow 19-4995] The host OS only allows 260 characters in a normal path. The IP cache path is more than 80 characters. If you experience issues with IP caching, please consider changing the IP cache to a location with a shorter path. Alternately consider using the OS subst command to map part of the path to a drive letter. 
Current IP cache path is g:/proj/fpga/zynq7020_mlk2/proj/06_ex_linux_QT_Drive_L2_7020/QT_Drive_Appendix/project/soc_prj/soc_prj.cache/ip 
Command: synth_design -top bd_4bad_mac_0 -part xc7z020clg484-2 -incremental_mode off -mode out_of_context
Starting synth_design
Attempting to get a license for feature 'Synthesis' and/or device 'xc7z020'
INFO: [Common 17-349] Got license for feature 'Synthesis' and/or device 'xc7z020'
INFO: [Device 21-403] Loading part xc7z020clg484-2
INFO: [Synth 8-7079] Multithreading enabled for synth_design using a maximum of 2 processes.
INFO: [Synth 8-7078] Launching helper process for spawning children vivado processes
INFO: [Synth 8-7075] Helper process launched with PID 38496
---------------------------------------------------------------------------------
Starting RTL Elaboration : Time (s): cpu = 00:00:07 ; elapsed = 00:00:07 . Memory (MB): peak = 1451.598 ; gain = 539.176
---------------------------------------------------------------------------------
INFO: [Synth 8-11241] undeclared symbol 'multiple_attempt', assumed default net type 'wire' [g:/proj/fpga/zynq7020_mlk2/proj/06_ex_linux_QT_Drive_L2_7020/QT_Drive_Appendix/project/soc_prj/soc_prj.gen/sources_1/bd/system/ip/system_axi_ethernet_0_0/bd_0/ip/ip_1/synth/statistics/bd_4bad_mac_0_vector_decode.v:575]
INFO: [Synth 8-11241] undeclared symbol 'single_attempt', assumed default net type 'wire' [g:/proj/fpga/zynq7020_mlk2/proj/06_ex_linux_QT_Drive_L2_7020/QT_Drive_Appendix/project/soc_prj/soc_prj.gen/sources_1/bd/system/ip/system_axi_ethernet_0_0/bd_0/ip/ip_1/synth/statistics/bd_4bad_mac_0_vector_decode.v:581]
INFO: [Synth 8-11241] undeclared symbol 'gtx_mmcm_rst', assumed default net type 'wire' [g:/proj/fpga/zynq7020_mlk2/proj/06_ex_linux_QT_Drive_L2_7020/QT_Drive_Appendix/project/soc_prj/soc_prj.gen/sources_1/bd/system/ip/system_axi_ethernet_0_0/bd_0/ip/ip_1/synth/bd_4bad_mac_0_support.v:186]
INFO: [Synth 8-11241] undeclared symbol 'gtx_mmcm_locked', assumed default net type 'wire' [g:/proj/fpga/zynq7020_mlk2/proj/06_ex_linux_QT_Drive_L2_7020/QT_Drive_Appendix/project/soc_prj/soc_prj.gen/sources_1/bd/system/ip/system_axi_ethernet_0_0/bd_0/ip/ip_1/synth/bd_4bad_mac_0_support.v:187]
INFO: [Synth 8-11241] undeclared symbol 'idelayctrl_ready', assumed default net type 'wire' [g:/proj/fpga/zynq7020_mlk2/proj/06_ex_linux_QT_Drive_L2_7020/QT_Drive_Appendix/project/soc_prj/soc_prj.gen/sources_1/bd/system/ip/system_axi_ethernet_0_0/bd_0/ip/ip_1/synth/bd_4bad_mac_0_support.v:194]
INFO: [Synth 8-11241] undeclared symbol 'idelayctrl_reset', assumed default net type 'wire' [g:/proj/fpga/zynq7020_mlk2/proj/06_ex_linux_QT_Drive_L2_7020/QT_Drive_Appendix/project/soc_prj/soc_prj.gen/sources_1/bd/system/ip/system_axi_ethernet_0_0/bd_0/ip/ip_1/synth/bd_4bad_mac_0_support.v:196]
INFO: [Synth 8-11241] undeclared symbol 'clkout0', assumed default net type 'wire' [g:/proj/fpga/zynq7020_mlk2/proj/06_ex_linux_QT_Drive_L2_7020/QT_Drive_Appendix/project/soc_prj/soc_prj.gen/sources_1/bd/system/ip/system_axi_ethernet_0_0/bd_0/ip/ip_1/synth/bd_4bad_mac_0_support_clocking.v:121]
INFO: [Synth 8-11241] undeclared symbol 'clkout1', assumed default net type 'wire' [g:/proj/fpga/zynq7020_mlk2/proj/06_ex_linux_QT_Drive_L2_7020/QT_Drive_Appendix/project/soc_prj/soc_prj.gen/sources_1/bd/system/ip/system_axi_ethernet_0_0/bd_0/ip/ip_1/synth/bd_4bad_mac_0_support_clocking.v:123]
INFO: [Synth 8-11241] undeclared symbol 'clkout2', assumed default net type 'wire' [g:/proj/fpga/zynq7020_mlk2/proj/06_ex_linux_QT_Drive_L2_7020/QT_Drive_Appendix/project/soc_prj/soc_prj.gen/sources_1/bd/system/ip/system_axi_ethernet_0_0/bd_0/ip/ip_1/synth/bd_4bad_mac_0_support_clocking.v:125]
INFO: [Synth 8-6157] synthesizing module 'bd_4bad_mac_0' [g:/proj/fpga/zynq7020_mlk2/proj/06_ex_linux_QT_Drive_L2_7020/QT_Drive_Appendix/project/soc_prj/soc_prj.gen/sources_1/bd/system/ip/system_axi_ethernet_0_0/bd_0/ip/ip_1/synth/bd_4bad_mac_0.v:64]
INFO: [Synth 8-6157] synthesizing module 'bd_4bad_mac_0_support' [g:/proj/fpga/zynq7020_mlk2/proj/06_ex_linux_QT_Drive_L2_7020/QT_Drive_Appendix/project/soc_prj/soc_prj.gen/sources_1/bd/system/ip/system_axi_ethernet_0_0/bd_0/ip/ip_1/synth/bd_4bad_mac_0_support.v:66]
INFO: [Synth 8-6157] synthesizing module 'bd_4bad_mac_0_support_clocking' [g:/proj/fpga/zynq7020_mlk2/proj/06_ex_linux_QT_Drive_L2_7020/QT_Drive_Appendix/project/soc_prj/soc_prj.gen/sources_1/bd/system/ip/system_axi_ethernet_0_0/bd_0/ip/ip_1/synth/bd_4bad_mac_0_support_clocking.v:67]
INFO: [Synth 8-6157] synthesizing module 'MMCME2_ADV' [D:/Xilinx/2025.2/Vivado/scripts/rt/data/unisim_comp.v:95844]
INFO: [Synth 8-6155] done synthesizing module 'MMCME2_ADV' (0#1) [D:/Xilinx/2025.2/Vivado/scripts/rt/data/unisim_comp.v:95844]
INFO: [Synth 8-6157] synthesizing module 'BUFGCE' [D:/Xilinx/2025.2/Vivado/scripts/rt/data/unisim_comp.v:2688]
INFO: [Synth 8-6155] done synthesizing module 'BUFGCE' (0#1) [D:/Xilinx/2025.2/Vivado/scripts/rt/data/unisim_comp.v:2688]
INFO: [Synth 8-6155] done synthesizing module 'bd_4bad_mac_0_support_clocking' (0#1) [g:/proj/fpga/zynq7020_mlk2/proj/06_ex_linux_QT_Drive_L2_7020/QT_Drive_Appendix/project/soc_prj/soc_prj.gen/sources_1/bd/system/ip/system_axi_ethernet_0_0/bd_0/ip/ip_1/synth/bd_4bad_mac_0_support_clocking.v:67]
INFO: [Synth 8-6157] synthesizing module 'bd_4bad_mac_0_support_resets' [g:/proj/fpga/zynq7020_mlk2/proj/06_ex_linux_QT_Drive_L2_7020/QT_Drive_Appendix/project/soc_prj/soc_prj.gen/sources_1/bd/system/ip/system_axi_ethernet_0_0/bd_0/ip/ip_1/synth/bd_4bad_mac_0_support_resets.v:57]
INFO: [Synth 8-6157] synthesizing module 'bd_4bad_mac_0_block_reset_sync' [g:/proj/fpga/zynq7020_mlk2/proj/06_ex_linux_QT_Drive_L2_7020/QT_Drive_Appendix/project/soc_prj/soc_prj.gen/sources_1/bd/system/ip/system_axi_ethernet_0_0/bd_0/ip/ip_1/synth/common/bd_4bad_mac_0_block_reset_sync.v:65]
INFO: [Synth 8-6157] synthesizing module 'FDPE' [D:/Xilinx/2025.2/Vivado/scripts/rt/data/unisim_comp.v:49336]
INFO: [Synth 8-6155] done synthesizing module 'FDPE' (0#1) [D:/Xilinx/2025.2/Vivado/scripts/rt/data/unisim_comp.v:49336]
INFO: [Synth 8-6155] done synthesizing module 'bd_4bad_mac_0_block_reset_sync' (0#1) [g:/proj/fpga/zynq7020_mlk2/proj/06_ex_linux_QT_Drive_L2_7020/QT_Drive_Appendix/project/soc_prj/soc_prj.gen/sources_1/bd/system/ip/system_axi_ethernet_0_0/bd_0/ip/ip_1/synth/common/bd_4bad_mac_0_block_reset_sync.v:65]
INFO: [Synth 8-6157] synthesizing module 'bd_4bad_mac_0_block_sync_block' [g:/proj/fpga/zynq7020_mlk2/proj/06_ex_linux_QT_Drive_L2_7020/QT_Drive_Appendix/project/soc_prj/soc_prj.gen/sources_1/bd/system/ip/system_axi_ethernet_0_0/bd_0/ip/ip_1/synth/common/bd_4bad_mac_0_block_sync_block.v:62]
INFO: [Synth 8-6157] synthesizing module 'FDRE' [D:/Xilinx/2025.2/Vivado/scripts/rt/data/unisim_comp.v:49396]
INFO: [Synth 8-6155] done synthesizing module 'FDRE' (0#1) [D:/Xilinx/2025.2/Vivado/scripts/rt/data/unisim_comp.v:49396]
INFO: [Synth 8-6155] done synthesizing module 'bd_4bad_mac_0_block_sync_block' (0#1) [g:/proj/fpga/zynq7020_mlk2/proj/06_ex_linux_QT_Drive_L2_7020/QT_Drive_Appendix/project/soc_prj/soc_prj.gen/sources_1/bd/system/ip/system_axi_ethernet_0_0/bd_0/ip/ip_1/synth/common/bd_4bad_mac_0_block_sync_block.v:62]
INFO: [Synth 8-6155] done synthesizing module 'bd_4bad_mac_0_support_resets' (0#1) [g:/proj/fpga/zynq7020_mlk2/proj/06_ex_linux_QT_Drive_L2_7020/QT_Drive_Appendix/project/soc_prj/soc_prj.gen/sources_1/bd/system/ip/system_axi_ethernet_0_0/bd_0/ip/ip_1/synth/bd_4bad_mac_0_support_resets.v:57]
INFO: [Synth 8-6157] synthesizing module 'IDELAYCTRL' [D:/Xilinx/2025.2/Vivado/scripts/rt/data/unisim_comp.v:85096]
INFO: [Synth 8-6155] done synthesizing module 'IDELAYCTRL' (0#1) [D:/Xilinx/2025.2/Vivado/scripts/rt/data/unisim_comp.v:85096]
INFO: [Synth 8-6157] synthesizing module 'bd_4bad_mac_0_block' [g:/proj/fpga/zynq7020_mlk2/proj/06_ex_linux_QT_Drive_L2_7020/QT_Drive_Appendix/project/soc_prj/soc_prj.gen/sources_1/bd/system/ip/system_axi_ethernet_0_0/bd_0/ip/ip_1/synth/bd_4bad_mac_0_block.v:117]
INFO: [Synth 8-6157] synthesizing module 'bd_4bad_mac_0_clk_en_gen' [g:/proj/fpga/zynq7020_mlk2/proj/06_ex_linux_QT_Drive_L2_7020/QT_Drive_Appendix/project/soc_prj/soc_prj.gen/sources_1/bd/system/ip/system_axi_ethernet_0_0/bd_0/ip/ip_1/synth/bd_4bad_mac_0_clk_en_gen.v:65]
INFO: [Synth 8-6155] done synthesizing module 'bd_4bad_mac_0_clk_en_gen' (0#1) [g:/proj/fpga/zynq7020_mlk2/proj/06_ex_linux_QT_Drive_L2_7020/QT_Drive_Appendix/project/soc_prj/soc_prj.gen/sources_1/bd/system/ip/system_axi_ethernet_0_0/bd_0/ip/ip_1/synth/bd_4bad_mac_0_clk_en_gen.v:65]
INFO: [Synth 8-6157] synthesizing module 'bd_4bad_mac_0_rgmii_v2_0_if' [g:/proj/fpga/zynq7020_mlk2/proj/06_ex_linux_QT_Drive_L2_7020/QT_Drive_Appendix/project/soc_prj/soc_prj.gen/sources_1/bd/system/ip/system_axi_ethernet_0_0/bd_0/ip/ip_1/synth/physical/bd_4bad_mac_0_rgmii_v2_0_if.v:70]
INFO: [Synth 8-6157] synthesizing module 'OBUF' [D:/Xilinx/2025.2/Vivado/scripts/rt/data/unisim_comp.v:113520]
INFO: [Synth 8-6155] done synthesizing module 'OBUF' (0#1) [D:/Xilinx/2025.2/Vivado/scripts/rt/data/unisim_comp.v:113520]
INFO: [Synth 8-6157] synthesizing module 'IBUF' [D:/Xilinx/2025.2/Vivado/scripts/rt/data/unisim_comp.v:82804]
INFO: [Synth 8-6155] done synthesizing module 'IBUF' (0#1) [D:/Xilinx/2025.2/Vivado/scripts/rt/data/unisim_comp.v:82804]
INFO: [Synth 8-6157] synthesizing module 'ODDR' [D:/Xilinx/2025.2/Vivado/scripts/rt/data/unisim_comp.v:117225]
INFO: [Synth 8-6155] done synthesizing module 'ODDR' (0#1) [D:/Xilinx/2025.2/Vivado/scripts/rt/data/unisim_comp.v:117225]
INFO: [Synth 8-6157] synthesizing module 'IDELAYE2' [D:/Xilinx/2025.2/Vivado/scripts/rt/data/unisim_comp.v:85109]
INFO: [Synth 8-6155] done synthesizing module 'IDELAYE2' (0#1) [D:/Xilinx/2025.2/Vivado/scripts/rt/data/unisim_comp.v:85109]
INFO: [Synth 8-6157] synthesizing module 'IDDR' [D:/Xilinx/2025.2/Vivado/scripts/rt/data/unisim_comp.v:84974]
INFO: [Synth 8-6155] done synthesizing module 'IDDR' (0#1) [D:/Xilinx/2025.2/Vivado/scripts/rt/data/unisim_comp.v:84974]
INFO: [Synth 8-6157] synthesizing module 'BUFIO' [D:/Xilinx/2025.2/Vivado/scripts/rt/data/unisim_comp.v:2951]
INFO: [Synth 8-6155] done synthesizing module 'BUFIO' (0#1) [D:/Xilinx/2025.2/Vivado/scripts/rt/data/unisim_comp.v:2951]
INFO: [Synth 8-6157] synthesizing module 'BUFR' [D:/Xilinx/2025.2/Vivado/scripts/rt/data/unisim_comp.v:3017]
INFO: [Synth 8-6155] done synthesizing module 'BUFR' (0#1) [D:/Xilinx/2025.2/Vivado/scripts/rt/data/unisim_comp.v:3017]
INFO: [Synth 8-6155] done synthesizing module 'bd_4bad_mac_0_rgmii_v2_0_if' (0#1) [g:/proj/fpga/zynq7020_mlk2/proj/06_ex_linux_QT_Drive_L2_7020/QT_Drive_Appendix/project/soc_prj/soc_prj.gen/sources_1/bd/system/ip/system_axi_ethernet_0_0/bd_0/ip/ip_1/synth/physical/bd_4bad_mac_0_rgmii_v2_0_if.v:70]
INFO: [Synth 8-6157] synthesizing module 'bd_4bad_mac_0_axi4_lite_ipif_wrapper' [g:/proj/fpga/zynq7020_mlk2/proj/06_ex_linux_QT_Drive_L2_7020/QT_Drive_Appendix/project/soc_prj/soc_prj.gen/sources_1/bd/system/ip/system_axi_ethernet_0_0/bd_0/ip/ip_1/synth/bd_4bad_mac_0_axi4_lite_ipif_wrapper.v:75]
INFO: [Synth 8-638] synthesizing module 'bd_4bad_mac_0_axi4_lite_ipif_top' [g:/proj/fpga/zynq7020_mlk2/proj/06_ex_linux_QT_Drive_L2_7020/QT_Drive_Appendix/project/soc_prj/soc_prj.gen/sources_1/bd/system/ip/system_axi_ethernet_0_0/bd_0/ip/ip_1/synth/bd_4bad_mac_0_axi4_lite_ipif_top.vhd:107]
INFO: [Synth 8-638] synthesizing module 'axi_lite_ipif' [g:/proj/fpga/zynq7020_mlk2/proj/06_ex_linux_QT_Drive_L2_7020/QT_Drive_Appendix/project/soc_prj/soc_prj.gen/sources_1/bd/system/ipshared/66ea/hdl/axi_lite_ipif_v3_0_vh_rfs.vhd:2948]
INFO: [Synth 8-638] synthesizing module 'slave_attachment' [g:/proj/fpga/zynq7020_mlk2/proj/06_ex_linux_QT_Drive_L2_7020/QT_Drive_Appendix/project/soc_prj/soc_prj.gen/sources_1/bd/system/ipshared/66ea/hdl/axi_lite_ipif_v3_0_vh_rfs.vhd:2341]
INFO: [Synth 8-638] synthesizing module 'address_decoder' [g:/proj/fpga/zynq7020_mlk2/proj/06_ex_linux_QT_Drive_L2_7020/QT_Drive_Appendix/project/soc_prj/soc_prj.gen/sources_1/bd/system/ipshared/66ea/hdl/axi_lite_ipif_v3_0_vh_rfs.vhd:1775]
INFO: [Synth 8-256] done synthesizing module 'address_decoder' (0#1) [g:/proj/fpga/zynq7020_mlk2/proj/06_ex_linux_QT_Drive_L2_7020/QT_Drive_Appendix/project/soc_prj/soc_prj.gen/sources_1/bd/system/ipshared/66ea/hdl/axi_lite_ipif_v3_0_vh_rfs.vhd:1775]
INFO: [Synth 8-226] default block is never used [g:/proj/fpga/zynq7020_mlk2/proj/06_ex_linux_QT_Drive_L2_7020/QT_Drive_Appendix/project/soc_prj/soc_prj.gen/sources_1/bd/system/ipshared/66ea/hdl/axi_lite_ipif_v3_0_vh_rfs.vhd:2550]
INFO: [Synth 8-256] done synthesizing module 'slave_attachment' (0#1) [g:/proj/fpga/zynq7020_mlk2/proj/06_ex_linux_QT_Drive_L2_7020/QT_Drive_Appendix/project/soc_prj/soc_prj.gen/sources_1/bd/system/ipshared/66ea/hdl/axi_lite_ipif_v3_0_vh_rfs.vhd:2341]
INFO: [Synth 8-256] done synthesizing module 'axi_lite_ipif' (0#1) [g:/proj/fpga/zynq7020_mlk2/proj/06_ex_linux_QT_Drive_L2_7020/QT_Drive_Appendix/project/soc_prj/soc_prj.gen/sources_1/bd/system/ipshared/66ea/hdl/axi_lite_ipif_v3_0_vh_rfs.vhd:2948]
INFO: [Synth 8-256] done synthesizing module 'bd_4bad_mac_0_axi4_lite_ipif_top' (0#1) [g:/proj/fpga/zynq7020_mlk2/proj/06_ex_linux_QT_Drive_L2_7020/QT_Drive_Appendix/project/soc_prj/soc_prj.gen/sources_1/bd/system/ip/system_axi_ethernet_0_0/bd_0/ip/ip_1/synth/bd_4bad_mac_0_axi4_lite_ipif_top.vhd:107]
INFO: [Synth 8-6155] done synthesizing module 'bd_4bad_mac_0_axi4_lite_ipif_wrapper' (0#1) [g:/proj/fpga/zynq7020_mlk2/proj/06_ex_linux_QT_Drive_L2_7020/QT_Drive_Appendix/project/soc_prj/soc_prj.gen/sources_1/bd/system/ip/system_axi_ethernet_0_0/bd_0/ip/ip_1/synth/bd_4bad_mac_0_axi4_lite_ipif_wrapper.v:75]
INFO: [Synth 8-6157] synthesizing module 'bd_4bad_mac_0_vector_decode' [g:/proj/fpga/zynq7020_mlk2/proj/06_ex_linux_QT_Drive_L2_7020/QT_Drive_Appendix/project/soc_prj/soc_prj.gen/sources_1/bd/system/ip/system_axi_ethernet_0_0/bd_0/ip/ip_1/synth/statistics/bd_4bad_mac_0_vector_decode.v:70]
INFO: [Synth 8-6155] done synthesizing module 'bd_4bad_mac_0_vector_decode' (0#1) [g:/proj/fpga/zynq7020_mlk2/proj/06_ex_linux_QT_Drive_L2_7020/QT_Drive_Appendix/project/soc_prj/soc_prj.gen/sources_1/bd/system/ip/system_axi_ethernet_0_0/bd_0/ip/ip_1/synth/statistics/bd_4bad_mac_0_vector_decode.v:70]
INFO: [Synth 8-6157] synthesizing module 'LUT4' [D:/Xilinx/2025.2/Vivado/scripts/rt/data/unisim_comp.v:95457]
INFO: [Synth 8-6155] done synthesizing module 'LUT4' (0#1) [D:/Xilinx/2025.2/Vivado/scripts/rt/data/unisim_comp.v:95457]
INFO: [Synth 8-6157] synthesizing module 'LUT4__parameterized0' [D:/Xilinx/2025.2/Vivado/scripts/rt/data/unisim_comp.v:95457]
INFO: [Synth 8-6155] done synthesizing module 'LUT4__parameterized0' (0#1) [D:/Xilinx/2025.2/Vivado/scripts/rt/data/unisim_comp.v:95457]
INFO: [Synth 8-6157] synthesizing module 'LUT4__parameterized1' [D:/Xilinx/2025.2/Vivado/scripts/rt/data/unisim_comp.v:95457]
INFO: [Synth 8-6155] done synthesizing module 'LUT4__parameterized1' (0#1) [D:/Xilinx/2025.2/Vivado/scripts/rt/data/unisim_comp.v:95457]
INFO: [Synth 8-6157] synthesizing module 'LUT4__parameterized2' [D:/Xilinx/2025.2/Vivado/scripts/rt/data/unisim_comp.v:95457]
INFO: [Synth 8-6155] done synthesizing module 'LUT4__parameterized2' (0#1) [D:/Xilinx/2025.2/Vivado/scripts/rt/data/unisim_comp.v:95457]
INFO: [Synth 8-6157] synthesizing module 'LUT4__parameterized3' [D:/Xilinx/2025.2/Vivado/scripts/rt/data/unisim_comp.v:95457]
INFO: [Synth 8-6155] done synthesizing module 'LUT4__parameterized3' (0#1) [D:/Xilinx/2025.2/Vivado/scripts/rt/data/unisim_comp.v:95457]
INFO: [Synth 8-6157] synthesizing module 'RAM64X1D' [D:/Xilinx/2025.2/Vivado/scripts/rt/data/unisim_comp.v:154587]
INFO: [Synth 8-6155] done synthesizing module 'RAM64X1D' (0#1) [D:/Xilinx/2025.2/Vivado/scripts/rt/data/unisim_comp.v:154587]
INFO: [Synth 8-6157] synthesizing module 'RAM64X1D__parameterized0' [D:/Xilinx/2025.2/Vivado/scripts/rt/data/unisim_comp.v:154587]
INFO: [Synth 8-6155] done synthesizing module 'RAM64X1D__parameterized0' (0#1) [D:/Xilinx/2025.2/Vivado/scripts/rt/data/unisim_comp.v:154587]
INFO: [Synth 8-6157] synthesizing module 'RAM64X1D__parameterized1' [D:/Xilinx/2025.2/Vivado/scripts/rt/data/unisim_comp.v:154587]
INFO: [Synth 8-6155] done synthesizing module 'RAM64X1D__parameterized1' (0#1) [D:/Xilinx/2025.2/Vivado/scripts/rt/data/unisim_comp.v:154587]
INFO: [Synth 8-6157] synthesizing module 'LUT3' [D:/Xilinx/2025.2/Vivado/scripts/rt/data/unisim_comp.v:95415]
INFO: [Synth 8-6155] done synthesizing module 'LUT3' (0#1) [D:/Xilinx/2025.2/Vivado/scripts/rt/data/unisim_comp.v:95415]
INFO: [Synth 8-6157] synthesizing module 'LUT3__parameterized0' [D:/Xilinx/2025.2/Vivado/scripts/rt/data/unisim_comp.v:95415]
INFO: [Synth 8-6155] done synthesizing module 'LUT3__parameterized0' (0#1) [D:/Xilinx/2025.2/Vivado/scripts/rt/data/unisim_comp.v:95415]
INFO: [Synth 8-6157] synthesizing module 'LUT3__parameterized1' [D:/Xilinx/2025.2/Vivado/scripts/rt/data/unisim_comp.v:95415]
INFO: [Synth 8-6155] done synthesizing module 'LUT3__parameterized1' (0#1) [D:/Xilinx/2025.2/Vivado/scripts/rt/data/unisim_comp.v:95415]
INFO: [Synth 8-6157] synthesizing module 'LUT3__parameterized2' [D:/Xilinx/2025.2/Vivado/scripts/rt/data/unisim_comp.v:95415]
INFO: [Synth 8-6155] done synthesizing module 'LUT3__parameterized2' (0#1) [D:/Xilinx/2025.2/Vivado/scripts/rt/data/unisim_comp.v:95415]
INFO: [Synth 8-6157] synthesizing module 'SRL16E' [D:/Xilinx/2025.2/Vivado/scripts/rt/data/unisim_comp.v:165334]
INFO: [Synth 8-6155] done synthesizing module 'SRL16E' (0#1) [D:/Xilinx/2025.2/Vivado/scripts/rt/data/unisim_comp.v:165334]
INFO: [Synth 8-6155] done synthesizing module 'bd_4bad_mac_0_block' (0#1) [g:/proj/fpga/zynq7020_mlk2/proj/06_ex_linux_QT_Drive_L2_7020/QT_Drive_Appendix/project/soc_prj/soc_prj.gen/sources_1/bd/system/ip/system_axi_ethernet_0_0/bd_0/ip/ip_1/synth/bd_4bad_mac_0_block.v:117]
INFO: [Synth 8-6155] done synthesizing module 'bd_4bad_mac_0_support' (0#1) [g:/proj/fpga/zynq7020_mlk2/proj/06_ex_linux_QT_Drive_L2_7020/QT_Drive_Appendix/project/soc_prj/soc_prj.gen/sources_1/bd/system/ip/system_axi_ethernet_0_0/bd_0/ip/ip_1/synth/bd_4bad_mac_0_support.v:66]
INFO: [Synth 8-6155] done synthesizing module 'bd_4bad_mac_0' (0#1) [g:/proj/fpga/zynq7020_mlk2/proj/06_ex_linux_QT_Drive_L2_7020/QT_Drive_Appendix/project/soc_prj/soc_prj.gen/sources_1/bd/system/ip/system_axi_ethernet_0_0/bd_0/ip/ip_1/synth/bd_4bad_mac_0.v:64]
WARNING: [Synth 8-6014] Unused sequential element tx_byte_valid_reg was removed.  [g:/proj/fpga/zynq7020_mlk2/proj/06_ex_linux_QT_Drive_L2_7020/QT_Drive_Appendix/project/soc_prj/soc_prj.gen/sources_1/bd/system/ip/system_axi_ethernet_0_0/bd_0/ip/ip_1/synth/statistics/bd_4bad_mac_0_vector_decode.v:203]
WARNING: [Synth 8-6014] Unused sequential element tx_attemps_reg was removed.  [g:/proj/fpga/zynq7020_mlk2/proj/06_ex_linux_QT_Drive_L2_7020/QT_Drive_Appendix/project/soc_prj/soc_prj.gen/sources_1/bd/system/ip/system_axi_ethernet_0_0/bd_0/ip/ip_1/synth/statistics/bd_4bad_mac_0_vector_decode.v:204]
WARNING: [Synth 8-6014] Unused sequential element tx_excessive_collision_reg was removed.  [g:/proj/fpga/zynq7020_mlk2/proj/06_ex_linux_QT_Drive_L2_7020/QT_Drive_Appendix/project/soc_prj/soc_prj.gen/sources_1/bd/system/ip/system_axi_ethernet_0_0/bd_0/ip/ip_1/synth/statistics/bd_4bad_mac_0_vector_decode.v:205]
WARNING: [Synth 8-6014] Unused sequential element tx_late_collision_reg was removed.  [g:/proj/fpga/zynq7020_mlk2/proj/06_ex_linux_QT_Drive_L2_7020/QT_Drive_Appendix/project/soc_prj/soc_prj.gen/sources_1/bd/system/ip/system_axi_ethernet_0_0/bd_0/ip/ip_1/synth/statistics/bd_4bad_mac_0_vector_decode.v:206]
WARNING: [Synth 8-6014] Unused sequential element tx_excessive_deferral_reg was removed.  [g:/proj/fpga/zynq7020_mlk2/proj/06_ex_linux_QT_Drive_L2_7020/QT_Drive_Appendix/project/soc_prj/soc_prj.gen/sources_1/bd/system/ip/system_axi_ethernet_0_0/bd_0/ip/ip_1/synth/statistics/bd_4bad_mac_0_vector_decode.v:207]
WARNING: [Synth 8-6014] Unused sequential element tx_deferred_reg was removed.  [g:/proj/fpga/zynq7020_mlk2/proj/06_ex_linux_QT_Drive_L2_7020/QT_Drive_Appendix/project/soc_prj/soc_prj.gen/sources_1/bd/system/ip/system_axi_ethernet_0_0/bd_0/ip/ip_1/synth/statistics/bd_4bad_mac_0_vector_decode.v:208]
WARNING: [Synth 8-6014] Unused sequential element rx_byte_valid_reg was removed.  [g:/proj/fpga/zynq7020_mlk2/proj/06_ex_linux_QT_Drive_L2_7020/QT_Drive_Appendix/project/soc_prj/soc_prj.gen/sources_1/bd/system/ip/system_axi_ethernet_0_0/bd_0/ip/ip_1/synth/statistics/bd_4bad_mac_0_vector_decode.v:253]
WARNING: [Synth 8-6014] Unused sequential element rx_out_of_bounds_error_reg_reg was removed.  [g:/proj/fpga/zynq7020_mlk2/proj/06_ex_linux_QT_Drive_L2_7020/QT_Drive_Appendix/project/soc_prj/soc_prj.gen/sources_1/bd/system/ip/system_axi_ethernet_0_0/bd_0/ip/ip_1/synth/statistics/bd_4bad_mac_0_vector_decode.v:255]
WARNING: [Synth 8-6014] Unused sequential element rx_bad_frame_reg was removed.  [g:/proj/fpga/zynq7020_mlk2/proj/06_ex_linux_QT_Drive_L2_7020/QT_Drive_Appendix/project/soc_prj/soc_prj.gen/sources_1/bd/system/ip/system_axi_ethernet_0_0/bd_0/ip/ip_1/synth/statistics/bd_4bad_mac_0_vector_decode.v:260]
WARNING: [Synth 8-6014] Unused sequential element rx_bad_frame_reg_reg was removed.  [g:/proj/fpga/zynq7020_mlk2/proj/06_ex_linux_QT_Drive_L2_7020/QT_Drive_Appendix/project/soc_prj/soc_prj.gen/sources_1/bd/system/ip/system_axi_ethernet_0_0/bd_0/ip/ip_1/synth/statistics/bd_4bad_mac_0_vector_decode.v:294]
INFO: [Synth 8-7129] Port cpu_reset in module tri_mode_ethernet_mac_v9_0_39_addr_compare is either unconnected or has no load
INFO: [Synth 8-7129] Port rx_filter_enable[4] in module tri_mode_ethernet_mac_v9_0_39_addr_filter is either unconnected or has no load
INFO: [Synth 8-7129] Port rx_avb_enable[2] in module tri_mode_ethernet_mac_v9_0_39_addr_filter is either unconnected or has no load
INFO: [Synth 8-7129] Port rx_avb_enable[1] in module tri_mode_ethernet_mac_v9_0_39_addr_filter is either unconnected or has no load
INFO: [Synth 8-7129] Port rx_avb_enable[0] in module tri_mode_ethernet_mac_v9_0_39_addr_filter is either unconnected or has no load
INFO: [Synth 8-7129] Port bus2ip_addr[15] in module tri_mode_ethernet_mac_v9_0_39_addr_filter is either unconnected or has no load
INFO: [Synth 8-7129] Port bus2ip_addr[14] in module tri_mode_ethernet_mac_v9_0_39_addr_filter is either unconnected or has no load
INFO: [Synth 8-7129] Port bus2ip_addr[1] in module tri_mode_ethernet_mac_v9_0_39_addr_filter is either unconnected or has no load
INFO: [Synth 8-7129] Port bus2ip_addr[0] in module tri_mode_ethernet_mac_v9_0_39_addr_filter is either unconnected or has no load
INFO: [Synth 8-7129] Port bus2ip_addr[11] in module tri_mode_ethernet_mac_v9_0_39_addr_filter_wrap is either unconnected or has no load
INFO: [Synth 8-7129] Port bus2ip_addr[10] in module tri_mode_ethernet_mac_v9_0_39_addr_filter_wrap is either unconnected or has no load
INFO: [Synth 8-7129] Port bus2ip_addr[9] in module tri_mode_ethernet_mac_v9_0_39_addr_filter_wrap is either unconnected or has no load
INFO: [Synth 8-7129] Port bus2ip_addr[8] in module tri_mode_ethernet_mac_v9_0_39_addr_filter_wrap is either unconnected or has no load
INFO: [Synth 8-7129] Port ENABLE_HALF_DUPLEX in module PARAM_CHECK is either unconnected or has no load
INFO: [Synth 8-7129] Port DEST_ADD_FIELD in module PARAM_CHECK is either unconnected or has no load
INFO: [Synth 8-7129] Port SOURCE_ADD_FIELD in module PARAM_CHECK is either unconnected or has no load
INFO: [Synth 8-7129] Port LENGTH_FIELD in module PARAM_CHECK is either unconnected or has no load
INFO: [Synth 8-7129] Port IFG in module PARAM_CHECK is either unconnected or has no load
INFO: [Synth 8-7129] Port SPEED_IS_10_100 in module PARAM_CHECK is either unconnected or has no load
INFO: [Synth 8-7129] Port FIELD_COUNTER[5] in module DECODE_FRAME is either unconnected or has no load
INFO: [Synth 8-7129] Port FIELD_COUNTER[4] in module DECODE_FRAME is either unconnected or has no load
INFO: [Synth 8-7129] Port FIELD_COUNTER[3] in module DECODE_FRAME is either unconnected or has no load
INFO: [Synth 8-7129] Port FIELD_COUNTER[2] in module DECODE_FRAME is either unconnected or has no load
INFO: [Synth 8-7129] Port RESET_GMII_MII in module tri_mode_ethernet_mac_v9_0_39_rx is either unconnected or has no load
INFO: [Synth 8-7129] Port INBAND_TS_ENABLE in module tri_mode_ethernet_mac_v9_0_39_rx is either unconnected or has no load
INFO: [Synth 8-7129] Port SPEED[1] in module tri_mode_ethernet_mac_v9_0_39_rx is either unconnected or has no load
INFO: [Synth 8-7129] Port SPEED[0] in module tri_mode_ethernet_mac_v9_0_39_rx is either unconnected or has no load
INFO: [Synth 8-7129] Port CORE_HAS_SGMII in module tri_mode_ethernet_mac_v9_0_39_rx is either unconnected or has no load
INFO: [Synth 8-7129] Port RTC_CLK in module tri_mode_ethernet_mac_v9_0_39_rx is either unconnected or has no load
INFO: [Synth 8-7129] Port SYSTEMTIMER_S_FIELD[47] in module tri_mode_ethernet_mac_v9_0_39_rx is either unconnected or has no load
INFO: [Synth 8-7129] Port SYSTEMTIMER_S_FIELD[46] in module tri_mode_ethernet_mac_v9_0_39_rx is either unconnected or has no load
INFO: [Synth 8-7129] Port SYSTEMTIMER_S_FIELD[45] in module tri_mode_ethernet_mac_v9_0_39_rx is either unconnected or has no load
INFO: [Synth 8-7129] Port SYSTEMTIMER_S_FIELD[44] in module tri_mode_ethernet_mac_v9_0_39_rx is either unconnected or has no load
INFO: [Synth 8-7129] Port SYSTEMTIMER_S_FIELD[43] in module tri_mode_ethernet_mac_v9_0_39_rx is either unconnected or has no load
INFO: [Synth 8-7129] Port SYSTEMTIMER_S_FIELD[42] in module tri_mode_ethernet_mac_v9_0_39_rx is either unconnected or has no load
INFO: [Synth 8-7129] Port SYSTEMTIMER_S_FIELD[41] in module tri_mode_ethernet_mac_v9_0_39_rx is either unconnected or has no load
INFO: [Synth 8-7129] Port SYSTEMTIMER_S_FIELD[40] in module tri_mode_ethernet_mac_v9_0_39_rx is either unconnected or has no load
INFO: [Synth 8-7129] Port SYSTEMTIMER_S_FIELD[39] in module tri_mode_ethernet_mac_v9_0_39_rx is either unconnected or has no load
INFO: [Synth 8-7129] Port SYSTEMTIMER_S_FIELD[38] in module tri_mode_ethernet_mac_v9_0_39_rx is either unconnected or has no load
INFO: [Synth 8-7129] Port SYSTEMTIMER_S_FIELD[37] in module tri_mode_ethernet_mac_v9_0_39_rx is either unconnected or has no load
INFO: [Synth 8-7129] Port SYSTEMTIMER_S_FIELD[36] in module tri_mode_ethernet_mac_v9_0_39_rx is either unconnected or has no load
INFO: [Synth 8-7129] Port SYSTEMTIMER_S_FIELD[35] in module tri_mode_ethernet_mac_v9_0_39_rx is either unconnected or has no load
INFO: [Synth 8-7129] Port SYSTEMTIMER_S_FIELD[34] in module tri_mode_ethernet_mac_v9_0_39_rx is either unconnected or has no load
INFO: [Synth 8-7129] Port SYSTEMTIMER_S_FIELD[33] in module tri_mode_ethernet_mac_v9_0_39_rx is either unconnected or has no load
INFO: [Synth 8-7129] Port SYSTEMTIMER_S_FIELD[32] in module tri_mode_ethernet_mac_v9_0_39_rx is either unconnected or has no load
INFO: [Synth 8-7129] Port SYSTEMTIMER_S_FIELD[31] in module tri_mode_ethernet_mac_v9_0_39_rx is either unconnected or has no load
INFO: [Synth 8-7129] Port SYSTEMTIMER_S_FIELD[30] in module tri_mode_ethernet_mac_v9_0_39_rx is either unconnected or has no load
INFO: [Synth 8-7129] Port SYSTEMTIMER_S_FIELD[29] in module tri_mode_ethernet_mac_v9_0_39_rx is either unconnected or has no load
INFO: [Synth 8-7129] Port SYSTEMTIMER_S_FIELD[28] in module tri_mode_ethernet_mac_v9_0_39_rx is either unconnected or has no load
INFO: [Synth 8-7129] Port SYSTEMTIMER_S_FIELD[27] in module tri_mode_ethernet_mac_v9_0_39_rx is either unconnected or has no load
INFO: [Synth 8-7129] Port SYSTEMTIMER_S_FIELD[26] in module tri_mode_ethernet_mac_v9_0_39_rx is either unconnected or has no load
INFO: [Synth 8-7129] Port SYSTEMTIMER_S_FIELD[25] in module tri_mode_ethernet_mac_v9_0_39_rx is either unconnected or has no load
INFO: [Synth 8-7129] Port SYSTEMTIMER_S_FIELD[24] in module tri_mode_ethernet_mac_v9_0_39_rx is either unconnected or has no load
INFO: [Synth 8-7129] Port SYSTEMTIMER_S_FIELD[23] in module tri_mode_ethernet_mac_v9_0_39_rx is either unconnected or has no load
INFO: [Synth 8-7129] Port SYSTEMTIMER_S_FIELD[22] in module tri_mode_ethernet_mac_v9_0_39_rx is either unconnected or has no load
INFO: [Synth 8-7129] Port SYSTEMTIMER_S_FIELD[21] in module tri_mode_ethernet_mac_v9_0_39_rx is either unconnected or has no load
INFO: [Synth 8-7129] Port SYSTEMTIMER_S_FIELD[20] in module tri_mode_ethernet_mac_v9_0_39_rx is either unconnected or has no load
INFO: [Synth 8-7129] Port SYSTEMTIMER_S_FIELD[19] in module tri_mode_ethernet_mac_v9_0_39_rx is either unconnected or has no load
INFO: [Synth 8-7129] Port SYSTEMTIMER_S_FIELD[18] in module tri_mode_ethernet_mac_v9_0_39_rx is either unconnected or has no load
INFO: [Synth 8-7129] Port SYSTEMTIMER_S_FIELD[17] in module tri_mode_ethernet_mac_v9_0_39_rx is either unconnected or has no load
INFO: [Synth 8-7129] Port SYSTEMTIMER_S_FIELD[16] in module tri_mode_ethernet_mac_v9_0_39_rx is either unconnected or has no load
INFO: [Synth 8-7129] Port SYSTEMTIMER_S_FIELD[15] in module tri_mode_ethernet_mac_v9_0_39_rx is either unconnected or has no load
INFO: [Synth 8-7129] Port SYSTEMTIMER_S_FIELD[14] in module tri_mode_ethernet_mac_v9_0_39_rx is either unconnected or has no load
INFO: [Synth 8-7129] Port SYSTEMTIMER_S_FIELD[13] in module tri_mode_ethernet_mac_v9_0_39_rx is either unconnected or has no load
INFO: [Synth 8-7129] Port SYSTEMTIMER_S_FIELD[12] in module tri_mode_ethernet_mac_v9_0_39_rx is either unconnected or has no load
INFO: [Synth 8-7129] Port SYSTEMTIMER_S_FIELD[11] in module tri_mode_ethernet_mac_v9_0_39_rx is either unconnected or has no load
INFO: [Synth 8-7129] Port SYSTEMTIMER_S_FIELD[10] in module tri_mode_ethernet_mac_v9_0_39_rx is either unconnected or has no load
INFO: [Synth 8-7129] Port SYSTEMTIMER_S_FIELD[9] in module tri_mode_ethernet_mac_v9_0_39_rx is either unconnected or has no load
INFO: [Synth 8-7129] Port SYSTEMTIMER_S_FIELD[8] in module tri_mode_ethernet_mac_v9_0_39_rx is either unconnected or has no load
INFO: [Synth 8-7129] Port SYSTEMTIMER_S_FIELD[7] in module tri_mode_ethernet_mac_v9_0_39_rx is either unconnected or has no load
INFO: [Synth 8-7129] Port SYSTEMTIMER_S_FIELD[6] in module tri_mode_ethernet_mac_v9_0_39_rx is either unconnected or has no load
INFO: [Synth 8-7129] Port SYSTEMTIMER_S_FIELD[5] in module tri_mode_ethernet_mac_v9_0_39_rx is either unconnected or has no load
INFO: [Synth 8-7129] Port SYSTEMTIMER_S_FIELD[4] in module tri_mode_ethernet_mac_v9_0_39_rx is either unconnected or has no load
INFO: [Synth 8-7129] Port SYSTEMTIMER_S_FIELD[3] in module tri_mode_ethernet_mac_v9_0_39_rx is either unconnected or has no load
INFO: [Synth 8-7129] Port SYSTEMTIMER_S_FIELD[2] in module tri_mode_ethernet_mac_v9_0_39_rx is either unconnected or has no load
INFO: [Synth 8-7129] Port SYSTEMTIMER_S_FIELD[1] in module tri_mode_ethernet_mac_v9_0_39_rx is either unconnected or has no load
INFO: [Synth 8-7129] Port SYSTEMTIMER_S_FIELD[0] in module tri_mode_ethernet_mac_v9_0_39_rx is either unconnected or has no load
INFO: [Synth 8-7129] Port SYSTEMTIMER_NS_FIELD[31] in module tri_mode_ethernet_mac_v9_0_39_rx is either unconnected or has no load
INFO: [Synth 8-7129] Port SYSTEMTIMER_NS_FIELD[30] in module tri_mode_ethernet_mac_v9_0_39_rx is either unconnected or has no load
INFO: [Synth 8-7129] Port SYSTEMTIMER_NS_FIELD[29] in module tri_mode_ethernet_mac_v9_0_39_rx is either unconnected or has no load
INFO: [Synth 8-7129] Port SYSTEMTIMER_NS_FIELD[28] in module tri_mode_ethernet_mac_v9_0_39_rx is either unconnected or has no load
INFO: [Synth 8-7129] Port SYSTEMTIMER_NS_FIELD[27] in module tri_mode_ethernet_mac_v9_0_39_rx is either unconnected or has no load
INFO: [Synth 8-7129] Port SYSTEMTIMER_NS_FIELD[26] in module tri_mode_ethernet_mac_v9_0_39_rx is either unconnected or has no load
INFO: [Synth 8-7129] Port SYSTEMTIMER_NS_FIELD[25] in module tri_mode_ethernet_mac_v9_0_39_rx is either unconnected or has no load
INFO: [Synth 8-7129] Port SYSTEMTIMER_NS_FIELD[24] in module tri_mode_ethernet_mac_v9_0_39_rx is either unconnected or has no load
INFO: [Synth 8-7129] Port SYSTEMTIMER_NS_FIELD[23] in module tri_mode_ethernet_mac_v9_0_39_rx is either unconnected or has no load
INFO: [Synth 8-7129] Port SYSTEMTIMER_NS_FIELD[22] in module tri_mode_ethernet_mac_v9_0_39_rx is either unconnected or has no load
INFO: [Synth 8-7129] Port SYSTEMTIMER_NS_FIELD[21] in module tri_mode_ethernet_mac_v9_0_39_rx is either unconnected or has no load
INFO: [Synth 8-7129] Port SYSTEMTIMER_NS_FIELD[20] in module tri_mode_ethernet_mac_v9_0_39_rx is either unconnected or has no load
INFO: [Synth 8-7129] Port SYSTEMTIMER_NS_FIELD[19] in module tri_mode_ethernet_mac_v9_0_39_rx is either unconnected or has no load
INFO: [Synth 8-7129] Port SYSTEMTIMER_NS_FIELD[18] in module tri_mode_ethernet_mac_v9_0_39_rx is either unconnected or has no load
INFO: [Synth 8-7129] Port SYSTEMTIMER_NS_FIELD[17] in module tri_mode_ethernet_mac_v9_0_39_rx is either unconnected or has no load
INFO: [Synth 8-7129] Port SYSTEMTIMER_NS_FIELD[16] in module tri_mode_ethernet_mac_v9_0_39_rx is either unconnected or has no load
INFO: [Synth 8-7129] Port SYSTEMTIMER_NS_FIELD[15] in module tri_mode_ethernet_mac_v9_0_39_rx is either unconnected or has no load
INFO: [Synth 8-7129] Port SYSTEMTIMER_NS_FIELD[14] in module tri_mode_ethernet_mac_v9_0_39_rx is either unconnected or has no load
INFO: [Synth 8-7129] Port SYSTEMTIMER_NS_FIELD[13] in module tri_mode_ethernet_mac_v9_0_39_rx is either unconnected or has no load
INFO: [Synth 8-7129] Port SYSTEMTIMER_NS_FIELD[12] in module tri_mode_ethernet_mac_v9_0_39_rx is either unconnected or has no load
INFO: [Synth 8-7129] Port SYSTEMTIMER_NS_FIELD[11] in module tri_mode_ethernet_mac_v9_0_39_rx is either unconnected or has no load
INFO: [Synth 8-7129] Port SYSTEMTIMER_NS_FIELD[10] in module tri_mode_ethernet_mac_v9_0_39_rx is either unconnected or has no load
INFO: [Synth 8-7129] Port SYSTEMTIMER_NS_FIELD[9] in module tri_mode_ethernet_mac_v9_0_39_rx is either unconnected or has no load
INFO: [Common 17-14] Message 'Synth 8-7129' appears 100 times and further instances of the messages will be disabled. Use the Tcl command set_msg_config to change the current settings.
---------------------------------------------------------------------------------
Finished RTL Elaboration : Time (s): cpu = 00:00:12 ; elapsed = 00:00:13 . Memory (MB): peak = 1666.426 ; gain = 754.004
---------------------------------------------------------------------------------
---------------------------------------------------------------------------------
Start Handling Custom Attributes
---------------------------------------------------------------------------------
---------------------------------------------------------------------------------
Finished Handling Custom Attributes : Time (s): cpu = 00:00:12 ; elapsed = 00:00:13 . Memory (MB): peak = 1666.426 ; gain = 754.004
---------------------------------------------------------------------------------
---------------------------------------------------------------------------------
Finished RTL Optimization Phase 1 : Time (s): cpu = 00:00:12 ; elapsed = 00:00:13 . Memory (MB): peak = 1666.426 ; gain = 754.004
---------------------------------------------------------------------------------
Netlist sorting complete. Time (s): cpu = 00:00:00 ; elapsed = 00:00:00.107 . Memory (MB): peak = 1666.426 ; gain = 0.000
WARNING: [Netlist 29-345] The value of SIM_DEVICE on instance 'inst/tri_mode_ethernet_mac_support_clocking_i/clkout1_buf' of type 'BUFGCE' is 'ULTRASCALE'; it is being changed to match the current FPGA architecture, '7SERIES'. For functional simulation to match hardware behavior, the value of SIM_DEVICE should be changed in the source netlist. 
WARNING: [Netlist 29-345] The value of SIM_DEVICE on instance 'inst/tri_mode_ethernet_mac_support_clocking_i/clkout2_buf' of type 'BUFGCE' is 'ULTRASCALE'; it is being changed to match the current FPGA architecture, '7SERIES'. For functional simulation to match hardware behavior, the value of SIM_DEVICE should be changed in the source netlist. 
INFO: [Netlist 29-17] Analyzing 180 Unisim elements for replacement
INFO: [Netlist 29-28] Unisim Transformation completed in 0 CPU seconds
INFO: [Project 1-570] Preparing netlist for logic optimization

Processing XDC Constraints
Initializing timing engine
Parsing XDC File [g:/proj/fpga/zynq7020_mlk2/proj/06_ex_linux_QT_Drive_L2_7020/QT_Drive_Appendix/project/soc_prj/soc_prj.gen/sources_1/bd/system/ip/system_axi_ethernet_0_0/bd_0/ip/ip_1/synth/bd_4bad_mac_0_ooc.xdc] for cell 'inst'
Finished Parsing XDC File [g:/proj/fpga/zynq7020_mlk2/proj/06_ex_linux_QT_Drive_L2_7020/QT_Drive_Appendix/project/soc_prj/soc_prj.gen/sources_1/bd/system/ip/system_axi_ethernet_0_0/bd_0/ip/ip_1/synth/bd_4bad_mac_0_ooc.xdc] for cell 'inst'
Parsing XDC File [g:/proj/fpga/zynq7020_mlk2/proj/06_ex_linux_QT_Drive_L2_7020/QT_Drive_Appendix/project/soc_prj/soc_prj.gen/sources_1/bd/system/ip/system_axi_ethernet_0_0/bd_0/ip/ip_1/synth/bd_4bad_mac_0_board.xdc] for cell 'inst'
Finished Parsing XDC File [g:/proj/fpga/zynq7020_mlk2/proj/06_ex_linux_QT_Drive_L2_7020/QT_Drive_Appendix/project/soc_prj/soc_prj.gen/sources_1/bd/system/ip/system_axi_ethernet_0_0/bd_0/ip/ip_1/synth/bd_4bad_mac_0_board.xdc] for cell 'inst'
Parsing XDC File [g:/proj/fpga/zynq7020_mlk2/proj/06_ex_linux_QT_Drive_L2_7020/QT_Drive_Appendix/project/soc_prj/soc_prj.gen/sources_1/bd/system/ip/system_axi_ethernet_0_0/bd_0/ip/ip_1/synth/bd_4bad_mac_0.xdc] for cell 'inst'
Finished Parsing XDC File [g:/proj/fpga/zynq7020_mlk2/proj/06_ex_linux_QT_Drive_L2_7020/QT_Drive_Appendix/project/soc_prj/soc_prj.gen/sources_1/bd/system/ip/system_axi_ethernet_0_0/bd_0/ip/ip_1/synth/bd_4bad_mac_0.xdc] for cell 'inst'
INFO: [Project 1-236] Implementation specific constraints were found while reading constraint file [g:/proj/fpga/zynq7020_mlk2/proj/06_ex_linux_QT_Drive_L2_7020/QT_Drive_Appendix/project/soc_prj/soc_prj.gen/sources_1/bd/system/ip/system_axi_ethernet_0_0/bd_0/ip/ip_1/synth/bd_4bad_mac_0.xdc]. These constraints will be ignored for synthesis but will be used in implementation. Impacted constraints are listed in the file [.Xil/bd_4bad_mac_0_propImpl.xdc].
Resolution: To avoid this warning, move constraints listed in [.Xil/bd_4bad_mac_0_propImpl.xdc] to another XDC file and exclude this new file from synthesis with the used_in_synthesis property (File Properties dialog in GUI) and re-run elaboration/synthesis.
INFO: [Timing 38-2] Deriving generated clocks
Parsing XDC File [G:/proj/fpga/zynq7020_mlk2/proj/06_ex_linux_QT_Drive_L2_7020/QT_Drive_Appendix/project/soc_prj/soc_prj.runs/bd_4bad_mac_0_synth_1/dont_touch.xdc]
Finished Parsing XDC File [G:/proj/fpga/zynq7020_mlk2/proj/06_ex_linux_QT_Drive_L2_7020/QT_Drive_Appendix/project/soc_prj/soc_prj.runs/bd_4bad_mac_0_synth_1/dont_touch.xdc]
Parsing XDC File [g:/proj/fpga/zynq7020_mlk2/proj/06_ex_linux_QT_Drive_L2_7020/QT_Drive_Appendix/project/soc_prj/soc_prj.gen/sources_1/bd/system/ip/system_axi_ethernet_0_0/bd_0/ip/ip_1/synth/bd_4bad_mac_0_clocks.xdc] for cell 'inst'
INFO: [Vivado 12-3272] Current instance is the top level cell 'inst' of design 'preSynthElab_1' [g:/proj/fpga/zynq7020_mlk2/proj/06_ex_linux_QT_Drive_L2_7020/QT_Drive_Appendix/project/soc_prj/soc_prj.gen/sources_1/bd/system/ip/system_axi_ethernet_0_0/bd_0/ip/ip_1/synth/bd_4bad_mac_0_clocks.xdc:29]
INFO: [Constraints 18-483] create_clock: no pin(s)/port(s)/net(s) specified as objects, only virtual clock 'inst_rgmii_rx_clk' will be created. If you don't want this, please specify pin(s)/ports(s)/net(s) as objects to the command. [g:/proj/fpga/zynq7020_mlk2/proj/06_ex_linux_QT_Drive_L2_7020/QT_Drive_Appendix/project/soc_prj/soc_prj.gen/sources_1/bd/system/ip/system_axi_ethernet_0_0/bd_0/ip/ip_1/synth/bd_4bad_mac_0_clocks.xdc:29]
INFO: [Vivado 12-3272] Current instance is the top level cell 'inst' of design 'preSynthElab_1' [g:/proj/fpga/zynq7020_mlk2/proj/06_ex_linux_QT_Drive_L2_7020/QT_Drive_Appendix/project/soc_prj/soc_prj.gen/sources_1/bd/system/ip/system_axi_ethernet_0_0/bd_0/ip/ip_1/synth/bd_4bad_mac_0_clocks.xdc:30]
INFO: [Vivado 12-3272] Current instance is the top level cell 'inst' of design 'preSynthElab_1' [g:/proj/fpga/zynq7020_mlk2/proj/06_ex_linux_QT_Drive_L2_7020/QT_Drive_Appendix/project/soc_prj/soc_prj.gen/sources_1/bd/system/ip/system_axi_ethernet_0_0/bd_0/ip/ip_1/synth/bd_4bad_mac_0_clocks.xdc:53]
INFO: [Vivado 12-3272] Current instance is the top level cell 'inst' of design 'preSynthElab_1' [g:/proj/fpga/zynq7020_mlk2/proj/06_ex_linux_QT_Drive_L2_7020/QT_Drive_Appendix/project/soc_prj/soc_prj.gen/sources_1/bd/system/ip/system_axi_ethernet_0_0/bd_0/ip/ip_1/synth/bd_4bad_mac_0_clocks.xdc:54]
Finished Parsing XDC File [g:/proj/fpga/zynq7020_mlk2/proj/06_ex_linux_QT_Drive_L2_7020/QT_Drive_Appendix/project/soc_prj/soc_prj.gen/sources_1/bd/system/ip/system_axi_ethernet_0_0/bd_0/ip/ip_1/synth/bd_4bad_mac_0_clocks.xdc] for cell 'inst'
INFO: [Project 1-236] Implementation specific constraints were found while reading constraint file [g:/proj/fpga/zynq7020_mlk2/proj/06_ex_linux_QT_Drive_L2_7020/QT_Drive_Appendix/project/soc_prj/soc_prj.gen/sources_1/bd/system/ip/system_axi_ethernet_0_0/bd_0/ip/ip_1/synth/bd_4bad_mac_0_clocks.xdc]. These constraints will be ignored for synthesis but will be used in implementation. Impacted constraints are listed in the file [.Xil/bd_4bad_mac_0_propImpl.xdc].
Resolution: To avoid this warning, move constraints listed in [.Xil/bd_4bad_mac_0_propImpl.xdc] to another XDC file and exclude this new file from synthesis with the used_in_synthesis property (File Properties dialog in GUI) and re-run elaboration/synthesis.
Completed Processing XDC Constraints

Netlist sorting complete. Time (s): cpu = 00:00:00 ; elapsed = 00:00:00.004 . Memory (MB): peak = 1704.824 ; gain = 0.000
INFO: [Project 1-111] Unisim Transformation Summary:
  A total of 162 instances were transformed.
  BUFGCE => BUFGCTRL: 2 instances
  RAM64X1D => RAM64X1D (RAMD64E(x2)): 160 instances

Constraint Validation Runtime : Time (s): cpu = 00:00:00 ; elapsed = 00:00:00.154 . Memory (MB): peak = 1705.676 ; gain = 0.852
INFO: [Designutils 20-5008] Incremental synthesis strategy off
---------------------------------------------------------------------------------
Finished Constraint Validation : Time (s): cpu = 00:00:23 ; elapsed = 00:00:24 . Memory (MB): peak = 1705.676 ; gain = 793.254
---------------------------------------------------------------------------------
---------------------------------------------------------------------------------
Start Loading Part and Timing Information
---------------------------------------------------------------------------------
Loading part: xc7z020clg484-2
---------------------------------------------------------------------------------
Finished Loading Part and Timing Information : Time (s): cpu = 00:00:23 ; elapsed = 00:00:24 . Memory (MB): peak = 1705.676 ; gain = 793.254
---------------------------------------------------------------------------------
---------------------------------------------------------------------------------
Start Applying 'set_property' XDC Constraints
---------------------------------------------------------------------------------
---------------------------------------------------------------------------------
Finished applying 'set_property' XDC Constraints : Time (s): cpu = 00:00:23 ; elapsed = 00:00:25 . Memory (MB): peak = 1705.676 ; gain = 793.254
---------------------------------------------------------------------------------
INFO: [Synth 8-802] inferred FSM for state register 'idelay_reset_cnt_reg' in module 'bd_4bad_mac_0_support_resets'
INFO: [Synth 8-802] inferred FSM for state register 'state_reg' in module 'slave_attachment'
INFO: [Synth 8-802] inferred FSM for state register 'tx_state_reg' in module 'tri_mode_ethernet_mac_v9_0_39_tx_axi_intf'
INFO: [Synth 8-802] inferred FSM for state register 'rx_state_reg' in module 'tri_mode_ethernet_mac_v9_0_39_rx_axi_intf'
INFO: [Synth 8-802] inferred FSM for state register 'state_count_reg' in module 'tri_mode_ethernet_mac_v9_0_39_tx_cntl'
INFO: [Synth 8-802] inferred FSM for state register 'pause_state_reg' in module 'tri_mode_ethernet_mac_v9_0_39_pfc_tx_cntl'
INFO: [Synth 8-802] inferred FSM for state register 'legacy_state_reg' in module 'tri_mode_ethernet_mac_v9_0_39_pfc_tx_cntl'
---------------------------------------------------------------------------------------------------
                   State |                     New Encoding |                Previous Encoding 
---------------------------------------------------------------------------------------------------
                 iSTATE6 |                    0000000000001 |                             0000
                 iSTATE5 |                    0000000000010 |                             0001
                 iSTATE1 |                    0000000000100 |                             0010
                  iSTATE |                    0000000001000 |                             0011
                 iSTATE0 |                    0000000010000 |                             0100
                iSTATE11 |                    0000000100000 |                             0101
                iSTATE10 |                    0000001000000 |                             0110
                 iSTATE8 |                    0000010000000 |                             0111
                 iSTATE9 |                    0000100000000 |                             1000
                 iSTATE7 |                    0001000000000 |                             1001
                 iSTATE4 |                    0010000000000 |                             1010
                 iSTATE3 |                    0100000000000 |                             1011
                 iSTATE2 |                    1000000000000 |                             1100
*
---------------------------------------------------------------------------------------------------
INFO: [Synth 8-3354] encoded FSM with state register 'idelay_reset_cnt_reg' using encoding 'one-hot' in module 'bd_4bad_mac_0_support_resets'
---------------------------------------------------------------------------------------------------
                   State |                     New Encoding |                Previous Encoding 
---------------------------------------------------------------------------------------------------
                 iSTATE2 |                             0001 |                               00
                  iSTATE |                             0010 |                               01
                 iSTATE0 |                             0100 |                               10
                 iSTATE1 |                             1000 |                               11
---------------------------------------------------------------------------------------------------
INFO: [Synth 8-3354] encoded FSM with state register 'state_reg' using encoding 'one-hot' in module 'slave_attachment'
INFO: [Synth 8-6159] Found Keep on FSM register 'tx_state_reg' in module 'tri_mode_ethernet_mac_v9_0_39_tx_axi_intf', re-encoding will not be performed
---------------------------------------------------------------------------------------------------
                   State |                     New Encoding |                Previous Encoding 
---------------------------------------------------------------------------------------------------
*
                    IDLE |                             0000 |                             0000
                   LOAD1 |                             0001 |                             0001
                   LOAD2 |                             0010 |                             0010
                    WAIT |                             0011 |                             0011
                END_LOAD |                             0100 |                             0100
              CLEAR_PIPE |                             0101 |                             0101
                 RELOAD1 |                             0110 |                             0110
                 RELOAD2 |                             0111 |                             0111
                    SEND |                             1000 |                             1000
                   BURST |                             1001 |                             1001
---------------------------------------------------------------------------------------------------
---------------------------------------------------------------------------------------------------
                   State |                     New Encoding |                Previous Encoding 
---------------------------------------------------------------------------------------------------
                    IDLE |                               01 |                               00
                     PKT |                               11 |                               01
                    WAIT |                               10 |                               10
                    DONE |                               00 |                               11
---------------------------------------------------------------------------------------------------
INFO: [Synth 8-3354] encoded FSM with state register 'rx_state_reg' using encoding 'sequential' in module 'tri_mode_ethernet_mac_v9_0_39_rx_axi_intf'
---------------------------------------------------------------------------------------------------
                   State |                     New Encoding |                Previous Encoding 
---------------------------------------------------------------------------------------------------
                    IDLE |                              001 |                              001
        TRANSMIT_REQUEST |                              010 |                              010
            TRANSMITTING |                              100 |                              100
---------------------------------------------------------------------------------------------------
INFO: [Synth 8-3354] encoded FSM with state register 'state_count_reg' using encoding 'one-hot' in module 'tri_mode_ethernet_mac_v9_0_39_tx_cntl'
---------------------------------------------------------------------------------------------------
                   State |                     New Encoding |                Previous Encoding 
---------------------------------------------------------------------------------------------------
                    IDLE |                             0001 |                              000
                     REQ |                             1000 |                              001
                    WAIT |                             0100 |                              010
                   COUNT |                             0010 |                              011
---------------------------------------------------------------------------------------------------
INFO: [Synth 8-3354] encoded FSM with state register 'legacy_state_reg' using encoding 'one-hot' in module 'tri_mode_ethernet_mac_v9_0_39_pfc_tx_cntl'
---------------------------------------------------------------------------------------------------
                   State |                     New Encoding |                Previous Encoding 
---------------------------------------------------------------------------------------------------
                  P_IDLE |                               00 |                               00
                   P_REQ |                               01 |                               01
                  P_WAIT |                               10 |                               10
                  P_HOLD |                               11 |                               11
---------------------------------------------------------------------------------------------------
INFO: [Synth 8-3354] encoded FSM with state register 'pause_state_reg' using encoding 'sequential' in module 'tri_mode_ethernet_mac_v9_0_39_pfc_tx_cntl'
---------------------------------------------------------------------------------
Finished RTL Optimization Phase 2 : Time (s): cpu = 00:00:25 ; elapsed = 00:00:27 . Memory (MB): peak = 1705.676 ; gain = 793.254
---------------------------------------------------------------------------------
---------------------------------------------------------------------------------
Start RTL Component Statistics 
---------------------------------------------------------------------------------
---------------------------------------------------------------------------------
Finished RTL Component Statistics 
---------------------------------------------------------------------------------
---------------------------------------------------------------------------------
Start Part Resource Summary
---------------------------------------------------------------------------------
Part Resources:
DSPs: 220 (col length:60)
BRAMs: 280 (col length: RAMB18 60 RAMB36 30)
---------------------------------------------------------------------------------
Finished Part Resource Summary
---------------------------------------------------------------------------------
---------------------------------------------------------------------------------
Start Cross Boundary and Area Optimization
---------------------------------------------------------------------------------
WARNING: [Synth 8-3332] Sequential element (flow/ppe_sync[0].sync_rx_pen/data_sync_reg0) is unused and will be removed from module tri_mode_ethernet_mac_v9_0_39.
WARNING: [Synth 8-3332] Sequential element (flow/ppe_sync[0].sync_rx_pen/data_sync_reg1) is unused and will be removed from module tri_mode_ethernet_mac_v9_0_39.
WARNING: [Synth 8-3332] Sequential element (flow/ppe_sync[0].sync_rx_pen/data_sync_reg2) is unused and will be removed from module tri_mode_ethernet_mac_v9_0_39.
WARNING: [Synth 8-3332] Sequential element (flow/ppe_sync[0].sync_rx_pen/data_sync_reg3) is unused and will be removed from module tri_mode_ethernet_mac_v9_0_39.
WARNING: [Synth 8-3332] Sequential element (flow/ppe_sync[0].sync_rx_pen/data_sync_reg4) is unused and will be removed from module tri_mode_ethernet_mac_v9_0_39.
WARNING: [Synth 8-3332] Sequential element (flow/ppe_sync[0].sync_tx_pen/data_sync_reg0) is unused and will be removed from module tri_mode_ethernet_mac_v9_0_39.
WARNING: [Synth 8-3332] Sequential element (flow/ppe_sync[0].sync_tx_pen/data_sync_reg1) is unused and will be removed from module tri_mode_ethernet_mac_v9_0_39.
WARNING: [Synth 8-3332] Sequential element (flow/ppe_sync[0].sync_tx_pen/data_sync_reg2) is unused and will be removed from module tri_mode_ethernet_mac_v9_0_39.
WARNING: [Synth 8-3332] Sequential element (flow/ppe_sync[0].sync_tx_pen/data_sync_reg3) is unused and will be removed from module tri_mode_ethernet_mac_v9_0_39.
WARNING: [Synth 8-3332] Sequential element (flow/ppe_sync[0].sync_tx_pen/data_sync_reg4) is unused and will be removed from module tri_mode_ethernet_mac_v9_0_39.
WARNING: [Synth 8-3332] Sequential element (flow/ppe_sync[1].sync_rx_pen/data_sync_reg0) is unused and will be removed from module tri_mode_ethernet_mac_v9_0_39.
WARNING: [Synth 8-3332] Sequential element (flow/ppe_sync[1].sync_rx_pen/data_sync_reg1) is unused and will be removed from module tri_mode_ethernet_mac_v9_0_39.
WARNING: [Synth 8-3332] Sequential element (flow/ppe_sync[1].sync_rx_pen/data_sync_reg2) is unused and will be removed from module tri_mode_ethernet_mac_v9_0_39.
WARNING: [Synth 8-3332] Sequential element (flow/ppe_sync[1].sync_rx_pen/data_sync_reg3) is unused and will be removed from module tri_mode_ethernet_mac_v9_0_39.
WARNING: [Synth 8-3332] Sequential element (flow/ppe_sync[1].sync_rx_pen/data_sync_reg4) is unused and will be removed from module tri_mode_ethernet_mac_v9_0_39.
WARNING: [Synth 8-3332] Sequential element (flow/ppe_sync[1].sync_tx_pen/data_sync_reg0) is unused and will be removed from module tri_mode_ethernet_mac_v9_0_39.
WARNING: [Synth 8-3332] Sequential element (flow/ppe_sync[1].sync_tx_pen/data_sync_reg1) is unused and will be removed from module tri_mode_ethernet_mac_v9_0_39.
WARNING: [Synth 8-3332] Sequential element (flow/ppe_sync[1].sync_tx_pen/data_sync_reg2) is unused and will be removed from module tri_mode_ethernet_mac_v9_0_39.
WARNING: [Synth 8-3332] Sequential element (flow/ppe_sync[1].sync_tx_pen/data_sync_reg3) is unused and will be removed from module tri_mode_ethernet_mac_v9_0_39.
WARNING: [Synth 8-3332] Sequential element (flow/ppe_sync[1].sync_tx_pen/data_sync_reg4) is unused and will be removed from module tri_mode_ethernet_mac_v9_0_39.
WARNING: [Synth 8-3332] Sequential element (flow/ppe_sync[2].sync_rx_pen/data_sync_reg0) is unused and will be removed from module tri_mode_ethernet_mac_v9_0_39.
WARNING: [Synth 8-3332] Sequential element (flow/ppe_sync[2].sync_rx_pen/data_sync_reg1) is unused and will be removed from module tri_mode_ethernet_mac_v9_0_39.
WARNING: [Synth 8-3332] Sequential element (flow/ppe_sync[2].sync_rx_pen/data_sync_reg2) is unused and will be removed from module tri_mode_ethernet_mac_v9_0_39.
WARNING: [Synth 8-3332] Sequential element (flow/ppe_sync[2].sync_rx_pen/data_sync_reg3) is unused and will be removed from module tri_mode_ethernet_mac_v9_0_39.
WARNING: [Synth 8-3332] Sequential element (flow/ppe_sync[2].sync_rx_pen/data_sync_reg4) is unused and will be removed from module tri_mode_ethernet_mac_v9_0_39.
WARNING: [Synth 8-3332] Sequential element (flow/ppe_sync[2].sync_tx_pen/data_sync_reg0) is unused and will be removed from module tri_mode_ethernet_mac_v9_0_39.
WARNING: [Synth 8-3332] Sequential element (flow/ppe_sync[2].sync_tx_pen/data_sync_reg1) is unused and will be removed from module tri_mode_ethernet_mac_v9_0_39.
WARNING: [Synth 8-3332] Sequential element (flow/ppe_sync[2].sync_tx_pen/data_sync_reg2) is unused and will be removed from module tri_mode_ethernet_mac_v9_0_39.
WARNING: [Synth 8-3332] Sequential element (flow/ppe_sync[2].sync_tx_pen/data_sync_reg3) is unused and will be removed from module tri_mode_ethernet_mac_v9_0_39.
WARNING: [Synth 8-3332] Sequential element (flow/ppe_sync[2].sync_tx_pen/data_sync_reg4) is unused and will be removed from module tri_mode_ethernet_mac_v9_0_39.
WARNING: [Synth 8-3332] Sequential element (flow/ppe_sync[3].sync_rx_pen/data_sync_reg0) is unused and will be removed from module tri_mode_ethernet_mac_v9_0_39.
WARNING: [Synth 8-3332] Sequential element (flow/ppe_sync[3].sync_rx_pen/data_sync_reg1) is unused and will be removed from module tri_mode_ethernet_mac_v9_0_39.
WARNING: [Synth 8-3332] Sequential element (flow/ppe_sync[3].sync_rx_pen/data_sync_reg2) is unused and will be removed from module tri_mode_ethernet_mac_v9_0_39.
WARNING: [Synth 8-3332] Sequential element (flow/ppe_sync[3].sync_rx_pen/data_sync_reg3) is unused and will be removed from module tri_mode_ethernet_mac_v9_0_39.
WARNING: [Synth 8-3332] Sequential element (flow/ppe_sync[3].sync_rx_pen/data_sync_reg4) is unused and will be removed from module tri_mode_ethernet_mac_v9_0_39.
WARNING: [Synth 8-3332] Sequential element (flow/ppe_sync[3].sync_tx_pen/data_sync_reg0) is unused and will be removed from module tri_mode_ethernet_mac_v9_0_39.
WARNING: [Synth 8-3332] Sequential element (flow/ppe_sync[3].sync_tx_pen/data_sync_reg1) is unused and will be removed from module tri_mode_ethernet_mac_v9_0_39.
WARNING: [Synth 8-3332] Sequential element (flow/ppe_sync[3].sync_tx_pen/data_sync_reg2) is unused and will be removed from module tri_mode_ethernet_mac_v9_0_39.
WARNING: [Synth 8-3332] Sequential element (flow/ppe_sync[3].sync_tx_pen/data_sync_reg3) is unused and will be removed from module tri_mode_ethernet_mac_v9_0_39.
WARNING: [Synth 8-3332] Sequential element (flow/ppe_sync[3].sync_tx_pen/data_sync_reg4) is unused and will be removed from module tri_mode_ethernet_mac_v9_0_39.
WARNING: [Synth 8-3332] Sequential element (flow/ppe_sync[4].sync_rx_pen/data_sync_reg0) is unused and will be removed from module tri_mode_ethernet_mac_v9_0_39.
WARNING: [Synth 8-3332] Sequential element (flow/ppe_sync[4].sync_rx_pen/data_sync_reg1) is unused and will be removed from module tri_mode_ethernet_mac_v9_0_39.
WARNING: [Synth 8-3332] Sequential element (flow/ppe_sync[4].sync_rx_pen/data_sync_reg2) is unused and will be removed from module tri_mode_ethernet_mac_v9_0_39.
WARNING: [Synth 8-3332] Sequential element (flow/ppe_sync[4].sync_rx_pen/data_sync_reg3) is unused and will be removed from module tri_mode_ethernet_mac_v9_0_39.
WARNING: [Synth 8-3332] Sequential element (flow/ppe_sync[4].sync_rx_pen/data_sync_reg4) is unused and will be removed from module tri_mode_ethernet_mac_v9_0_39.
WARNING: [Synth 8-3332] Sequential element (flow/ppe_sync[4].sync_tx_pen/data_sync_reg0) is unused and will be removed from module tri_mode_ethernet_mac_v9_0_39.
WARNING: [Synth 8-3332] Sequential element (flow/ppe_sync[4].sync_tx_pen/data_sync_reg1) is unused and will be removed from module tri_mode_ethernet_mac_v9_0_39.
WARNING: [Synth 8-3332] Sequential element (flow/ppe_sync[4].sync_tx_pen/data_sync_reg2) is unused and will be removed from module tri_mode_ethernet_mac_v9_0_39.
WARNING: [Synth 8-3332] Sequential element (flow/ppe_sync[4].sync_tx_pen/data_sync_reg3) is unused and will be removed from module tri_mode_ethernet_mac_v9_0_39.
WARNING: [Synth 8-3332] Sequential element (flow/ppe_sync[4].sync_tx_pen/data_sync_reg4) is unused and will be removed from module tri_mode_ethernet_mac_v9_0_39.
WARNING: [Synth 8-3332] Sequential element (flow/ppe_sync[5].sync_rx_pen/data_sync_reg0) is unused and will be removed from module tri_mode_ethernet_mac_v9_0_39.
WARNING: [Synth 8-3332] Sequential element (flow/ppe_sync[5].sync_rx_pen/data_sync_reg1) is unused and will be removed from module tri_mode_ethernet_mac_v9_0_39.
WARNING: [Synth 8-3332] Sequential element (flow/ppe_sync[5].sync_rx_pen/data_sync_reg2) is unused and will be removed from module tri_mode_ethernet_mac_v9_0_39.
WARNING: [Synth 8-3332] Sequential element (flow/ppe_sync[5].sync_rx_pen/data_sync_reg3) is unused and will be removed from module tri_mode_ethernet_mac_v9_0_39.
WARNING: [Synth 8-3332] Sequential element (flow/ppe_sync[5].sync_rx_pen/data_sync_reg4) is unused and will be removed from module tri_mode_ethernet_mac_v9_0_39.
WARNING: [Synth 8-3332] Sequential element (flow/ppe_sync[5].sync_tx_pen/data_sync_reg0) is unused and will be removed from module tri_mode_ethernet_mac_v9_0_39.
WARNING: [Synth 8-3332] Sequential element (flow/ppe_sync[5].sync_tx_pen/data_sync_reg1) is unused and will be removed from module tri_mode_ethernet_mac_v9_0_39.
WARNING: [Synth 8-3332] Sequential element (flow/ppe_sync[5].sync_tx_pen/data_sync_reg2) is unused and will be removed from module tri_mode_ethernet_mac_v9_0_39.
WARNING: [Synth 8-3332] Sequential element (flow/ppe_sync[5].sync_tx_pen/data_sync_reg3) is unused and will be removed from module tri_mode_ethernet_mac_v9_0_39.
WARNING: [Synth 8-3332] Sequential element (flow/ppe_sync[5].sync_tx_pen/data_sync_reg4) is unused and will be removed from module tri_mode_ethernet_mac_v9_0_39.
WARNING: [Synth 8-3332] Sequential element (flow/ppe_sync[6].sync_rx_pen/data_sync_reg0) is unused and will be removed from module tri_mode_ethernet_mac_v9_0_39.
WARNING: [Synth 8-3332] Sequential element (flow/ppe_sync[6].sync_rx_pen/data_sync_reg1) is unused and will be removed from module tri_mode_ethernet_mac_v9_0_39.
WARNING: [Synth 8-3332] Sequential element (flow/ppe_sync[6].sync_rx_pen/data_sync_reg2) is unused and will be removed from module tri_mode_ethernet_mac_v9_0_39.
WARNING: [Synth 8-3332] Sequential element (flow/ppe_sync[6].sync_rx_pen/data_sync_reg3) is unused and will be removed from module tri_mode_ethernet_mac_v9_0_39.
WARNING: [Synth 8-3332] Sequential element (flow/ppe_sync[6].sync_rx_pen/data_sync_reg4) is unused and will be removed from module tri_mode_ethernet_mac_v9_0_39.
WARNING: [Synth 8-3332] Sequential element (flow/ppe_sync[6].sync_tx_pen/data_sync_reg0) is unused and will be removed from module tri_mode_ethernet_mac_v9_0_39.
WARNING: [Synth 8-3332] Sequential element (flow/ppe_sync[6].sync_tx_pen/data_sync_reg1) is unused and will be removed from module tri_mode_ethernet_mac_v9_0_39.
WARNING: [Synth 8-3332] Sequential element (flow/ppe_sync[6].sync_tx_pen/data_sync_reg2) is unused and will be removed from module tri_mode_ethernet_mac_v9_0_39.
WARNING: [Synth 8-3332] Sequential element (flow/ppe_sync[6].sync_tx_pen/data_sync_reg3) is unused and will be removed from module tri_mode_ethernet_mac_v9_0_39.
WARNING: [Synth 8-3332] Sequential element (flow/ppe_sync[6].sync_tx_pen/data_sync_reg4) is unused and will be removed from module tri_mode_ethernet_mac_v9_0_39.
WARNING: [Synth 8-3332] Sequential element (flow/ppe_sync[7].sync_rx_pen/data_sync_reg0) is unused and will be removed from module tri_mode_ethernet_mac_v9_0_39.
WARNING: [Synth 8-3332] Sequential element (flow/ppe_sync[7].sync_rx_pen/data_sync_reg1) is unused and will be removed from module tri_mode_ethernet_mac_v9_0_39.
WARNING: [Synth 8-3332] Sequential element (flow/ppe_sync[7].sync_rx_pen/data_sync_reg2) is unused and will be removed from module tri_mode_ethernet_mac_v9_0_39.
WARNING: [Synth 8-3332] Sequential element (flow/ppe_sync[7].sync_rx_pen/data_sync_reg3) is unused and will be removed from module tri_mode_ethernet_mac_v9_0_39.
WARNING: [Synth 8-3332] Sequential element (flow/ppe_sync[7].sync_rx_pen/data_sync_reg4) is unused and will be removed from module tri_mode_ethernet_mac_v9_0_39.
WARNING: [Synth 8-3332] Sequential element (flow/ppe_sync[7].sync_tx_pen/data_sync_reg0) is unused and will be removed from module tri_mode_ethernet_mac_v9_0_39.
WARNING: [Synth 8-3332] Sequential element (flow/ppe_sync[7].sync_tx_pen/data_sync_reg1) is unused and will be removed from module tri_mode_ethernet_mac_v9_0_39.
WARNING: [Synth 8-3332] Sequential element (flow/ppe_sync[7].sync_tx_pen/data_sync_reg2) is unused and will be removed from module tri_mode_ethernet_mac_v9_0_39.
WARNING: [Synth 8-3332] Sequential element (flow/ppe_sync[7].sync_tx_pen/data_sync_reg3) is unused and will be removed from module tri_mode_ethernet_mac_v9_0_39.
WARNING: [Synth 8-3332] Sequential element (flow/ppe_sync[7].sync_tx_pen/data_sync_reg4) is unused and will be removed from module tri_mode_ethernet_mac_v9_0_39.
WARNING: [Synth 8-3332] Sequential element (flow/sync_rx_duplex/data_sync_reg0) is unused and will be removed from module tri_mode_ethernet_mac_v9_0_39.
WARNING: [Synth 8-3332] Sequential element (flow/sync_rx_duplex/data_sync_reg1) is unused and will be removed from module tri_mode_ethernet_mac_v9_0_39.
WARNING: [Synth 8-3332] Sequential element (flow/sync_rx_duplex/data_sync_reg2) is unused and will be removed from module tri_mode_ethernet_mac_v9_0_39.
WARNING: [Synth 8-3332] Sequential element (flow/sync_rx_duplex/data_sync_reg3) is unused and will be removed from module tri_mode_ethernet_mac_v9_0_39.
WARNING: [Synth 8-3332] Sequential element (flow/sync_rx_duplex/data_sync_reg4) is unused and will be removed from module tri_mode_ethernet_mac_v9_0_39.
WARNING: [Synth 8-3332] Sequential element (flow/sync_tx_duplex/data_sync_reg0) is unused and will be removed from module tri_mode_ethernet_mac_v9_0_39.
WARNING: [Synth 8-3332] Sequential element (flow/sync_tx_duplex/data_sync_reg1) is unused and will be removed from module tri_mode_ethernet_mac_v9_0_39.
WARNING: [Synth 8-3332] Sequential element (flow/sync_tx_duplex/data_sync_reg2) is unused and will be removed from module tri_mode_ethernet_mac_v9_0_39.
WARNING: [Synth 8-3332] Sequential element (flow/sync_tx_duplex/data_sync_reg3) is unused and will be removed from module tri_mode_ethernet_mac_v9_0_39.
WARNING: [Synth 8-3332] Sequential element (flow/sync_tx_duplex/data_sync_reg4) is unused and will be removed from module tri_mode_ethernet_mac_v9_0_39.
WARNING: [Synth 8-3332] Sequential element (flow/sync_rx_pfc_en/data_sync_reg0) is unused and will be removed from module tri_mode_ethernet_mac_v9_0_39.
WARNING: [Synth 8-3332] Sequential element (flow/sync_rx_pfc_en/data_sync_reg1) is unused and will be removed from module tri_mode_ethernet_mac_v9_0_39.
WARNING: [Synth 8-3332] Sequential element (flow/sync_rx_pfc_en/data_sync_reg2) is unused and will be removed from module tri_mode_ethernet_mac_v9_0_39.
WARNING: [Synth 8-3332] Sequential element (flow/sync_rx_pfc_en/data_sync_reg3) is unused and will be removed from module tri_mode_ethernet_mac_v9_0_39.
WARNING: [Synth 8-3332] Sequential element (flow/sync_rx_pfc_en/data_sync_reg4) is unused and will be removed from module tri_mode_ethernet_mac_v9_0_39.
WARNING: [Synth 8-3332] Sequential element (flow/sync_tx_pfc_en/data_sync_reg0) is unused and will be removed from module tri_mode_ethernet_mac_v9_0_39.
WARNING: [Synth 8-3332] Sequential element (flow/sync_tx_pfc_en/data_sync_reg1) is unused and will be removed from module tri_mode_ethernet_mac_v9_0_39.
WARNING: [Synth 8-3332] Sequential element (flow/sync_tx_pfc_en/data_sync_reg2) is unused and will be removed from module tri_mode_ethernet_mac_v9_0_39.
WARNING: [Synth 8-3332] Sequential element (flow/sync_tx_pfc_en/data_sync_reg3) is unused and will be removed from module tri_mode_ethernet_mac_v9_0_39.
WARNING: [Synth 8-3332] Sequential element (flow/sync_tx_pfc_en/data_sync_reg4) is unused and will be removed from module tri_mode_ethernet_mac_v9_0_39.
INFO: [Common 17-14] Message 'Synth 8-3332' appears 100 times and further instances of the messages will be disabled. Use the Tcl command set_msg_config to change the current settings.
---------------------------------------------------------------------------------
Finished Cross Boundary and Area Optimization : Time (s): cpu = 00:00:35 ; elapsed = 00:00:37 . Memory (MB): peak = 1714.652 ; gain = 802.230
---------------------------------------------------------------------------------
---------------------------------------------------------------------------------
Start Applying XDC Timing Constraints
---------------------------------------------------------------------------------
WARNING: [Synth 8-3321] set_false_path : Empty from list for constraint at line 79 of g:/proj/fpga/zynq7020_mlk2/proj/06_ex_linux_QT_Drive_L2_7020/QT_Drive_Appendix/project/soc_prj/soc_prj.gen/sources_1/bd/system/ip/system_axi_ethernet_0_0/bd_0/ip/ip_1/synth/bd_4bad_mac_0.xdc. [g:/proj/fpga/zynq7020_mlk2/proj/06_ex_linux_QT_Drive_L2_7020/QT_Drive_Appendix/project/soc_prj/soc_prj.gen/sources_1/bd/system/ip/system_axi_ethernet_0_0/bd_0/ip/ip_1/synth/bd_4bad_mac_0.xdc:79]
---------------------------------------------------------------------------------
Finished Applying XDC Timing Constraints : Time (s): cpu = 00:00:42 ; elapsed = 00:00:44 . Memory (MB): peak = 1826.242 ; gain = 913.820
---------------------------------------------------------------------------------
---------------------------------------------------------------------------------
Start Timing Optimization
---------------------------------------------------------------------------------
---------------------------------------------------------------------------------
Finished Timing Optimization : Time (s): cpu = 00:00:46 ; elapsed = 00:00:48 . Memory (MB): peak = 1910.633 ; gain = 998.211
---------------------------------------------------------------------------------
---------------------------------------------------------------------------------
Start Technology Mapping
---------------------------------------------------------------------------------
---------------------------------------------------------------------------------
Finished Technology Mapping : Time (s): cpu = 00:00:48 ; elapsed = 00:00:50 . Memory (MB): peak = 1910.633 ; gain = 998.211
---------------------------------------------------------------------------------
---------------------------------------------------------------------------------
Start IO Insertion
---------------------------------------------------------------------------------
---------------------------------------------------------------------------------
Start Flattening Before IO Insertion
---------------------------------------------------------------------------------
---------------------------------------------------------------------------------
Finished Flattening Before IO Insertion
---------------------------------------------------------------------------------
---------------------------------------------------------------------------------
Start Final Netlist Cleanup
---------------------------------------------------------------------------------
---------------------------------------------------------------------------------
Finished Final Netlist Cleanup
---------------------------------------------------------------------------------
---------------------------------------------------------------------------------
Finished IO Insertion : Time (s): cpu = 00:00:52 ; elapsed = 00:00:55 . Memory (MB): peak = 2098.777 ; gain = 1186.355
---------------------------------------------------------------------------------
---------------------------------------------------------------------------------
Start Renaming Generated Instances
---------------------------------------------------------------------------------
---------------------------------------------------------------------------------
Finished Renaming Generated Instances : Time (s): cpu = 00:00:52 ; elapsed = 00:00:55 . Memory (MB): peak = 2098.777 ; gain = 1186.355
---------------------------------------------------------------------------------
---------------------------------------------------------------------------------
Start Rebuilding User Hierarchy
---------------------------------------------------------------------------------
---------------------------------------------------------------------------------
Finished Rebuilding User Hierarchy : Time (s): cpu = 00:00:53 ; elapsed = 00:00:56 . Memory (MB): peak = 2098.777 ; gain = 1186.355
---------------------------------------------------------------------------------
---------------------------------------------------------------------------------
Start Renaming Generated Ports
---------------------------------------------------------------------------------
---------------------------------------------------------------------------------
Finished Renaming Generated Ports : Time (s): cpu = 00:00:53 ; elapsed = 00:00:56 . Memory (MB): peak = 2098.777 ; gain = 1186.355
---------------------------------------------------------------------------------
---------------------------------------------------------------------------------
Start Handling Custom Attributes
---------------------------------------------------------------------------------
---------------------------------------------------------------------------------
Finished Handling Custom Attributes : Time (s): cpu = 00:00:53 ; elapsed = 00:00:56 . Memory (MB): peak = 2098.777 ; gain = 1186.355
---------------------------------------------------------------------------------
---------------------------------------------------------------------------------
Start Renaming Generated Nets
---------------------------------------------------------------------------------
---------------------------------------------------------------------------------
Finished Renaming Generated Nets : Time (s): cpu = 00:00:53 ; elapsed = 00:00:56 . Memory (MB): peak = 2098.777 ; gain = 1186.355
---------------------------------------------------------------------------------
---------------------------------------------------------------------------------
Start Writing Synthesis Report
---------------------------------------------------------------------------------

Report BlackBoxes: 
+-+--------------+----------+
| |BlackBox name |Instances |
+-+--------------+----------+
+-+--------------+----------+

Report Cell Usage: 
+------+-----------+------+
|      |Cell       |Count |
+------+-----------+------+
|1     |BUFGCE     |     2|
|2     |BUFIO      |     1|
|3     |BUFR       |     1|
|4     |CARRY4     |    33|
|5     |IDDR       |     5|
|6     |IDELAYCTRL |     1|
|7     |IDELAYE2   |     5|
|8     |LUT1       |   616|
|9     |LUT2       |   292|
|10    |LUT3       |   270|
|11    |LUT4       |   303|
|12    |LUT5       |   314|
|13    |LUT6       |   519|
|14    |MMCME2_ADV |     1|
|15    |MUXF7      |     3|
|16    |ODDR       |     6|
|17    |RAM64X1D   |   160|
|18    |SRL16E     |    24|
|19    |FDCE       |    26|
|20    |FDPE       |    30|
|21    |FDRE       |  2683|
|22    |FDSE       |   130|
|23    |IBUF       |     6|
|24    |OBUF       |     6|
+------+-----------+------+
---------------------------------------------------------------------------------
Finished Writing Synthesis Report : Time (s): cpu = 00:00:53 ; elapsed = 00:00:56 . Memory (MB): peak = 2098.777 ; gain = 1186.355
---------------------------------------------------------------------------------
Synthesis finished with 0 errors, 0 critical warnings and 106 warnings.
Synthesis Optimization Runtime : Time (s): cpu = 00:00:36 ; elapsed = 00:00:51 . Memory (MB): peak = 2098.777 ; gain = 1147.105
Synthesis Optimization Complete : Time (s): cpu = 00:00:53 ; elapsed = 00:00:56 . Memory (MB): peak = 2098.777 ; gain = 1186.355
INFO: [Project 1-571] Translating synthesized netlist
WARNING: [Synth 37-28] Duplicate attribute 'INIT' found for instance 'update_pause_ad_int_reg' of module 'FDRE'.
Resolution: Check your design sources near the definition of the module or any related 'include files, looking for duplicate definitions with different values.
Netlist sorting complete. Time (s): cpu = 00:00:00 ; elapsed = 00:00:00.088 . Memory (MB): peak = 2098.777 ; gain = 0.000
WARNING: [Netlist 29-345] The value of SIM_DEVICE on instance 'inst/tri_mode_ethernet_mac_support_clocking_i/clkout1_buf' of type 'BUFGCE' is 'ULTRASCALE'; it is being changed to match the current FPGA architecture, '7SERIES'. For functional simulation to match hardware behavior, the value of SIM_DEVICE should be changed in the source netlist. 
WARNING: [Netlist 29-345] The value of SIM_DEVICE on instance 'inst/tri_mode_ethernet_mac_support_clocking_i/clkout2_buf' of type 'BUFGCE' is 'ULTRASCALE'; it is being changed to match the current FPGA architecture, '7SERIES'. For functional simulation to match hardware behavior, the value of SIM_DEVICE should be changed in the source netlist. 
INFO: [Netlist 29-17] Analyzing 216 Unisim elements for replacement
INFO: [Netlist 29-28] Unisim Transformation completed in 0 CPU seconds
INFO: [Project 1-570] Preparing netlist for logic optimization
INFO: [Opt 31-138] Pushed 0 inverter(s) to 0 load pin(s).
Netlist sorting complete. Time (s): cpu = 00:00:00 ; elapsed = 00:00:00.004 . Memory (MB): peak = 2111.551 ; gain = 0.000
INFO: [Project 1-111] Unisim Transformation Summary:
  A total of 162 instances were transformed.
  BUFGCE => BUFGCTRL: 2 instances
  RAM64X1D => RAM64X1D (RAMD64E(x2)): 160 instances

Synth Design complete | Checksum: d4b53bf
INFO: [Common 17-83] Releasing license: Synthesis
234 Infos, 117 Warnings, 0 Critical Warnings and 0 Errors encountered.
synth_design completed successfully
synth_design: Time (s): cpu = 00:00:59 ; elapsed = 00:01:03 . Memory (MB): peak = 2111.551 ; gain = 1428.215
Write ShapeDB Complete: Time (s): cpu = 00:00:00 ; elapsed = 00:00:00.008 . Memory (MB): peak = 2111.551 ; gain = 0.000
INFO: [Common 17-1381] The checkpoint 'G:/proj/fpga/zynq7020_mlk2/proj/06_ex_linux_QT_Drive_L2_7020/QT_Drive_Appendix/project/soc_prj/soc_prj.runs/bd_4bad_mac_0_synth_1/bd_4bad_mac_0.dcp' has been generated.
INFO: [Coretcl 2-1648] Added synthesis output to IP cache for IP bd_4bad_mac_0, cache-ID = c05e3e4ff6cdd217
INFO: [Coretcl 2-1174] Renamed 166 cell refs.
Write ShapeDB Complete: Time (s): cpu = 00:00:00 ; elapsed = 00:00:00.007 . Memory (MB): peak = 2111.551 ; gain = 0.000
INFO: [Common 17-1381] The checkpoint 'G:/proj/fpga/zynq7020_mlk2/proj/06_ex_linux_QT_Drive_L2_7020/QT_Drive_Appendix/project/soc_prj/soc_prj.runs/bd_4bad_mac_0_synth_1/bd_4bad_mac_0.dcp' has been generated.
INFO: [Vivado 12-24828] Executing command : report_utilization -file bd_4bad_mac_0_utilization_synth.rpt -pb bd_4bad_mac_0_utilization_synth.pb
INFO: [Common 17-206] Exiting Vivado at Thu Feb 19 11:23:17 2026...
