#-----------------------------------------------------------
# Vivado v2021.1 (64-bit)
# SW Build 3247384 on Thu Jun 10 19:36:33 MDT 2021
# IP Build 3246043 on Fri Jun 11 00:30:35 MDT 2021
# Start of session at: Mon Aug 22 16:16:35 2022
# Process ID: 13672
# Current directory: E:/backup/driver_06.13/7XB702/03_Linux应用特别篇/Demo/01_2lans_hdmi/soc_prj
# Command line: vivado.exe -gui_launcher_event rodinguilauncherevent13924 E:\backup\driver_06.13\7XB702\03_Linux应用特别篇\Demo\01_2lans_hdmi\soc_prj\soc_prj.xpr
# Log file: E:/backup/driver_06.13/7XB702/03_Linux应用特别篇/Demo/01_2lans_hdmi/soc_prj/vivado.log
# Journal file: E:/backup/driver_06.13/7XB702/03_Linux应用特别篇/Demo/01_2lans_hdmi/soc_prj\vivado.jou
#-----------------------------------------------------------
start_gui
open_project E:/backup/driver_06.13/7XB702/03_Linux应用特别篇/Demo/01_2lans_hdmi/soc_prj/soc_prj.xpr
INFO: [Project 1-313] Project file moved from 'C:/Users/Glados/Desktop/share/soc_prj' since last save.
Scanning sources...
Finished scanning sources
INFO: [IP_Flow 19-234] Refreshing IP repositories
INFO: [IP_Flow 19-1700] Loaded user IP repository 'e:/backup/driver_06.13/7XB702/03_Linux应用特别篇/Demo/01_2lans_hdmi/soc_prj/uisrc/ip'.
INFO: [IP_Flow 19-2313] Loaded Vivado IP repository 'E:/Xilinx/Vivado/2021.1/data/ip'.
open_project: Time (s): cpu = 00:00:16 ; elapsed = 00:00:10 . Memory (MB): peak = 1282.270 ; gain = 0.000
update_compile_order -fileset sources_1
open_bd_design {E:/backup/driver_06.13/7XB702/03_Linux应用特别篇/Demo/01_2lans_hdmi/soc_prj/soc_prj.srcs/sources_1/bd/system/system.bd}
Reading block design file <E:/backup/driver_06.13/7XB702/03_Linux应用特别篇/Demo/01_2lans_hdmi/soc_prj/soc_prj.srcs/sources_1/bd/system/system.bd>...
Adding component instance block -- xilinx.com:ip:axi_dma:7.1 - axi_dma_0
Adding component instance block -- xilinx.com:ip:axi_ethernet:7.2 - axi_ethernet_0
Adding component instance block -- xilinx.com:ip:axi_interconnect:2.1 - axi_interconnect_0
Adding component instance block -- xilinx.com:ip:axi_crossbar:2.1 - xbar
Adding component instance block -- xilinx.com:ip:axi_data_fifo:2.1 - s00_data_fifo
Adding component instance block -- xilinx.com:ip:axi_data_fifo:2.1 - s01_data_fifo
Adding component instance block -- xilinx.com:ip:axi_dwidth_converter:2.1 - auto_us_df
Adding component instance block -- xilinx.com:ip:axi_dwidth_converter:2.1 - auto_us
Adding component instance block -- xilinx.com:ip:axi_dwidth_converter:2.1 - auto_us
Adding component instance block -- xilinx.com:ip:axi_dwidth_converter:2.1 - auto_us
Adding component instance block -- xilinx.com:ip:axi_protocol_converter:2.1 - auto_pc
Adding component instance block -- xilinx.com:ip:axi_vdma:6.3 - axi_vdma_0
Adding component instance block -- xilinx.com:ip:axis_subset_converter:1.1 - axis_subset_converter_0
Adding component instance block -- xilinx.com:ip:clk_wiz:6.0 - clk_wiz_0
Adding component instance block -- xilinx.com:ip:processing_system7:5.5 - processing_system7_0
Adding component instance block -- xilinx.com:ip:axi_interconnect:2.1 - ps7_0_axi_periph
Adding component instance block -- xilinx.com:ip:axi_crossbar:2.1 - xbar
Adding component instance block -- xilinx.com:ip:axi_protocol_converter:2.1 - auto_pc
Adding component instance block -- xilinx.com:ip:proc_sys_reset:5.0 - rst_ps7_0_100M
Adding component instance block -- xilinx.com:user:uihdmitx:1.0 - uihdmitx_0
Adding component instance block -- xilinx.com:ip:util_vector_logic:2.0 - util_vector_logic_1
Adding component instance block -- xilinx.com:ip:v_axi4s_vid_out:4.0 - v_axi4s_vid_out_0
Adding component instance block -- xilinx.com:ip:v_tc:6.2 - v_tc_0
Adding component instance block -- xilinx.com:ip:xlconcat:2.1 - xlconcat_0
Adding component instance block -- xilinx.com:ip:axi_ethernet:7.2 - axi_ethernet_1
Adding component instance block -- xilinx.com:ip:axi_dma:7.1 - axi_ethernet_1_dma
Successfully read diagram <system> from block design file <E:/backup/driver_06.13/7XB702/03_Linux应用特别篇/Demo/01_2lans_hdmi/soc_prj/soc_prj.srcs/sources_1/bd/system/system.bd>
open_bd_design: Time (s): cpu = 00:00:08 ; elapsed = 00:00:11 . Memory (MB): peak = 1352.684 ; gain = 67.750
regenerate_bd_layout
regenerate_bd_layout
exit
INFO: [Common 17-206] Exiting Vivado at Mon Aug 22 17:01:22 2022...
