#-----------------------------------------------------------
# Vivado v2021.1 (64-bit)
# SW Build 3247384 on Thu Jun 10 19:36:33 MDT 2021
# IP Build 3246043 on Fri Jun 11 00:30:35 MDT 2021
# Start of session at: Thu May 29 17:46:01 2025
# Process ID: 46420
# Current directory: D:/soc_prj
# Command line: vivado.exe -gui_launcher_event rodinguilauncherevent13620 D:\soc_prj\soc_prj.xpr
# Log file: D:/soc_prj/vivado.log
# Journal file: D:/soc_prj\vivado.jou
#-----------------------------------------------------------
start_gui
open_project D:/soc_prj/soc_prj.xpr
INFO: [Project 1-313] Project file moved from 'C:/Users/Glados/Desktop/share/soc_prj' since last save.
Scanning sources...
Finished scanning sources
INFO: [IP_Flow 19-234] Refreshing IP repositories
INFO: [IP_Flow 19-1700] Loaded user IP repository 'd:/soc_prj/uisrc/ip'.
INFO: [IP_Flow 19-2313] Loaded Vivado IP repository 'C:/Xilinx/Vivado/2021.1/data/ip'.
open_project: Time (s): cpu = 00:00:13 ; elapsed = 00:00:14 . Memory (MB): peak = 1197.402 ; gain = 0.000
update_compile_order -fileset sources_1
open_bd_design {D:/soc_prj/soc_prj.srcs/sources_1/bd/system/system.bd}
Reading block design file <D:/soc_prj/soc_prj.srcs/sources_1/bd/system/system.bd>...
Adding component instance block -- xilinx.com:ip:axi_dma:7.1 - axi_dma_0
Adding component instance block -- xilinx.com:ip:axi_ethernet:7.2 - axi_ethernet_0
Adding component instance block -- xilinx.com:ip:axi_interconnect:2.1 - axi_interconnect_0
Adding component instance block -- xilinx.com:ip:axi_crossbar:2.1 - xbar
Adding component instance block -- xilinx.com:ip:axi_data_fifo:2.1 - s00_data_fifo
Adding component instance block -- xilinx.com:ip:axi_data_fifo:2.1 - s01_data_fifo
Adding component instance block -- xilinx.com:ip:axi_dwidth_converter:2.1 - auto_us_df
Adding component instance block -- xilinx.com:ip:axi_dwidth_converter:2.1 - auto_us
Adding component instance block -- xilinx.com:ip:axi_dwidth_converter:2.1 - auto_us
Adding component instance block -- xilinx.com:ip:axi_dwidth_converter:2.1 - auto_us
Adding component instance block -- xilinx.com:ip:axi_protocol_converter:2.1 - auto_pc
Adding component instance block -- xilinx.com:ip:axi_vdma:6.3 - axi_vdma_0
Adding component instance block -- xilinx.com:ip:axis_subset_converter:1.1 - axis_subset_converter_0
Adding component instance block -- xilinx.com:ip:clk_wiz:6.0 - clk_wiz_0
Adding component instance block -- xilinx.com:ip:processing_system7:5.5 - processing_system7_0
Adding component instance block -- xilinx.com:ip:axi_interconnect:2.1 - ps7_0_axi_periph
Adding component instance block -- xilinx.com:ip:axi_crossbar:2.1 - xbar
Adding component instance block -- xilinx.com:ip:axi_protocol_converter:2.1 - auto_pc
Adding component instance block -- xilinx.com:ip:proc_sys_reset:5.0 - rst_ps7_0_100M
Adding component instance block -- xilinx.com:user:uihdmitx:1.0 - uihdmitx_0
Adding component instance block -- xilinx.com:ip:util_vector_logic:2.0 - util_vector_logic_1
Adding component instance block -- xilinx.com:ip:v_axi4s_vid_out:4.0 - v_axi4s_vid_out_0
Adding component instance block -- xilinx.com:ip:v_tc:6.2 - v_tc_0
Adding component instance block -- xilinx.com:ip:xlconcat:2.1 - xlconcat_0
Adding component instance block -- xilinx.com:ip:axi_ethernet:7.2 - axi_ethernet_1
Adding component instance block -- xilinx.com:ip:axi_dma:7.1 - axi_ethernet_1_dma
Successfully read diagram <system> from block design file <D:/soc_prj/soc_prj.srcs/sources_1/bd/system/system.bd>
open_bd_design: Time (s): cpu = 00:00:08 ; elapsed = 00:00:07 . Memory (MB): peak = 1220.984 ; gain = 0.000
WARNING: [IP_Flow 19-474] Invalid Parameter 'Component_Name'
reset_run synth_1
WARNING: [Vivado 12-1017] Problems encountered:
1. Failed to delete one or more files in run directory D:/soc_prj/soc_prj.runs/synth_1

launch_runs impl_1 -to_step write_bitstream -jobs 16
[Thu May 29 17:53:21 2025] Launched synth_1...
Run output will be captured here: D:/soc_prj/soc_prj.runs/synth_1/runme.log
[Thu May 29 17:53:21 2025] Launched impl_1...
Run output will be captured here: D:/soc_prj/soc_prj.runs/impl_1/runme.log
reset_run synth_1
WARNING: [Vivado 12-1017] Problems encountered:
1. Failed to delete one or more files in run directory D:/soc_prj/soc_prj.runs/synth_1

launch_runs impl_1 -to_step write_bitstream -jobs 16
[Thu May 29 18:03:20 2025] Launched synth_1...
Run output will be captured here: D:/soc_prj/soc_prj.runs/synth_1/runme.log
[Thu May 29 18:03:20 2025] Launched impl_1...
Run output will be captured here: D:/soc_prj/soc_prj.runs/impl_1/runme.log
reset_run synth_1
WARNING: [Vivado 12-1017] Problems encountered:
1. Failed to delete one or more files in run directory D:/soc_prj/soc_prj.runs/synth_1

launch_runs impl_1 -to_step write_bitstream -jobs 16
[Thu May 29 18:08:25 2025] Launched synth_1...
Run output will be captured here: D:/soc_prj/soc_prj.runs/synth_1/runme.log
[Thu May 29 18:08:25 2025] Launched impl_1...
Run output will be captured here: D:/soc_prj/soc_prj.runs/impl_1/runme.log
WARNING: [Board 49-26] cannot add Board Part xilinx.com:ac701:part0:1.4 available at C:/Xilinx/Vivado/2021.1/data/xhub/boards/XilinxBoardStore/boards/Xilinx/ac701/1.4/board.xml as part xc7a200tfbg676-2 specified in board_part file is either invalid or not available
WARNING: [Board 49-26] cannot add Board Part xilinx.com:kc705:part0:1.6 available at C:/Xilinx/Vivado/2021.1/data/xhub/boards/XilinxBoardStore/boards/Xilinx/kc705/1.6/board.xml as part xc7k325tffg900-2 specified in board_part file is either invalid or not available
WARNING: [Board 49-26] cannot add Board Part xilinx.com:kcu105:part0:1.6 available at C:/Xilinx/Vivado/2021.1/data/xhub/boards/XilinxBoardStore/boards/Xilinx/kcu105/1.6/board.xml as part xcku040-ffva1156-2-e specified in board_part file is either invalid or not available
WARNING: [Board 49-26] cannot add Board Part xilinx.com:kcu105:part0:1.7 available at C:/Xilinx/Vivado/2021.1/data/xhub/boards/XilinxBoardStore/boards/Xilinx/kcu105/1.7/board.xml as part xcku040-ffva1156-2-e specified in board_part file is either invalid or not available
WARNING: [Board 49-26] cannot add Board Part xilinx.com:kcu116:part0:1.4 available at C:/Xilinx/Vivado/2021.1/data/xhub/boards/XilinxBoardStore/boards/Xilinx/kcu116/1.4/board.xml as part xcku5p-ffvb676-2-e specified in board_part file is either invalid or not available
WARNING: [Board 49-26] cannot add Board Part xilinx.com:kcu116:part0:1.5 available at C:/Xilinx/Vivado/2021.1/data/xhub/boards/XilinxBoardStore/boards/Xilinx/kcu116/1.5/board.xml as part xcku5p-ffvb676-2-e specified in board_part file is either invalid or not available
WARNING: [Board 49-26] cannot add Board Part xilinx.com:sp701:part0:1.0 available at C:/Xilinx/Vivado/2021.1/data/xhub/boards/XilinxBoardStore/boards/Xilinx/sp701/1.0/board.xml as part xc7s100fgga676-2 specified in board_part file is either invalid or not available
WARNING: [Board 49-26] cannot add Board Part xilinx.com:sp701:part0:1.1 available at C:/Xilinx/Vivado/2021.1/data/xhub/boards/XilinxBoardStore/boards/Xilinx/sp701/1.1/board.xml as part xc7s100fgga676-2 specified in board_part file is either invalid or not available
WARNING: [Board 49-26] cannot add Board Part xilinx.com:vc707:part0:1.4 available at C:/Xilinx/Vivado/2021.1/data/xhub/boards/XilinxBoardStore/boards/Xilinx/vc707/1.4/board.xml as part xc7vx485tffg1761-2 specified in board_part file is either invalid or not available
WARNING: [Board 49-26] cannot add Board Part xilinx.com:vc709:part0:1.8 available at C:/Xilinx/Vivado/2021.1/data/xhub/boards/XilinxBoardStore/boards/Xilinx/vc709/1.8/board.xml as part xc7vx690tffg1761-2 specified in board_part file is either invalid or not available
WARNING: [Board 49-26] cannot add Board Part xilinx.com:vck190_es:part0:1.1 available at C:/Xilinx/Vivado/2021.1/data/xhub/boards/XilinxBoardStore/boards/Xilinx/vck190/es/1.1/board.xml as part xcvc1902-vsva2197-2mp-e-s-es1 specified in board_part file is either invalid or not available
WARNING: [Board 49-26] cannot add Board Part xilinx.com:vck190_es:part0:1.2 available at C:/Xilinx/Vivado/2021.1/data/xhub/boards/XilinxBoardStore/boards/Xilinx/vck190/es/1.2/board.xml as part xcvc1902-vsva2197-2mp-e-s-es1 specified in board_part file is either invalid or not available
WARNING: [Board 49-26] cannot add Board Part xilinx.com:vck190_es:part0:1.3 available at C:/Xilinx/Vivado/2021.1/data/xhub/boards/XilinxBoardStore/boards/Xilinx/vck190/es/1.3/board.xml as part xcvc1902-vsva2197-2mp-e-s-es1 specified in board_part file is either invalid or not available
WARNING: [Board 49-26] cannot add Board Part xilinx.com:vcu108:part0:1.6 available at C:/Xilinx/Vivado/2021.1/data/xhub/boards/XilinxBoardStore/boards/Xilinx/vcu108/1.6/board.xml as part xcvu095-ffva2104-2-e specified in board_part file is either invalid or not available
WARNING: [Board 49-26] cannot add Board Part xilinx.com:vcu108:part0:1.7 available at C:/Xilinx/Vivado/2021.1/data/xhub/boards/XilinxBoardStore/boards/Xilinx/vcu108/1.7/board.xml as part xcvu095-ffva2104-2-e specified in board_part file is either invalid or not available
WARNING: [Board 49-26] cannot add Board Part xilinx.com:vcu110:part0:1.4 available at C:/Xilinx/Vivado/2021.1/data/xhub/boards/XilinxBoardStore/boards/Xilinx/vcu110/1.4/board.xml as part xcvu190-flgc2104-2-e specified in board_part file is either invalid or not available
WARNING: [Board 49-26] cannot add Board Part xilinx.com:vcu128:part0:1.0 available at C:/Xilinx/Vivado/2021.1/data/xhub/boards/XilinxBoardStore/boards/Xilinx/vcu128/production/1.0/board.xml as part xcvu37p-fsvh2892-2l-e specified in board_part file is either invalid or not available
WARNING: [Board 49-26] cannot add Board Part xilinx.com:vcu129:part0:1.0 available at C:/Xilinx/Vivado/2021.1/data/xhub/boards/XilinxBoardStore/boards/Xilinx/vcu129/production/1.0/board.xml as part xcvu29p-fsga2577-2l-e specified in board_part file is either invalid or not available
WARNING: [Board 49-26] cannot add Board Part xilinx.com:vermeo_t1_rfsoc:part0:1.0 available at C:/Xilinx/Vivado/2021.1/data/xhub/boards/XilinxBoardStore/boards/Xilinx/vermeo_t1_rfsoc/1.0/board.xml as part xczu21dr-ffvd1156-2l-e specified in board_part file is either invalid or not available
WARNING: [Board 49-26] cannot add Board Part xilinx.com:vmk180:part0:2.0 available at C:/Xilinx/Vivado/2021.1/data/xhub/boards/XilinxBoardStore/boards/Xilinx/vmk180/production/2.0/board.xml as part xcvm1802-vsva2197-2mp-e-s specified in board_part file is either invalid or not available
WARNING: [Board 49-26] cannot add Board Part xilinx.com:vmk180:part0:2.1 available at C:/Xilinx/Vivado/2021.1/data/xhub/boards/XilinxBoardStore/boards/Xilinx/vmk180/production/2.1/board.xml as part xcvm1802-vsva2197-2mp-e-s specified in board_part file is either invalid or not available
WARNING: [Board 49-26] cannot add Board Part xilinx.com:vmk180:part0:2.2 available at C:/Xilinx/Vivado/2021.1/data/xhub/boards/XilinxBoardStore/boards/Xilinx/vmk180/production/2.2/board.xml as part xcvm1802-vsva2197-2mp-e-s specified in board_part file is either invalid or not available
WARNING: [Board 49-26] cannot add Board Part xilinx.com:vmk180_es:part0:1.1 available at C:/Xilinx/Vivado/2021.1/data/xhub/boards/XilinxBoardStore/boards/Xilinx/vmk180/es/1.1/board.xml as part xcvm1802-vsva2197-2mp-e-s-es1 specified in board_part file is either invalid or not available
WARNING: [Board 49-26] cannot add Board Part xilinx.com:vmk180_es:part0:1.2 available at C:/Xilinx/Vivado/2021.1/data/xhub/boards/XilinxBoardStore/boards/Xilinx/vmk180/es/1.2/board.xml as part xcvm1802-vsva2197-2mp-e-s-es1 specified in board_part file is either invalid or not available
WARNING: [Board 49-26] cannot add Board Part xilinx.com:vmk180_es:part0:1.3 available at C:/Xilinx/Vivado/2021.1/data/xhub/boards/XilinxBoardStore/boards/Xilinx/vmk180/es/1.3/board.xml as part xcvm1802-vsva2197-2mp-e-s-es1 specified in board_part file is either invalid or not available
WARNING: [Board 49-26] cannot add Board Part xilinx.com:zcu111:part0:1.2 available at C:/Xilinx/Vivado/2021.1/data/xhub/boards/XilinxBoardStore/boards/Xilinx/zcu111/1.2/board.xml as part xczu28dr-ffvg1517-2-e specified in board_part file is either invalid or not available
WARNING: [Board 49-26] cannot add Board Part xilinx.com:zcu111:part0:1.3 available at C:/Xilinx/Vivado/2021.1/data/xhub/boards/XilinxBoardStore/boards/Xilinx/zcu111/1.3/board.xml as part xczu28dr-ffvg1517-2-e specified in board_part file is either invalid or not available
WARNING: [Board 49-26] cannot add Board Part xilinx.com:zcu111:part0:1.4 available at C:/Xilinx/Vivado/2021.1/data/xhub/boards/XilinxBoardStore/boards/Xilinx/zcu111/1.4/board.xml as part xczu28dr-ffvg1517-2-e specified in board_part file is either invalid or not available
WARNING: [Board 49-26] cannot add Board Part xilinx.com:zcu1275:part0:1.0 available at C:/Xilinx/Vivado/2021.1/data/xhub/boards/XilinxBoardStore/boards/Xilinx/zcu1275/1.0/board.xml as part xczu29dr-ffvf1760-2-e specified in board_part file is either invalid or not available
WARNING: [Board 49-26] cannot add Board Part xilinx.com:zcu1285:part0:1.0 available at C:/Xilinx/Vivado/2021.1/data/xhub/boards/XilinxBoardStore/boards/Xilinx/zcu1285/1.0/board.xml as part xczu39dr-ffvf1760-2-i specified in board_part file is either invalid or not available
WARNING: [Board 49-26] cannot add Board Part xilinx.com:zcu208:part0:2.0 available at C:/Xilinx/Vivado/2021.1/data/xhub/boards/XilinxBoardStore/boards/Xilinx/zcu208/production/2.0/board.xml as part xczu48dr-fsvg1517-2-e specified in board_part file is either invalid or not available
WARNING: [Board 49-26] cannot add Board Part xilinx.com:zcu208_es:part0:1.0 available at C:/Xilinx/Vivado/2021.1/data/xhub/boards/XilinxBoardStore/boards/Xilinx/zcu208/es/1.0/board.xml as part xczu48dr-fsvg1517-2-e-es1 specified in board_part file is either invalid or not available
WARNING: [Board 49-26] cannot add Board Part xilinx.com:zcu208_es:part0:1.1 available at C:/Xilinx/Vivado/2021.1/data/xhub/boards/XilinxBoardStore/boards/Xilinx/zcu208/es/1.1/board.xml as part xczu48dr-fsvg1517-2-e-es1 specified in board_part file is either invalid or not available
WARNING: [Board 49-26] cannot add Board Part xilinx.com:zcu208_es:part0:1.2 available at C:/Xilinx/Vivado/2021.1/data/xhub/boards/XilinxBoardStore/boards/Xilinx/zcu208/es/1.2/board.xml as part xczu48dr-fsvg1517-2-e-es1 specified in board_part file is either invalid or not available
WARNING: [Board 49-26] cannot add Board Part xilinx.com:zcu208ld_es:part0:1.0 available at C:/Xilinx/Vivado/2021.1/data/xhub/boards/XilinxBoardStore/boards/Xilinx/zcu208ld/es/1.0/board.xml as part xczu58dr-fsvg1517-2-i-es1 specified in board_part file is either invalid or not available
WARNING: [Board 49-26] cannot add Board Part xilinx.com:zcu216:part0:2.0 available at C:/Xilinx/Vivado/2021.1/data/xhub/boards/XilinxBoardStore/boards/Xilinx/zcu216/production/2.0/board.xml as part xczu49dr-ffvf1760-2-e specified in board_part file is either invalid or not available
WARNING: [Board 49-26] cannot add Board Part xilinx.com:zcu216_es:part0:1.0 available at C:/Xilinx/Vivado/2021.1/data/xhub/boards/XilinxBoardStore/boards/Xilinx/zcu216/es/1.0/board.xml as part xczu49dr-ffvf1760-2-e-es1 specified in board_part file is either invalid or not available
WARNING: [Board 49-26] cannot add Board Part xilinx.com:zcu216_es:part0:1.1 available at C:/Xilinx/Vivado/2021.1/data/xhub/boards/XilinxBoardStore/boards/Xilinx/zcu216/es/1.1/board.xml as part xczu49dr-ffvf1760-2-e-es1 specified in board_part file is either invalid or not available
WARNING: [Board 49-26] cannot add Board Part xilinx.com:zcu216_es:part0:1.2 available at C:/Xilinx/Vivado/2021.1/data/xhub/boards/XilinxBoardStore/boards/Xilinx/zcu216/es/1.2/board.xml as part xczu49dr-ffvf1760-2-e-es1 specified in board_part file is either invalid or not available
WARNING: [Board 49-26] cannot add Board Part xilinx.com:zcu216ld_es:part0:1.0 available at C:/Xilinx/Vivado/2021.1/data/xhub/boards/XilinxBoardStore/boards/Xilinx/zcu216ld/es/1.0/board.xml as part xczu59dr-ffvf1760-2-i-es1 specified in board_part file is either invalid or not available
WARNING: [Board 49-26] cannot add Board Part xilinx.com:ac701:part0:1.4 available at C:/Xilinx/Vivado/2021.1/data/xhub/boards/XilinxBoardStore/boards/Xilinx/ac701/1.4/board.xml as part xc7a200tfbg676-2 specified in board_part file is either invalid or not available
WARNING: [Board 49-26] cannot add Board Part xilinx.com:kc705:part0:1.6 available at C:/Xilinx/Vivado/2021.1/data/xhub/boards/XilinxBoardStore/boards/Xilinx/kc705/1.6/board.xml as part xc7k325tffg900-2 specified in board_part file is either invalid or not available
WARNING: [Board 49-26] cannot add Board Part xilinx.com:kcu105:part0:1.6 available at C:/Xilinx/Vivado/2021.1/data/xhub/boards/XilinxBoardStore/boards/Xilinx/kcu105/1.6/board.xml as part xcku040-ffva1156-2-e specified in board_part file is either invalid or not available
WARNING: [Board 49-26] cannot add Board Part xilinx.com:kcu105:part0:1.7 available at C:/Xilinx/Vivado/2021.1/data/xhub/boards/XilinxBoardStore/boards/Xilinx/kcu105/1.7/board.xml as part xcku040-ffva1156-2-e specified in board_part file is either invalid or not available
WARNING: [Board 49-26] cannot add Board Part xilinx.com:kcu116:part0:1.4 available at C:/Xilinx/Vivado/2021.1/data/xhub/boards/XilinxBoardStore/boards/Xilinx/kcu116/1.4/board.xml as part xcku5p-ffvb676-2-e specified in board_part file is either invalid or not available
WARNING: [Board 49-26] cannot add Board Part xilinx.com:kcu116:part0:1.5 available at C:/Xilinx/Vivado/2021.1/data/xhub/boards/XilinxBoardStore/boards/Xilinx/kcu116/1.5/board.xml as part xcku5p-ffvb676-2-e specified in board_part file is either invalid or not available
WARNING: [Board 49-26] cannot add Board Part xilinx.com:sp701:part0:1.0 available at C:/Xilinx/Vivado/2021.1/data/xhub/boards/XilinxBoardStore/boards/Xilinx/sp701/1.0/board.xml as part xc7s100fgga676-2 specified in board_part file is either invalid or not available
WARNING: [Board 49-26] cannot add Board Part xilinx.com:sp701:part0:1.1 available at C:/Xilinx/Vivado/2021.1/data/xhub/boards/XilinxBoardStore/boards/Xilinx/sp701/1.1/board.xml as part xc7s100fgga676-2 specified in board_part file is either invalid or not available
WARNING: [Board 49-26] cannot add Board Part xilinx.com:vc707:part0:1.4 available at C:/Xilinx/Vivado/2021.1/data/xhub/boards/XilinxBoardStore/boards/Xilinx/vc707/1.4/board.xml as part xc7vx485tffg1761-2 specified in board_part file is either invalid or not available
WARNING: [Board 49-26] cannot add Board Part xilinx.com:vc709:part0:1.8 available at C:/Xilinx/Vivado/2021.1/data/xhub/boards/XilinxBoardStore/boards/Xilinx/vc709/1.8/board.xml as part xc7vx690tffg1761-2 specified in board_part file is either invalid or not available
WARNING: [Board 49-26] cannot add Board Part xilinx.com:vck190_es:part0:1.1 available at C:/Xilinx/Vivado/2021.1/data/xhub/boards/XilinxBoardStore/boards/Xilinx/vck190/es/1.1/board.xml as part xcvc1902-vsva2197-2mp-e-s-es1 specified in board_part file is either invalid or not available
WARNING: [Board 49-26] cannot add Board Part xilinx.com:vck190_es:part0:1.2 available at C:/Xilinx/Vivado/2021.1/data/xhub/boards/XilinxBoardStore/boards/Xilinx/vck190/es/1.2/board.xml as part xcvc1902-vsva2197-2mp-e-s-es1 specified in board_part file is either invalid or not available
WARNING: [Board 49-26] cannot add Board Part xilinx.com:vck190_es:part0:1.3 available at C:/Xilinx/Vivado/2021.1/data/xhub/boards/XilinxBoardStore/boards/Xilinx/vck190/es/1.3/board.xml as part xcvc1902-vsva2197-2mp-e-s-es1 specified in board_part file is either invalid or not available
WARNING: [Board 49-26] cannot add Board Part xilinx.com:vcu108:part0:1.6 available at C:/Xilinx/Vivado/2021.1/data/xhub/boards/XilinxBoardStore/boards/Xilinx/vcu108/1.6/board.xml as part xcvu095-ffva2104-2-e specified in board_part file is either invalid or not available
WARNING: [Board 49-26] cannot add Board Part xilinx.com:vcu108:part0:1.7 available at C:/Xilinx/Vivado/2021.1/data/xhub/boards/XilinxBoardStore/boards/Xilinx/vcu108/1.7/board.xml as part xcvu095-ffva2104-2-e specified in board_part file is either invalid or not available
WARNING: [Board 49-26] cannot add Board Part xilinx.com:vcu110:part0:1.4 available at C:/Xilinx/Vivado/2021.1/data/xhub/boards/XilinxBoardStore/boards/Xilinx/vcu110/1.4/board.xml as part xcvu190-flgc2104-2-e specified in board_part file is either invalid or not available
WARNING: [Board 49-26] cannot add Board Part xilinx.com:vcu128:part0:1.0 available at C:/Xilinx/Vivado/2021.1/data/xhub/boards/XilinxBoardStore/boards/Xilinx/vcu128/production/1.0/board.xml as part xcvu37p-fsvh2892-2l-e specified in board_part file is either invalid or not available
WARNING: [Board 49-26] cannot add Board Part xilinx.com:vcu129:part0:1.0 available at C:/Xilinx/Vivado/2021.1/data/xhub/boards/XilinxBoardStore/boards/Xilinx/vcu129/production/1.0/board.xml as part xcvu29p-fsga2577-2l-e specified in board_part file is either invalid or not available
WARNING: [Board 49-26] cannot add Board Part xilinx.com:vermeo_t1_rfsoc:part0:1.0 available at C:/Xilinx/Vivado/2021.1/data/xhub/boards/XilinxBoardStore/boards/Xilinx/vermeo_t1_rfsoc/1.0/board.xml as part xczu21dr-ffvd1156-2l-e specified in board_part file is either invalid or not available
WARNING: [Board 49-26] cannot add Board Part xilinx.com:vmk180:part0:2.0 available at C:/Xilinx/Vivado/2021.1/data/xhub/boards/XilinxBoardStore/boards/Xilinx/vmk180/production/2.0/board.xml as part xcvm1802-vsva2197-2mp-e-s specified in board_part file is either invalid or not available
WARNING: [Board 49-26] cannot add Board Part xilinx.com:vmk180:part0:2.1 available at C:/Xilinx/Vivado/2021.1/data/xhub/boards/XilinxBoardStore/boards/Xilinx/vmk180/production/2.1/board.xml as part xcvm1802-vsva2197-2mp-e-s specified in board_part file is either invalid or not available
WARNING: [Board 49-26] cannot add Board Part xilinx.com:vmk180:part0:2.2 available at C:/Xilinx/Vivado/2021.1/data/xhub/boards/XilinxBoardStore/boards/Xilinx/vmk180/production/2.2/board.xml as part xcvm1802-vsva2197-2mp-e-s specified in board_part file is either invalid or not available
WARNING: [Board 49-26] cannot add Board Part xilinx.com:vmk180_es:part0:1.1 available at C:/Xilinx/Vivado/2021.1/data/xhub/boards/XilinxBoardStore/boards/Xilinx/vmk180/es/1.1/board.xml as part xcvm1802-vsva2197-2mp-e-s-es1 specified in board_part file is either invalid or not available
WARNING: [Board 49-26] cannot add Board Part xilinx.com:vmk180_es:part0:1.2 available at C:/Xilinx/Vivado/2021.1/data/xhub/boards/XilinxBoardStore/boards/Xilinx/vmk180/es/1.2/board.xml as part xcvm1802-vsva2197-2mp-e-s-es1 specified in board_part file is either invalid or not available
WARNING: [Board 49-26] cannot add Board Part xilinx.com:vmk180_es:part0:1.3 available at C:/Xilinx/Vivado/2021.1/data/xhub/boards/XilinxBoardStore/boards/Xilinx/vmk180/es/1.3/board.xml as part xcvm1802-vsva2197-2mp-e-s-es1 specified in board_part file is either invalid or not available
WARNING: [Board 49-26] cannot add Board Part xilinx.com:zcu111:part0:1.2 available at C:/Xilinx/Vivado/2021.1/data/xhub/boards/XilinxBoardStore/boards/Xilinx/zcu111/1.2/board.xml as part xczu28dr-ffvg1517-2-e specified in board_part file is either invalid or not available
WARNING: [Board 49-26] cannot add Board Part xilinx.com:zcu111:part0:1.3 available at C:/Xilinx/Vivado/2021.1/data/xhub/boards/XilinxBoardStore/boards/Xilinx/zcu111/1.3/board.xml as part xczu28dr-ffvg1517-2-e specified in board_part file is either invalid or not available
WARNING: [Board 49-26] cannot add Board Part xilinx.com:zcu111:part0:1.4 available at C:/Xilinx/Vivado/2021.1/data/xhub/boards/XilinxBoardStore/boards/Xilinx/zcu111/1.4/board.xml as part xczu28dr-ffvg1517-2-e specified in board_part file is either invalid or not available
WARNING: [Board 49-26] cannot add Board Part xilinx.com:zcu1275:part0:1.0 available at C:/Xilinx/Vivado/2021.1/data/xhub/boards/XilinxBoardStore/boards/Xilinx/zcu1275/1.0/board.xml as part xczu29dr-ffvf1760-2-e specified in board_part file is either invalid or not available
WARNING: [Board 49-26] cannot add Board Part xilinx.com:zcu1285:part0:1.0 available at C:/Xilinx/Vivado/2021.1/data/xhub/boards/XilinxBoardStore/boards/Xilinx/zcu1285/1.0/board.xml as part xczu39dr-ffvf1760-2-i specified in board_part file is either invalid or not available
WARNING: [Board 49-26] cannot add Board Part xilinx.com:zcu208:part0:2.0 available at C:/Xilinx/Vivado/2021.1/data/xhub/boards/XilinxBoardStore/boards/Xilinx/zcu208/production/2.0/board.xml as part xczu48dr-fsvg1517-2-e specified in board_part file is either invalid or not available
WARNING: [Board 49-26] cannot add Board Part xilinx.com:zcu208_es:part0:1.0 available at C:/Xilinx/Vivado/2021.1/data/xhub/boards/XilinxBoardStore/boards/Xilinx/zcu208/es/1.0/board.xml as part xczu48dr-fsvg1517-2-e-es1 specified in board_part file is either invalid or not available
WARNING: [Board 49-26] cannot add Board Part xilinx.com:zcu208_es:part0:1.1 available at C:/Xilinx/Vivado/2021.1/data/xhub/boards/XilinxBoardStore/boards/Xilinx/zcu208/es/1.1/board.xml as part xczu48dr-fsvg1517-2-e-es1 specified in board_part file is either invalid or not available
WARNING: [Board 49-26] cannot add Board Part xilinx.com:zcu208_es:part0:1.2 available at C:/Xilinx/Vivado/2021.1/data/xhub/boards/XilinxBoardStore/boards/Xilinx/zcu208/es/1.2/board.xml as part xczu48dr-fsvg1517-2-e-es1 specified in board_part file is either invalid or not available
WARNING: [Board 49-26] cannot add Board Part xilinx.com:zcu208ld_es:part0:1.0 available at C:/Xilinx/Vivado/2021.1/data/xhub/boards/XilinxBoardStore/boards/Xilinx/zcu208ld/es/1.0/board.xml as part xczu58dr-fsvg1517-2-i-es1 specified in board_part file is either invalid or not available
WARNING: [Board 49-26] cannot add Board Part xilinx.com:zcu216:part0:2.0 available at C:/Xilinx/Vivado/2021.1/data/xhub/boards/XilinxBoardStore/boards/Xilinx/zcu216/production/2.0/board.xml as part xczu49dr-ffvf1760-2-e specified in board_part file is either invalid or not available
WARNING: [Board 49-26] cannot add Board Part xilinx.com:zcu216_es:part0:1.0 available at C:/Xilinx/Vivado/2021.1/data/xhub/boards/XilinxBoardStore/boards/Xilinx/zcu216/es/1.0/board.xml as part xczu49dr-ffvf1760-2-e-es1 specified in board_part file is either invalid or not available
WARNING: [Board 49-26] cannot add Board Part xilinx.com:zcu216_es:part0:1.1 available at C:/Xilinx/Vivado/2021.1/data/xhub/boards/XilinxBoardStore/boards/Xilinx/zcu216/es/1.1/board.xml as part xczu49dr-ffvf1760-2-e-es1 specified in board_part file is either invalid or not available
WARNING: [Board 49-26] cannot add Board Part xilinx.com:zcu216_es:part0:1.2 available at C:/Xilinx/Vivado/2021.1/data/xhub/boards/XilinxBoardStore/boards/Xilinx/zcu216/es/1.2/board.xml as part xczu49dr-ffvf1760-2-e-es1 specified in board_part file is either invalid or not available
WARNING: [Board 49-26] cannot add Board Part xilinx.com:zcu216ld_es:part0:1.0 available at C:/Xilinx/Vivado/2021.1/data/xhub/boards/XilinxBoardStore/boards/Xilinx/zcu216ld/es/1.0/board.xml as part xczu59dr-ffvf1760-2-i-es1 specified in board_part file is either invalid or not available
WARNING: [Board 49-26] cannot add Board Part xilinx.com:ac701:part0:1.4 available at C:/Xilinx/Vivado/2021.1/data/xhub/boards/XilinxBoardStore/boards/Xilinx/ac701/1.4/board.xml as part xc7a200tfbg676-2 specified in board_part file is either invalid or not available
WARNING: [Board 49-26] cannot add Board Part xilinx.com:kc705:part0:1.6 available at C:/Xilinx/Vivado/2021.1/data/xhub/boards/XilinxBoardStore/boards/Xilinx/kc705/1.6/board.xml as part xc7k325tffg900-2 specified in board_part file is either invalid or not available
WARNING: [Board 49-26] cannot add Board Part xilinx.com:kcu105:part0:1.6 available at C:/Xilinx/Vivado/2021.1/data/xhub/boards/XilinxBoardStore/boards/Xilinx/kcu105/1.6/board.xml as part xcku040-ffva1156-2-e specified in board_part file is either invalid or not available
WARNING: [Board 49-26] cannot add Board Part xilinx.com:kcu105:part0:1.7 available at C:/Xilinx/Vivado/2021.1/data/xhub/boards/XilinxBoardStore/boards/Xilinx/kcu105/1.7/board.xml as part xcku040-ffva1156-2-e specified in board_part file is either invalid or not available
WARNING: [Board 49-26] cannot add Board Part xilinx.com:kcu116:part0:1.4 available at C:/Xilinx/Vivado/2021.1/data/xhub/boards/XilinxBoardStore/boards/Xilinx/kcu116/1.4/board.xml as part xcku5p-ffvb676-2-e specified in board_part file is either invalid or not available
WARNING: [Board 49-26] cannot add Board Part xilinx.com:kcu116:part0:1.5 available at C:/Xilinx/Vivado/2021.1/data/xhub/boards/XilinxBoardStore/boards/Xilinx/kcu116/1.5/board.xml as part xcku5p-ffvb676-2-e specified in board_part file is either invalid or not available
WARNING: [Board 49-26] cannot add Board Part xilinx.com:sp701:part0:1.0 available at C:/Xilinx/Vivado/2021.1/data/xhub/boards/XilinxBoardStore/boards/Xilinx/sp701/1.0/board.xml as part xc7s100fgga676-2 specified in board_part file is either invalid or not available
WARNING: [Board 49-26] cannot add Board Part xilinx.com:sp701:part0:1.1 available at C:/Xilinx/Vivado/2021.1/data/xhub/boards/XilinxBoardStore/boards/Xilinx/sp701/1.1/board.xml as part xc7s100fgga676-2 specified in board_part file is either invalid or not available
WARNING: [Board 49-26] cannot add Board Part xilinx.com:vc707:part0:1.4 available at C:/Xilinx/Vivado/2021.1/data/xhub/boards/XilinxBoardStore/boards/Xilinx/vc707/1.4/board.xml as part xc7vx485tffg1761-2 specified in board_part file is either invalid or not available
WARNING: [Board 49-26] cannot add Board Part xilinx.com:vc709:part0:1.8 available at C:/Xilinx/Vivado/2021.1/data/xhub/boards/XilinxBoardStore/boards/Xilinx/vc709/1.8/board.xml as part xc7vx690tffg1761-2 specified in board_part file is either invalid or not available
WARNING: [Board 49-26] cannot add Board Part xilinx.com:vck190_es:part0:1.1 available at C:/Xilinx/Vivado/2021.1/data/xhub/boards/XilinxBoardStore/boards/Xilinx/vck190/es/1.1/board.xml as part xcvc1902-vsva2197-2mp-e-s-es1 specified in board_part file is either invalid or not available
WARNING: [Board 49-26] cannot add Board Part xilinx.com:vck190_es:part0:1.2 available at C:/Xilinx/Vivado/2021.1/data/xhub/boards/XilinxBoardStore/boards/Xilinx/vck190/es/1.2/board.xml as part xcvc1902-vsva2197-2mp-e-s-es1 specified in board_part file is either invalid or not available
WARNING: [Board 49-26] cannot add Board Part xilinx.com:vck190_es:part0:1.3 available at C:/Xilinx/Vivado/2021.1/data/xhub/boards/XilinxBoardStore/boards/Xilinx/vck190/es/1.3/board.xml as part xcvc1902-vsva2197-2mp-e-s-es1 specified in board_part file is either invalid or not available
WARNING: [Board 49-26] cannot add Board Part xilinx.com:vcu108:part0:1.6 available at C:/Xilinx/Vivado/2021.1/data/xhub/boards/XilinxBoardStore/boards/Xilinx/vcu108/1.6/board.xml as part xcvu095-ffva2104-2-e specified in board_part file is either invalid or not available
WARNING: [Board 49-26] cannot add Board Part xilinx.com:vcu108:part0:1.7 available at C:/Xilinx/Vivado/2021.1/data/xhub/boards/XilinxBoardStore/boards/Xilinx/vcu108/1.7/board.xml as part xcvu095-ffva2104-2-e specified in board_part file is either invalid or not available
WARNING: [Board 49-26] cannot add Board Part xilinx.com:vcu110:part0:1.4 available at C:/Xilinx/Vivado/2021.1/data/xhub/boards/XilinxBoardStore/boards/Xilinx/vcu110/1.4/board.xml as part xcvu190-flgc2104-2-e specified in board_part file is either invalid or not available
WARNING: [Board 49-26] cannot add Board Part xilinx.com:vcu128:part0:1.0 available at C:/Xilinx/Vivado/2021.1/data/xhub/boards/XilinxBoardStore/boards/Xilinx/vcu128/production/1.0/board.xml as part xcvu37p-fsvh2892-2l-e specified in board_part file is either invalid or not available
WARNING: [Board 49-26] cannot add Board Part xilinx.com:vcu129:part0:1.0 available at C:/Xilinx/Vivado/2021.1/data/xhub/boards/XilinxBoardStore/boards/Xilinx/vcu129/production/1.0/board.xml as part xcvu29p-fsga2577-2l-e specified in board_part file is either invalid or not available
WARNING: [Board 49-26] cannot add Board Part xilinx.com:vermeo_t1_rfsoc:part0:1.0 available at C:/Xilinx/Vivado/2021.1/data/xhub/boards/XilinxBoardStore/boards/Xilinx/vermeo_t1_rfsoc/1.0/board.xml as part xczu21dr-ffvd1156-2l-e specified in board_part file is either invalid or not available
WARNING: [Board 49-26] cannot add Board Part xilinx.com:vmk180:part0:2.0 available at C:/Xilinx/Vivado/2021.1/data/xhub/boards/XilinxBoardStore/boards/Xilinx/vmk180/production/2.0/board.xml as part xcvm1802-vsva2197-2mp-e-s specified in board_part file is either invalid or not available
INFO: [Common 17-14] Message 'Board 49-26' appears 100 times and further instances of the messages will be disabled. Use the Tcl command set_msg_config to change the current settings.
set_property part xc7z020clg484-2 [current_project]
WARNING: [IP_Flow 19-2162] IP 'system_axi_dma_0_0' is locked:
* Current project part 'xc7z020clg484-2' and the part 'xc7z020clg400-2' used to customize the IP 'system_axi_dma_0_0' do not match.
WARNING: [IP_Flow 19-2162] IP 'system_axi_ethernet_0_0' is locked:
* Current project part 'xc7z020clg484-2' and the part 'xc7z020clg400-2' used to customize the IP 'system_axi_ethernet_0_0' do not match. * IP 'system_axi_ethernet_0_0' contains one or more locked subcores.
WARNING: [IP_Flow 19-2162] IP 'bd_4bad_eth_buf_0' is locked:
* Current project part 'xc7z020clg484-2' and the part 'xc7z020clg400-2' used to customize the IP 'bd_4bad_eth_buf_0' do not match.
WARNING: [IP_Flow 19-2162] IP 'bd_4bad_mac_0' is locked:
* Current project part 'xc7z020clg484-2' and the part 'xc7z020clg400-2' used to customize the IP 'bd_4bad_mac_0' do not match.
WARNING: [IP_Flow 19-2162] IP 'bd_4bad_c_shift_ram_0_0' is locked:
* Current project part 'xc7z020clg484-2' and the part 'xc7z020clg400-2' used to customize the IP 'bd_4bad_c_shift_ram_0_0' do not match.
WARNING: [IP_Flow 19-2162] IP 'bd_4bad_c_counter_binary_0_0' is locked:
* Current project part 'xc7z020clg484-2' and the part 'xc7z020clg400-2' used to customize the IP 'bd_4bad_c_counter_binary_0_0' do not match.
WARNING: [IP_Flow 19-2162] IP 'bd_4bad_util_vector_logic_0_0' is locked:
* Current project part 'xc7z020clg484-2' and the part 'xc7z020clg400-2' used to customize the IP 'bd_4bad_util_vector_logic_0_0' do not match.
WARNING: [IP_Flow 19-2162] IP 'system_axi_vdma_0_0' is locked:
* Current project part 'xc7z020clg484-2' and the part 'xc7z020clg400-2' used to customize the IP 'system_axi_vdma_0_0' do not match.
WARNING: [IP_Flow 19-2162] IP 'system_axis_subset_converter_0_0' is locked:
* Current project part 'xc7z020clg484-2' and the part 'xc7z020clg400-2' used to customize the IP 'system_axis_subset_converter_0_0' do not match.
WARNING: [IP_Flow 19-2162] IP 'system_clk_wiz_0_0' is locked:
* Current project part 'xc7z020clg484-2' and the part 'xc7z020clg400-2' used to customize the IP 'system_clk_wiz_0_0' do not match.
WARNING: [IP_Flow 19-2162] IP 'system_rst_ps7_0_100M_0' is locked:
* Current project part 'xc7z020clg484-2' and the part 'xc7z020clg400-2' used to customize the IP 'system_rst_ps7_0_100M_0' do not match.
WARNING: [IP_Flow 19-2162] IP 'system_uihdmitx_0_0' is locked:
* Current project part 'xc7z020clg484-2' and the part 'xc7z020clg400-2' used to customize the IP 'system_uihdmitx_0_0' do not match.
WARNING: [IP_Flow 19-2162] IP 'system_util_vector_logic_1_0' is locked:
* Current project part 'xc7z020clg484-2' and the part 'xc7z020clg400-2' used to customize the IP 'system_util_vector_logic_1_0' do not match.
WARNING: [IP_Flow 19-2162] IP 'system_v_axi4s_vid_out_0_0' is locked:
* Current project part 'xc7z020clg484-2' and the part 'xc7z020clg400-2' used to customize the IP 'system_v_axi4s_vid_out_0_0' do not match.
WARNING: [IP_Flow 19-2162] IP 'system_v_tc_0_0' is locked:
* Current project part 'xc7z020clg484-2' and the part 'xc7z020clg400-2' used to customize the IP 'system_v_tc_0_0' do not match.
WARNING: [IP_Flow 19-2162] IP 'system_xbar_1' is locked:
* Current project part 'xc7z020clg484-2' and the part 'xc7z020clg400-2' used to customize the IP 'system_xbar_1' do not match.
WARNING: [IP_Flow 19-2162] IP 'system_xbar_2' is locked:
* Current project part 'xc7z020clg484-2' and the part 'xc7z020clg400-2' used to customize the IP 'system_xbar_2' do not match.
WARNING: [IP_Flow 19-2162] IP 'system_axi_ethernet_1_dma_0' is locked:
* Current project part 'xc7z020clg484-2' and the part 'xc7z020clg400-2' used to customize the IP 'system_axi_ethernet_1_dma_0' do not match.
WARNING: [IP_Flow 19-2162] IP 'bd_8bfc_mac_0' is locked:
* Current project part 'xc7z020clg484-2' and the part 'xc7z020clg400-2' used to customize the IP 'bd_8bfc_mac_0' do not match.
WARNING: [IP_Flow 19-2162] IP 'system_axi_ethernet_1_0' is locked:
* Current project part 'xc7z020clg484-2' and the part 'xc7z020clg400-2' used to customize the IP 'system_axi_ethernet_1_0' do not match. * IP 'system_axi_ethernet_1_0' contains one or more locked subcores.
report_ip_status -name ip_status 
upgrade_ip [get_ips  {system_axis_subset_converter_0_0 system_axi_ethernet_0_0 system_axi_interconnect_0_0 system_axi_ethernet_1_dma_0 system_clk_wiz_0_0 system_v_axi4s_vid_out_0_0 system_axi_vdma_0_0 system_xlconcat_0_0 system_processing_system7_0_0 system_v_tc_0_0 system_rst_ps7_0_100M_0 system_axi_ethernet_1_0 system_uihdmitx_0_0 system_ps7_0_axi_periph_0 system_util_vector_logic_1_0 system_axi_dma_0_0}] -log ip_upgrade.log
Upgrading 'D:/soc_prj/soc_prj.srcs/sources_1/bd/system/system.bd'
WARNING: [Vivado 12-1017] Problems encountered:
1. Failed to delete one or more files in run directory D:/soc_prj/soc_prj.runs/system_axi_dma_0_0_synth_1

WARNING: [Vivado 12-1017] Problems encountered:
1. Failed to delete one or more files in run directory D:/soc_prj/soc_prj.runs/system_axi_ethernet_0_0_synth_1

WARNING: [Vivado 12-1017] Problems encountered:
1. Failed to delete one or more files in run directory D:/soc_prj/soc_prj.runs/bd_4bad_eth_buf_0_synth_1

WARNING: [Vivado 12-1017] Problems encountered:
1. Failed to delete one or more files in run directory D:/soc_prj/soc_prj.runs/bd_4bad_mac_0_synth_1

WARNING: [Vivado 12-1017] Problems encountered:
1. Failed to delete one or more files in run directory D:/soc_prj/soc_prj.runs/bd_4bad_c_shift_ram_0_0_synth_1

WARNING: [Vivado 12-1017] Problems encountered:
1. Failed to delete one or more files in run directory D:/soc_prj/soc_prj.runs/bd_4bad_c_counter_binary_0_0_synth_1

WARNING: [Vivado 12-1017] Problems encountered:
1. Failed to delete one or more files in run directory D:/soc_prj/soc_prj.runs/bd_4bad_util_vector_logic_0_0_synth_1

WARNING: [Vivado 12-1017] Problems encountered:
1. Failed to delete one or more files in run directory D:/soc_prj/soc_prj.runs/system_axi_ethernet_1_0_synth_1

WARNING: [Vivado 12-1017] Problems encountered:
1. Failed to delete one or more files in run directory D:/soc_prj/soc_prj.runs/bd_8bfc_mac_0_synth_1

WARNING: [Vivado 12-1017] Problems encountered:
1. Failed to delete one or more files in run directory D:/soc_prj/soc_prj.runs/system_axi_ethernet_1_dma_0_synth_1

WARNING: [Vivado 12-1017] Problems encountered:
1. Failed to delete one or more files in run directory D:/soc_prj/soc_prj.runs/system_axi_vdma_0_0_synth_1

WARNING: [Vivado 12-1017] Problems encountered:
1. Failed to delete one or more files in run directory D:/soc_prj/soc_prj.runs/system_axis_subset_converter_0_0_synth_1

WARNING: [Vivado 12-1017] Problems encountered:
1. Failed to delete one or more files in run directory D:/soc_prj/soc_prj.runs/system_clk_wiz_0_0_synth_1

WARNING: [Vivado 12-1017] Problems encountered:
1. Failed to delete one or more files in run directory D:/soc_prj/soc_prj.runs/system_rst_ps7_0_100M_0_synth_1

WARNING: [Vivado 12-1017] Problems encountered:
1. Failed to delete one or more files in run directory D:/soc_prj/soc_prj.runs/system_uihdmitx_0_0_synth_1

WARNING: [Vivado 12-1017] Problems encountered:
1. Failed to delete one or more files in run directory D:/soc_prj/soc_prj.runs/system_util_vector_logic_1_0_synth_1

WARNING: [Vivado 12-1017] Problems encountered:
1. Failed to delete one or more files in run directory D:/soc_prj/soc_prj.runs/system_v_axi4s_vid_out_0_0_synth_1

WARNING: [Vivado 12-1017] Problems encountered:
1. Failed to delete one or more files in run directory D:/soc_prj/soc_prj.runs/system_v_tc_0_0_synth_1

WARNING: [Vivado 12-1017] Problems encountered:
1. Failed to delete one or more files in run directory D:/soc_prj/soc_prj.runs/system_xbar_1_synth_1

WARNING: [Vivado 12-1017] Problems encountered:
1. Failed to delete one or more files in run directory D:/soc_prj/soc_prj.runs/system_xbar_2_synth_1

INFO: [IP_Flow 19-3420] Updated system_axi_dma_0_0 to use current project options
WARNING: [BD 5-699] No address segments matched 'get_bd_addr_segs eth_buf/S_AXI_2TEMAC/SEG_mac_Reg'
WARNING: [BD 5-699] No address segments matched 'get_bd_addr_segs s_axi/SEG_eth_buf_REG'
INFO: [IP_Flow 19-3420] Updated system_axi_ethernet_0_0 to use current project options
WARNING: [BD 5-699] No address segments matched 'get_bd_addr_segs eth_buf/S_AXI_2TEMAC/SEG_mac_Reg'
WARNING: [BD 5-699] No address segments matched 'get_bd_addr_segs s_axi/SEG_eth_buf_REG'
INFO: [IP_Flow 19-3420] Updated system_axi_ethernet_1_0 to use current project options
INFO: [IP_Flow 19-3420] Updated system_axi_ethernet_1_dma_0 to use current project options
INFO: [IP_Flow 19-3420] Updated system_axi_interconnect_0_0 to use current project options
INFO: [IP_Flow 19-3420] Updated system_axi_vdma_0_0 to use current project options
INFO: [IP_Flow 19-3420] Updated system_axis_subset_converter_0_0 to use current project options
INFO: [IP_Flow 19-3420] Updated system_clk_wiz_0_0 to use current project options
INFO: [IP_Flow 19-3420] Updated system_processing_system7_0_0 to use current project options
INFO: [IP_Flow 19-3420] Updated system_ps7_0_axi_periph_0 to use current project options
INFO: [IP_Flow 19-3420] Updated system_rst_ps7_0_100M_0 to use current project options
INFO: [IP_Flow 19-3420] Updated system_uihdmitx_0_0 to use current project options
INFO: [IP_Flow 19-3420] Updated system_util_vector_logic_1_0 to use current project options
INFO: [IP_Flow 19-3420] Updated system_v_axi4s_vid_out_0_0 to use current project options
INFO: [IP_Flow 19-3420] Updated system_v_tc_0_0 to use current project options
INFO: [IP_Flow 19-3420] Updated system_xlconcat_0_0 to use current project options
Wrote  : <D:\soc_prj\soc_prj.srcs\sources_1\bd\system\system.bd> 
Wrote  : <D:/soc_prj/soc_prj.srcs/sources_1/bd/system/ui/bd_c954508f.ui> 
INFO: [Coretcl 2-1525] Wrote upgrade log to 'D:/soc_prj/ip_upgrade.log'.
upgrade_ip: Time (s): cpu = 00:00:19 ; elapsed = 00:00:17 . Memory (MB): peak = 1909.328 ; gain = 233.121
export_ip_user_files -of_objects [get_ips {system_axis_subset_converter_0_0 system_axi_ethernet_0_0 system_axi_interconnect_0_0 system_axi_ethernet_1_dma_0 system_clk_wiz_0_0 system_v_axi4s_vid_out_0_0 system_axi_vdma_0_0 system_xlconcat_0_0 system_processing_system7_0_0 system_v_tc_0_0 system_rst_ps7_0_100M_0 system_axi_ethernet_1_0 system_uihdmitx_0_0 system_ps7_0_axi_periph_0 system_util_vector_logic_1_0 system_axi_dma_0_0}] -no_script -sync -force -quiet
generate_target all [get_files  D:/soc_prj/soc_prj.srcs/sources_1/bd/system/system.bd]
WARNING: [BD 41-2121] Port HDMI_TX_CLK_N associated reset port phy_rst_n_0 does not exist
WARNING: [BD 41-702] Propagation TCL tries to overwrite USER strength parameter C_M_AXI_S2MM_DATA_WIDTH(64) on '/axi_dma_0' with propagated value(32). Command ignored
WARNING: [BD 41-702] Propagation TCL tries to overwrite USER strength parameter C_M_AXI_S2MM_DATA_WIDTH(64) on '/axi_dma_0' with propagated value(32). Command ignored
WARNING: [BD 41-702] Propagation TCL tries to overwrite USER strength parameter C_M_AXI_S2MM_DATA_WIDTH(64) on '/axi_dma_0' with propagated value(32). Command ignored
WARNING: [BD 41-702] Propagation TCL tries to overwrite USER strength parameter C_M_AXI_S2MM_DATA_WIDTH(64) on '/axi_dma_0' with propagated value(32). Command ignored
WARNING: [BD 41-702] Propagation TCL tries to overwrite USER strength parameter C_M_AXI_S2MM_DATA_WIDTH(64) on '/axi_dma_0' with propagated value(32). Command ignored
WARNING: [BD 41-702] Propagation TCL tries to overwrite USER strength parameter C_M_AXI_S2MM_DATA_WIDTH(64) on '/axi_dma_0' with propagated value(32). Command ignored
WARNING: [BD 41-702] Propagation TCL tries to overwrite USER strength parameter C_M_AXI_S2MM_DATA_WIDTH(64) on '/axi_dma_0' with propagated value(32). Command ignored
INFO: [xilinx.com:ip:clk_wiz:6.0-1] /clk_wiz_0 clk_wiz propagate
INFO: [xilinx.com:ip:clk_wiz:6.0-1] /clk_wiz_0 clk_wiz propagate
Wrote  : <D:\soc_prj\soc_prj.srcs\sources_1\bd\system\system.bd> 
WARNING: [BD 41-2384] Width mismatch when connecting pin: '/axi_interconnect_0/m00_couplers/auto_pc/m_axi_bid'(3) to pin: '/axi_interconnect_0/m00_couplers/M_AXI_bid'(6) - Only lower order bits will be connected.
WARNING: [BD 41-2384] Width mismatch when connecting pin: '/axi_interconnect_0/m00_couplers/auto_pc/m_axi_rid'(3) to pin: '/axi_interconnect_0/m00_couplers/M_AXI_rid'(6) - Only lower order bits will be connected.
WARNING: [BD 41-2384] Width mismatch when connecting pin: '/processing_system7_0/S_AXI_HP0_AWID'(6) to pin: '/axi_interconnect_0/M00_AXI_awid'(3) - Only lower order bits will be connected.
WARNING: [BD 41-2384] Width mismatch when connecting pin: '/processing_system7_0/S_AXI_HP0_WID'(6) to pin: '/axi_interconnect_0/M00_AXI_wid'(3) - Only lower order bits will be connected.
WARNING: [BD 41-2384] Width mismatch when connecting pin: '/processing_system7_0/S_AXI_HP0_ARID'(6) to pin: '/axi_interconnect_0/M00_AXI_arid'(3) - Only lower order bits will be connected.
VHDL Output written to : d:/soc_prj/soc_prj.gen/sources_1/bd/system/synth/system.v
WARNING: [BD 41-2384] Width mismatch when connecting pin: '/axi_interconnect_0/m00_couplers/auto_pc/m_axi_bid'(3) to pin: '/axi_interconnect_0/m00_couplers/M_AXI_bid'(6) - Only lower order bits will be connected.
WARNING: [BD 41-2384] Width mismatch when connecting pin: '/axi_interconnect_0/m00_couplers/auto_pc/m_axi_rid'(3) to pin: '/axi_interconnect_0/m00_couplers/M_AXI_rid'(6) - Only lower order bits will be connected.
WARNING: [BD 41-2384] Width mismatch when connecting pin: '/processing_system7_0/S_AXI_HP0_AWID'(6) to pin: '/axi_interconnect_0/M00_AXI_awid'(3) - Only lower order bits will be connected.
WARNING: [BD 41-2384] Width mismatch when connecting pin: '/processing_system7_0/S_AXI_HP0_WID'(6) to pin: '/axi_interconnect_0/M00_AXI_wid'(3) - Only lower order bits will be connected.
WARNING: [BD 41-2384] Width mismatch when connecting pin: '/processing_system7_0/S_AXI_HP0_ARID'(6) to pin: '/axi_interconnect_0/M00_AXI_arid'(3) - Only lower order bits will be connected.
VHDL Output written to : d:/soc_prj/soc_prj.gen/sources_1/bd/system/sim/system.v
VHDL Output written to : d:/soc_prj/soc_prj.gen/sources_1/bd/system/hdl/system_wrapper.v
INFO: [BD 41-1029] Generation completed for the IP Integrator block axi_dma_0 .
Exporting to file d:/soc_prj/soc_prj.gen/sources_1/bd/system/ip/system_axi_ethernet_0_0/bd_0/hw_handoff/system_axi_ethernet_0_0.hwh
Generated Block Design Tcl file d:/soc_prj/soc_prj.gen/sources_1/bd/system/ip/system_axi_ethernet_0_0/bd_0/hw_handoff/system_axi_ethernet_0_0_bd.tcl
Generated Hardware Definition File d:/soc_prj/soc_prj.gen/sources_1/bd/system/ip/system_axi_ethernet_0_0/bd_0/synth/system_axi_ethernet_0_0.hwdef
INFO: [BD 41-1029] Generation completed for the IP Integrator block axi_ethernet_0 .
WARNING: [IP_Flow 19-4994] Overwriting existing constraint file 'd:/soc_prj/soc_prj.gen/sources_1/bd/system/ip/system_axi_vdma_0_0/system_axi_vdma_0_0_ooc.xdc'
INFO: [BD 41-1029] Generation completed for the IP Integrator block axi_vdma_0 .
WARNING: [IP_Flow 19-4994] Overwriting existing constraint file 'd:/soc_prj/soc_prj.gen/sources_1/bd/system/ip/system_axis_subset_converter_0_0/system_axis_subset_converter_0_0_ooc.xdc'
INFO: [BD 41-1029] Generation completed for the IP Integrator block axis_subset_converter_0 .
INFO: [BD 41-1029] Generation completed for the IP Integrator block clk_wiz_0 .
INFO: [IP_Flow 19-5611] Unable to find an associated reset port for the interface 'M_AXI_GP0'. A default connection has been created.
INFO: [IP_Flow 19-5611] Unable to find an associated reset port for the interface 'S_AXI_HP0'. A default connection has been created.
INFO: [BD 41-1029] Generation completed for the IP Integrator block processing_system7_0 .
INFO: [BD 41-1029] Generation completed for the IP Integrator block rst_ps7_0_100M .
INFO: [BD 41-1029] Generation completed for the IP Integrator block uihdmitx_0 .
INFO: [BD 41-1029] Generation completed for the IP Integrator block util_vector_logic_1 .
INFO: [BD 41-1029] Generation completed for the IP Integrator block v_axi4s_vid_out_0 .
INFO: [BD 41-1029] Generation completed for the IP Integrator block v_tc_0 .
INFO: [BD 41-1029] Generation completed for the IP Integrator block xlconcat_0 .
Exporting to file d:/soc_prj/soc_prj.gen/sources_1/bd/system/ip/system_axi_ethernet_1_0/bd_0/hw_handoff/system_axi_ethernet_1_0.hwh
Generated Block Design Tcl file d:/soc_prj/soc_prj.gen/sources_1/bd/system/ip/system_axi_ethernet_1_0/bd_0/hw_handoff/system_axi_ethernet_1_0_bd.tcl
Generated Hardware Definition File d:/soc_prj/soc_prj.gen/sources_1/bd/system/ip/system_axi_ethernet_1_0/bd_0/synth/system_axi_ethernet_1_0.hwdef
INFO: [BD 41-1029] Generation completed for the IP Integrator block axi_ethernet_1 .
INFO: [BD 41-1029] Generation completed for the IP Integrator block axi_ethernet_1_dma .
INFO: [BD 41-1029] Generation completed for the IP Integrator block axi_interconnect_0/xbar .
INFO: [BD 41-1029] Generation completed for the IP Integrator block ps7_0_axi_periph/xbar .
WARNING: [IP_Flow 19-4994] Overwriting existing constraint file 'd:/soc_prj/soc_prj.gen/sources_1/bd/system/ip/system_s00_data_fifo_0/system_s00_data_fifo_0_ooc.xdc'
INFO: [BD 41-1029] Generation completed for the IP Integrator block axi_interconnect_0/s00_couplers/s00_data_fifo .
WARNING: [IP_Flow 19-4994] Overwriting existing constraint file 'd:/soc_prj/soc_prj.gen/sources_1/bd/system/ip/system_s01_data_fifo_0/system_s01_data_fifo_0_ooc.xdc'
INFO: [BD 41-1029] Generation completed for the IP Integrator block axi_interconnect_0/s01_couplers/s01_data_fifo .
WARNING: [IP_Flow 19-4994] Overwriting existing constraint file 'd:/soc_prj/soc_prj.gen/sources_1/bd/system/ip/system_auto_us_df_0/system_auto_us_df_0_ooc.xdc'
INFO: [IP_Flow 19-5611] Unable to find an associated reset port for the interface 'S_AXI'. A default connection has been created.
INFO: [IP_Flow 19-5611] Unable to find an associated reset port for the interface 'M_AXI'. A default connection has been created.
INFO: [BD 41-1029] Generation completed for the IP Integrator block axi_interconnect_0/s02_couplers/auto_us_df .
WARNING: [IP_Flow 19-4994] Overwriting existing constraint file 'd:/soc_prj/soc_prj.gen/sources_1/bd/system/ip/system_auto_us_0/system_auto_us_0_ooc.xdc'
INFO: [IP_Flow 19-5611] Unable to find an associated reset port for the interface 'S_AXI'. A default connection has been created.
INFO: [IP_Flow 19-5611] Unable to find an associated reset port for the interface 'M_AXI'. A default connection has been created.
INFO: [BD 41-1029] Generation completed for the IP Integrator block axi_interconnect_0/s04_couplers/auto_us .
WARNING: [IP_Flow 19-4994] Overwriting existing constraint file 'd:/soc_prj/soc_prj.gen/sources_1/bd/system/ip/system_auto_us_1/system_auto_us_1_ooc.xdc'
INFO: [IP_Flow 19-5611] Unable to find an associated reset port for the interface 'S_AXI'. A default connection has been created.
INFO: [IP_Flow 19-5611] Unable to find an associated reset port for the interface 'M_AXI'. A default connection has been created.
INFO: [BD 41-1029] Generation completed for the IP Integrator block axi_interconnect_0/s05_couplers/auto_us .
WARNING: [IP_Flow 19-4994] Overwriting existing constraint file 'd:/soc_prj/soc_prj.gen/sources_1/bd/system/ip/system_auto_us_2/system_auto_us_2_ooc.xdc'
INFO: [IP_Flow 19-5611] Unable to find an associated reset port for the interface 'S_AXI'. A default connection has been created.
INFO: [IP_Flow 19-5611] Unable to find an associated reset port for the interface 'M_AXI'. A default connection has been created.
INFO: [BD 41-1029] Generation completed for the IP Integrator block axi_interconnect_0/s06_couplers/auto_us .
WARNING: [IP_Flow 19-4994] Overwriting existing constraint file 'd:/soc_prj/soc_prj.gen/sources_1/bd/system/ip/system_auto_pc_0/system_auto_pc_0_ooc.xdc'
INFO: [BD 41-1029] Generation completed for the IP Integrator block axi_interconnect_0/m00_couplers/auto_pc .
WARNING: [IP_Flow 19-4994] Overwriting existing constraint file 'd:/soc_prj/soc_prj.gen/sources_1/bd/system/ip/system_auto_pc_1/system_auto_pc_1_ooc.xdc'
INFO: [BD 41-1029] Generation completed for the IP Integrator block ps7_0_axi_periph/s00_couplers/auto_pc .
Exporting to file d:/soc_prj/soc_prj.gen/sources_1/bd/system/hw_handoff/system.hwh
Generated Block Design Tcl file d:/soc_prj/soc_prj.gen/sources_1/bd/system/hw_handoff/system_bd.tcl
Generated Hardware Definition File d:/soc_prj/soc_prj.gen/sources_1/bd/system/synth/system.hwdef
generate_target: Time (s): cpu = 00:00:40 ; elapsed = 00:00:40 . Memory (MB): peak = 2185.906 ; gain = 276.578
catch { config_ip_cache -export [get_ips -all system_axi_dma_0_0] }
catch { config_ip_cache -export [get_ips -all system_axi_ethernet_0_0] }
catch { config_ip_cache -export [get_ips -all bd_4bad_eth_buf_0] }
catch { config_ip_cache -export [get_ips -all bd_4bad_mac_0] }
catch { config_ip_cache -export [get_ips -all bd_4bad_c_shift_ram_0_0] }
catch { config_ip_cache -export [get_ips -all bd_4bad_c_counter_binary_0_0] }
catch { config_ip_cache -export [get_ips -all bd_4bad_util_vector_logic_0_0] }
catch { config_ip_cache -export [get_ips -all system_axi_vdma_0_0] }
catch { config_ip_cache -export [get_ips -all system_axis_subset_converter_0_0] }
catch { config_ip_cache -export [get_ips -all system_clk_wiz_0_0] }
catch { config_ip_cache -export [get_ips -all system_processing_system7_0_0] }
catch { config_ip_cache -export [get_ips -all system_rst_ps7_0_100M_0] }
catch { config_ip_cache -export [get_ips -all system_uihdmitx_0_0] }
catch { config_ip_cache -export [get_ips -all system_util_vector_logic_1_0] }
catch { config_ip_cache -export [get_ips -all system_v_axi4s_vid_out_0_0] }
catch { config_ip_cache -export [get_ips -all system_v_tc_0_0] }
catch { config_ip_cache -export [get_ips -all system_axi_ethernet_1_0] }
catch { config_ip_cache -export [get_ips -all bd_8bfc_eth_buf_0] }
catch { config_ip_cache -export [get_ips -all bd_8bfc_mac_0] }
catch { config_ip_cache -export [get_ips -all bd_8bfc_c_shift_ram_0_0] }
catch { config_ip_cache -export [get_ips -all bd_8bfc_c_counter_binary_0_0] }
catch { config_ip_cache -export [get_ips -all bd_8bfc_util_vector_logic_0_0] }
catch { config_ip_cache -export [get_ips -all system_axi_ethernet_1_dma_0] }
catch { config_ip_cache -export [get_ips -all system_xbar_3] }
catch { config_ip_cache -export [get_ips -all system_xbar_4] }
catch { config_ip_cache -export [get_ips -all system_s00_data_fifo_0] }
catch { config_ip_cache -export [get_ips -all system_s01_data_fifo_0] }
catch { config_ip_cache -export [get_ips -all system_auto_us_df_0] }
catch { config_ip_cache -export [get_ips -all system_auto_us_0] }
catch { config_ip_cache -export [get_ips -all system_auto_us_1] }
catch { config_ip_cache -export [get_ips -all system_auto_us_2] }
catch { config_ip_cache -export [get_ips -all system_auto_pc_0] }
catch { config_ip_cache -export [get_ips -all system_auto_pc_1] }
export_ip_user_files -of_objects [get_files D:/soc_prj/soc_prj.srcs/sources_1/bd/system/system.bd] -no_script -sync -force -quiet
create_ip_run [get_files -of_objects [get_fileset sources_1] D:/soc_prj/soc_prj.srcs/sources_1/bd/system/system.bd]
launch_runs system_axi_dma_0_0_synth_1 system_axi_ethernet_0_0_synth_1 system_axi_vdma_0_0_synth_1 system_axis_subset_converter_0_0_synth_1 system_clk_wiz_0_0_synth_1 system_processing_system7_0_0_synth_1 system_rst_ps7_0_100M_0_synth_1 system_uihdmitx_0_0_synth_1 system_util_vector_logic_1_0_synth_1 system_v_axi4s_vid_out_0_0_synth_1 system_v_tc_0_0_synth_1 system_axi_ethernet_1_0_synth_1 system_axi_ethernet_1_dma_0_synth_1 system_xbar_3_synth_1 system_xbar_4_synth_1 system_s00_data_fifo_0_synth_1 system_s01_data_fifo_0_synth_1 system_auto_us_df_0_synth_1 system_auto_us_0_synth_1 system_auto_us_1_synth_1 system_auto_us_2_synth_1 system_auto_pc_0_synth_1 system_auto_pc_1_synth_1 -jobs 16
[Thu May 29 18:11:48 2025] Launched bd_4bad_eth_buf_0_synth_1, bd_4bad_mac_0_synth_1, bd_4bad_c_shift_ram_0_0_synth_1, bd_4bad_c_counter_binary_0_0_synth_1, bd_4bad_util_vector_logic_0_0_synth_1, bd_8bfc_eth_buf_0_synth_1, bd_8bfc_mac_0_synth_1, bd_8bfc_c_shift_ram_0_0_synth_1, bd_8bfc_c_counter_binary_0_0_synth_1, bd_8bfc_util_vector_logic_0_0_synth_1...
Run output will be captured here:
bd_4bad_eth_buf_0_synth_1: D:/soc_prj/soc_prj.runs/bd_4bad_eth_buf_0_synth_1/runme.log
bd_4bad_mac_0_synth_1: D:/soc_prj/soc_prj.runs/bd_4bad_mac_0_synth_1/runme.log
bd_4bad_c_shift_ram_0_0_synth_1: D:/soc_prj/soc_prj.runs/bd_4bad_c_shift_ram_0_0_synth_1/runme.log
bd_4bad_c_counter_binary_0_0_synth_1: D:/soc_prj/soc_prj.runs/bd_4bad_c_counter_binary_0_0_synth_1/runme.log
bd_4bad_util_vector_logic_0_0_synth_1: D:/soc_prj/soc_prj.runs/bd_4bad_util_vector_logic_0_0_synth_1/runme.log
bd_8bfc_eth_buf_0_synth_1: D:/soc_prj/soc_prj.runs/bd_8bfc_eth_buf_0_synth_1/runme.log
bd_8bfc_mac_0_synth_1: D:/soc_prj/soc_prj.runs/bd_8bfc_mac_0_synth_1/runme.log
bd_8bfc_c_shift_ram_0_0_synth_1: D:/soc_prj/soc_prj.runs/bd_8bfc_c_shift_ram_0_0_synth_1/runme.log
bd_8bfc_c_counter_binary_0_0_synth_1: D:/soc_prj/soc_prj.runs/bd_8bfc_c_counter_binary_0_0_synth_1/runme.log
bd_8bfc_util_vector_logic_0_0_synth_1: D:/soc_prj/soc_prj.runs/bd_8bfc_util_vector_logic_0_0_synth_1/runme.log
[Thu May 29 18:11:48 2025] Launched system_axi_dma_0_0_synth_1, system_axi_ethernet_0_0_synth_1, system_axi_vdma_0_0_synth_1, system_axis_subset_converter_0_0_synth_1, system_clk_wiz_0_0_synth_1, system_processing_system7_0_0_synth_1, system_rst_ps7_0_100M_0_synth_1, system_uihdmitx_0_0_synth_1, system_util_vector_logic_1_0_synth_1, system_v_axi4s_vid_out_0_0_synth_1, system_v_tc_0_0_synth_1, system_axi_ethernet_1_0_synth_1, system_axi_ethernet_1_dma_0_synth_1, system_xbar_3_synth_1, system_xbar_4_synth_1, system_s00_data_fifo_0_synth_1, system_s01_data_fifo_0_synth_1, system_auto_us_df_0_synth_1, system_auto_us_0_synth_1, system_auto_us_1_synth_1, system_auto_us_2_synth_1, system_auto_pc_0_synth_1, system_auto_pc_1_synth_1...
Run output will be captured here:
system_axi_dma_0_0_synth_1: D:/soc_prj/soc_prj.runs/system_axi_dma_0_0_synth_1/runme.log
system_axi_ethernet_0_0_synth_1: D:/soc_prj/soc_prj.runs/system_axi_ethernet_0_0_synth_1/runme.log
system_axi_vdma_0_0_synth_1: D:/soc_prj/soc_prj.runs/system_axi_vdma_0_0_synth_1/runme.log
system_axis_subset_converter_0_0_synth_1: D:/soc_prj/soc_prj.runs/system_axis_subset_converter_0_0_synth_1/runme.log
system_clk_wiz_0_0_synth_1: D:/soc_prj/soc_prj.runs/system_clk_wiz_0_0_synth_1/runme.log
system_processing_system7_0_0_synth_1: D:/soc_prj/soc_prj.runs/system_processing_system7_0_0_synth_1/runme.log
system_rst_ps7_0_100M_0_synth_1: D:/soc_prj/soc_prj.runs/system_rst_ps7_0_100M_0_synth_1/runme.log
system_uihdmitx_0_0_synth_1: D:/soc_prj/soc_prj.runs/system_uihdmitx_0_0_synth_1/runme.log
system_util_vector_logic_1_0_synth_1: D:/soc_prj/soc_prj.runs/system_util_vector_logic_1_0_synth_1/runme.log
system_v_axi4s_vid_out_0_0_synth_1: D:/soc_prj/soc_prj.runs/system_v_axi4s_vid_out_0_0_synth_1/runme.log
system_v_tc_0_0_synth_1: D:/soc_prj/soc_prj.runs/system_v_tc_0_0_synth_1/runme.log
system_axi_ethernet_1_0_synth_1: D:/soc_prj/soc_prj.runs/system_axi_ethernet_1_0_synth_1/runme.log
system_axi_ethernet_1_dma_0_synth_1: D:/soc_prj/soc_prj.runs/system_axi_ethernet_1_dma_0_synth_1/runme.log
system_xbar_3_synth_1: D:/soc_prj/soc_prj.runs/system_xbar_3_synth_1/runme.log
system_xbar_4_synth_1: D:/soc_prj/soc_prj.runs/system_xbar_4_synth_1/runme.log
system_s00_data_fifo_0_synth_1: D:/soc_prj/soc_prj.runs/system_s00_data_fifo_0_synth_1/runme.log
system_s01_data_fifo_0_synth_1: D:/soc_prj/soc_prj.runs/system_s01_data_fifo_0_synth_1/runme.log
system_auto_us_df_0_synth_1: D:/soc_prj/soc_prj.runs/system_auto_us_df_0_synth_1/runme.log
system_auto_us_0_synth_1: D:/soc_prj/soc_prj.runs/system_auto_us_0_synth_1/runme.log
system_auto_us_1_synth_1: D:/soc_prj/soc_prj.runs/system_auto_us_1_synth_1/runme.log
system_auto_us_2_synth_1: D:/soc_prj/soc_prj.runs/system_auto_us_2_synth_1/runme.log
system_auto_pc_0_synth_1: D:/soc_prj/soc_prj.runs/system_auto_pc_0_synth_1/runme.log
system_auto_pc_1_synth_1: D:/soc_prj/soc_prj.runs/system_auto_pc_1_synth_1/runme.log
launch_runs: Time (s): cpu = 00:00:05 ; elapsed = 00:00:07 . Memory (MB): peak = 2196.648 ; gain = 10.742
export_simulation -of_objects [get_files D:/soc_prj/soc_prj.srcs/sources_1/bd/system/system.bd] -directory D:/soc_prj/soc_prj.ip_user_files/sim_scripts -ip_user_files_dir D:/soc_prj/soc_prj.ip_user_files -ipstatic_source_dir D:/soc_prj/soc_prj.ip_user_files/ipstatic -lib_map_path [list {modelsim=D:/soc_prj/soc_prj.cache/compile_simlib/modelsim} {questa=D:/soc_prj/soc_prj.cache/compile_simlib/questa} {riviera=D:/soc_prj/soc_prj.cache/compile_simlib/riviera} {activehdl=D:/soc_prj/soc_prj.cache/compile_simlib/activehdl}] -use_ip_compiled_libs -force -quiet
report_ip_status -name ip_status 
WARNING: [IP_Flow 19-474] Invalid Parameter 'Component_Name'
reset_run synth_1
WARNING: [Vivado 12-1017] Problems encountered:
1. Failed to delete one or more files in run directory D:/soc_prj/soc_prj.runs/synth_1

launch_runs impl_1 -to_step write_bitstream -jobs 16
[Thu May 29 18:14:00 2025] Launched system_axi_dma_0_0_synth_1, system_axi_ethernet_0_0_synth_1, bd_4bad_eth_buf_0_synth_1, bd_4bad_mac_0_synth_1, system_axi_vdma_0_0_synth_1, system_axi_ethernet_1_0_synth_1, bd_8bfc_eth_buf_0_synth_1, bd_8bfc_mac_0_synth_1, system_axi_ethernet_1_dma_0_synth_1, system_xbar_3_synth_1, system_xbar_4_synth_1, system_s00_data_fifo_0_synth_1, system_s01_data_fifo_0_synth_1, system_auto_us_df_0_synth_1, system_auto_us_0_synth_1, system_auto_us_1_synth_1, system_auto_us_2_synth_1, system_auto_pc_0_synth_1, system_auto_pc_1_synth_1, synth_1...
Run output will be captured here:
system_axi_dma_0_0_synth_1: D:/soc_prj/soc_prj.runs/system_axi_dma_0_0_synth_1/runme.log
system_axi_ethernet_0_0_synth_1: D:/soc_prj/soc_prj.runs/system_axi_ethernet_0_0_synth_1/runme.log
bd_4bad_eth_buf_0_synth_1: D:/soc_prj/soc_prj.runs/bd_4bad_eth_buf_0_synth_1/runme.log
bd_4bad_mac_0_synth_1: D:/soc_prj/soc_prj.runs/bd_4bad_mac_0_synth_1/runme.log
system_axi_vdma_0_0_synth_1: D:/soc_prj/soc_prj.runs/system_axi_vdma_0_0_synth_1/runme.log
system_axi_ethernet_1_0_synth_1: D:/soc_prj/soc_prj.runs/system_axi_ethernet_1_0_synth_1/runme.log
bd_8bfc_eth_buf_0_synth_1: D:/soc_prj/soc_prj.runs/bd_8bfc_eth_buf_0_synth_1/runme.log
bd_8bfc_mac_0_synth_1: D:/soc_prj/soc_prj.runs/bd_8bfc_mac_0_synth_1/runme.log
system_axi_ethernet_1_dma_0_synth_1: D:/soc_prj/soc_prj.runs/system_axi_ethernet_1_dma_0_synth_1/runme.log
system_xbar_3_synth_1: D:/soc_prj/soc_prj.runs/system_xbar_3_synth_1/runme.log
system_xbar_4_synth_1: D:/soc_prj/soc_prj.runs/system_xbar_4_synth_1/runme.log
system_s00_data_fifo_0_synth_1: D:/soc_prj/soc_prj.runs/system_s00_data_fifo_0_synth_1/runme.log
system_s01_data_fifo_0_synth_1: D:/soc_prj/soc_prj.runs/system_s01_data_fifo_0_synth_1/runme.log
system_auto_us_df_0_synth_1: D:/soc_prj/soc_prj.runs/system_auto_us_df_0_synth_1/runme.log
system_auto_us_0_synth_1: D:/soc_prj/soc_prj.runs/system_auto_us_0_synth_1/runme.log
system_auto_us_1_synth_1: D:/soc_prj/soc_prj.runs/system_auto_us_1_synth_1/runme.log
system_auto_us_2_synth_1: D:/soc_prj/soc_prj.runs/system_auto_us_2_synth_1/runme.log
system_auto_pc_0_synth_1: D:/soc_prj/soc_prj.runs/system_auto_pc_0_synth_1/runme.log
system_auto_pc_1_synth_1: D:/soc_prj/soc_prj.runs/system_auto_pc_1_synth_1/runme.log
synth_1: D:/soc_prj/soc_prj.runs/synth_1/runme.log
[Thu May 29 18:14:00 2025] Launched impl_1...
Run output will be captured here: D:/soc_prj/soc_prj.runs/impl_1/runme.log
launch_runs: Time (s): cpu = 00:00:07 ; elapsed = 00:00:19 . Memory (MB): peak = 2243.156 ; gain = 4.668
file mkdir D:/soc_hw
write_hw_platform -fixed -include_bit -force -file D:/soc_hw/system_wrapper.xsa
INFO: [Vivado 12-4895] Creating Hardware Platform: D:/soc_hw/system_wrapper.xsa ...
INFO: [Hsi 55-2053] elapsed time for repository (C:/Xilinx/Vivado/2021.1/data/embeddedsw) loading 1 seconds
INFO: [Vivado 12-12464] The Hardware Platform can be used for Hardware
INFO: [Vivado 12-4896] Successfully created Hardware Platform: D:/soc_hw/system_wrapper.xsa
exit
INFO: [Common 17-206] Exiting Vivado at Thu May 29 18:51:47 2025...
