
*** Running vivado
    with args -log imx415_AE_top.vds -m64 -product Vivado -mode batch -messageDb vivado.pb -notrace -source imx415_AE_top.tcl



****** Vivado v2021.1 (64-bit)
  **** SW Build 3247384 on Thu Jun 10 19:36:33 MDT 2021
  **** IP Build 3246043 on Fri Jun 11 00:30:35 MDT 2021
    ** Copyright 1986-2021 Xilinx, Inc. All Rights Reserved.

source imx415_AE_top.tcl -notrace
INFO: [IP_Flow 19-234] Refreshing IP repositories
INFO: [IP_Flow 19-1700] Loaded user IP repository 'i:/isp_1x/isp_4x/uiimx415_top'.
INFO: [IP_Flow 19-1700] Loaded user IP repository 'h:/ISP/isp_3_2_imx415_ku5p/isp_3_2_imx415_ku5p/soc_prj/uisrc/03_ip/ui_ISP/uiimx415_top'.
INFO: [IP_Flow 19-2313] Loaded Vivado IP repository 'D:/xilinx/vivado/2021.1/data/ip'.
WARNING: [IP_Flow 19-4995] The host OS only allows 260 characters in a normal path. The IP cache path is more than 80 characters. If you experience issues with IP caching, please consider changing the IP cache to a location with a shorter path. Alternately consider using the OS subst command to map part of the path to a drive letter. 
Current IP cache path is h:/ISP/isp_3_2_imx415_ku5p/isp_3_2_imx415_ku5p/soc_prj/uisrc/03_ip/ui_ISP/ui_imx415/ui_imx415.cache/ip 
Command: synth_design -top imx415_AE_top -part xcku5p-ffvb676-1-i
Starting synth_design
Attempting to get a license for feature 'Synthesis' and/or device 'xcku5p'
INFO: [Common 17-349] Got license for feature 'Synthesis' and/or device 'xcku5p'
INFO: [Synth 8-7079] Multithreading enabled for synth_design using a maximum of 2 processes.
INFO: [Synth 8-7078] Launching helper process for spawning children vivado processes
INFO: [Synth 8-7075] Helper process launched with PID 1746432
WARNING: [Synth 8-2507] parameter declaration becomes local in key with formal parameter declaration list [H:/ISP/isp_3_2_imx415_ku5p/isp_3_2_imx415_ku5p/soc_prj/uisrc/03_ip/ui_ISP/ui_imx415/key.v:43]
WARNING: [Synth 8-2507] parameter declaration becomes local in key with formal parameter declaration list [H:/ISP/isp_3_2_imx415_ku5p/isp_3_2_imx415_ku5p/soc_prj/uisrc/03_ip/ui_ISP/ui_imx415/key.v:44]
WARNING: [Synth 8-2507] parameter declaration becomes local in key with formal parameter declaration list [H:/ISP/isp_3_2_imx415_ku5p/isp_3_2_imx415_ku5p/soc_prj/uisrc/03_ip/ui_ISP/ui_imx415/key.v:45]
WARNING: [Synth 8-2507] parameter declaration becomes local in key with formal parameter declaration list [H:/ISP/isp_3_2_imx415_ku5p/isp_3_2_imx415_ku5p/soc_prj/uisrc/03_ip/ui_ISP/ui_imx415/key.v:46]
WARNING: [Synth 8-2507] parameter declaration becomes local in key with formal parameter declaration list [H:/ISP/isp_3_2_imx415_ku5p/isp_3_2_imx415_ku5p/soc_prj/uisrc/03_ip/ui_ISP/ui_imx415/key.v:47]
---------------------------------------------------------------------------------
Starting Synthesize : Time (s): cpu = 00:00:02 ; elapsed = 00:00:02 . Memory (MB): peak = 1281.465 ; gain = 0.000
---------------------------------------------------------------------------------
INFO: [Synth 8-6157] synthesizing module 'imx415_AE_top' [H:/ISP/isp_3_2_imx415_ku5p/isp_3_2_imx415_ku5p/soc_prj/uisrc/03_ip/ui_ISP/ui_imx415/imx415_AE_top.v:5]
INFO: [Synth 8-6157] synthesizing module 'ae_set' [H:/ISP/isp_3_2_imx415_ku5p/isp_3_2_imx415_ku5p/soc_prj/uisrc/03_ip/ui_ISP/ui_imx415/ae_set.v:33]
	Parameter AE_SET bound to: 100 - type: integer 
INFO: [Synth 8-6157] synthesizing module 'key' [H:/ISP/isp_3_2_imx415_ku5p/isp_3_2_imx415_ku5p/soc_prj/uisrc/03_ip/ui_ISP/ui_imx415/key.v:31]
	Parameter REF_CLK bound to: 24000000 - type: integer 
INFO: [Synth 8-6155] done synthesizing module 'key' (1#1) [H:/ISP/isp_3_2_imx415_ku5p/isp_3_2_imx415_ku5p/soc_prj/uisrc/03_ip/ui_ISP/ui_imx415/key.v:31]
INFO: [Synth 8-6155] done synthesizing module 'ae_set' (2#1) [H:/ISP/isp_3_2_imx415_ku5p/isp_3_2_imx415_ku5p/soc_prj/uisrc/03_ip/ui_ISP/ui_imx415/ae_set.v:33]
INFO: [Synth 8-6157] synthesizing module 'uiimx415_top' [H:/ISP/isp_3_2_imx415_ku5p/isp_3_2_imx415_ku5p/soc_prj/uisrc/03_ip/ui_ISP/ui_imx415/uiimx415_top.v:3]
	Parameter CLK_DIV bound to: 239 - type: integer 
	Parameter Resolution bound to: imx415_1280x720 - type: string 
INFO: [Synth 8-6157] synthesizing module 'uii2c' [H:/ISP/isp_3_2_imx415_ku5p/isp_3_2_imx415_ku5p/soc_prj/uisrc/03_ip/ui_ISP/ui_imx415/uii2c.v:41]
	Parameter WMEN_LEN bound to: 4 - type: integer 
	Parameter RMEN_LEN bound to: 1 - type: integer 
	Parameter CLK_DIV bound to: 239 - type: integer 
INFO: [Synth 8-6157] synthesizing module 'PULLUP' [D:/xilinx/vivado/2021.1/scripts/rt/data/unisim_comp.v:92737]
INFO: [Synth 8-6155] done synthesizing module 'PULLUP' (3#1) [D:/xilinx/vivado/2021.1/scripts/rt/data/unisim_comp.v:92737]
INFO: [Synth 8-6157] synthesizing module 'IOBUF' [D:/xilinx/vivado/2021.1/scripts/rt/data/unisim_comp.v:56188]
	Parameter DRIVE bound to: 12 - type: integer 
	Parameter IBUF_LOW_PWR bound to: TRUE - type: string 
	Parameter IOSTANDARD bound to: DEFAULT - type: string 
	Parameter SLEW bound to: SLOW - type: string 
INFO: [Synth 8-6155] done synthesizing module 'IOBUF' (4#1) [D:/xilinx/vivado/2021.1/scripts/rt/data/unisim_comp.v:56188]
INFO: [Synth 8-226] default block is never used [H:/ISP/isp_3_2_imx415_ku5p/isp_3_2_imx415_ku5p/soc_prj/uisrc/03_ip/ui_ISP/ui_imx415/uii2c.v:198]
INFO: [Synth 8-6155] done synthesizing module 'uii2c' (5#1) [H:/ISP/isp_3_2_imx415_ku5p/isp_3_2_imx415_ku5p/soc_prj/uisrc/03_ip/ui_ISP/ui_imx415/uii2c.v:41]
WARNING: [Synth 8-7071] port 'IO_iic_sda_dg' of module 'uii2c' is unconnected for instance 'uii2c_inst' [H:/ISP/isp_3_2_imx415_ku5p/isp_3_2_imx415_ku5p/soc_prj/uisrc/03_ip/ui_ISP/ui_imx415/uiimx415_top.v:145]
WARNING: [Synth 8-7023] instance 'uii2c_inst' of module 'uii2c' has 13 connections declared, but only 12 given [H:/ISP/isp_3_2_imx415_ku5p/isp_3_2_imx415_ku5p/soc_prj/uisrc/03_ip/ui_ISP/ui_imx415/uiimx415_top.v:145]
INFO: [Synth 8-6157] synthesizing module 'uiimx415reg' [H:/ISP/isp_3_2_imx415_ku5p/isp_3_2_imx415_ku5p/soc_prj/uisrc/03_ip/ui_ISP/ui_imx415/uiimx415reg.v:18]
	Parameter Resolution bound to: imx415_1280x720 - type: string 
INFO: [Synth 8-6155] done synthesizing module 'uiimx415reg' (6#1) [H:/ISP/isp_3_2_imx415_ku5p/isp_3_2_imx415_ku5p/soc_prj/uisrc/03_ip/ui_ISP/ui_imx415/uiimx415reg.v:18]
WARNING: [Synth 8-689] width (8) of port connection 'REG_SIZE' does not match port width (9) of module 'uiimx415reg' [H:/ISP/isp_3_2_imx415_ku5p/isp_3_2_imx415_ku5p/soc_prj/uisrc/03_ip/ui_ISP/ui_imx415/uiimx415_top.v:167]
WARNING: [Synth 8-689] width (24) of port connection 'REG_DATA' does not match port width (32) of module 'uiimx415reg' [H:/ISP/isp_3_2_imx415_ku5p/isp_3_2_imx415_ku5p/soc_prj/uisrc/03_ip/ui_ISP/ui_imx415/uiimx415_top.v:169]
INFO: [Synth 8-6155] done synthesizing module 'uiimx415_top' (7#1) [H:/ISP/isp_3_2_imx415_ku5p/isp_3_2_imx415_ku5p/soc_prj/uisrc/03_ip/ui_ISP/ui_imx415/uiimx415_top.v:3]
INFO: [Synth 8-6155] done synthesizing module 'imx415_AE_top' (8#1) [H:/ISP/isp_3_2_imx415_ku5p/isp_3_2_imx415_ku5p/soc_prj/uisrc/03_ip/ui_ISP/ui_imx415/imx415_AE_top.v:5]
---------------------------------------------------------------------------------
Finished Synthesize : Time (s): cpu = 00:00:02 ; elapsed = 00:00:03 . Memory (MB): peak = 1281.465 ; gain = 0.000
---------------------------------------------------------------------------------
---------------------------------------------------------------------------------
Finished Constraint Validation : Time (s): cpu = 00:00:02 ; elapsed = 00:00:04 . Memory (MB): peak = 1281.465 ; gain = 0.000
---------------------------------------------------------------------------------
---------------------------------------------------------------------------------
Start Loading Part and Timing Information
---------------------------------------------------------------------------------
Loading part: xcku5p-ffvb676-1-i
INFO: [Synth 8-6742] Reading net delay rules and data
---------------------------------------------------------------------------------
Finished Loading Part and Timing Information : Time (s): cpu = 00:00:02 ; elapsed = 00:00:04 . Memory (MB): peak = 1281.465 ; gain = 0.000
---------------------------------------------------------------------------------
INFO: [Device 21-403] Loading part xcku5p-ffvb676-1-i
INFO: [Synth 8-802] inferred FSM for state register 'key_s_reg' in module 'key'
INFO: [Synth 8-802] inferred FSM for state register 'TS_S_reg' in module 'uiimx415_top'
---------------------------------------------------------------------------------------------------
                   State |                     New Encoding |                Previous Encoding 
---------------------------------------------------------------------------------------------------
                  KEY_S0 |                             0001 |                               00
                  KEY_S1 |                             0010 |                               01
                  KEY_S2 |                             0100 |                               10
                  KEY_S3 |                             1000 |                               11
---------------------------------------------------------------------------------------------------
INFO: [Synth 8-3354] encoded FSM with state register 'key_s_reg' using encoding 'one-hot' in module 'key'
---------------------------------------------------------------------------------------------------
                   State |                     New Encoding |                Previous Encoding 
---------------------------------------------------------------------------------------------------
                 iSTATE1 |                               00 |                               00
                  iSTATE |                               01 |                               01
                 iSTATE0 |                               10 |                               10
                 iSTATE2 |                               11 |                               11
---------------------------------------------------------------------------------------------------
INFO: [Synth 8-3354] encoded FSM with state register 'TS_S_reg' using encoding 'sequential' in module 'uiimx415_top'
---------------------------------------------------------------------------------
Finished RTL Optimization Phase 2 : Time (s): cpu = 00:00:02 ; elapsed = 00:00:04 . Memory (MB): peak = 1281.465 ; gain = 0.000
---------------------------------------------------------------------------------
No constraint files found.
---------------------------------------------------------------------------------
Start RTL Component Statistics 
---------------------------------------------------------------------------------
Detailed RTL Component Info : 
+---Adders : 
	   2 Input   32 Bit       Adders := 1     
	   2 Input   22 Bit       Adders := 1     
	   2 Input   18 Bit       Adders := 2     
	   2 Input   16 Bit       Adders := 1     
	   2 Input    9 Bit       Adders := 1     
	   2 Input    8 Bit       Adders := 4     
	   2 Input    7 Bit       Adders := 1     
	   2 Input    3 Bit       Adders := 1     
+---Registers : 
	               33 Bit    Registers := 2     
	               32 Bit    Registers := 1     
	               24 Bit    Registers := 1     
	               22 Bit    Registers := 1     
	               16 Bit    Registers := 1     
	                9 Bit    Registers := 2     
	                8 Bit    Registers := 8     
	                7 Bit    Registers := 1     
	                4 Bit    Registers := 2     
	                3 Bit    Registers := 2     
	                2 Bit    Registers := 4     
	                1 Bit    Registers := 12    
+---Muxes : 
	   2 Input   24 Bit        Muxes := 3     
	   3 Input   24 Bit        Muxes := 1     
	   2 Input   23 Bit        Muxes := 1     
	   2 Input   22 Bit        Muxes := 3     
	   2 Input   18 Bit        Muxes := 2     
	   2 Input   16 Bit        Muxes := 1     
	   8 Input    8 Bit        Muxes := 2     
	   2 Input    8 Bit        Muxes := 6     
	   4 Input    8 Bit        Muxes := 1     
	   4 Input    4 Bit        Muxes := 2     
	   2 Input    4 Bit        Muxes := 4     
	   2 Input    3 Bit        Muxes := 2     
	   8 Input    3 Bit        Muxes := 1     
	  12 Input    3 Bit        Muxes := 1     
	   4 Input    2 Bit        Muxes := 3     
	   2 Input    2 Bit        Muxes := 3     
	   4 Input    1 Bit        Muxes := 10    
	   2 Input    1 Bit        Muxes := 18    
	   8 Input    1 Bit        Muxes := 5     
	   9 Input    1 Bit        Muxes := 1     
	   3 Input    1 Bit        Muxes := 2     
---------------------------------------------------------------------------------
Finished RTL Component Statistics 
---------------------------------------------------------------------------------
---------------------------------------------------------------------------------
Start Part Resource Summary
---------------------------------------------------------------------------------
Part Resources:
DSPs: 1824 (col length:96)
BRAMs: 960 (col length: RAMB18 96 RAMB36 48)
---------------------------------------------------------------------------------
Finished Part Resource Summary
---------------------------------------------------------------------------------
No constraint files found.
---------------------------------------------------------------------------------
Start Cross Boundary and Area Optimization
---------------------------------------------------------------------------------
---------------------------------------------------------------------------------
Finished Cross Boundary and Area Optimization : Time (s): cpu = 00:00:05 ; elapsed = 00:00:08 . Memory (MB): peak = 1776.016 ; gain = 494.551
---------------------------------------------------------------------------------
---------------------------------------------------------------------------------
Start ROM, RAM, DSP, Shift Register and Retiming Reporting
---------------------------------------------------------------------------------

ROM: Preliminary Mapping Report
+--------------+----------------------------------+---------------+----------------+
|Module Name   | RTL Object                       | Depth x Width | Implemented As | 
+--------------+----------------------------------+---------------+----------------+
|uiimx415reg   | REG_DATA                         | 256x22        | LUT            | 
|imx415_AE_top | uiimx415_top_r/reg_index_reg_rep | 256x22        | Block RAM      | 
|imx415_AE_top | uiimx415_top_r/reg_index_reg_rep | 256x22        | Block RAM      | 
+--------------+----------------------------------+---------------+----------------+

---------------------------------------------------------------------------------
Finished ROM, RAM, DSP, Shift Register and Retiming Reporting
---------------------------------------------------------------------------------
No constraint files found.
---------------------------------------------------------------------------------
Start Timing Optimization
---------------------------------------------------------------------------------
---------------------------------------------------------------------------------
Finished Timing Optimization : Time (s): cpu = 00:00:05 ; elapsed = 00:00:08 . Memory (MB): peak = 1776.016 ; gain = 494.551
---------------------------------------------------------------------------------
---------------------------------------------------------------------------------
Start Technology Mapping
---------------------------------------------------------------------------------
INFO: [Synth 8-7052] The timing for the instance uiimx415_top_r/reg_index_reg_rep (implemented as a Block RAM) might be sub-optimal as no optional output register could be merged into the ram block. Providing additional output register may help in improving timing.
INFO: [Synth 8-7052] The timing for the instance uiimx415_top_r/reg_index_reg_rep (implemented as a Block RAM) might be sub-optimal as no optional output register could be merged into the ram block. Providing additional output register may help in improving timing.
---------------------------------------------------------------------------------
Finished Technology Mapping : Time (s): cpu = 00:00:05 ; elapsed = 00:00:08 . Memory (MB): peak = 1776.016 ; gain = 494.551
---------------------------------------------------------------------------------
---------------------------------------------------------------------------------
Start IO Insertion
---------------------------------------------------------------------------------
---------------------------------------------------------------------------------
Start Flattening Before IO Insertion
---------------------------------------------------------------------------------
---------------------------------------------------------------------------------
Finished Flattening Before IO Insertion
---------------------------------------------------------------------------------
---------------------------------------------------------------------------------
Start Final Netlist Cleanup
---------------------------------------------------------------------------------
---------------------------------------------------------------------------------
Finished Final Netlist Cleanup
---------------------------------------------------------------------------------
---------------------------------------------------------------------------------
Finished IO Insertion : Time (s): cpu = 00:00:05 ; elapsed = 00:00:10 . Memory (MB): peak = 1776.016 ; gain = 494.551
---------------------------------------------------------------------------------
---------------------------------------------------------------------------------
Start Renaming Generated Instances
---------------------------------------------------------------------------------
---------------------------------------------------------------------------------
Finished Renaming Generated Instances : Time (s): cpu = 00:00:05 ; elapsed = 00:00:10 . Memory (MB): peak = 1776.016 ; gain = 494.551
---------------------------------------------------------------------------------
---------------------------------------------------------------------------------
Start Rebuilding User Hierarchy
---------------------------------------------------------------------------------
---------------------------------------------------------------------------------
Finished Rebuilding User Hierarchy : Time (s): cpu = 00:00:05 ; elapsed = 00:00:10 . Memory (MB): peak = 1776.016 ; gain = 494.551
---------------------------------------------------------------------------------
---------------------------------------------------------------------------------
Start Renaming Generated Ports
---------------------------------------------------------------------------------
---------------------------------------------------------------------------------
Finished Renaming Generated Ports : Time (s): cpu = 00:00:05 ; elapsed = 00:00:10 . Memory (MB): peak = 1776.016 ; gain = 494.551
---------------------------------------------------------------------------------
---------------------------------------------------------------------------------
Start Handling Custom Attributes
---------------------------------------------------------------------------------
---------------------------------------------------------------------------------
Finished Handling Custom Attributes : Time (s): cpu = 00:00:05 ; elapsed = 00:00:10 . Memory (MB): peak = 1776.016 ; gain = 494.551
---------------------------------------------------------------------------------
---------------------------------------------------------------------------------
Start Renaming Generated Nets
---------------------------------------------------------------------------------
---------------------------------------------------------------------------------
Finished Renaming Generated Nets : Time (s): cpu = 00:00:05 ; elapsed = 00:00:10 . Memory (MB): peak = 1776.016 ; gain = 494.551
---------------------------------------------------------------------------------
---------------------------------------------------------------------------------
Start ROM, RAM, DSP, Shift Register and Retiming Reporting
---------------------------------------------------------------------------------

Static Shift Register Report:
+--------------+------------------------------+--------+-------+--------------+--------------------+-------------------+--------+---------+
|Module Name   | RTL Name                     | Length | Width | Reset Signal | Pull out first Reg | Pull out last Reg | SRL16E | SRLC32E | 
+--------------+------------------------------+--------+-------+--------------+--------------------+-------------------+--------+---------+
|imx415_AE_top | u_ae_set/key_u1/key_r_reg[3] | 4      | 1     | NO           | NO                 | YES               | 1      | 0       | 
|imx415_AE_top | u_ae_set/key_u2/key_r_reg[3] | 4      | 1     | NO           | NO                 | YES               | 1      | 0       | 
+--------------+------------------------------+--------+-------+--------------+--------------------+-------------------+--------+---------+

---------------------------------------------------------------------------------
Finished ROM, RAM, DSP, Shift Register and Retiming Reporting
---------------------------------------------------------------------------------
---------------------------------------------------------------------------------
Start Writing Synthesis Report
---------------------------------------------------------------------------------

Report BlackBoxes: 
+-+--------------+----------+
| |BlackBox name |Instances |
+-+--------------+----------+
+-+--------------+----------+

Report Cell Usage: 
+------+---------+------+
|      |Cell     |Count |
+------+---------+------+
|1     |BUFG     |     1|
|2     |CARRY8   |    13|
|3     |LUT1     |    10|
|4     |LUT2     |    64|
|5     |LUT3     |    27|
|6     |LUT4     |    52|
|7     |LUT5     |    24|
|8     |LUT6     |    91|
|9     |RAMB18E2 |     1|
|10    |SRL16E   |     2|
|11    |FDCE     |   124|
|12    |FDPE     |     9|
|13    |FDRE     |    78|
|14    |FDSE     |     2|
|15    |IBUF     |     4|
|16    |IOBUF    |     1|
|17    |OBUF     |     1|
+------+---------+------+

Report Instance Areas: 
+------+-----------------+-------------+------+
|      |Instance         |Module       |Cells |
+------+-----------------+-------------+------+
|1     |top              |             |   504|
|2     |  u_ae_set       |ae_set       |   169|
|3     |    key_u1       |key          |    68|
|4     |    key_u2       |key_0        |    64|
|5     |  uiimx415_top_r |uiimx415_top |   329|
|6     |    uii2c_inst   |uii2c        |   128|
+------+-----------------+-------------+------+
---------------------------------------------------------------------------------
Finished Writing Synthesis Report : Time (s): cpu = 00:00:05 ; elapsed = 00:00:10 . Memory (MB): peak = 1776.016 ; gain = 494.551
---------------------------------------------------------------------------------
Synthesis finished with 0 errors, 0 critical warnings and 9 warnings.
Synthesis Optimization Runtime : Time (s): cpu = 00:00:05 ; elapsed = 00:00:10 . Memory (MB): peak = 1776.016 ; gain = 494.551
Synthesis Optimization Complete : Time (s): cpu = 00:00:05 ; elapsed = 00:00:10 . Memory (MB): peak = 1776.016 ; gain = 494.551
INFO: [Project 1-571] Translating synthesized netlist
Netlist sorting complete. Time (s): cpu = 00:00:00 ; elapsed = 00:00:00.003 . Memory (MB): peak = 1776.016 ; gain = 0.000
INFO: [Netlist 29-17] Analyzing 19 Unisim elements for replacement
INFO: [Netlist 29-28] Unisim Transformation completed in 0 CPU seconds
INFO: [Project 1-570] Preparing netlist for logic optimization
INFO: [Opt 31-138] Pushed 0 inverter(s) to 0 load pin(s).
INFO: [Opt 31-422] The CLOCK_DOMAINS attribute on the BRAM cell uiimx415_top_r/reg_index_reg_rep has been changed from INDEPENDENT to COMMON to match the clocking topology used for the BRAM.
Netlist sorting complete. Time (s): cpu = 00:00:00 ; elapsed = 00:00:00 . Memory (MB): peak = 1791.695 ; gain = 0.000
INFO: [Project 1-111] Unisim Transformation Summary:
  A total of 6 instances were transformed.
  BUFG => BUFGCE: 1 instance 
  IBUF => IBUF (IBUFCTRL, INBUF): 4 instances
  IOBUF => IOBUF (IBUFCTRL, INBUF, OBUFT): 1 instance 

Synth Design complete, checksum: caa4aea6
INFO: [Common 17-83] Releasing license: Synthesis
41 Infos, 10 Warnings, 0 Critical Warnings and 0 Errors encountered.
synth_design completed successfully
synth_design: Time (s): cpu = 00:00:06 ; elapsed = 00:00:11 . Memory (MB): peak = 1791.695 ; gain = 510.230
INFO: [Common 17-1381] The checkpoint 'H:/ISP/isp_3_2_imx415_ku5p/isp_3_2_imx415_ku5p/soc_prj/uisrc/03_ip/ui_ISP/ui_imx415/ui_imx415.runs/synth_1/imx415_AE_top.dcp' has been generated.
INFO: [runtcl-4] Executing : report_utilization -file imx415_AE_top_utilization_synth.rpt -pb imx415_AE_top_utilization_synth.pb
INFO: [Common 17-206] Exiting Vivado at Fri Aug 29 15:45:24 2025...
