#-----------------------------------------------------------
# Vivado v2021.1 (64-bit)
# SW Build 3247384 on Thu Jun 10 19:36:33 MDT 2021
# IP Build 3246043 on Fri Jun 11 00:30:35 MDT 2021
# Start of session at: Mon Feb 24 09:15:27 2025
# Process ID: 19932
# Current directory: D:/BaiduNetdiskDownload/imx415_3840x2160_1440_30p/imx415_3840x2160/fpga_prj/uisrc/03_ip/data96_128/ip
# Command line: vivado.exe -gui_launcher_event rodinguilauncherevent19488 D:\BaiduNetdiskDownload\imx415_3840x2160_1440_30p\imx415_3840x2160\fpga_prj\uisrc\03_ip\data96_128\ip\ip.xpr
# Log file: D:/BaiduNetdiskDownload/imx415_3840x2160_1440_30p/imx415_3840x2160/fpga_prj/uisrc/03_ip/data96_128/ip/vivado.log
# Journal file: D:/BaiduNetdiskDownload/imx415_3840x2160_1440_30p/imx415_3840x2160/fpga_prj/uisrc/03_ip/data96_128/ip\vivado.jou
#-----------------------------------------------------------
start_gui
open_project D:/BaiduNetdiskDownload/imx415_3840x2160_1440_30p/imx415_3840x2160/fpga_prj/uisrc/03_ip/data96_128/ip/ip.xpr
INFO: [ProjectBase 1-489] The host OS only allows 260 characters in a normal path. The project is stored in a path with more than 80 characters. If you experience issues with IP, Block Designs, or files not being found, please consider moving the project to a location with a shorter path. Alternately consider using the OS subst command to map part of the path to a drive letter.
Current project path is 'D:/BaiduNetdiskDownload/imx415_3840x2160_1440_30p/imx415_3840x2160/fpga_prj/uisrc/03_ip/data96_128/ip'
WARNING: [filemgmt 56-3] IP Repository Path: Could not find the directory 'D:/BaiduNetdiskDownload/imx415_3840x2160_1440_30p/imx415_3840x2160/fpga_prj/uisrc/isp_four_data/data96_128/ip'.
WARNING: [filemgmt 56-3] Default IP Output Path : Could not find the directory 'D:/BaiduNetdiskDownload/imx415_3840x2160_1440_30p/imx415_3840x2160/fpga_prj/uisrc/03_ip/data96_128/ip/ip.gen/sources_1'.
Scanning sources...
Finished scanning sources
INFO: [IP_Flow 19-234] Refreshing IP repositories
INFO: [IP_Flow 19-1700] Loaded user IP repository 'd:/BaiduNetdiskDownload/imx415_3840x2160_1440_30p/imx415_3840x2160/fpga_prj/uisrc/03_ip/data96_128'.
WARNING: [IP_Flow 19-3656] If you move the project, the path for repository 'd:/BaiduNetdiskDownload/imx415_3840x2160_1440_30p/imx415_3840x2160/fpga_prj/uisrc/03_ip/data96_128' may become invalid. A better location for the repository would be in a path adjacent to the project. (Current project location is 'd:/BaiduNetdiskDownload/imx415_3840x2160_1440_30p/imx415_3840x2160/fpga_prj/uisrc/03_ip/data96_128/ip'.)
WARNING: [IP_Flow 19-2248] Failed to load user IP repository 'd:/BaiduNetdiskDownload/imx415_3840x2160_1440_30p/imx415_3840x2160/fpga_prj/uisrc/isp_four_data/data96_128/ip'; Can't find the specified path.
If this directory should no longer be in your list of user repositories, go to the IP Settings dialog and remove it.
INFO: [IP_Flow 19-2313] Loaded Vivado IP repository 'D:/vivado/vivado2021.1/Vivado/2021.1/data/ip'.
WARNING: [IP_Flow 19-1663] Duplicate IP found for 'xilinx.com:user:data96_128:1.0'. The one found in IP location 'd:/BaiduNetdiskDownload/imx415_3840x2160_1440_30p/imx415_3840x2160/fpga_prj/uisrc/03_ip/data96_128/ip' will take precedence over the same IP in location d:/BaiduNetdiskDownload/imx415_3840x2160_1440_30p/imx415_3840x2160/fpga_prj/uisrc/03_ip/data96_128
update_compile_order -fileset sources_1
