#-----------------------------------------------------------
# Vivado v2021.1 (64-bit)
# SW Build 3247384 on Thu Jun 10 19:36:33 MDT 2021
# IP Build 3246043 on Fri Jun 11 00:30:35 MDT 2021
# Start of session at: Mon Feb 24 09:15:27 2025
# Process ID: 19932
# Current directory: D:/BaiduNetdiskDownload/imx415_3840x2160_1440_30p/imx415_3840x2160/fpga_prj/uisrc/03_ip/data96_128/ip
# Command line: vivado.exe -gui_launcher_event rodinguilauncherevent19488 D:\BaiduNetdiskDownload\imx415_3840x2160_1440_30p\imx415_3840x2160\fpga_prj\uisrc\03_ip\data96_128\ip\ip.xpr
# Log file: D:/BaiduNetdiskDownload/imx415_3840x2160_1440_30p/imx415_3840x2160/fpga_prj/uisrc/03_ip/data96_128/ip/vivado.log
# Journal file: D:/BaiduNetdiskDownload/imx415_3840x2160_1440_30p/imx415_3840x2160/fpga_prj/uisrc/03_ip/data96_128/ip\vivado.jou
#-----------------------------------------------------------
start_gui
open_project D:/BaiduNetdiskDownload/imx415_3840x2160_1440_30p/imx415_3840x2160/fpga_prj/uisrc/03_ip/data96_128/ip/ip.xpr
update_compile_order -fileset sources_1
