#-----------------------------------------------------------
# Vivado v2021.1 (64-bit)
# SW Build 3247384 on Thu Jun 10 19:36:33 MDT 2021
# IP Build 3246043 on Fri Jun 11 00:30:35 MDT 2021
# Start of session at: Fri Aug 29 16:04:37 2025
# Process ID: 1751448
# Current directory: H:/ISP/isp_3_2_imx415_ku5p/isp_3_2_imx415_ku5p/soc_prj/uisrc/03_ip/ui_ISP/ui_imx415
# Command line: vivado.exe -gui_launcher_event rodinguilauncherevent1746556 H:\ISP\isp_3_2_imx415_ku5p\isp_3_2_imx415_ku5p\soc_prj\uisrc\03_ip\ui_ISP\ui_imx415\ui_imx415.xpr
# Log file: H:/ISP/isp_3_2_imx415_ku5p/isp_3_2_imx415_ku5p/soc_prj/uisrc/03_ip/ui_ISP/ui_imx415/vivado.log
# Journal file: H:/ISP/isp_3_2_imx415_ku5p/isp_3_2_imx415_ku5p/soc_prj/uisrc/03_ip/ui_ISP/ui_imx415\vivado.jou
#-----------------------------------------------------------
start_gui
open_project H:/ISP/isp_3_2_imx415_ku5p/isp_3_2_imx415_ku5p/soc_prj/uisrc/03_ip/ui_ISP/ui_imx415/ui_imx415.xpr
update_compile_order -fileset sources_1
ipx::open_ipxact_file H:/ISP/isp_3_2_imx415_ku5p/isp_3_2_imx415_ku5p/soc_prj/uisrc/03_ip/ui_ISP/ui_imx415/component.xml
set_property display_name ui_imx415_v1_1 [ipx::current_core]
set_property description ui_imx415_v1_1 [ipx::current_core]
ipx::merge_project_changes hdl_parameters [ipx::current_core]
set_property widget {textEdit} [ipgui::get_guiparamspec -name "AE_SET" -component [ipx::current_core] ]
set_property value 50 [ipx::get_user_parameters AE_SET -of_objects [ipx::current_core]]
set_property value 50 [ipx::get_hdl_parameters AE_SET -of_objects [ipx::current_core]]
set_property value_validation_type range_long [ipx::get_user_parameters AE_SET -of_objects [ipx::current_core]]
set_property value_validation_range_minimum 0 [ipx::get_user_parameters AE_SET -of_objects [ipx::current_core]]
set_property value_validation_range_maximum 360 [ipx::get_user_parameters AE_SET -of_objects [ipx::current_core]]
set_property widget {comboBox} [ipgui::get_guiparamspec -name "Resolution" -component [ipx::current_core] ]
set_property value_validation_type list [ipx::get_user_parameters Resolution -of_objects [ipx::current_core]]
set_property value_validation_list {imx415_1280x720 imx415_3840x2160_30 imx415_1920x1080} [ipx::get_user_parameters Resolution -of_objects [ipx::current_core]]
set_property core_revision 2 [ipx::current_core]
ipx::create_xgui_files [ipx::current_core]
ipx::update_checksums [ipx::current_core]
ipx::check_integrity [ipx::current_core]
ipx::save_core [ipx::current_core]
update_ip_catalog -rebuild -repo_path h:/ISP/isp_3_2_imx415_ku5p/isp_3_2_imx415_ku5p/soc_prj/uisrc/03_ip/ui_ISP/ui_imx415
